[2026-08-06T13:10:04.271+0000] {local_task_job_runner.py:120} INFO - ::group::Pre task execution logs
[2026-08-06T13:10:04.675+0000] {taskinstance.py:2076} INFO - Dependencies all met for dep_context=non-requeueable deps ti=<TaskInstance: feature_pipeline.loading scheduled__2026-08-05T10:00:00+00:00 [queued]>
[2026-08-06T13:10:04.691+0000] {taskinstance.py:2076} INFO - Dependencies all met for dep_context=requeueable deps ti=<TaskInstance: feature_pipeline.loading scheduled__2026-08-05T10:00:00+00:00 [queued]>
[2026-08-06T13:10:04.692+0000] {taskinstance.py:2306} INFO - Starting attempt 1 of 1
[2026-08-06T13:10:05.235+0000] {taskinstance.py:2330} INFO - Executing <Task(_PythonDecoratedOperator): loading> on 2026-08-05 10:00:00+00:00
[2026-08-06T13:10:05.287+0000] {standard_task_runner.py:64} INFO - Started process 348 to run task
[2026-08-06T13:10:05.299+0000] {standard_task_runner.py:90} INFO - Running: ['***', 'tasks', 'run', 'feature_pipeline', 'loading', 'scheduled__2026-08-05T10:00:00+00:00', '--job-id', '48', '--raw', '--subdir', 'DAGS_FOLDER/feature_pipeline_dag.py', '--cfg-path', '/tmp/tmp_2pt3gh9']
[2026-08-06T13:10:05.468+0000] {standard_task_runner.py:91} INFO - Job 48: Subtask loading
[2026-08-06T13:10:05.683+0000] {task_command.py:426} INFO - Running <TaskInstance: feature_pipeline.loading scheduled__2026-08-05T10:00:00+00:00 [running]> on host a19e9d16724f
[2026-08-06T13:10:06.085+0000] {taskinstance.py:2648} INFO - Exporting env vars: AIRFLOW_CTX_DAG_OWNER='***' AIRFLOW_CTX_DAG_ID='feature_pipeline' AIRFLOW_CTX_TASK_ID='loading' AIRFLOW_CTX_EXECUTION_DATE='2026-08-05T10:00:00+00:00' AIRFLOW_CTX_TRY_NUMBER='1' AIRFLOW_CTX_DAG_RUN_ID='scheduled__2026-08-05T10:00:00+00:00'
[2026-08-06T13:10:06.090+0000] {taskinstance.py:430} INFO - ::endgroup::
[2026-08-06T13:10:06.915+0000] {external.py:63} INFO - Initializing external client
[2026-08-06T13:10:06.916+0000] {external.py:70} INFO - Base URL: https://eu-west.cloud.hopsworks.ai:443
[2026-08-06T13:10:09.873+0000] {python.py:138} INFO - Python Engine initialized.
[2026-08-06T13:10:11.045+0000] {logging_mixin.py:188} INFO - 
Logged in to project, explore it here https://eu-west.cloud.hopsworks.ai:443/p/41136
[2026-08-06T13:10:16.117+0000] {logging_mixin.py:188} WARNING - Uploading Dataframe: 0.00% |          | Rows 0/1 | Elapsed Time: 00:00 | Remaining Time: ?
[2026-08-06T13:10:17.229+0000] {logging_mixin.py:188} WARNING - Uploading Dataframe: 100.00% |##########| Rows 1/1 | Elapsed Time: 00:01 | Remaining Time: 00:00
[2026-08-06T13:10:17.232+0000] {logging_mixin.py:188} WARNING - Uploading Dataframe: 100.00% |##########| Rows 1/1 | Elapsed Time: 00:01 | Remaining Time: 00:00
[2026-08-06T13:10:18.002+0000] {logging_mixin.py:188} INFO - Launching job: aqi_features_1_offline_fg_materialization
[2026-08-06T13:10:23.929+0000] {logging_mixin.py:188} INFO - Job started successfully, you can follow the progress at 
https://eu-west.cloud.hopsworks.ai:443/p/41136/jobs/named/aqi_features_1_offline_fg_materialization/executions
[2026-08-06T13:10:23.931+0000] {logging_mixin.py:188} INFO - Inserted 1 record into 'aqi_features' feature group.
[2026-08-06T13:10:23.932+0000] {python.py:237} INFO - Done. Returned value was: None
[2026-08-06T13:10:23.934+0000] {taskinstance.py:441} INFO - ::group::Post task execution logs
[2026-08-06T13:10:23.957+0000] {taskinstance.py:1206} INFO - Marking task as SUCCESS. dag_id=feature_pipeline, task_id=loading, run_id=scheduled__2026-08-05T10:00:00+00:00, execution_date=20260805T100000, start_date=20260806T131004, end_date=20260806T131023
[2026-08-06T13:10:24.060+0000] {local_task_job_runner.py:243} INFO - Task exited with return code 0
[2026-08-06T13:10:24.094+0000] {taskinstance.py:3503} INFO - 0 downstream tasks scheduled from follow-on schedule check
[2026-08-06T13:10:24.115+0000] {local_task_job_runner.py:222} INFO - ::endgroup::
