[2026-08-09T14:11:18.824+0000] {local_task_job_runner.py:120} INFO - ::group::Pre task execution logs
[2026-08-09T14:11:18.960+0000] {taskinstance.py:2076} INFO - Dependencies all met for dep_context=non-requeueable deps ti=<TaskInstance: feature_pipeline.loading manual__2026-08-09T14:09:05.122723+00:00 map_index=2 [queued]>
[2026-08-09T14:11:18.987+0000] {taskinstance.py:2076} INFO - Dependencies all met for dep_context=requeueable deps ti=<TaskInstance: feature_pipeline.loading manual__2026-08-09T14:09:05.122723+00:00 map_index=2 [queued]>
[2026-08-09T14:11:18.989+0000] {taskinstance.py:2306} INFO - Starting attempt 1 of 1
[2026-08-09T14:11:19.027+0000] {taskinstance.py:2330} INFO - Executing <Mapped(_PythonDecoratedOperator): loading> on 2026-08-09 14:09:05.122723+00:00
[2026-08-09T14:11:19.068+0000] {standard_task_runner.py:64} INFO - Started process 612 to run task
[2026-08-09T14:11:19.079+0000] {standard_task_runner.py:90} INFO - Running: ['***', 'tasks', 'run', 'feature_pipeline', 'loading', 'manual__2026-08-09T14:09:05.122723+00:00', '--job-id', '171', '--raw', '--subdir', 'DAGS_FOLDER/feature_pipeline_dag.py', '--cfg-path', '/tmp/tmpqjshcd00', '--map-index', '2']
[2026-08-09T14:11:19.090+0000] {standard_task_runner.py:91} INFO - Job 171: Subtask loading
[2026-08-09T14:11:19.632+0000] {task_command.py:426} INFO - Running <TaskInstance: feature_pipeline.loading manual__2026-08-09T14:09:05.122723+00:00 map_index=2 [running]> on host 5e2fdb1b3637
[2026-08-09T14:11:24.813+0000] {taskinstance.py:2648} INFO - Exporting env vars: AIRFLOW_CTX_DAG_OWNER='***' AIRFLOW_CTX_DAG_ID='feature_pipeline' AIRFLOW_CTX_TASK_ID='loading' AIRFLOW_CTX_EXECUTION_DATE='2026-08-09T14:09:05.122723+00:00' AIRFLOW_CTX_TRY_NUMBER='1' AIRFLOW_CTX_DAG_RUN_ID='manual__2026-08-09T14:09:05.122723+00:00'
[2026-08-09T14:11:24.865+0000] {taskinstance.py:430} INFO - ::endgroup::
[2026-08-09T14:11:26.337+0000] {external.py:63} INFO - Initializing external client
[2026-08-09T14:11:26.340+0000] {external.py:70} INFO - Base URL: https://eu-west.cloud.hopsworks.ai:443
[2026-08-09T14:11:32.470+0000] {python.py:138} INFO - Python Engine initialized.
[2026-08-09T14:11:34.764+0000] {logging_mixin.py:188} INFO - 
Logged in to project, explore it here https://eu-west.cloud.hopsworks.ai:443/p/41136
[2026-08-09T14:11:45.262+0000] {logging_mixin.py:188} WARNING - Uploading Dataframe: 0.00% |          | Rows 0/1 | Elapsed Time: 00:00 | Remaining Time: ?
[2026-08-09T14:11:47.936+0000] {logging_mixin.py:188} WARNING - Uploading Dataframe: 100.00% |##########| Rows 1/1 | Elapsed Time: 00:02 | Remaining Time: 00:00
[2026-08-09T14:11:47.940+0000] {logging_mixin.py:188} WARNING - Uploading Dataframe: 100.00% |##########| Rows 1/1 | Elapsed Time: 00:02 | Remaining Time: 00:00
[2026-08-09T14:11:50.171+0000] {logging_mixin.py:188} WARNING - /home/***/.local/lib/python3.11/site-packages/hopsworks_common/job.py:249 UserWarning: Materialization job is already running, aborting new execution.Please wait for the current execution to finish before triggering a new one.You can check the status of the current execution using `fg.materialization_job.get_state()`.or `fg.materialization_job.get_final_state()` or check it out in the Hopsworks UI.at https://eu-west.cloud.hopsworks.ai:443/p/41136/jobs/named/aqi_features_1_offline_fg_materialization.
Use fg.materialization_job.run(args=-op offline_fg_materialization -path hdfs:///Projects/aqi_predictor_2026_7x9k/Resources/jobs/aqi_features_1_offline_fg_materialization/config_1785673201041) to trigger the materialization job again.
[2026-08-09T14:11:50.175+0000] {logging_mixin.py:188} INFO - Inserted 1 record into 'aqi_features' feature group.
[2026-08-09T14:11:50.177+0000] {python.py:237} INFO - Done. Returned value was: None
[2026-08-09T14:11:50.180+0000] {taskinstance.py:441} INFO - ::group::Post task execution logs
[2026-08-09T14:11:50.211+0000] {taskinstance.py:1206} INFO - Marking task as SUCCESS. dag_id=feature_pipeline, task_id=loading, run_id=manual__2026-08-09T14:09:05.122723+00:00, map_index=2, execution_date=20260809T140905, start_date=20260809T141118, end_date=20260809T141150
[2026-08-09T14:11:50.387+0000] {local_task_job_runner.py:243} INFO - Task exited with return code 0
[2026-08-09T14:11:50.429+0000] {taskinstance.py:3503} INFO - 0 downstream tasks scheduled from follow-on schedule check
[2026-08-09T14:11:50.438+0000] {local_task_job_runner.py:222} INFO - ::endgroup::
