[2026-08-08T20:03:19.887+0000] {local_task_job_runner.py:120} INFO - ::group::Pre task execution logs
[2026-08-08T20:03:19.932+0000] {taskinstance.py:2076} INFO - Dependencies all met for dep_context=non-requeueable deps ti=<TaskInstance: feature_pipeline.transformation scheduled__2026-08-08T19:00:00+00:00 [queued]>
[2026-08-08T20:03:19.944+0000] {taskinstance.py:2076} INFO - Dependencies all met for dep_context=requeueable deps ti=<TaskInstance: feature_pipeline.transformation scheduled__2026-08-08T19:00:00+00:00 [queued]>
[2026-08-08T20:03:19.945+0000] {taskinstance.py:2306} INFO - Starting attempt 1 of 1
[2026-08-08T20:03:19.966+0000] {taskinstance.py:2330} INFO - Executing <Task(_PythonDecoratedOperator): transformation> on 2026-08-08 19:00:00+00:00
[2026-08-08T20:03:19.981+0000] {standard_task_runner.py:64} INFO - Started process 1419 to run task
[2026-08-08T20:03:19.986+0000] {standard_task_runner.py:90} INFO - Running: ['***', 'tasks', 'run', 'feature_pipeline', 'transformation', 'scheduled__2026-08-08T19:00:00+00:00', '--job-id', '90', '--raw', '--subdir', 'DAGS_FOLDER/feature_pipeline_dag.py', '--cfg-path', '/tmp/tmp86oim897']
[2026-08-08T20:03:19.991+0000] {standard_task_runner.py:91} INFO - Job 90: Subtask transformation
[2026-08-08T20:03:20.070+0000] {task_command.py:426} INFO - Running <TaskInstance: feature_pipeline.transformation scheduled__2026-08-08T19:00:00+00:00 [running]> on host b03dc20e41cf
[2026-08-08T20:03:20.215+0000] {taskinstance.py:2648} INFO - Exporting env vars: AIRFLOW_CTX_DAG_OWNER='***' AIRFLOW_CTX_DAG_ID='feature_pipeline' AIRFLOW_CTX_TASK_ID='transformation' AIRFLOW_CTX_EXECUTION_DATE='2026-08-08T19:00:00+00:00' AIRFLOW_CTX_TRY_NUMBER='1' AIRFLOW_CTX_DAG_RUN_ID='scheduled__2026-08-08T19:00:00+00:00'
[2026-08-08T20:03:20.217+0000] {taskinstance.py:430} INFO - ::endgroup::
[2026-08-08T20:03:20.653+0000] {external.py:63} INFO - Initializing external client
[2026-08-08T20:03:20.654+0000] {external.py:70} INFO - Base URL: https://eu-west.cloud.hopsworks.ai:443
[2026-08-08T20:03:23.785+0000] {python.py:138} INFO - Python Engine initialized.
[2026-08-08T20:03:25.616+0000] {logging_mixin.py:188} INFO - 
Logged in to project, explore it here https://eu-west.cloud.hopsworks.ai:443/p/41136
[2026-08-08T20:03:38.457+0000] {logging_mixin.py:188} INFO - Reading data from Hopsworks, using Hopsworks Feature Query Service.   Reading data from Hopsworks, using Hopsworks Feature Query Service..   Reading data from Hopsworks, using Hopsworks Feature Query Service...   Reading data from Hopsworks, using Hopsworks Feature Query Service   Reading data from Hopsworks, using Hopsworks Feature Query Service.   Reading data from Hopsworks, using Hopsworks Feature Query Service..   Reading data from Hopsworks, using Hopsworks Feature Query Service...   Reading data from Hopsworks, using Hopsworks Feature Query Service   Reading data from Hopsworks, using Hopsworks Feature Query Service.   Reading data from Hopsworks, using Hopsworks Feature Query Service..   Reading data from Hopsworks, using Hopsworks Feature Query Service...   Reading data from Hopsworks, using Hopsworks Feature Query Service   Reading data from Hopsworks, using Hopsworks Feature Query Service.   Reading data from Hopsworks, using Hopsworks Feature Query Service..   Finished: Reading data from Hopsworks, using Hopsworks Feature Query Service (6.56s) 
[2026-08-08T20:03:38.558+0000] {python.py:237} INFO - Done. Returned value was: {'city': 'lahore', 'timestamp': '2026-08-08T20:03:16.837784+00:00', 'temperature': 27.99, 'humidity': 73, 'wind_speed': 2.43, 'aqi': 34, 'pm25': 34, 'pm10': 0, 'hour': 20, 'day': 8, 'month': 8, 'is_weekend': True, 'aqi_yesterday': 34, 'aqi_change_rate': 0.0, 'rolling_average_aqi': 83.58333333333333}
[2026-08-08T20:03:38.563+0000] {taskinstance.py:441} INFO - ::group::Post task execution logs
[2026-08-08T20:03:38.666+0000] {taskinstance.py:1206} INFO - Marking task as SUCCESS. dag_id=feature_pipeline, task_id=transformation, run_id=scheduled__2026-08-08T19:00:00+00:00, execution_date=20260808T190000, start_date=20260808T200319, end_date=20260808T200338
[2026-08-08T20:03:38.789+0000] {local_task_job_runner.py:243} INFO - Task exited with return code 0
[2026-08-08T20:03:38.851+0000] {taskinstance.py:3503} INFO - 1 downstream tasks scheduled from follow-on schedule check
[2026-08-08T20:03:38.855+0000] {local_task_job_runner.py:222} INFO - ::endgroup::
