[2026-08-30T10:41:48.007+0000] {local_task_job_runner.py:120} INFO - ::group::Pre task execution logs
[2026-08-30T10:41:48.092+0000] {taskinstance.py:2076} INFO - Dependencies all met for dep_context=non-requeueable deps ti=<TaskInstance: feature_pipeline.transformation scheduled__2026-08-29T22:00:00+00:00 map_index=3 [queued]>
[2026-08-30T10:41:48.117+0000] {taskinstance.py:2076} INFO - Dependencies all met for dep_context=requeueable deps ti=<TaskInstance: feature_pipeline.transformation scheduled__2026-08-29T22:00:00+00:00 map_index=3 [queued]>
[2026-08-30T10:41:48.119+0000] {taskinstance.py:2306} INFO - Starting attempt 1 of 1
[2026-08-30T10:41:48.148+0000] {taskinstance.py:2330} INFO - Executing <Mapped(_PythonDecoratedOperator): transformation> on 2026-08-29 22:00:00+00:00
[2026-08-30T10:41:48.170+0000] {standard_task_runner.py:64} INFO - Started process 466 to run task
[2026-08-30T10:41:48.180+0000] {standard_task_runner.py:90} INFO - Running: ['***', 'tasks', 'run', 'feature_pipeline', 'transformation', 'scheduled__2026-08-29T22:00:00+00:00', '--job-id', '433', '--raw', '--subdir', 'DAGS_FOLDER/feature_pipeline_dag.py', '--cfg-path', '/tmp/tmppmik1a3u', '--map-index', '3']
[2026-08-30T10:41:48.187+0000] {standard_task_runner.py:91} INFO - Job 433: Subtask transformation
[2026-08-30T10:41:48.355+0000] {task_command.py:426} INFO - Running <TaskInstance: feature_pipeline.transformation scheduled__2026-08-29T22:00:00+00:00 map_index=3 [running]> on host eb0d84ea74be
[2026-08-30T10:41:49.029+0000] {taskinstance.py:2648} INFO - Exporting env vars: AIRFLOW_CTX_DAG_OWNER='***' AIRFLOW_CTX_DAG_ID='feature_pipeline' AIRFLOW_CTX_TASK_ID='transformation' AIRFLOW_CTX_EXECUTION_DATE='2026-08-29T22:00:00+00:00' AIRFLOW_CTX_TRY_NUMBER='1' AIRFLOW_CTX_DAG_RUN_ID='scheduled__2026-08-29T22:00:00+00:00'
[2026-08-30T10:41:49.031+0000] {taskinstance.py:430} INFO - ::endgroup::
[2026-08-30T10:41:49.150+0000] {external.py:63} INFO - Initializing external client
[2026-08-30T10:41:49.151+0000] {external.py:70} INFO - Base URL: https://eu-west.cloud.hopsworks.ai:443
[2026-08-30T10:41:55.782+0000] {python.py:140} INFO - Python Engine initialized.
[2026-08-30T10:41:57.338+0000] {logging_mixin.py:188} INFO - 
Logged in to project, explore it here https://eu-west.cloud.hopsworks.ai:443/p/41136
[2026-08-30T10:42:11.990+0000] {logging_mixin.py:188} INFO - Reading data from Hopsworks, using Hopsworks Feature Query Service.   Reading data from Hopsworks, using Hopsworks Feature Query Service..   Reading data from Hopsworks, using Hopsworks Feature Query Service...   Reading data from Hopsworks, using Hopsworks Feature Query Service   Reading data from Hopsworks, using Hopsworks Feature Query Service.   Reading data from Hopsworks, using Hopsworks Feature Query Service..   Reading data from Hopsworks, using Hopsworks Feature Query Service...   Reading data from Hopsworks, using Hopsworks Feature Query Service   Reading data from Hopsworks, using Hopsworks Feature Query Service.   Reading data from Hopsworks, using Hopsworks Feature Query Service..   Reading data from Hopsworks, using Hopsworks Feature Query Service...   Reading data from Hopsworks, using Hopsworks Feature Query Service   Reading data from Hopsworks, using Hopsworks Feature Query Service.   Reading data from Hopsworks, using Hopsworks Feature Query Service..   Reading data from Hopsworks, using Hopsworks Feature Query Service...   Finished: Reading data from Hopsworks, using Hopsworks Feature Query Service (5.72s) 
[2026-08-30T10:42:12.146+0000] {python.py:237} INFO - Done. Returned value was: {'city': 'peshawar', 'timestamp': '2026-08-30T10:39:48.872819+00:00', 'temperature': 37.08, 'humidity': 56, 'wind_speed': 3.09, 'aqi': 25, 'pm25': 25, 'pm10': 0, 'hour': 10, 'day': 30, 'month': 8, 'is_weekend': True, 'aqi_yesterday': 25, 'aqi_change_rate': 0.0, 'rolling_average_aqi': 90.41666666666667}
[2026-08-30T10:42:12.150+0000] {taskinstance.py:441} INFO - ::group::Post task execution logs
[2026-08-30T10:42:12.727+0000] {taskinstance.py:1206} INFO - Marking task as SUCCESS. dag_id=feature_pipeline, task_id=transformation, run_id=scheduled__2026-08-29T22:00:00+00:00, map_index=3, execution_date=20260829T220000, start_date=20260830T104148, end_date=20260830T104212
[2026-08-30T10:42:12.937+0000] {local_task_job_runner.py:243} INFO - Task exited with return code 0
[2026-08-30T10:42:14.014+0000] {taskinstance.py:3503} INFO - 4 downstream tasks scheduled from follow-on schedule check
[2026-08-30T10:42:14.051+0000] {local_task_job_runner.py:222} INFO - ::endgroup::
