[2026-08-29T21:36:09.205+0000] {local_task_job_runner.py:120} INFO - ::group::Pre task execution logs
[2026-08-29T21:36:09.416+0000] {taskinstance.py:2076} INFO - Dependencies all met for dep_context=non-requeueable deps ti=<TaskInstance: feature_pipeline.transformation manual__2026-08-29T21:35:04.912153+00:00 map_index=3 [queued]>
[2026-08-29T21:36:09.461+0000] {taskinstance.py:2076} INFO - Dependencies all met for dep_context=requeueable deps ti=<TaskInstance: feature_pipeline.transformation manual__2026-08-29T21:35:04.912153+00:00 map_index=3 [queued]>
[2026-08-29T21:36:09.464+0000] {taskinstance.py:2306} INFO - Starting attempt 1 of 1
[2026-08-29T21:36:09.609+0000] {taskinstance.py:2330} INFO - Executing <Mapped(_PythonDecoratedOperator): transformation> on 2026-08-29 21:35:04.912153+00:00
[2026-08-29T21:36:09.739+0000] {standard_task_runner.py:64} INFO - Started process 2399 to run task
[2026-08-29T21:36:09.775+0000] {standard_task_runner.py:90} INFO - Running: ['***', 'tasks', 'run', 'feature_pipeline', 'transformation', 'manual__2026-08-29T21:35:04.912153+00:00', '--job-id', '404', '--raw', '--subdir', 'DAGS_FOLDER/feature_pipeline_dag.py', '--cfg-path', '/tmp/tmpcm17xszk', '--map-index', '3']
[2026-08-29T21:36:09.800+0000] {standard_task_runner.py:91} INFO - Job 404: Subtask transformation
[2026-08-29T21:36:31.895+0000] {task_command.py:426} INFO - Running <TaskInstance: feature_pipeline.transformation manual__2026-08-29T21:35:04.912153+00:00 map_index=3 [running]> on host 3a3807853b19
[2026-08-29T21:38:04.255+0000] {taskinstance.py:2648} INFO - Exporting env vars: AIRFLOW_CTX_DAG_OWNER='***' AIRFLOW_CTX_DAG_ID='feature_pipeline' AIRFLOW_CTX_TASK_ID='transformation' AIRFLOW_CTX_EXECUTION_DATE='2026-08-29T21:35:04.912153+00:00' AIRFLOW_CTX_TRY_NUMBER='1' AIRFLOW_CTX_DAG_RUN_ID='manual__2026-08-29T21:35:04.912153+00:00'
[2026-08-29T21:38:04.286+0000] {taskinstance.py:430} INFO - ::endgroup::
[2026-08-29T21:38:07.635+0000] {external.py:63} INFO - Initializing external client
[2026-08-29T21:38:07.636+0000] {external.py:70} INFO - Base URL: https://eu-west.cloud.hopsworks.ai:443
[2026-08-29T21:38:23.666+0000] {python.py:140} INFO - Python Engine initialized.
[2026-08-29T21:38:25.071+0000] {logging_mixin.py:188} INFO - 
Logged in to project, explore it here https://eu-west.cloud.hopsworks.ai:443/p/41136
[2026-08-29T21:38:43.772+0000] {logging_mixin.py:188} INFO - Reading data from Hopsworks, using Hopsworks Feature Query Service.   Reading data from Hopsworks, using Hopsworks Feature Query Service..   Reading data from Hopsworks, using Hopsworks Feature Query Service...   Reading data from Hopsworks, using Hopsworks Feature Query Service   Reading data from Hopsworks, using Hopsworks Feature Query Service.   Reading data from Hopsworks, using Hopsworks Feature Query Service..   Reading data from Hopsworks, using Hopsworks Feature Query Service...   Reading data from Hopsworks, using Hopsworks Feature Query Service   Reading data from Hopsworks, using Hopsworks Feature Query Service.   Reading data from Hopsworks, using Hopsworks Feature Query Service..   Reading data from Hopsworks, using Hopsworks Feature Query Service...   Reading data from Hopsworks, using Hopsworks Feature Query Service   Reading data from Hopsworks, using Hopsworks Feature Query Service.   Reading data from Hopsworks, using Hopsworks Feature Query Service..   Reading data from Hopsworks, using Hopsworks Feature Query Service...   Reading data from Hopsworks, using Hopsworks Feature Query Service   Reading data from Hopsworks, using Hopsworks Feature Query Service.   Reading data from Hopsworks, using Hopsworks Feature Query Service..   Finished: Reading data from Hopsworks, using Hopsworks Feature Query Service (8.08s) 
[2026-08-29T21:38:44.261+0000] {python.py:237} INFO - Done. Returned value was: {'city': 'peshawar', 'timestamp': '2026-08-29T21:35:39.243633+00:00', 'temperature': 31.08, 'humidity': 74, 'wind_speed': 2.06, 'aqi': 25, 'pm25': 25, 'pm10': 0, 'hour': 21, 'day': 29, 'month': 8, 'is_weekend': True, 'aqi_yesterday': 25, 'aqi_change_rate': 0.0, 'rolling_average_aqi': 90.41666666666667}
[2026-08-29T21:38:44.263+0000] {taskinstance.py:441} INFO - ::group::Post task execution logs
[2026-08-29T21:38:44.617+0000] {taskinstance.py:1206} INFO - Marking task as SUCCESS. dag_id=feature_pipeline, task_id=transformation, run_id=manual__2026-08-29T21:35:04.912153+00:00, map_index=3, execution_date=20260829T213504, start_date=20260829T213609, end_date=20260829T213844
[2026-08-29T21:38:45.585+0000] {local_task_job_runner.py:243} INFO - Task exited with return code 0
[2026-08-29T21:38:49.916+0000] {local_task_job_runner.py:222} INFO - ::endgroup::
