[2026-08-02T19:11:50.273+0000] {local_task_job_runner.py:120} INFO - ::group::Pre task execution logs
[2026-08-02T19:11:50.336+0000] {taskinstance.py:2076} INFO - Dependencies all met for dep_context=non-requeueable deps ti=<TaskInstance: first_orchestrator.loading manual__2026-08-02T19:11:10.643879+00:00 [queued]>
[2026-08-02T19:11:50.352+0000] {taskinstance.py:2076} INFO - Dependencies all met for dep_context=requeueable deps ti=<TaskInstance: first_orchestrator.loading manual__2026-08-02T19:11:10.643879+00:00 [queued]>
[2026-08-02T19:11:50.353+0000] {taskinstance.py:2306} INFO - Starting attempt 1 of 1
[2026-08-02T19:11:50.392+0000] {taskinstance.py:2330} INFO - Executing <Task(_PythonDecoratedOperator): loading> on 2026-08-02 19:11:10.643879+00:00
[2026-08-02T19:11:50.415+0000] {standard_task_runner.py:64} INFO - Started process 1321 to run task
[2026-08-02T19:11:50.422+0000] {standard_task_runner.py:90} INFO - Running: ['***', 'tasks', 'run', 'first_orchestrator', 'loading', 'manual__2026-08-02T19:11:10.643879+00:00', '--job-id', '5', '--raw', '--subdir', 'DAGS_FOLDER/orchestration.py', '--cfg-path', '/tmp/tmps7x3cloi']
[2026-08-02T19:11:50.428+0000] {standard_task_runner.py:91} INFO - Job 5: Subtask loading
[2026-08-02T19:11:50.534+0000] {task_command.py:426} INFO - Running <TaskInstance: first_orchestrator.loading manual__2026-08-02T19:11:10.643879+00:00 [running]> on host 3341868be2bb
[2026-08-02T19:11:50.728+0000] {taskinstance.py:2905} ERROR - Task failed with exception
Traceback (most recent call last):
  File "/home/airflow/.local/lib/python3.11/site-packages/sqlalchemy/engine/base.py", line 1910, in _execute_context
    self.dialect.do_execute(
  File "/home/airflow/.local/lib/python3.11/site-packages/sqlalchemy/engine/default.py", line 736, in do_execute
    cursor.execute(statement, parameters)
psycopg2.errors.InvalidTextRepresentation: invalid input syntax for type json
LINE 1: ... 'manual__2026-08-02T19:11:10.643879+00:00',  -1, '{"templat...
                                                             ^
DETAIL:  Token "NaN" is invalid.
CONTEXT:  JSON data, line 1: ...nth": 8, "is_weekend": true, "aqi_yesterday": NaN...


The above exception was the direct cause of the following exception:

Traceback (most recent call last):
  File "/home/airflow/.local/lib/python3.11/site-packages/airflow/models/taskinstance.py", line 2479, in _run_raw_task
    self._execute_task_with_callbacks(context, test_mode, session=session)
  File "/home/airflow/.local/lib/python3.11/site-packages/airflow/models/taskinstance.py", line 2637, in _execute_task_with_callbacks
    RenderedTaskInstanceFields.write(rtif)
  File "/home/airflow/.local/lib/python3.11/site-packages/airflow/utils/session.py", line 78, in wrapper
    with create_session() as session:
  File "/usr/local/lib/python3.11/contextlib.py", line 144, in __exit__
    next(self.gen)
  File "/home/airflow/.local/lib/python3.11/site-packages/airflow/utils/session.py", line 39, in create_session
    session.commit()
  File "/home/airflow/.local/lib/python3.11/site-packages/sqlalchemy/orm/session.py", line 1454, in commit
    self._transaction.commit(_to_root=self.future)
  File "/home/airflow/.local/lib/python3.11/site-packages/sqlalchemy/orm/session.py", line 832, in commit
    self._prepare_impl()
  File "/home/airflow/.local/lib/python3.11/site-packages/sqlalchemy/orm/session.py", line 811, in _prepare_impl
    self.session.flush()
  File "/home/airflow/.local/lib/python3.11/site-packages/sqlalchemy/orm/session.py", line 3449, in flush
    self._flush(objects)
  File "/home/airflow/.local/lib/python3.11/site-packages/sqlalchemy/orm/session.py", line 3588, in _flush
    with util.safe_reraise():
  File "/home/airflow/.local/lib/python3.11/site-packages/sqlalchemy/util/langhelpers.py", line 70, in __exit__
    compat.raise_(
  File "/home/airflow/.local/lib/python3.11/site-packages/sqlalchemy/util/compat.py", line 211, in raise_
    raise exception
  File "/home/airflow/.local/lib/python3.11/site-packages/sqlalchemy/orm/session.py", line 3549, in _flush
    flush_context.execute()
  File "/home/airflow/.local/lib/python3.11/site-packages/sqlalchemy/orm/unitofwork.py", line 456, in execute
    rec.execute(self)
  File "/home/airflow/.local/lib/python3.11/site-packages/sqlalchemy/orm/unitofwork.py", line 630, in execute
    util.preloaded.orm_persistence.save_obj(
  File "/home/airflow/.local/lib/python3.11/site-packages/sqlalchemy/orm/persistence.py", line 245, in save_obj
    _emit_insert_statements(
  File "/home/airflow/.local/lib/python3.11/site-packages/sqlalchemy/orm/persistence.py", line 1097, in _emit_insert_statements
    c = connection._execute_20(
        ^^^^^^^^^^^^^^^^^^^^^^^
  File "/home/airflow/.local/lib/python3.11/site-packages/sqlalchemy/engine/base.py", line 1710, in _execute_20
    return meth(self, args_10style, kwargs_10style, execution_options)
           ^^^^^^^^^^^^^^^^^^^^^^^^^^^^^^^^^^^^^^^^^^^^^^^^^^^^^^^^^^^
  File "/home/airflow/.local/lib/python3.11/site-packages/sqlalchemy/sql/elements.py", line 334, in _execute_on_connection
    return connection._execute_clauseelement(
           ^^^^^^^^^^^^^^^^^^^^^^^^^^^^^^^^^^
  File "/home/airflow/.local/lib/python3.11/site-packages/sqlalchemy/engine/base.py", line 1577, in _execute_clauseelement
    ret = self._execute_context(
          ^^^^^^^^^^^^^^^^^^^^^^
  File "/home/airflow/.local/lib/python3.11/site-packages/sqlalchemy/engine/base.py", line 1953, in _execute_context
    self._handle_dbapi_exception(
  File "/home/airflow/.local/lib/python3.11/site-packages/sqlalchemy/engine/base.py", line 2134, in _handle_dbapi_exception
    util.raise_(
  File "/home/airflow/.local/lib/python3.11/site-packages/sqlalchemy/util/compat.py", line 211, in raise_
    raise exception
  File "/home/airflow/.local/lib/python3.11/site-packages/sqlalchemy/engine/base.py", line 1910, in _execute_context
    self.dialect.do_execute(
  File "/home/airflow/.local/lib/python3.11/site-packages/sqlalchemy/engine/default.py", line 736, in do_execute
    cursor.execute(statement, parameters)
sqlalchemy.exc.DataError: (psycopg2.errors.InvalidTextRepresentation) invalid input syntax for type json
LINE 1: ... 'manual__2026-08-02T19:11:10.643879+00:00',  -1, '{"templat...
                                                             ^
DETAIL:  Token "NaN" is invalid.
CONTEXT:  JSON data, line 1: ...nth": 8, "is_weekend": true, "aqi_yesterday": NaN...

[SQL: INSERT INTO rendered_task_instance_fields (dag_id, task_id, run_id, map_index, rendered_fields, k8s_pod_yaml) VALUES (%(dag_id)s, %(task_id)s, %(run_id)s, %(map_index)s, %(rendered_fields)s, %(k8s_pod_yaml)s)]
[parameters: {'dag_id': 'first_orchestrator', 'task_id': 'loading', 'run_id': 'manual__2026-08-02T19:11:10.643879+00:00', 'map_index': -1, 'rendered_fields': '{"templates_dict": null, "op_args": [{"city": "lahore", "timestamp": "2026-08-02T19:11:40.101772+00:00", "temperature": 33.79, "humidity": 51, "wind_ ... (45 characters truncated) ... 0, "hour": 19, "day": 2, "month": 8, "is_weekend": true, "aqi_yesterday": NaN, "aqi_change_rate": NaN, "rolling_average_aqi": NaN}], "op_kwargs": {}}', 'k8s_pod_yaml': 'null'}]
(Background on this error at: https://sqlalche.me/e/14/9h9h)
[2026-08-02T19:11:50.820+0000] {taskinstance.py:1206} INFO - Marking task as FAILED. dag_id=first_orchestrator, task_id=loading, run_id=manual__2026-08-02T19:11:10.643879+00:00, execution_date=20260802T191110, start_date=20260802T191150, end_date=20260802T191150
[2026-08-02T19:11:50.844+0000] {standard_task_runner.py:110} ERROR - Failed to execute job 5 for task loading ((psycopg2.errors.InvalidTextRepresentation) invalid input syntax for type json
LINE 1: ... 'manual__2026-08-02T19:11:10.643879+00:00',  -1, '{"templat...
                                                             ^
DETAIL:  Token "NaN" is invalid.
CONTEXT:  JSON data, line 1: ...nth": 8, "is_weekend": true, "aqi_yesterday": NaN...

[SQL: INSERT INTO rendered_task_instance_fields (dag_id, task_id, run_id, map_index, rendered_fields, k8s_pod_yaml) VALUES (%(dag_id)s, %(task_id)s, %(run_id)s, %(map_index)s, %(rendered_fields)s, %(k8s_pod_yaml)s)]
[parameters: {'dag_id': 'first_orchestrator', 'task_id': 'loading', 'run_id': 'manual__2026-08-02T19:11:10.643879+00:00', 'map_index': -1, 'rendered_fields': '{"templates_dict": null, "op_args": [{"city": "lahore", "timestamp": "2026-08-02T19:11:40.101772+00:00", "temperature": 33.79, "humidity": 51, "wind_ ... (45 characters truncated) ... 0, "hour": 19, "day": 2, "month": 8, "is_weekend": true, "aqi_yesterday": NaN, "aqi_change_rate": NaN, "rolling_average_aqi": NaN}], "op_kwargs": {}}', 'k8s_pod_yaml': 'null'}]
(Background on this error at: https://sqlalche.me/e/14/9h9h); 1321)
[2026-08-02T19:11:50.876+0000] {local_task_job_runner.py:243} INFO - Task exited with return code 1
[2026-08-02T19:11:50.912+0000] {taskinstance.py:3503} INFO - 0 downstream tasks scheduled from follow-on schedule check
[2026-08-02T19:11:50.916+0000] {local_task_job_runner.py:222} INFO - ::endgroup::
