[2026-08-02T20:00:53.569+0000] {local_task_job_runner.py:120} INFO - ::group::Pre task execution logs
[2026-08-02T20:00:53.649+0000] {taskinstance.py:2076} INFO - Dependencies all met for dep_context=non-requeueable deps ti=<TaskInstance: first_orchestrator.loading scheduled__2026-08-02T19:00:00+00:00 [queued]>
[2026-08-02T20:00:53.664+0000] {taskinstance.py:2076} INFO - Dependencies all met for dep_context=requeueable deps ti=<TaskInstance: first_orchestrator.loading scheduled__2026-08-02T19:00:00+00:00 [queued]>
[2026-08-02T20:00:53.665+0000] {taskinstance.py:2306} INFO - Starting attempt 1 of 1
[2026-08-02T20:00:53.694+0000] {taskinstance.py:2330} INFO - Executing <Task(_PythonDecoratedOperator): loading> on 2026-08-02 19:00:00+00:00
[2026-08-02T20:00:53.724+0000] {standard_task_runner.py:64} INFO - Started process 247 to run task
[2026-08-02T20:00:53.732+0000] {standard_task_runner.py:90} INFO - Running: ['***', 'tasks', 'run', 'first_orchestrator', 'loading', 'scheduled__2026-08-02T19:00:00+00:00', '--job-id', '15', '--raw', '--subdir', 'DAGS_FOLDER/orchestration.py', '--cfg-path', '/tmp/tmpcpnaf404']
[2026-08-02T20:00:53.744+0000] {standard_task_runner.py:91} INFO - Job 15: Subtask loading
[2026-08-02T20:00:53.879+0000] {task_command.py:426} INFO - Running <TaskInstance: first_orchestrator.loading scheduled__2026-08-02T19:00:00+00:00 [running]> on host 3f9c73410c8c
[2026-08-02T20:00:54.201+0000] {taskinstance.py:2648} INFO - Exporting env vars: AIRFLOW_CTX_DAG_OWNER='***' AIRFLOW_CTX_DAG_ID='first_orchestrator' AIRFLOW_CTX_TASK_ID='loading' AIRFLOW_CTX_EXECUTION_DATE='2026-08-02T19:00:00+00:00' AIRFLOW_CTX_TRY_NUMBER='1' AIRFLOW_CTX_DAG_RUN_ID='scheduled__2026-08-02T19:00:00+00:00'
[2026-08-02T20:00:54.204+0000] {taskinstance.py:430} INFO - ::endgroup::
[2026-08-02T20:00:54.749+0000] {external.py:63} INFO - Initializing external client
[2026-08-02T20:00:54.750+0000] {external.py:70} INFO - Base URL: https://eu-west.cloud.hopsworks.ai:443
[2026-08-02T20:00:59.126+0000] {python.py:138} INFO - Python Engine initialized.
[2026-08-02T20:01:00.820+0000] {logging_mixin.py:188} INFO - 
Logged in to project, explore it here https://eu-west.cloud.hopsworks.ai:443/p/41136
[2026-08-02T20:01:10.737+0000] {logging_mixin.py:188} WARNING - Uploading Dataframe: 0.00% |          | Rows 0/1 | Elapsed Time: 00:00 | Remaining Time: ?
[2026-08-02T20:01:12.614+0000] {logging_mixin.py:188} WARNING - Uploading Dataframe: 100.00% |##########| Rows 1/1 | Elapsed Time: 00:01 | Remaining Time: 00:00
[2026-08-02T20:01:12.617+0000] {logging_mixin.py:188} WARNING - Uploading Dataframe: 100.00% |##########| Rows 1/1 | Elapsed Time: 00:01 | Remaining Time: 00:00
[2026-08-02T20:01:13.563+0000] {logging_mixin.py:188} INFO - Launching job: aqi_features_1_offline_fg_materialization
[2026-08-02T20:01:19.402+0000] {logging_mixin.py:188} INFO - Job started successfully, you can follow the progress at 
https://eu-west.cloud.hopsworks.ai:443/p/41136/jobs/named/aqi_features_1_offline_fg_materialization/executions
[2026-08-02T20:01:19.403+0000] {logging_mixin.py:188} INFO - Inserted 1 record into 'aqi_features' feature group.
[2026-08-02T20:01:19.404+0000] {python.py:237} INFO - Done. Returned value was: None
[2026-08-02T20:01:19.406+0000] {taskinstance.py:441} INFO - ::group::Post task execution logs
[2026-08-02T20:01:19.428+0000] {taskinstance.py:1206} INFO - Marking task as SUCCESS. dag_id=first_orchestrator, task_id=loading, run_id=scheduled__2026-08-02T19:00:00+00:00, execution_date=20260802T190000, start_date=20260802T200053, end_date=20260802T200119
[2026-08-02T20:01:19.555+0000] {local_task_job_runner.py:243} INFO - Task exited with return code 0
[2026-08-02T20:01:19.590+0000] {taskinstance.py:3503} INFO - 0 downstream tasks scheduled from follow-on schedule check
[2026-08-02T20:01:19.594+0000] {local_task_job_runner.py:222} INFO - ::endgroup::
