[2026-08-09T17:06:42.678+0000] {local_task_job_runner.py:120} INFO - ::group::Pre task execution logs
[2026-08-09T17:06:42.791+0000] {taskinstance.py:2076} INFO - Dependencies all met for dep_context=non-requeueable deps ti=<TaskInstance: feature_pipeline.loading scheduled__2026-08-09T16:00:00+00:00 map_index=0 [queued]>
[2026-08-09T17:06:42.814+0000] {taskinstance.py:2076} INFO - Dependencies all met for dep_context=requeueable deps ti=<TaskInstance: feature_pipeline.loading scheduled__2026-08-09T16:00:00+00:00 map_index=0 [queued]>
[2026-08-09T17:06:42.815+0000] {taskinstance.py:2306} INFO - Starting attempt 1 of 1
[2026-08-09T17:06:42.843+0000] {taskinstance.py:2330} INFO - Executing <Mapped(_PythonDecoratedOperator): loading> on 2026-08-09 16:00:00+00:00
[2026-08-09T17:06:42.865+0000] {standard_task_runner.py:64} INFO - Started process 1911 to run task
[2026-08-09T17:06:42.877+0000] {standard_task_runner.py:90} INFO - Running: ['***', 'tasks', 'run', 'feature_pipeline', 'loading', 'scheduled__2026-08-09T16:00:00+00:00', '--job-id', '229', '--raw', '--subdir', 'DAGS_FOLDER/feature_pipeline_dag.py', '--cfg-path', '/tmp/tmphlyomwgj', '--map-index', '0']
[2026-08-09T17:06:42.883+0000] {standard_task_runner.py:91} INFO - Job 229: Subtask loading
[2026-08-09T17:06:43.019+0000] {task_command.py:426} INFO - Running <TaskInstance: feature_pipeline.loading scheduled__2026-08-09T16:00:00+00:00 map_index=0 [running]> on host 864517f40158
[2026-08-09T17:06:43.704+0000] {taskinstance.py:2648} INFO - Exporting env vars: AIRFLOW_CTX_DAG_OWNER='***' AIRFLOW_CTX_DAG_ID='feature_pipeline' AIRFLOW_CTX_TASK_ID='loading' AIRFLOW_CTX_EXECUTION_DATE='2026-08-09T16:00:00+00:00' AIRFLOW_CTX_TRY_NUMBER='1' AIRFLOW_CTX_DAG_RUN_ID='scheduled__2026-08-09T16:00:00+00:00'
[2026-08-09T17:06:43.706+0000] {taskinstance.py:430} INFO - ::endgroup::
[2026-08-09T17:06:43.817+0000] {external.py:63} INFO - Initializing external client
[2026-08-09T17:06:43.818+0000] {external.py:70} INFO - Base URL: https://eu-west.cloud.hopsworks.ai:443
[2026-08-09T17:06:48.369+0000] {python.py:138} INFO - Python Engine initialized.
[2026-08-09T17:06:50.279+0000] {logging_mixin.py:188} INFO - 
Logged in to project, explore it here https://eu-west.cloud.hopsworks.ai:443/p/41136
[2026-08-09T17:07:03.837+0000] {logging_mixin.py:188} WARNING - Uploading Dataframe: 0.00% |          | Rows 0/1 | Elapsed Time: 00:00 | Remaining Time: ?
[2026-08-09T17:07:07.530+0000] {logging_mixin.py:188} WARNING - Uploading Dataframe: 100.00% |##########| Rows 1/1 | Elapsed Time: 00:03 | Remaining Time: 00:00
[2026-08-09T17:07:07.533+0000] {logging_mixin.py:188} WARNING - Uploading Dataframe: 100.00% |##########| Rows 1/1 | Elapsed Time: 00:03 | Remaining Time: 00:00
[2026-08-09T17:07:10.054+0000] {logging_mixin.py:188} INFO - Launching job: aqi_features_1_offline_fg_materialization
[2026-08-09T17:07:16.049+0000] {logging_mixin.py:188} INFO - Job started successfully, you can follow the progress at 
https://eu-west.cloud.hopsworks.ai:443/p/41136/jobs/named/aqi_features_1_offline_fg_materialization/executions
[2026-08-09T17:07:16.281+0000] {logging_mixin.py:188} INFO - Inserted 1 record into 'aqi_features' feature group.
[2026-08-09T17:07:16.302+0000] {python.py:237} INFO - Done. Returned value was: None
[2026-08-09T17:07:16.344+0000] {taskinstance.py:441} INFO - ::group::Post task execution logs
[2026-08-09T17:07:16.753+0000] {taskinstance.py:1206} INFO - Marking task as SUCCESS. dag_id=feature_pipeline, task_id=loading, run_id=scheduled__2026-08-09T16:00:00+00:00, map_index=0, execution_date=20260809T160000, start_date=20260809T170642, end_date=20260809T170716
[2026-08-09T17:07:17.274+0000] {local_task_job_runner.py:243} INFO - Task exited with return code 0
[2026-08-09T17:07:17.569+0000] {taskinstance.py:3503} INFO - 0 downstream tasks scheduled from follow-on schedule check
[2026-08-09T17:07:17.575+0000] {local_task_job_runner.py:222} INFO - ::endgroup::
