[2026-08-08T19:00:50.880+0000] {local_task_job_runner.py:120} INFO - ::group::Pre task execution logs
[2026-08-08T19:00:50.940+0000] {taskinstance.py:2076} INFO - Dependencies all met for dep_context=non-requeueable deps ti=<TaskInstance: feature_pipeline.loading scheduled__2026-08-08T18:00:00+00:00 [queued]>
[2026-08-08T19:00:50.956+0000] {taskinstance.py:2076} INFO - Dependencies all met for dep_context=requeueable deps ti=<TaskInstance: feature_pipeline.loading scheduled__2026-08-08T18:00:00+00:00 [queued]>
[2026-08-08T19:00:50.958+0000] {taskinstance.py:2306} INFO - Starting attempt 1 of 1
[2026-08-08T19:00:50.990+0000] {taskinstance.py:2330} INFO - Executing <Task(_PythonDecoratedOperator): loading> on 2026-08-08 18:00:00+00:00
[2026-08-08T19:00:51.007+0000] {standard_task_runner.py:64} INFO - Started process 699 to run task
[2026-08-08T19:00:51.015+0000] {standard_task_runner.py:90} INFO - Running: ['***', 'tasks', 'run', 'feature_pipeline', 'loading', 'scheduled__2026-08-08T18:00:00+00:00', '--job-id', '88', '--raw', '--subdir', 'DAGS_FOLDER/feature_pipeline_dag.py', '--cfg-path', '/tmp/tmpjmujzu_l']
[2026-08-08T19:00:51.021+0000] {standard_task_runner.py:91} INFO - Job 88: Subtask loading
[2026-08-08T19:00:51.134+0000] {task_command.py:426} INFO - Running <TaskInstance: feature_pipeline.loading scheduled__2026-08-08T18:00:00+00:00 [running]> on host b03dc20e41cf
[2026-08-08T19:00:51.346+0000] {taskinstance.py:2648} INFO - Exporting env vars: AIRFLOW_CTX_DAG_OWNER='***' AIRFLOW_CTX_DAG_ID='feature_pipeline' AIRFLOW_CTX_TASK_ID='loading' AIRFLOW_CTX_EXECUTION_DATE='2026-08-08T18:00:00+00:00' AIRFLOW_CTX_TRY_NUMBER='1' AIRFLOW_CTX_DAG_RUN_ID='scheduled__2026-08-08T18:00:00+00:00'
[2026-08-08T19:00:51.350+0000] {taskinstance.py:430} INFO - ::endgroup::
[2026-08-08T19:00:51.792+0000] {external.py:63} INFO - Initializing external client
[2026-08-08T19:00:51.793+0000] {external.py:70} INFO - Base URL: https://eu-west.cloud.hopsworks.ai:443
[2026-08-08T19:00:58.311+0000] {python.py:138} INFO - Python Engine initialized.
[2026-08-08T19:01:02.673+0000] {logging_mixin.py:188} INFO - 
Logged in to project, explore it here https://eu-west.cloud.hopsworks.ai:443/p/41136
[2026-08-08T19:01:10.127+0000] {logging_mixin.py:188} WARNING - Uploading Dataframe: 0.00% |          | Rows 0/1 | Elapsed Time: 00:00 | Remaining Time: ?
[2026-08-08T19:01:12.279+0000] {logging_mixin.py:188} WARNING - Uploading Dataframe: 100.00% |##########| Rows 1/1 | Elapsed Time: 00:02 | Remaining Time: 00:00
[2026-08-08T19:01:12.283+0000] {logging_mixin.py:188} WARNING - Uploading Dataframe: 100.00% |##########| Rows 1/1 | Elapsed Time: 00:02 | Remaining Time: 00:00
[2026-08-08T19:01:13.396+0000] {logging_mixin.py:188} INFO - Launching job: aqi_features_1_offline_fg_materialization
[2026-08-08T19:01:19.893+0000] {logging_mixin.py:188} INFO - Job started successfully, you can follow the progress at 
https://eu-west.cloud.hopsworks.ai:443/p/41136/jobs/named/aqi_features_1_offline_fg_materialization/executions
[2026-08-08T19:01:19.896+0000] {logging_mixin.py:188} INFO - Inserted 1 record into 'aqi_features' feature group.
[2026-08-08T19:01:19.897+0000] {python.py:237} INFO - Done. Returned value was: None
[2026-08-08T19:01:19.899+0000] {taskinstance.py:441} INFO - ::group::Post task execution logs
[2026-08-08T19:01:19.924+0000] {taskinstance.py:1206} INFO - Marking task as SUCCESS. dag_id=feature_pipeline, task_id=loading, run_id=scheduled__2026-08-08T18:00:00+00:00, execution_date=20260808T180000, start_date=20260808T190050, end_date=20260808T190119
[2026-08-08T19:01:20.044+0000] {local_task_job_runner.py:243} INFO - Task exited with return code 0
[2026-08-08T19:01:20.077+0000] {taskinstance.py:3503} INFO - 0 downstream tasks scheduled from follow-on schedule check
[2026-08-08T19:01:20.083+0000] {local_task_job_runner.py:222} INFO - ::endgroup::
