[2026-08-27T08:30:11.150+0000] {processor.py:161} INFO - Started process (PID=4236) to work on /opt/airflow/dags/feature_pipeline_dag.py
[2026-08-27T08:30:11.152+0000] {processor.py:830} INFO - Processing file /opt/airflow/dags/feature_pipeline_dag.py for tasks to queue
[2026-08-27T08:30:11.156+0000] {logging_mixin.py:188} INFO - [2026-08-27T08:30:11.155+0000] {dagbag.py:545} INFO - Filling up the DagBag from /opt/airflow/dags/feature_pipeline_dag.py
[2026-08-27T08:30:14.706+0000] {processor.py:840} INFO - DAG(s) 'feature_pipeline' retrieved from /opt/airflow/dags/feature_pipeline_dag.py
[2026-08-27T08:30:18.712+0000] {logging_mixin.py:188} INFO - [2026-08-27T08:30:18.711+0000] {dag.py:3089} INFO - Sync 1 DAGs
[2026-08-27T08:30:18.832+0000] {logging_mixin.py:188} INFO - [2026-08-27T08:30:18.832+0000] {dag.py:3947} INFO - Setting next_dagrun for feature_pipeline to 2026-08-27 07:00:00+00:00, run_after=2026-08-27 08:00:00+00:00
[2026-08-27T08:30:19.233+0000] {processor.py:183} INFO - Processing /opt/airflow/dags/feature_pipeline_dag.py took 8.099 seconds
[2026-08-27T08:30:50.148+0000] {processor.py:161} INFO - Started process (PID=4255) to work on /opt/airflow/dags/feature_pipeline_dag.py
[2026-08-27T08:30:50.156+0000] {processor.py:830} INFO - Processing file /opt/airflow/dags/feature_pipeline_dag.py for tasks to queue
[2026-08-27T08:30:50.162+0000] {logging_mixin.py:188} INFO - [2026-08-27T08:30:50.161+0000] {dagbag.py:545} INFO - Filling up the DagBag from /opt/airflow/dags/feature_pipeline_dag.py
[2026-08-27T08:30:53.526+0000] {processor.py:840} INFO - DAG(s) 'feature_pipeline' retrieved from /opt/airflow/dags/feature_pipeline_dag.py
[2026-08-27T08:30:53.779+0000] {logging_mixin.py:188} INFO - [2026-08-27T08:30:53.778+0000] {dag.py:3089} INFO - Sync 1 DAGs
[2026-08-27T08:31:17.792+0000] {logging_mixin.py:188} INFO - [2026-08-27T08:31:17.791+0000] {dag.py:3947} INFO - Setting next_dagrun for feature_pipeline to 2026-08-27 08:00:00+00:00, run_after=2026-08-27 09:00:00+00:00
[2026-08-27T08:31:17.883+0000] {processor.py:183} INFO - Processing /opt/airflow/dags/feature_pipeline_dag.py took 31.047 seconds
[2026-08-27T08:31:49.462+0000] {processor.py:161} INFO - Started process (PID=4280) to work on /opt/airflow/dags/feature_pipeline_dag.py
[2026-08-27T08:31:49.555+0000] {processor.py:830} INFO - Processing file /opt/airflow/dags/feature_pipeline_dag.py for tasks to queue
[2026-08-27T08:31:49.557+0000] {logging_mixin.py:188} INFO - [2026-08-27T08:31:49.557+0000] {dagbag.py:545} INFO - Filling up the DagBag from /opt/airflow/dags/feature_pipeline_dag.py
[2026-08-27T08:32:07.270+0000] {processor.py:840} INFO - DAG(s) 'feature_pipeline' retrieved from /opt/airflow/dags/feature_pipeline_dag.py
[2026-08-27T08:32:07.516+0000] {logging_mixin.py:188} INFO - [2026-08-27T08:32:07.515+0000] {dag.py:3089} INFO - Sync 1 DAGs
[2026-08-27T08:32:07.558+0000] {logging_mixin.py:188} INFO - [2026-08-27T08:32:07.558+0000] {dag.py:3947} INFO - Setting next_dagrun for feature_pipeline to 2026-08-27 08:00:00+00:00, run_after=2026-08-27 09:00:00+00:00
[2026-08-27T08:32:07.603+0000] {processor.py:183} INFO - Processing /opt/airflow/dags/feature_pipeline_dag.py took 20.710 seconds
[2026-08-27T08:32:53.424+0000] {processor.py:161} INFO - Started process (PID=4332) to work on /opt/airflow/dags/feature_pipeline_dag.py
[2026-08-27T08:32:53.428+0000] {processor.py:830} INFO - Processing file /opt/airflow/dags/feature_pipeline_dag.py for tasks to queue
[2026-08-27T08:32:53.432+0000] {logging_mixin.py:188} INFO - [2026-08-27T08:32:53.429+0000] {dagbag.py:545} INFO - Filling up the DagBag from /opt/airflow/dags/feature_pipeline_dag.py
[2026-08-27T08:33:14.251+0000] {processor.py:840} INFO - DAG(s) 'feature_pipeline' retrieved from /opt/airflow/dags/feature_pipeline_dag.py
[2026-08-27T08:33:15.007+0000] {logging_mixin.py:188} INFO - [2026-08-27T08:33:14.995+0000] {dag.py:3089} INFO - Sync 1 DAGs
[2026-08-27T08:33:15.325+0000] {logging_mixin.py:188} INFO - [2026-08-27T08:33:15.324+0000] {dag.py:3947} INFO - Setting next_dagrun for feature_pipeline to 2026-08-27 08:00:00+00:00, run_after=2026-08-27 09:00:00+00:00
[2026-08-27T08:33:25.393+0000] {processor.py:183} INFO - Processing /opt/airflow/dags/feature_pipeline_dag.py took 34.295 seconds
[2026-08-27T08:34:01.380+0000] {processor.py:161} INFO - Started process (PID=4352) to work on /opt/airflow/dags/feature_pipeline_dag.py
[2026-08-27T08:34:01.427+0000] {processor.py:830} INFO - Processing file /opt/airflow/dags/feature_pipeline_dag.py for tasks to queue
[2026-08-27T08:34:01.527+0000] {logging_mixin.py:188} INFO - [2026-08-27T08:34:01.465+0000] {dagbag.py:545} INFO - Filling up the DagBag from /opt/airflow/dags/feature_pipeline_dag.py
[2026-08-27T08:34:36.096+0000] {logging_mixin.py:188} INFO - [2026-08-27T08:34:34.457+0000] {timeout.py:68} ERROR - Process timed out, PID: 4352
[2026-08-27T08:38:23.021+0000] {processor.py:161} INFO - Started process (PID=4381) to work on /opt/airflow/dags/feature_pipeline_dag.py
[2026-08-27T08:38:23.117+0000] {processor.py:830} INFO - Processing file /opt/airflow/dags/feature_pipeline_dag.py for tasks to queue
[2026-08-27T08:38:24.481+0000] {logging_mixin.py:188} INFO - [2026-08-27T08:38:23.514+0000] {dagbag.py:545} INFO - Filling up the DagBag from /opt/airflow/dags/feature_pipeline_dag.py
