[2026-08-06T15:27:06.723+0000] {local_task_job_runner.py:120} INFO - ::group::Pre task execution logs
[2026-08-06T15:27:06.816+0000] {taskinstance.py:2076} INFO - Dependencies all met for dep_context=non-requeueable deps ti=<TaskInstance: feature_pipeline.transformation manual__2026-08-06T15:26:51.357886+00:00 [queued]>
[2026-08-06T15:27:06.836+0000] {taskinstance.py:2076} INFO - Dependencies all met for dep_context=requeueable deps ti=<TaskInstance: feature_pipeline.transformation manual__2026-08-06T15:26:51.357886+00:00 [queued]>
[2026-08-06T15:27:06.837+0000] {taskinstance.py:2306} INFO - Starting attempt 1 of 1
[2026-08-06T15:27:06.878+0000] {taskinstance.py:2330} INFO - Executing <Task(_PythonDecoratedOperator): transformation> on 2026-08-06 15:26:51.357886+00:00
[2026-08-06T15:27:06.899+0000] {standard_task_runner.py:64} INFO - Started process 849 to run task
[2026-08-06T15:27:06.912+0000] {standard_task_runner.py:90} INFO - Running: ['***', 'tasks', 'run', 'feature_pipeline', 'transformation', 'manual__2026-08-06T15:26:51.357886+00:00', '--job-id', '61', '--raw', '--subdir', 'DAGS_FOLDER/feature_pipeline_dag.py', '--cfg-path', '/tmp/tmp3sf8fvc6']
[2026-08-06T15:27:06.935+0000] {standard_task_runner.py:91} INFO - Job 61: Subtask transformation
[2026-08-06T15:27:07.803+0000] {task_command.py:426} INFO - Running <TaskInstance: feature_pipeline.transformation manual__2026-08-06T15:26:51.357886+00:00 [running]> on host 9b2347349ce6
[2026-08-06T15:27:08.612+0000] {taskinstance.py:2648} INFO - Exporting env vars: AIRFLOW_CTX_DAG_OWNER='***' AIRFLOW_CTX_DAG_ID='feature_pipeline' AIRFLOW_CTX_TASK_ID='transformation' AIRFLOW_CTX_EXECUTION_DATE='2026-08-06T15:26:51.357886+00:00' AIRFLOW_CTX_TRY_NUMBER='1' AIRFLOW_CTX_DAG_RUN_ID='manual__2026-08-06T15:26:51.357886+00:00'
[2026-08-06T15:27:08.615+0000] {taskinstance.py:430} INFO - ::endgroup::
[2026-08-06T15:27:08.731+0000] {external.py:63} INFO - Initializing external client
[2026-08-06T15:27:08.732+0000] {external.py:70} INFO - Base URL: https://eu-west.cloud.hopsworks.ai:443
[2026-08-06T15:27:19.786+0000] {python.py:138} INFO - Python Engine initialized.
[2026-08-06T15:27:24.018+0000] {logging_mixin.py:188} INFO - 
Logged in to project, explore it here https://eu-west.cloud.hopsworks.ai:443/p/41136
[2026-08-06T15:27:44.422+0000] {logging_mixin.py:188} INFO - Reading data from Hopsworks, using Hopsworks Feature Query Service.   Reading data from Hopsworks, using Hopsworks Feature Query Service..   Reading data from Hopsworks, using Hopsworks Feature Query Service...   Reading data from Hopsworks, using Hopsworks Feature Query Service   Reading data from Hopsworks, using Hopsworks Feature Query Service.   Reading data from Hopsworks, using Hopsworks Feature Query Service..   Reading data from Hopsworks, using Hopsworks Feature Query Service...   Reading data from Hopsworks, using Hopsworks Feature Query Service   Reading data from Hopsworks, using Hopsworks Feature Query Service.   Reading data from Hopsworks, using Hopsworks Feature Query Service..   Reading data from Hopsworks, using Hopsworks Feature Query Service...   Reading data from Hopsworks, using Hopsworks Feature Query Service   Reading data from Hopsworks, using Hopsworks Feature Query Service.   Reading data from Hopsworks, using Hopsworks Feature Query Service..   Reading data from Hopsworks, using Hopsworks Feature Query Service...   Reading data from Hopsworks, using Hopsworks Feature Query Service   Finished: Reading data from Hopsworks, using Hopsworks Feature Query Service (7.73s) 
[2026-08-06T15:27:44.541+0000] {python.py:237} INFO - Done. Returned value was: {'city': 'lahore', 'timestamp': '2026-08-06T15:27:01.506677+00:00', 'temperature': 30.97, 'humidity': 65, 'wind_speed': 1.41, 'aqi': 34, 'pm25': 34, 'pm10': 0, 'hour': 15, 'day': 6, 'month': 8, 'is_weekend': False, 'aqi_yesterday': 34, 'aqi_change_rate': 0.0, 'rolling_average_aqi': 96.125}
[2026-08-06T15:27:44.546+0000] {taskinstance.py:441} INFO - ::group::Post task execution logs
[2026-08-06T15:27:44.631+0000] {taskinstance.py:1206} INFO - Marking task as SUCCESS. dag_id=feature_pipeline, task_id=transformation, run_id=manual__2026-08-06T15:26:51.357886+00:00, execution_date=20260806T152651, start_date=20260806T152706, end_date=20260806T152744
[2026-08-06T15:27:44.789+0000] {local_task_job_runner.py:243} INFO - Task exited with return code 0
[2026-08-06T15:27:44.830+0000] {taskinstance.py:3503} INFO - 1 downstream tasks scheduled from follow-on schedule check
[2026-08-06T15:27:44.835+0000] {local_task_job_runner.py:222} INFO - ::endgroup::
