[2026-08-30T11:03:46.550+0000] {local_task_job_runner.py:120} INFO - ::group::Pre task execution logs
[2026-08-30T11:03:46.647+0000] {taskinstance.py:2076} INFO - Dependencies all met for dep_context=non-requeueable deps ti=<TaskInstance: feature_pipeline.loading scheduled__2026-08-30T10:00:00+00:00 map_index=2 [queued]>
[2026-08-30T11:03:46.682+0000] {taskinstance.py:2076} INFO - Dependencies all met for dep_context=requeueable deps ti=<TaskInstance: feature_pipeline.loading scheduled__2026-08-30T10:00:00+00:00 map_index=2 [queued]>
[2026-08-30T11:03:46.684+0000] {taskinstance.py:2306} INFO - Starting attempt 1 of 1
[2026-08-30T11:03:46.711+0000] {taskinstance.py:2330} INFO - Executing <Mapped(_PythonDecoratedOperator): loading> on 2026-08-30 10:00:00+00:00
[2026-08-30T11:03:46.731+0000] {standard_task_runner.py:64} INFO - Started process 2563 to run task
[2026-08-30T11:03:46.739+0000] {standard_task_runner.py:90} INFO - Running: ['***', 'tasks', 'run', 'feature_pipeline', 'loading', 'scheduled__2026-08-30T10:00:00+00:00', '--job-id', '465', '--raw', '--subdir', 'DAGS_FOLDER/feature_pipeline_dag.py', '--cfg-path', '/tmp/tmpku1g1ol_', '--map-index', '2']
[2026-08-30T11:03:46.745+0000] {standard_task_runner.py:91} INFO - Job 465: Subtask loading
[2026-08-30T11:03:46.876+0000] {task_command.py:426} INFO - Running <TaskInstance: feature_pipeline.loading scheduled__2026-08-30T10:00:00+00:00 map_index=2 [running]> on host eb0d84ea74be
[2026-08-30T11:03:47.493+0000] {taskinstance.py:2648} INFO - Exporting env vars: AIRFLOW_CTX_DAG_OWNER='***' AIRFLOW_CTX_DAG_ID='feature_pipeline' AIRFLOW_CTX_TASK_ID='loading' AIRFLOW_CTX_EXECUTION_DATE='2026-08-30T10:00:00+00:00' AIRFLOW_CTX_TRY_NUMBER='1' AIRFLOW_CTX_DAG_RUN_ID='scheduled__2026-08-30T10:00:00+00:00'
[2026-08-30T11:03:47.495+0000] {taskinstance.py:430} INFO - ::endgroup::
[2026-08-30T11:03:47.592+0000] {external.py:63} INFO - Initializing external client
[2026-08-30T11:03:47.593+0000] {external.py:70} INFO - Base URL: https://eu-west.cloud.hopsworks.ai:443
[2026-08-30T11:03:51.536+0000] {python.py:140} INFO - Python Engine initialized.
[2026-08-30T11:03:53.463+0000] {logging_mixin.py:188} INFO - 
Logged in to project, explore it here https://eu-west.cloud.hopsworks.ai:443/p/41136
[2026-08-30T11:04:01.821+0000] {logging_mixin.py:188} WARNING - Uploading Dataframe: 0.00% |          | Rows 0/1 | Elapsed Time: 00:00 | Remaining Time: ?
[2026-08-30T11:04:04.487+0000] {logging_mixin.py:188} WARNING - Uploading Dataframe: 100.00% |##########| Rows 1/1 | Elapsed Time: 00:02 | Remaining Time: 00:00
[2026-08-30T11:04:04.490+0000] {logging_mixin.py:188} WARNING - Uploading Dataframe: 100.00% |##########| Rows 1/1 | Elapsed Time: 00:02 | Remaining Time: 00:00
[2026-08-30T11:04:05.460+0000] {logging_mixin.py:188} INFO - Launching job: aqi_features_1_offline_fg_materialization
[2026-08-30T11:04:12.113+0000] {logging_mixin.py:188} INFO - Job started successfully, you can follow the progress at 
https://eu-west.cloud.hopsworks.ai:443/p/41136/jobs/named/aqi_features_1_offline_fg_materialization/executions
[2026-08-30T11:04:12.119+0000] {logging_mixin.py:188} INFO - Inserted 1 record into 'aqi_features' feature group.
[2026-08-30T11:04:12.126+0000] {python.py:237} INFO - Done. Returned value was: None
[2026-08-30T11:04:12.128+0000] {taskinstance.py:441} INFO - ::group::Post task execution logs
[2026-08-30T11:04:12.151+0000] {taskinstance.py:1206} INFO - Marking task as SUCCESS. dag_id=feature_pipeline, task_id=loading, run_id=scheduled__2026-08-30T10:00:00+00:00, map_index=2, execution_date=20260830T100000, start_date=20260830T110346, end_date=20260830T110412
[2026-08-30T11:04:12.274+0000] {local_task_job_runner.py:243} INFO - Task exited with return code 0
[2026-08-30T11:04:12.309+0000] {taskinstance.py:3503} INFO - 0 downstream tasks scheduled from follow-on schedule check
[2026-08-30T11:04:12.313+0000] {local_task_job_runner.py:222} INFO - ::endgroup::
