[2026-08-07T09:30:41.564+0000] {processor.py:161} INFO - Started process (PID=1379) to work on /opt/airflow/dags/training_pipeline_dag.py
[2026-08-07T09:30:41.568+0000] {processor.py:830} INFO - Processing file /opt/airflow/dags/training_pipeline_dag.py for tasks to queue
[2026-08-07T09:30:41.582+0000] {logging_mixin.py:188} INFO - [2026-08-07T09:30:41.580+0000] {dagbag.py:545} INFO - Filling up the DagBag from /opt/airflow/dags/training_pipeline_dag.py
[2026-08-07T09:30:45.885+0000] {processor.py:840} INFO - DAG(s) 'training_pipeline' retrieved from /opt/airflow/dags/training_pipeline_dag.py
[2026-08-07T09:30:46.316+0000] {logging_mixin.py:188} INFO - [2026-08-07T09:30:46.315+0000] {dag.py:3089} INFO - Sync 1 DAGs
[2026-08-07T09:30:49.655+0000] {logging_mixin.py:188} INFO - [2026-08-07T09:30:49.655+0000] {dag.py:3947} INFO - Setting next_dagrun for training_pipeline to 2026-08-07 00:00:00+00:00, run_after=2026-08-08 00:00:00+00:00
[2026-08-07T09:30:49.261+0000] {processor.py:183} INFO - Processing /opt/airflow/dags/training_pipeline_dag.py took 8.279 seconds
[2026-08-07T09:31:20.618+0000] {processor.py:161} INFO - Started process (PID=1400) to work on /opt/airflow/dags/training_pipeline_dag.py
[2026-08-07T09:31:20.626+0000] {processor.py:830} INFO - Processing file /opt/airflow/dags/training_pipeline_dag.py for tasks to queue
[2026-08-07T09:31:20.631+0000] {logging_mixin.py:188} INFO - [2026-08-07T09:31:20.630+0000] {dagbag.py:545} INFO - Filling up the DagBag from /opt/airflow/dags/training_pipeline_dag.py
[2026-08-07T09:31:30.703+0000] {processor.py:840} INFO - DAG(s) 'training_pipeline' retrieved from /opt/airflow/dags/training_pipeline_dag.py
[2026-08-07T09:31:30.743+0000] {logging_mixin.py:188} INFO - [2026-08-07T09:31:30.742+0000] {dag.py:3089} INFO - Sync 1 DAGs
[2026-08-07T09:31:30.776+0000] {logging_mixin.py:188} INFO - [2026-08-07T09:31:30.775+0000] {dag.py:3947} INFO - Setting next_dagrun for training_pipeline to 2026-08-07 00:00:00+00:00, run_after=2026-08-08 00:00:00+00:00
[2026-08-07T09:31:30.810+0000] {processor.py:183} INFO - Processing /opt/airflow/dags/training_pipeline_dag.py took 10.208 seconds
[2026-08-07T09:32:01.422+0000] {processor.py:161} INFO - Started process (PID=1423) to work on /opt/airflow/dags/training_pipeline_dag.py
[2026-08-07T09:32:01.446+0000] {processor.py:830} INFO - Processing file /opt/airflow/dags/training_pipeline_dag.py for tasks to queue
[2026-08-07T09:32:01.476+0000] {logging_mixin.py:188} INFO - [2026-08-07T09:32:01.472+0000] {dagbag.py:545} INFO - Filling up the DagBag from /opt/airflow/dags/training_pipeline_dag.py
[2026-08-07T09:32:13.599+0000] {processor.py:840} INFO - DAG(s) 'training_pipeline' retrieved from /opt/airflow/dags/training_pipeline_dag.py
[2026-08-07T09:32:13.728+0000] {logging_mixin.py:188} INFO - [2026-08-07T09:32:13.727+0000] {dag.py:3089} INFO - Sync 1 DAGs
[2026-08-07T09:32:13.901+0000] {logging_mixin.py:188} INFO - [2026-08-07T09:32:13.901+0000] {dag.py:3947} INFO - Setting next_dagrun for training_pipeline to 2026-08-07 00:00:00+00:00, run_after=2026-08-08 00:00:00+00:00
[2026-08-07T09:32:14.015+0000] {processor.py:183} INFO - Processing /opt/airflow/dags/training_pipeline_dag.py took 12.807 seconds
[2026-08-07T09:32:44.520+0000] {processor.py:161} INFO - Started process (PID=1433) to work on /opt/airflow/dags/training_pipeline_dag.py
[2026-08-07T09:32:44.526+0000] {processor.py:830} INFO - Processing file /opt/airflow/dags/training_pipeline_dag.py for tasks to queue
[2026-08-07T09:32:44.723+0000] {logging_mixin.py:188} INFO - [2026-08-07T09:32:44.694+0000] {dagbag.py:545} INFO - Filling up the DagBag from /opt/airflow/dags/training_pipeline_dag.py
[2026-08-07T09:32:48.813+0000] {processor.py:840} INFO - DAG(s) 'training_pipeline' retrieved from /opt/airflow/dags/training_pipeline_dag.py
[2026-08-07T09:32:48.937+0000] {logging_mixin.py:188} INFO - [2026-08-07T09:32:48.935+0000] {dag.py:3089} INFO - Sync 1 DAGs
[2026-08-07T09:32:48.994+0000] {logging_mixin.py:188} INFO - [2026-08-07T09:32:48.994+0000] {dag.py:3947} INFO - Setting next_dagrun for training_pipeline to 2026-08-07 00:00:00+00:00, run_after=2026-08-08 00:00:00+00:00
[2026-08-07T09:32:49.048+0000] {processor.py:183} INFO - Processing /opt/airflow/dags/training_pipeline_dag.py took 4.644 seconds
[2026-08-07T09:33:20.208+0000] {processor.py:161} INFO - Started process (PID=1448) to work on /opt/airflow/dags/training_pipeline_dag.py
[2026-08-07T09:33:20.213+0000] {processor.py:830} INFO - Processing file /opt/airflow/dags/training_pipeline_dag.py for tasks to queue
[2026-08-07T09:33:20.220+0000] {logging_mixin.py:188} INFO - [2026-08-07T09:33:20.219+0000] {dagbag.py:545} INFO - Filling up the DagBag from /opt/airflow/dags/training_pipeline_dag.py
[2026-08-07T09:33:22.680+0000] {processor.py:840} INFO - DAG(s) 'training_pipeline' retrieved from /opt/airflow/dags/training_pipeline_dag.py
[2026-08-07T09:33:22.886+0000] {logging_mixin.py:188} INFO - [2026-08-07T09:33:22.885+0000] {dag.py:3089} INFO - Sync 1 DAGs
[2026-08-07T09:33:22.931+0000] {logging_mixin.py:188} INFO - [2026-08-07T09:33:22.930+0000] {dag.py:3947} INFO - Setting next_dagrun for training_pipeline to 2026-08-07 00:00:00+00:00, run_after=2026-08-08 00:00:00+00:00
[2026-08-07T09:33:22.980+0000] {processor.py:183} INFO - Processing /opt/airflow/dags/training_pipeline_dag.py took 2.795 seconds
[2026-08-07T09:33:53.265+0000] {processor.py:161} INFO - Started process (PID=1460) to work on /opt/airflow/dags/training_pipeline_dag.py
[2026-08-07T09:33:53.269+0000] {processor.py:830} INFO - Processing file /opt/airflow/dags/training_pipeline_dag.py for tasks to queue
[2026-08-07T09:33:53.275+0000] {logging_mixin.py:188} INFO - [2026-08-07T09:33:53.274+0000] {dagbag.py:545} INFO - Filling up the DagBag from /opt/airflow/dags/training_pipeline_dag.py
[2026-08-07T09:34:10.317+0000] {processor.py:840} INFO - DAG(s) 'training_pipeline' retrieved from /opt/airflow/dags/training_pipeline_dag.py
[2026-08-07T09:34:12.844+0000] {logging_mixin.py:188} INFO - [2026-08-07T09:34:12.819+0000] {dag.py:3089} INFO - Sync 1 DAGs
[2026-08-07T09:34:14.859+0000] {logging_mixin.py:188} INFO - [2026-08-07T09:34:14.858+0000] {dag.py:3947} INFO - Setting next_dagrun for training_pipeline to 2026-08-07 00:00:00+00:00, run_after=2026-08-08 00:00:00+00:00
[2026-08-07T09:34:16.187+0000] {processor.py:183} INFO - Processing /opt/airflow/dags/training_pipeline_dag.py took 22.964 seconds
[2026-08-07T09:34:47.363+0000] {processor.py:161} INFO - Started process (PID=1469) to work on /opt/airflow/dags/training_pipeline_dag.py
[2026-08-07T09:34:47.366+0000] {processor.py:830} INFO - Processing file /opt/airflow/dags/training_pipeline_dag.py for tasks to queue
[2026-08-07T09:34:47.438+0000] {logging_mixin.py:188} INFO - [2026-08-07T09:34:47.406+0000] {dagbag.py:545} INFO - Filling up the DagBag from /opt/airflow/dags/training_pipeline_dag.py
[2026-08-07T09:34:51.331+0000] {processor.py:840} INFO - DAG(s) 'training_pipeline' retrieved from /opt/airflow/dags/training_pipeline_dag.py
[2026-08-07T09:34:51.400+0000] {logging_mixin.py:188} INFO - [2026-08-07T09:34:51.399+0000] {dag.py:3089} INFO - Sync 1 DAGs
[2026-08-07T09:34:51.459+0000] {logging_mixin.py:188} INFO - [2026-08-07T09:34:51.458+0000] {dag.py:3947} INFO - Setting next_dagrun for training_pipeline to 2026-08-07 00:00:00+00:00, run_after=2026-08-08 00:00:00+00:00
[2026-08-07T09:34:51.508+0000] {processor.py:183} INFO - Processing /opt/airflow/dags/training_pipeline_dag.py took 4.735 seconds
[2026-08-07T09:35:22.208+0000] {processor.py:161} INFO - Started process (PID=1481) to work on /opt/airflow/dags/training_pipeline_dag.py
[2026-08-07T09:35:22.212+0000] {processor.py:830} INFO - Processing file /opt/airflow/dags/training_pipeline_dag.py for tasks to queue
[2026-08-07T09:35:22.220+0000] {logging_mixin.py:188} INFO - [2026-08-07T09:35:22.219+0000] {dagbag.py:545} INFO - Filling up the DagBag from /opt/airflow/dags/training_pipeline_dag.py
[2026-08-07T09:35:23.996+0000] {processor.py:840} INFO - DAG(s) 'training_pipeline' retrieved from /opt/airflow/dags/training_pipeline_dag.py
[2026-08-07T09:35:24.050+0000] {logging_mixin.py:188} INFO - [2026-08-07T09:35:24.047+0000] {dag.py:3089} INFO - Sync 1 DAGs
[2026-08-07T09:35:24.092+0000] {logging_mixin.py:188} INFO - [2026-08-07T09:35:24.091+0000] {dag.py:3947} INFO - Setting next_dagrun for training_pipeline to 2026-08-07 00:00:00+00:00, run_after=2026-08-08 00:00:00+00:00
[2026-08-07T09:35:24.128+0000] {processor.py:183} INFO - Processing /opt/airflow/dags/training_pipeline_dag.py took 1.938 seconds
[2026-08-07T09:35:54.842+0000] {processor.py:161} INFO - Started process (PID=1493) to work on /opt/airflow/dags/training_pipeline_dag.py
[2026-08-07T09:35:54.845+0000] {processor.py:830} INFO - Processing file /opt/airflow/dags/training_pipeline_dag.py for tasks to queue
[2026-08-07T09:35:54.850+0000] {logging_mixin.py:188} INFO - [2026-08-07T09:35:54.849+0000] {dagbag.py:545} INFO - Filling up the DagBag from /opt/airflow/dags/training_pipeline_dag.py
[2026-08-07T09:35:56.832+0000] {processor.py:840} INFO - DAG(s) 'training_pipeline' retrieved from /opt/airflow/dags/training_pipeline_dag.py
[2026-08-07T09:35:57.503+0000] {logging_mixin.py:188} INFO - [2026-08-07T09:35:57.502+0000] {dag.py:3089} INFO - Sync 1 DAGs
[2026-08-07T09:35:57.999+0000] {logging_mixin.py:188} INFO - [2026-08-07T09:35:57.999+0000] {dag.py:3947} INFO - Setting next_dagrun for training_pipeline to 2026-08-07 00:00:00+00:00, run_after=2026-08-08 00:00:00+00:00
[2026-08-07T09:35:58.072+0000] {processor.py:183} INFO - Processing /opt/airflow/dags/training_pipeline_dag.py took 3.249 seconds
[2026-08-07T09:36:28.748+0000] {processor.py:161} INFO - Started process (PID=1505) to work on /opt/airflow/dags/training_pipeline_dag.py
[2026-08-07T09:36:28.751+0000] {processor.py:830} INFO - Processing file /opt/airflow/dags/training_pipeline_dag.py for tasks to queue
[2026-08-07T09:36:28.756+0000] {logging_mixin.py:188} INFO - [2026-08-07T09:36:28.755+0000] {dagbag.py:545} INFO - Filling up the DagBag from /opt/airflow/dags/training_pipeline_dag.py
[2026-08-07T09:36:30.444+0000] {processor.py:840} INFO - DAG(s) 'training_pipeline' retrieved from /opt/airflow/dags/training_pipeline_dag.py
[2026-08-07T09:36:30.504+0000] {logging_mixin.py:188} INFO - [2026-08-07T09:36:30.503+0000] {dag.py:3089} INFO - Sync 1 DAGs
[2026-08-07T09:36:30.553+0000] {logging_mixin.py:188} INFO - [2026-08-07T09:36:30.553+0000] {dag.py:3947} INFO - Setting next_dagrun for training_pipeline to 2026-08-07 00:00:00+00:00, run_after=2026-08-08 00:00:00+00:00
[2026-08-07T09:36:30.593+0000] {processor.py:183} INFO - Processing /opt/airflow/dags/training_pipeline_dag.py took 1.863 seconds
[2026-08-07T09:37:00.878+0000] {processor.py:161} INFO - Started process (PID=1517) to work on /opt/airflow/dags/training_pipeline_dag.py
[2026-08-07T09:37:00.880+0000] {processor.py:830} INFO - Processing file /opt/airflow/dags/training_pipeline_dag.py for tasks to queue
[2026-08-07T09:37:00.889+0000] {logging_mixin.py:188} INFO - [2026-08-07T09:37:00.888+0000] {dagbag.py:545} INFO - Filling up the DagBag from /opt/airflow/dags/training_pipeline_dag.py
[2026-08-07T09:37:02.500+0000] {processor.py:840} INFO - DAG(s) 'training_pipeline' retrieved from /opt/airflow/dags/training_pipeline_dag.py
[2026-08-07T09:37:02.555+0000] {logging_mixin.py:188} INFO - [2026-08-07T09:37:02.554+0000] {dag.py:3089} INFO - Sync 1 DAGs
[2026-08-07T09:37:02.606+0000] {logging_mixin.py:188} INFO - [2026-08-07T09:37:02.605+0000] {dag.py:3947} INFO - Setting next_dagrun for training_pipeline to 2026-08-07 00:00:00+00:00, run_after=2026-08-08 00:00:00+00:00
[2026-08-07T09:37:02.652+0000] {processor.py:183} INFO - Processing /opt/airflow/dags/training_pipeline_dag.py took 1.795 seconds
[2026-08-07T09:37:33.416+0000] {processor.py:161} INFO - Started process (PID=1529) to work on /opt/airflow/dags/training_pipeline_dag.py
[2026-08-07T09:37:33.418+0000] {processor.py:830} INFO - Processing file /opt/airflow/dags/training_pipeline_dag.py for tasks to queue
[2026-08-07T09:37:33.424+0000] {logging_mixin.py:188} INFO - [2026-08-07T09:37:33.423+0000] {dagbag.py:545} INFO - Filling up the DagBag from /opt/airflow/dags/training_pipeline_dag.py
[2026-08-07T09:37:35.400+0000] {processor.py:840} INFO - DAG(s) 'training_pipeline' retrieved from /opt/airflow/dags/training_pipeline_dag.py
[2026-08-07T09:37:35.471+0000] {logging_mixin.py:188} INFO - [2026-08-07T09:37:35.469+0000] {dag.py:3089} INFO - Sync 1 DAGs
[2026-08-07T09:37:35.527+0000] {logging_mixin.py:188} INFO - [2026-08-07T09:37:35.527+0000] {dag.py:3947} INFO - Setting next_dagrun for training_pipeline to 2026-08-07 00:00:00+00:00, run_after=2026-08-08 00:00:00+00:00
[2026-08-07T09:37:35.574+0000] {processor.py:183} INFO - Processing /opt/airflow/dags/training_pipeline_dag.py took 2.187 seconds
[2026-08-07T09:38:06.764+0000] {processor.py:161} INFO - Started process (PID=1541) to work on /opt/airflow/dags/training_pipeline_dag.py
[2026-08-07T09:38:06.783+0000] {processor.py:830} INFO - Processing file /opt/airflow/dags/training_pipeline_dag.py for tasks to queue
[2026-08-07T09:38:06.791+0000] {logging_mixin.py:188} INFO - [2026-08-07T09:38:06.790+0000] {dagbag.py:545} INFO - Filling up the DagBag from /opt/airflow/dags/training_pipeline_dag.py
[2026-08-07T09:38:09.265+0000] {processor.py:840} INFO - DAG(s) 'training_pipeline' retrieved from /opt/airflow/dags/training_pipeline_dag.py
[2026-08-07T09:38:09.355+0000] {logging_mixin.py:188} INFO - [2026-08-07T09:38:09.351+0000] {dag.py:3089} INFO - Sync 1 DAGs
[2026-08-07T09:38:09.402+0000] {logging_mixin.py:188} INFO - [2026-08-07T09:38:09.401+0000] {dag.py:3947} INFO - Setting next_dagrun for training_pipeline to 2026-08-07 00:00:00+00:00, run_after=2026-08-08 00:00:00+00:00
[2026-08-07T09:38:09.449+0000] {processor.py:183} INFO - Processing /opt/airflow/dags/training_pipeline_dag.py took 2.808 seconds
[2026-08-07T09:38:39.859+0000] {processor.py:161} INFO - Started process (PID=1553) to work on /opt/airflow/dags/training_pipeline_dag.py
[2026-08-07T09:38:39.863+0000] {processor.py:830} INFO - Processing file /opt/airflow/dags/training_pipeline_dag.py for tasks to queue
[2026-08-07T09:38:39.870+0000] {logging_mixin.py:188} INFO - [2026-08-07T09:38:39.869+0000] {dagbag.py:545} INFO - Filling up the DagBag from /opt/airflow/dags/training_pipeline_dag.py
[2026-08-07T09:38:38.931+0000] {processor.py:840} INFO - DAG(s) 'training_pipeline' retrieved from /opt/airflow/dags/training_pipeline_dag.py
[2026-08-07T09:38:38.997+0000] {logging_mixin.py:188} INFO - [2026-08-07T09:38:38.995+0000] {dag.py:3089} INFO - Sync 1 DAGs
[2026-08-07T09:38:39.040+0000] {logging_mixin.py:188} INFO - [2026-08-07T09:38:39.039+0000] {dag.py:3947} INFO - Setting next_dagrun for training_pipeline to 2026-08-07 00:00:00+00:00, run_after=2026-08-08 00:00:00+00:00
[2026-08-07T09:38:39.085+0000] {processor.py:183} INFO - Processing /opt/airflow/dags/training_pipeline_dag.py took 2.109 seconds
[2026-08-07T09:39:09.454+0000] {processor.py:161} INFO - Started process (PID=1565) to work on /opt/airflow/dags/training_pipeline_dag.py
[2026-08-07T09:39:09.458+0000] {processor.py:830} INFO - Processing file /opt/airflow/dags/training_pipeline_dag.py for tasks to queue
[2026-08-07T09:39:09.464+0000] {logging_mixin.py:188} INFO - [2026-08-07T09:39:09.463+0000] {dagbag.py:545} INFO - Filling up the DagBag from /opt/airflow/dags/training_pipeline_dag.py
[2026-08-07T09:39:11.409+0000] {processor.py:840} INFO - DAG(s) 'training_pipeline' retrieved from /opt/airflow/dags/training_pipeline_dag.py
[2026-08-07T09:39:11.484+0000] {logging_mixin.py:188} INFO - [2026-08-07T09:39:11.483+0000] {dag.py:3089} INFO - Sync 1 DAGs
[2026-08-07T09:39:11.528+0000] {logging_mixin.py:188} INFO - [2026-08-07T09:39:11.527+0000] {dag.py:3947} INFO - Setting next_dagrun for training_pipeline to 2026-08-07 00:00:00+00:00, run_after=2026-08-08 00:00:00+00:00
[2026-08-07T09:39:11.570+0000] {processor.py:183} INFO - Processing /opt/airflow/dags/training_pipeline_dag.py took 2.161 seconds
[2026-08-07T09:39:42.083+0000] {processor.py:161} INFO - Started process (PID=1577) to work on /opt/airflow/dags/training_pipeline_dag.py
[2026-08-07T09:39:42.086+0000] {processor.py:830} INFO - Processing file /opt/airflow/dags/training_pipeline_dag.py for tasks to queue
[2026-08-07T09:39:42.093+0000] {logging_mixin.py:188} INFO - [2026-08-07T09:39:42.092+0000] {dagbag.py:545} INFO - Filling up the DagBag from /opt/airflow/dags/training_pipeline_dag.py
[2026-08-07T09:39:43.768+0000] {processor.py:840} INFO - DAG(s) 'training_pipeline' retrieved from /opt/airflow/dags/training_pipeline_dag.py
[2026-08-07T09:39:43.836+0000] {logging_mixin.py:188} INFO - [2026-08-07T09:39:43.836+0000] {dag.py:3089} INFO - Sync 1 DAGs
[2026-08-07T09:39:43.874+0000] {logging_mixin.py:188} INFO - [2026-08-07T09:39:43.874+0000] {dag.py:3947} INFO - Setting next_dagrun for training_pipeline to 2026-08-07 00:00:00+00:00, run_after=2026-08-08 00:00:00+00:00
[2026-08-07T09:39:43.926+0000] {processor.py:183} INFO - Processing /opt/airflow/dags/training_pipeline_dag.py took 1.862 seconds
[2026-08-07T09:40:14.703+0000] {processor.py:161} INFO - Started process (PID=1589) to work on /opt/airflow/dags/training_pipeline_dag.py
[2026-08-07T09:40:14.706+0000] {processor.py:830} INFO - Processing file /opt/airflow/dags/training_pipeline_dag.py for tasks to queue
[2026-08-07T09:40:14.711+0000] {logging_mixin.py:188} INFO - [2026-08-07T09:40:14.710+0000] {dagbag.py:545} INFO - Filling up the DagBag from /opt/airflow/dags/training_pipeline_dag.py
[2026-08-07T09:40:16.549+0000] {processor.py:840} INFO - DAG(s) 'training_pipeline' retrieved from /opt/airflow/dags/training_pipeline_dag.py
[2026-08-07T09:40:16.605+0000] {logging_mixin.py:188} INFO - [2026-08-07T09:40:16.604+0000] {dag.py:3089} INFO - Sync 1 DAGs
[2026-08-07T09:40:16.650+0000] {logging_mixin.py:188} INFO - [2026-08-07T09:40:16.650+0000] {dag.py:3947} INFO - Setting next_dagrun for training_pipeline to 2026-08-07 00:00:00+00:00, run_after=2026-08-08 00:00:00+00:00
[2026-08-07T09:40:16.692+0000] {processor.py:183} INFO - Processing /opt/airflow/dags/training_pipeline_dag.py took 2.024 seconds
[2026-08-07T09:40:46.931+0000] {processor.py:161} INFO - Started process (PID=1601) to work on /opt/airflow/dags/training_pipeline_dag.py
[2026-08-07T09:40:46.936+0000] {processor.py:830} INFO - Processing file /opt/airflow/dags/training_pipeline_dag.py for tasks to queue
[2026-08-07T09:40:46.945+0000] {logging_mixin.py:188} INFO - [2026-08-07T09:40:46.944+0000] {dagbag.py:545} INFO - Filling up the DagBag from /opt/airflow/dags/training_pipeline_dag.py
[2026-08-07T09:40:48.853+0000] {processor.py:840} INFO - DAG(s) 'training_pipeline' retrieved from /opt/airflow/dags/training_pipeline_dag.py
[2026-08-07T09:40:48.907+0000] {logging_mixin.py:188} INFO - [2026-08-07T09:40:48.906+0000] {dag.py:3089} INFO - Sync 1 DAGs
[2026-08-07T09:40:48.952+0000] {logging_mixin.py:188} INFO - [2026-08-07T09:40:48.951+0000] {dag.py:3947} INFO - Setting next_dagrun for training_pipeline to 2026-08-07 00:00:00+00:00, run_after=2026-08-08 00:00:00+00:00
[2026-08-07T09:40:48.991+0000] {processor.py:183} INFO - Processing /opt/airflow/dags/training_pipeline_dag.py took 2.084 seconds
[2026-08-07T09:41:19.636+0000] {processor.py:161} INFO - Started process (PID=1613) to work on /opt/airflow/dags/training_pipeline_dag.py
[2026-08-07T09:41:19.644+0000] {processor.py:830} INFO - Processing file /opt/airflow/dags/training_pipeline_dag.py for tasks to queue
[2026-08-07T09:41:19.652+0000] {logging_mixin.py:188} INFO - [2026-08-07T09:41:19.651+0000] {dagbag.py:545} INFO - Filling up the DagBag from /opt/airflow/dags/training_pipeline_dag.py
[2026-08-07T09:41:21.665+0000] {processor.py:840} INFO - DAG(s) 'training_pipeline' retrieved from /opt/airflow/dags/training_pipeline_dag.py
[2026-08-07T09:41:21.727+0000] {logging_mixin.py:188} INFO - [2026-08-07T09:41:21.726+0000] {dag.py:3089} INFO - Sync 1 DAGs
[2026-08-07T09:41:21.775+0000] {logging_mixin.py:188} INFO - [2026-08-07T09:41:21.774+0000] {dag.py:3947} INFO - Setting next_dagrun for training_pipeline to 2026-08-07 00:00:00+00:00, run_after=2026-08-08 00:00:00+00:00
[2026-08-07T09:41:21.818+0000] {processor.py:183} INFO - Processing /opt/airflow/dags/training_pipeline_dag.py took 2.211 seconds
[2026-08-07T09:41:52.435+0000] {processor.py:161} INFO - Started process (PID=1625) to work on /opt/airflow/dags/training_pipeline_dag.py
[2026-08-07T09:41:52.438+0000] {processor.py:830} INFO - Processing file /opt/airflow/dags/training_pipeline_dag.py for tasks to queue
[2026-08-07T09:41:52.447+0000] {logging_mixin.py:188} INFO - [2026-08-07T09:41:52.445+0000] {dagbag.py:545} INFO - Filling up the DagBag from /opt/airflow/dags/training_pipeline_dag.py
[2026-08-07T09:41:54.366+0000] {processor.py:840} INFO - DAG(s) 'training_pipeline' retrieved from /opt/airflow/dags/training_pipeline_dag.py
[2026-08-07T09:41:54.424+0000] {logging_mixin.py:188} INFO - [2026-08-07T09:41:54.423+0000] {dag.py:3089} INFO - Sync 1 DAGs
[2026-08-07T09:41:54.469+0000] {logging_mixin.py:188} INFO - [2026-08-07T09:41:54.469+0000] {dag.py:3947} INFO - Setting next_dagrun for training_pipeline to 2026-08-07 00:00:00+00:00, run_after=2026-08-08 00:00:00+00:00
[2026-08-07T09:41:54.509+0000] {processor.py:183} INFO - Processing /opt/airflow/dags/training_pipeline_dag.py took 2.098 seconds
[2026-08-07T09:42:25.014+0000] {processor.py:161} INFO - Started process (PID=1637) to work on /opt/airflow/dags/training_pipeline_dag.py
[2026-08-07T09:42:25.016+0000] {processor.py:830} INFO - Processing file /opt/airflow/dags/training_pipeline_dag.py for tasks to queue
[2026-08-07T09:42:25.024+0000] {logging_mixin.py:188} INFO - [2026-08-07T09:42:25.022+0000] {dagbag.py:545} INFO - Filling up the DagBag from /opt/airflow/dags/training_pipeline_dag.py
[2026-08-07T09:42:48.448+0000] {processor.py:840} INFO - DAG(s) 'training_pipeline' retrieved from /opt/airflow/dags/training_pipeline_dag.py
[2026-08-07T09:42:48.863+0000] {logging_mixin.py:188} INFO - [2026-08-07T09:42:48.862+0000] {dag.py:3089} INFO - Sync 1 DAGs
[2026-08-07T09:42:49.281+0000] {logging_mixin.py:188} INFO - [2026-08-07T09:42:49.276+0000] {dag.py:3947} INFO - Setting next_dagrun for training_pipeline to 2026-08-07 00:00:00+00:00, run_after=2026-08-08 00:00:00+00:00
[2026-08-07T09:42:49.400+0000] {processor.py:183} INFO - Processing /opt/airflow/dags/training_pipeline_dag.py took 24.413 seconds
[2026-08-07T09:43:20.354+0000] {processor.py:161} INFO - Started process (PID=1653) to work on /opt/airflow/dags/training_pipeline_dag.py
[2026-08-07T09:43:20.359+0000] {processor.py:830} INFO - Processing file /opt/airflow/dags/training_pipeline_dag.py for tasks to queue
[2026-08-07T09:43:20.366+0000] {logging_mixin.py:188} INFO - [2026-08-07T09:43:20.365+0000] {dagbag.py:545} INFO - Filling up the DagBag from /opt/airflow/dags/training_pipeline_dag.py
[2026-08-07T09:43:26.258+0000] {processor.py:840} INFO - DAG(s) 'training_pipeline' retrieved from /opt/airflow/dags/training_pipeline_dag.py
[2026-08-07T09:43:26.328+0000] {logging_mixin.py:188} INFO - [2026-08-07T09:43:26.327+0000] {dag.py:3089} INFO - Sync 1 DAGs
[2026-08-07T09:43:26.373+0000] {logging_mixin.py:188} INFO - [2026-08-07T09:43:26.373+0000] {dag.py:3947} INFO - Setting next_dagrun for training_pipeline to 2026-08-07 00:00:00+00:00, run_after=2026-08-08 00:00:00+00:00
[2026-08-07T09:43:26.417+0000] {processor.py:183} INFO - Processing /opt/airflow/dags/training_pipeline_dag.py took 6.081 seconds
[2026-08-07T09:43:57.225+0000] {processor.py:161} INFO - Started process (PID=1665) to work on /opt/airflow/dags/training_pipeline_dag.py
[2026-08-07T09:43:57.228+0000] {processor.py:830} INFO - Processing file /opt/airflow/dags/training_pipeline_dag.py for tasks to queue
[2026-08-07T09:43:57.234+0000] {logging_mixin.py:188} INFO - [2026-08-07T09:43:57.233+0000] {dagbag.py:545} INFO - Filling up the DagBag from /opt/airflow/dags/training_pipeline_dag.py
[2026-08-07T09:43:59.410+0000] {processor.py:840} INFO - DAG(s) 'training_pipeline' retrieved from /opt/airflow/dags/training_pipeline_dag.py
[2026-08-07T09:43:59.468+0000] {logging_mixin.py:188} INFO - [2026-08-07T09:43:59.466+0000] {dag.py:3089} INFO - Sync 1 DAGs
[2026-08-07T09:43:59.511+0000] {logging_mixin.py:188} INFO - [2026-08-07T09:43:59.511+0000] {dag.py:3947} INFO - Setting next_dagrun for training_pipeline to 2026-08-07 00:00:00+00:00, run_after=2026-08-08 00:00:00+00:00
[2026-08-07T09:43:59.553+0000] {processor.py:183} INFO - Processing /opt/airflow/dags/training_pipeline_dag.py took 2.352 seconds
[2026-08-07T09:44:30.379+0000] {processor.py:161} INFO - Started process (PID=1682) to work on /opt/airflow/dags/training_pipeline_dag.py
[2026-08-07T09:44:30.393+0000] {processor.py:830} INFO - Processing file /opt/airflow/dags/training_pipeline_dag.py for tasks to queue
[2026-08-07T09:44:30.438+0000] {logging_mixin.py:188} INFO - [2026-08-07T09:44:30.437+0000] {dagbag.py:545} INFO - Filling up the DagBag from /opt/airflow/dags/training_pipeline_dag.py
[2026-08-07T09:44:46.888+0000] {processor.py:840} INFO - DAG(s) 'training_pipeline' retrieved from /opt/airflow/dags/training_pipeline_dag.py
[2026-08-07T09:44:46.943+0000] {logging_mixin.py:188} INFO - [2026-08-07T09:44:46.942+0000] {dag.py:3089} INFO - Sync 1 DAGs
[2026-08-07T09:44:46.984+0000] {logging_mixin.py:188} INFO - [2026-08-07T09:44:46.983+0000] {dag.py:3947} INFO - Setting next_dagrun for training_pipeline to 2026-08-07 00:00:00+00:00, run_after=2026-08-08 00:00:00+00:00
[2026-08-07T09:44:47.023+0000] {processor.py:183} INFO - Processing /opt/airflow/dags/training_pipeline_dag.py took 19.057 seconds
[2026-08-07T09:45:17.657+0000] {processor.py:161} INFO - Started process (PID=1735) to work on /opt/airflow/dags/training_pipeline_dag.py
[2026-08-07T09:45:17.662+0000] {processor.py:830} INFO - Processing file /opt/airflow/dags/training_pipeline_dag.py for tasks to queue
[2026-08-07T09:45:17.680+0000] {logging_mixin.py:188} INFO - [2026-08-07T09:45:17.679+0000] {dagbag.py:545} INFO - Filling up the DagBag from /opt/airflow/dags/training_pipeline_dag.py
[2026-08-07T09:45:19.836+0000] {processor.py:840} INFO - DAG(s) 'training_pipeline' retrieved from /opt/airflow/dags/training_pipeline_dag.py
[2026-08-07T09:45:19.916+0000] {logging_mixin.py:188} INFO - [2026-08-07T09:45:19.915+0000] {dag.py:3089} INFO - Sync 1 DAGs
[2026-08-07T09:45:19.958+0000] {logging_mixin.py:188} INFO - [2026-08-07T09:45:19.957+0000] {dag.py:3947} INFO - Setting next_dagrun for training_pipeline to 2026-08-07 00:00:00+00:00, run_after=2026-08-08 00:00:00+00:00
[2026-08-07T09:45:20.021+0000] {processor.py:183} INFO - Processing /opt/airflow/dags/training_pipeline_dag.py took 2.395 seconds
[2026-08-07T09:45:50.311+0000] {processor.py:161} INFO - Started process (PID=1758) to work on /opt/airflow/dags/training_pipeline_dag.py
[2026-08-07T09:45:50.314+0000] {processor.py:830} INFO - Processing file /opt/airflow/dags/training_pipeline_dag.py for tasks to queue
[2026-08-07T09:45:50.322+0000] {logging_mixin.py:188} INFO - [2026-08-07T09:45:50.320+0000] {dagbag.py:545} INFO - Filling up the DagBag from /opt/airflow/dags/training_pipeline_dag.py
[2026-08-07T09:45:52.123+0000] {processor.py:840} INFO - DAG(s) 'training_pipeline' retrieved from /opt/airflow/dags/training_pipeline_dag.py
[2026-08-07T09:45:52.175+0000] {logging_mixin.py:188} INFO - [2026-08-07T09:45:52.174+0000] {dag.py:3089} INFO - Sync 1 DAGs
[2026-08-07T09:45:52.215+0000] {logging_mixin.py:188} INFO - [2026-08-07T09:45:52.215+0000] {dag.py:3947} INFO - Setting next_dagrun for training_pipeline to 2026-08-07 00:00:00+00:00, run_after=2026-08-08 00:00:00+00:00
[2026-08-07T09:45:52.254+0000] {processor.py:183} INFO - Processing /opt/airflow/dags/training_pipeline_dag.py took 1.963 seconds
[2026-08-07T09:46:23.007+0000] {processor.py:161} INFO - Started process (PID=1770) to work on /opt/airflow/dags/training_pipeline_dag.py
[2026-08-07T09:46:23.010+0000] {processor.py:830} INFO - Processing file /opt/airflow/dags/training_pipeline_dag.py for tasks to queue
[2026-08-07T09:46:23.017+0000] {logging_mixin.py:188} INFO - [2026-08-07T09:46:23.016+0000] {dagbag.py:545} INFO - Filling up the DagBag from /opt/airflow/dags/training_pipeline_dag.py
[2026-08-07T09:46:25.777+0000] {processor.py:840} INFO - DAG(s) 'training_pipeline' retrieved from /opt/airflow/dags/training_pipeline_dag.py
[2026-08-07T09:46:25.839+0000] {logging_mixin.py:188} INFO - [2026-08-07T09:46:25.838+0000] {dag.py:3089} INFO - Sync 1 DAGs
[2026-08-07T09:46:25.898+0000] {logging_mixin.py:188} INFO - [2026-08-07T09:46:25.897+0000] {dag.py:3947} INFO - Setting next_dagrun for training_pipeline to 2026-08-07 00:00:00+00:00, run_after=2026-08-08 00:00:00+00:00
[2026-08-07T09:46:25.945+0000] {processor.py:183} INFO - Processing /opt/airflow/dags/training_pipeline_dag.py took 2.960 seconds
[2026-08-07T09:46:56.792+0000] {processor.py:161} INFO - Started process (PID=1782) to work on /opt/airflow/dags/training_pipeline_dag.py
[2026-08-07T09:46:56.806+0000] {processor.py:830} INFO - Processing file /opt/airflow/dags/training_pipeline_dag.py for tasks to queue
[2026-08-07T09:46:56.814+0000] {logging_mixin.py:188} INFO - [2026-08-07T09:46:56.813+0000] {dagbag.py:545} INFO - Filling up the DagBag from /opt/airflow/dags/training_pipeline_dag.py
[2026-08-07T09:46:58.985+0000] {processor.py:840} INFO - DAG(s) 'training_pipeline' retrieved from /opt/airflow/dags/training_pipeline_dag.py
[2026-08-07T09:46:58.962+0000] {logging_mixin.py:188} INFO - [2026-08-07T09:46:58.961+0000] {dag.py:3089} INFO - Sync 1 DAGs
[2026-08-07T09:46:59.004+0000] {logging_mixin.py:188} INFO - [2026-08-07T09:46:59.003+0000] {dag.py:3947} INFO - Setting next_dagrun for training_pipeline to 2026-08-07 00:00:00+00:00, run_after=2026-08-08 00:00:00+00:00
[2026-08-07T09:46:59.086+0000] {processor.py:183} INFO - Processing /opt/airflow/dags/training_pipeline_dag.py took 2.450 seconds
[2026-08-07T09:47:29.425+0000] {processor.py:161} INFO - Started process (PID=1794) to work on /opt/airflow/dags/training_pipeline_dag.py
[2026-08-07T09:47:29.446+0000] {processor.py:830} INFO - Processing file /opt/airflow/dags/training_pipeline_dag.py for tasks to queue
[2026-08-07T09:47:29.453+0000] {logging_mixin.py:188} INFO - [2026-08-07T09:47:29.452+0000] {dagbag.py:545} INFO - Filling up the DagBag from /opt/airflow/dags/training_pipeline_dag.py
[2026-08-07T09:47:33.337+0000] {processor.py:840} INFO - DAG(s) 'training_pipeline' retrieved from /opt/airflow/dags/training_pipeline_dag.py
[2026-08-07T09:47:33.412+0000] {logging_mixin.py:188} INFO - [2026-08-07T09:47:33.411+0000] {dag.py:3089} INFO - Sync 1 DAGs
[2026-08-07T09:47:33.456+0000] {logging_mixin.py:188} INFO - [2026-08-07T09:47:33.455+0000] {dag.py:3947} INFO - Setting next_dagrun for training_pipeline to 2026-08-07 00:00:00+00:00, run_after=2026-08-08 00:00:00+00:00
[2026-08-07T09:47:33.575+0000] {processor.py:183} INFO - Processing /opt/airflow/dags/training_pipeline_dag.py took 4.170 seconds
[2026-08-07T09:48:04.345+0000] {processor.py:161} INFO - Started process (PID=1806) to work on /opt/airflow/dags/training_pipeline_dag.py
[2026-08-07T09:48:04.366+0000] {processor.py:830} INFO - Processing file /opt/airflow/dags/training_pipeline_dag.py for tasks to queue
[2026-08-07T09:48:04.377+0000] {logging_mixin.py:188} INFO - [2026-08-07T09:48:04.375+0000] {dagbag.py:545} INFO - Filling up the DagBag from /opt/airflow/dags/training_pipeline_dag.py
[2026-08-07T09:48:07.087+0000] {processor.py:840} INFO - DAG(s) 'training_pipeline' retrieved from /opt/airflow/dags/training_pipeline_dag.py
[2026-08-07T09:48:07.219+0000] {logging_mixin.py:188} INFO - [2026-08-07T09:48:07.218+0000] {dag.py:3089} INFO - Sync 1 DAGs
[2026-08-07T09:48:07.272+0000] {logging_mixin.py:188} INFO - [2026-08-07T09:48:07.271+0000] {dag.py:3947} INFO - Setting next_dagrun for training_pipeline to 2026-08-07 00:00:00+00:00, run_after=2026-08-08 00:00:00+00:00
[2026-08-07T09:48:07.401+0000] {processor.py:183} INFO - Processing /opt/airflow/dags/training_pipeline_dag.py took 3.093 seconds
[2026-08-07T09:48:37.870+0000] {processor.py:161} INFO - Started process (PID=1818) to work on /opt/airflow/dags/training_pipeline_dag.py
[2026-08-07T09:48:37.874+0000] {processor.py:830} INFO - Processing file /opt/airflow/dags/training_pipeline_dag.py for tasks to queue
[2026-08-07T09:48:37.882+0000] {logging_mixin.py:188} INFO - [2026-08-07T09:48:37.881+0000] {dagbag.py:545} INFO - Filling up the DagBag from /opt/airflow/dags/training_pipeline_dag.py
[2026-08-07T09:48:40.012+0000] {processor.py:840} INFO - DAG(s) 'training_pipeline' retrieved from /opt/airflow/dags/training_pipeline_dag.py
[2026-08-07T09:48:40.119+0000] {logging_mixin.py:188} INFO - [2026-08-07T09:48:40.118+0000] {dag.py:3089} INFO - Sync 1 DAGs
[2026-08-07T09:48:40.170+0000] {logging_mixin.py:188} INFO - [2026-08-07T09:48:40.170+0000] {dag.py:3947} INFO - Setting next_dagrun for training_pipeline to 2026-08-07 00:00:00+00:00, run_after=2026-08-08 00:00:00+00:00
[2026-08-07T09:48:40.262+0000] {processor.py:183} INFO - Processing /opt/airflow/dags/training_pipeline_dag.py took 2.425 seconds
[2026-08-07T09:49:12.412+0000] {processor.py:161} INFO - Started process (PID=1828) to work on /opt/airflow/dags/training_pipeline_dag.py
[2026-08-07T09:49:12.835+0000] {processor.py:830} INFO - Processing file /opt/airflow/dags/training_pipeline_dag.py for tasks to queue
[2026-08-07T09:49:13.046+0000] {logging_mixin.py:188} INFO - [2026-08-07T09:49:13.045+0000] {dagbag.py:545} INFO - Filling up the DagBag from /opt/airflow/dags/training_pipeline_dag.py
[2026-08-07T09:49:17.098+0000] {processor.py:840} INFO - DAG(s) 'training_pipeline' retrieved from /opt/airflow/dags/training_pipeline_dag.py
[2026-08-07T09:49:15.055+0000] {logging_mixin.py:188} INFO - [2026-08-07T09:49:15.053+0000] {dag.py:3089} INFO - Sync 1 DAGs
[2026-08-07T09:49:15.977+0000] {logging_mixin.py:188} INFO - [2026-08-07T09:49:15.975+0000] {dag.py:3947} INFO - Setting next_dagrun for training_pipeline to 2026-08-07 00:00:00+00:00, run_after=2026-08-08 00:00:00+00:00
[2026-08-07T09:49:16.494+0000] {processor.py:183} INFO - Processing /opt/airflow/dags/training_pipeline_dag.py took 7.190 seconds
[2026-08-07T09:50:00.390+0000] {processor.py:161} INFO - Started process (PID=1854) to work on /opt/airflow/dags/training_pipeline_dag.py
[2026-08-07T09:50:02.895+0000] {processor.py:830} INFO - Processing file /opt/airflow/dags/training_pipeline_dag.py for tasks to queue
[2026-08-07T09:50:03.184+0000] {logging_mixin.py:188} INFO - [2026-08-07T09:50:03.132+0000] {dagbag.py:545} INFO - Filling up the DagBag from /opt/airflow/dags/training_pipeline_dag.py
[2026-08-07T09:51:17.178+0000] {processor.py:161} INFO - Started process (PID=1864) to work on /opt/airflow/dags/training_pipeline_dag.py
[2026-08-07T09:51:17.212+0000] {processor.py:830} INFO - Processing file /opt/airflow/dags/training_pipeline_dag.py for tasks to queue
[2026-08-07T09:51:17.220+0000] {logging_mixin.py:188} INFO - [2026-08-07T09:51:17.216+0000] {dagbag.py:545} INFO - Filling up the DagBag from /opt/airflow/dags/training_pipeline_dag.py
[2026-08-07T09:51:31.663+0000] {processor.py:840} INFO - DAG(s) 'training_pipeline' retrieved from /opt/airflow/dags/training_pipeline_dag.py
[2026-08-07T09:51:32.477+0000] {logging_mixin.py:188} INFO - [2026-08-07T09:51:32.476+0000] {dag.py:3089} INFO - Sync 1 DAGs
[2026-08-07T09:51:32.627+0000] {logging_mixin.py:188} INFO - [2026-08-07T09:51:32.626+0000] {dag.py:3947} INFO - Setting next_dagrun for training_pipeline to 2026-08-07 00:00:00+00:00, run_after=2026-08-08 00:00:00+00:00
[2026-08-07T09:51:32.689+0000] {processor.py:183} INFO - Processing /opt/airflow/dags/training_pipeline_dag.py took 15.733 seconds
[2026-08-07T09:52:03.354+0000] {processor.py:161} INFO - Started process (PID=1899) to work on /opt/airflow/dags/training_pipeline_dag.py
[2026-08-07T09:52:03.357+0000] {processor.py:830} INFO - Processing file /opt/airflow/dags/training_pipeline_dag.py for tasks to queue
[2026-08-07T09:52:03.375+0000] {logging_mixin.py:188} INFO - [2026-08-07T09:52:03.358+0000] {dagbag.py:545} INFO - Filling up the DagBag from /opt/airflow/dags/training_pipeline_dag.py
[2026-08-07T09:52:06.490+0000] {processor.py:840} INFO - DAG(s) 'training_pipeline' retrieved from /opt/airflow/dags/training_pipeline_dag.py
[2026-08-07T09:52:06.738+0000] {logging_mixin.py:188} INFO - [2026-08-07T09:52:06.736+0000] {dag.py:3089} INFO - Sync 1 DAGs
[2026-08-07T09:52:06.863+0000] {logging_mixin.py:188} INFO - [2026-08-07T09:52:06.862+0000] {dag.py:3947} INFO - Setting next_dagrun for training_pipeline to 2026-08-07 00:00:00+00:00, run_after=2026-08-08 00:00:00+00:00
[2026-08-07T09:52:09.785+0000] {processor.py:183} INFO - Processing /opt/airflow/dags/training_pipeline_dag.py took 6.622 seconds
[2026-08-07T09:52:40.379+0000] {processor.py:161} INFO - Started process (PID=1908) to work on /opt/airflow/dags/training_pipeline_dag.py
[2026-08-07T09:52:40.383+0000] {processor.py:830} INFO - Processing file /opt/airflow/dags/training_pipeline_dag.py for tasks to queue
[2026-08-07T09:52:40.386+0000] {logging_mixin.py:188} INFO - [2026-08-07T09:52:40.385+0000] {dagbag.py:545} INFO - Filling up the DagBag from /opt/airflow/dags/training_pipeline_dag.py
[2026-08-07T09:52:47.462+0000] {processor.py:840} INFO - DAG(s) 'training_pipeline' retrieved from /opt/airflow/dags/training_pipeline_dag.py
[2026-08-07T09:52:47.670+0000] {logging_mixin.py:188} INFO - [2026-08-07T09:52:47.667+0000] {dag.py:3089} INFO - Sync 1 DAGs
[2026-08-07T09:52:47.785+0000] {logging_mixin.py:188} INFO - [2026-08-07T09:52:47.784+0000] {dag.py:3947} INFO - Setting next_dagrun for training_pipeline to 2026-08-07 00:00:00+00:00, run_after=2026-08-08 00:00:00+00:00
[2026-08-07T09:52:47.893+0000] {processor.py:183} INFO - Processing /opt/airflow/dags/training_pipeline_dag.py took 7.543 seconds
[2026-08-07T09:53:18.942+0000] {processor.py:161} INFO - Started process (PID=1921) to work on /opt/airflow/dags/training_pipeline_dag.py
[2026-08-07T09:53:18.946+0000] {processor.py:830} INFO - Processing file /opt/airflow/dags/training_pipeline_dag.py for tasks to queue
[2026-08-07T09:53:18.951+0000] {logging_mixin.py:188} INFO - [2026-08-07T09:53:18.948+0000] {dagbag.py:545} INFO - Filling up the DagBag from /opt/airflow/dags/training_pipeline_dag.py
[2026-08-07T09:53:22.944+0000] {processor.py:840} INFO - DAG(s) 'training_pipeline' retrieved from /opt/airflow/dags/training_pipeline_dag.py
[2026-08-07T09:53:23.032+0000] {logging_mixin.py:188} INFO - [2026-08-07T09:53:23.030+0000] {dag.py:3089} INFO - Sync 1 DAGs
[2026-08-07T09:53:23.084+0000] {logging_mixin.py:188} INFO - [2026-08-07T09:53:23.083+0000] {dag.py:3947} INFO - Setting next_dagrun for training_pipeline to 2026-08-07 00:00:00+00:00, run_after=2026-08-08 00:00:00+00:00
[2026-08-07T09:53:23.133+0000] {processor.py:183} INFO - Processing /opt/airflow/dags/training_pipeline_dag.py took 4.249 seconds
[2026-08-07T09:53:55.088+0000] {processor.py:161} INFO - Started process (PID=1985) to work on /opt/airflow/dags/training_pipeline_dag.py
[2026-08-07T09:53:55.127+0000] {processor.py:830} INFO - Processing file /opt/airflow/dags/training_pipeline_dag.py for tasks to queue
[2026-08-07T09:53:55.293+0000] {logging_mixin.py:188} INFO - [2026-08-07T09:53:55.287+0000] {dagbag.py:545} INFO - Filling up the DagBag from /opt/airflow/dags/training_pipeline_dag.py
[2026-08-07T09:53:58.958+0000] {processor.py:840} INFO - DAG(s) 'training_pipeline' retrieved from /opt/airflow/dags/training_pipeline_dag.py
[2026-08-07T09:53:59.031+0000] {logging_mixin.py:188} INFO - [2026-08-07T09:53:59.030+0000] {dag.py:3089} INFO - Sync 1 DAGs
[2026-08-07T09:53:59.085+0000] {logging_mixin.py:188} INFO - [2026-08-07T09:53:59.084+0000] {dag.py:3947} INFO - Setting next_dagrun for training_pipeline to 2026-08-07 00:00:00+00:00, run_after=2026-08-08 00:00:00+00:00
[2026-08-07T09:53:59.130+0000] {processor.py:183} INFO - Processing /opt/airflow/dags/training_pipeline_dag.py took 4.466 seconds
[2026-08-07T09:54:29.818+0000] {processor.py:161} INFO - Started process (PID=1999) to work on /opt/airflow/dags/training_pipeline_dag.py
[2026-08-07T09:54:29.821+0000] {processor.py:830} INFO - Processing file /opt/airflow/dags/training_pipeline_dag.py for tasks to queue
[2026-08-07T09:54:29.824+0000] {logging_mixin.py:188} INFO - [2026-08-07T09:54:29.822+0000] {dagbag.py:545} INFO - Filling up the DagBag from /opt/airflow/dags/training_pipeline_dag.py
[2026-08-07T09:54:31.950+0000] {processor.py:840} INFO - DAG(s) 'training_pipeline' retrieved from /opt/airflow/dags/training_pipeline_dag.py
[2026-08-07T09:54:32.027+0000] {logging_mixin.py:188} INFO - [2026-08-07T09:54:32.025+0000] {dag.py:3089} INFO - Sync 1 DAGs
[2026-08-07T09:54:32.084+0000] {logging_mixin.py:188} INFO - [2026-08-07T09:54:32.084+0000] {dag.py:3947} INFO - Setting next_dagrun for training_pipeline to 2026-08-07 00:00:00+00:00, run_after=2026-08-08 00:00:00+00:00
[2026-08-07T09:54:32.142+0000] {processor.py:183} INFO - Processing /opt/airflow/dags/training_pipeline_dag.py took 2.345 seconds
[2026-08-07T09:55:02.566+0000] {processor.py:161} INFO - Started process (PID=2008) to work on /opt/airflow/dags/training_pipeline_dag.py
[2026-08-07T09:55:02.570+0000] {processor.py:830} INFO - Processing file /opt/airflow/dags/training_pipeline_dag.py for tasks to queue
[2026-08-07T09:55:02.576+0000] {logging_mixin.py:188} INFO - [2026-08-07T09:55:02.572+0000] {dagbag.py:545} INFO - Filling up the DagBag from /opt/airflow/dags/training_pipeline_dag.py
[2026-08-07T09:55:04.899+0000] {processor.py:840} INFO - DAG(s) 'training_pipeline' retrieved from /opt/airflow/dags/training_pipeline_dag.py
[2026-08-07T09:55:04.964+0000] {logging_mixin.py:188} INFO - [2026-08-07T09:55:04.963+0000] {dag.py:3089} INFO - Sync 1 DAGs
[2026-08-07T09:55:05.014+0000] {logging_mixin.py:188} INFO - [2026-08-07T09:55:05.013+0000] {dag.py:3947} INFO - Setting next_dagrun for training_pipeline to 2026-08-07 00:00:00+00:00, run_after=2026-08-08 00:00:00+00:00
[2026-08-07T09:55:05.079+0000] {processor.py:183} INFO - Processing /opt/airflow/dags/training_pipeline_dag.py took 2.540 seconds
[2026-08-07T09:55:35.726+0000] {processor.py:161} INFO - Started process (PID=2023) to work on /opt/airflow/dags/training_pipeline_dag.py
[2026-08-07T09:55:35.729+0000] {processor.py:830} INFO - Processing file /opt/airflow/dags/training_pipeline_dag.py for tasks to queue
[2026-08-07T09:55:35.732+0000] {logging_mixin.py:188} INFO - [2026-08-07T09:55:35.731+0000] {dagbag.py:545} INFO - Filling up the DagBag from /opt/airflow/dags/training_pipeline_dag.py
[2026-08-07T09:55:38.396+0000] {processor.py:840} INFO - DAG(s) 'training_pipeline' retrieved from /opt/airflow/dags/training_pipeline_dag.py
[2026-08-07T09:55:38.490+0000] {logging_mixin.py:188} INFO - [2026-08-07T09:55:38.489+0000] {dag.py:3089} INFO - Sync 1 DAGs
[2026-08-07T09:55:38.543+0000] {logging_mixin.py:188} INFO - [2026-08-07T09:55:38.543+0000] {dag.py:3947} INFO - Setting next_dagrun for training_pipeline to 2026-08-07 00:00:00+00:00, run_after=2026-08-08 00:00:00+00:00
[2026-08-07T09:55:38.629+0000] {processor.py:183} INFO - Processing /opt/airflow/dags/training_pipeline_dag.py took 2.925 seconds
[2026-08-07T09:56:09.263+0000] {processor.py:161} INFO - Started process (PID=2035) to work on /opt/airflow/dags/training_pipeline_dag.py
[2026-08-07T09:56:09.267+0000] {processor.py:830} INFO - Processing file /opt/airflow/dags/training_pipeline_dag.py for tasks to queue
[2026-08-07T09:56:09.270+0000] {logging_mixin.py:188} INFO - [2026-08-07T09:56:09.269+0000] {dagbag.py:545} INFO - Filling up the DagBag from /opt/airflow/dags/training_pipeline_dag.py
[2026-08-07T09:56:08.671+0000] {processor.py:840} INFO - DAG(s) 'training_pipeline' retrieved from /opt/airflow/dags/training_pipeline_dag.py
[2026-08-07T09:56:08.741+0000] {logging_mixin.py:188} INFO - [2026-08-07T09:56:08.739+0000] {dag.py:3089} INFO - Sync 1 DAGs
[2026-08-07T09:56:08.787+0000] {logging_mixin.py:188} INFO - [2026-08-07T09:56:08.786+0000] {dag.py:3947} INFO - Setting next_dagrun for training_pipeline to 2026-08-07 00:00:00+00:00, run_after=2026-08-08 00:00:00+00:00
[2026-08-07T09:56:08.833+0000] {processor.py:183} INFO - Processing /opt/airflow/dags/training_pipeline_dag.py took 2.400 seconds
[2026-08-07T09:56:39.886+0000] {processor.py:161} INFO - Started process (PID=2045) to work on /opt/airflow/dags/training_pipeline_dag.py
[2026-08-07T09:56:39.888+0000] {processor.py:830} INFO - Processing file /opt/airflow/dags/training_pipeline_dag.py for tasks to queue
[2026-08-07T09:56:39.891+0000] {logging_mixin.py:188} INFO - [2026-08-07T09:56:39.890+0000] {dagbag.py:545} INFO - Filling up the DagBag from /opt/airflow/dags/training_pipeline_dag.py
[2026-08-07T09:56:42.147+0000] {processor.py:840} INFO - DAG(s) 'training_pipeline' retrieved from /opt/airflow/dags/training_pipeline_dag.py
[2026-08-07T09:56:42.296+0000] {logging_mixin.py:188} INFO - [2026-08-07T09:56:42.295+0000] {dag.py:3089} INFO - Sync 1 DAGs
[2026-08-07T09:56:42.345+0000] {logging_mixin.py:188} INFO - [2026-08-07T09:56:42.345+0000] {dag.py:3947} INFO - Setting next_dagrun for training_pipeline to 2026-08-07 00:00:00+00:00, run_after=2026-08-08 00:00:00+00:00
[2026-08-07T09:56:42.430+0000] {processor.py:183} INFO - Processing /opt/airflow/dags/training_pipeline_dag.py took 2.565 seconds
[2026-08-07T09:57:12.966+0000] {processor.py:161} INFO - Started process (PID=2059) to work on /opt/airflow/dags/training_pipeline_dag.py
[2026-08-07T09:57:12.968+0000] {processor.py:830} INFO - Processing file /opt/airflow/dags/training_pipeline_dag.py for tasks to queue
[2026-08-07T09:57:12.972+0000] {logging_mixin.py:188} INFO - [2026-08-07T09:57:12.971+0000] {dagbag.py:545} INFO - Filling up the DagBag from /opt/airflow/dags/training_pipeline_dag.py
[2026-08-07T09:57:15.197+0000] {processor.py:840} INFO - DAG(s) 'training_pipeline' retrieved from /opt/airflow/dags/training_pipeline_dag.py
[2026-08-07T09:57:15.278+0000] {logging_mixin.py:188} INFO - [2026-08-07T09:57:15.276+0000] {dag.py:3089} INFO - Sync 1 DAGs
[2026-08-07T09:57:15.329+0000] {logging_mixin.py:188} INFO - [2026-08-07T09:57:15.328+0000] {dag.py:3947} INFO - Setting next_dagrun for training_pipeline to 2026-08-07 00:00:00+00:00, run_after=2026-08-08 00:00:00+00:00
[2026-08-07T09:57:15.378+0000] {processor.py:183} INFO - Processing /opt/airflow/dags/training_pipeline_dag.py took 2.436 seconds
[2026-08-07T09:57:46.323+0000] {processor.py:161} INFO - Started process (PID=2071) to work on /opt/airflow/dags/training_pipeline_dag.py
[2026-08-07T09:57:46.326+0000] {processor.py:830} INFO - Processing file /opt/airflow/dags/training_pipeline_dag.py for tasks to queue
[2026-08-07T09:57:46.328+0000] {logging_mixin.py:188} INFO - [2026-08-07T09:57:46.327+0000] {dagbag.py:545} INFO - Filling up the DagBag from /opt/airflow/dags/training_pipeline_dag.py
[2026-08-07T09:57:48.472+0000] {processor.py:840} INFO - DAG(s) 'training_pipeline' retrieved from /opt/airflow/dags/training_pipeline_dag.py
[2026-08-07T09:57:48.530+0000] {logging_mixin.py:188} INFO - [2026-08-07T09:57:48.529+0000] {dag.py:3089} INFO - Sync 1 DAGs
[2026-08-07T09:57:48.578+0000] {logging_mixin.py:188} INFO - [2026-08-07T09:57:48.577+0000] {dag.py:3947} INFO - Setting next_dagrun for training_pipeline to 2026-08-07 00:00:00+00:00, run_after=2026-08-08 00:00:00+00:00
[2026-08-07T09:57:48.620+0000] {processor.py:183} INFO - Processing /opt/airflow/dags/training_pipeline_dag.py took 2.326 seconds
[2026-08-07T09:58:19.564+0000] {processor.py:161} INFO - Started process (PID=2083) to work on /opt/airflow/dags/training_pipeline_dag.py
[2026-08-07T09:58:19.567+0000] {processor.py:830} INFO - Processing file /opt/airflow/dags/training_pipeline_dag.py for tasks to queue
[2026-08-07T09:58:19.569+0000] {logging_mixin.py:188} INFO - [2026-08-07T09:58:19.568+0000] {dagbag.py:545} INFO - Filling up the DagBag from /opt/airflow/dags/training_pipeline_dag.py
[2026-08-07T09:58:21.841+0000] {processor.py:840} INFO - DAG(s) 'training_pipeline' retrieved from /opt/airflow/dags/training_pipeline_dag.py
[2026-08-07T09:58:21.910+0000] {logging_mixin.py:188} INFO - [2026-08-07T09:58:21.909+0000] {dag.py:3089} INFO - Sync 1 DAGs
[2026-08-07T09:58:21.959+0000] {logging_mixin.py:188} INFO - [2026-08-07T09:58:21.958+0000] {dag.py:3947} INFO - Setting next_dagrun for training_pipeline to 2026-08-07 00:00:00+00:00, run_after=2026-08-08 00:00:00+00:00
[2026-08-07T09:58:22.005+0000] {processor.py:183} INFO - Processing /opt/airflow/dags/training_pipeline_dag.py took 2.463 seconds
[2026-08-07T09:58:52.510+0000] {processor.py:161} INFO - Started process (PID=2095) to work on /opt/airflow/dags/training_pipeline_dag.py
[2026-08-07T09:58:52.513+0000] {processor.py:830} INFO - Processing file /opt/airflow/dags/training_pipeline_dag.py for tasks to queue
[2026-08-07T09:58:52.517+0000] {logging_mixin.py:188} INFO - [2026-08-07T09:58:52.515+0000] {dagbag.py:545} INFO - Filling up the DagBag from /opt/airflow/dags/training_pipeline_dag.py
[2026-08-07T09:58:51.978+0000] {processor.py:840} INFO - DAG(s) 'training_pipeline' retrieved from /opt/airflow/dags/training_pipeline_dag.py
[2026-08-07T09:58:52.058+0000] {logging_mixin.py:188} INFO - [2026-08-07T09:58:52.056+0000] {dag.py:3089} INFO - Sync 1 DAGs
[2026-08-07T09:58:52.104+0000] {logging_mixin.py:188} INFO - [2026-08-07T09:58:52.104+0000] {dag.py:3947} INFO - Setting next_dagrun for training_pipeline to 2026-08-07 00:00:00+00:00, run_after=2026-08-08 00:00:00+00:00
[2026-08-07T09:58:52.151+0000] {processor.py:183} INFO - Processing /opt/airflow/dags/training_pipeline_dag.py took 2.320 seconds
[2026-08-07T09:59:22.912+0000] {processor.py:161} INFO - Started process (PID=2107) to work on /opt/airflow/dags/training_pipeline_dag.py
[2026-08-07T09:59:22.914+0000] {processor.py:830} INFO - Processing file /opt/airflow/dags/training_pipeline_dag.py for tasks to queue
[2026-08-07T09:59:22.918+0000] {logging_mixin.py:188} INFO - [2026-08-07T09:59:22.916+0000] {dagbag.py:545} INFO - Filling up the DagBag from /opt/airflow/dags/training_pipeline_dag.py
[2026-08-07T09:59:25.250+0000] {processor.py:840} INFO - DAG(s) 'training_pipeline' retrieved from /opt/airflow/dags/training_pipeline_dag.py
[2026-08-07T09:59:25.361+0000] {logging_mixin.py:188} INFO - [2026-08-07T09:59:25.360+0000] {dag.py:3089} INFO - Sync 1 DAGs
[2026-08-07T09:59:25.437+0000] {logging_mixin.py:188} INFO - [2026-08-07T09:59:25.436+0000] {dag.py:3947} INFO - Setting next_dagrun for training_pipeline to 2026-08-07 00:00:00+00:00, run_after=2026-08-08 00:00:00+00:00
[2026-08-07T09:59:25.495+0000] {processor.py:183} INFO - Processing /opt/airflow/dags/training_pipeline_dag.py took 2.609 seconds
[2026-08-07T09:59:56.513+0000] {processor.py:161} INFO - Started process (PID=2119) to work on /opt/airflow/dags/training_pipeline_dag.py
[2026-08-07T09:59:56.517+0000] {processor.py:830} INFO - Processing file /opt/airflow/dags/training_pipeline_dag.py for tasks to queue
[2026-08-07T09:59:56.522+0000] {logging_mixin.py:188} INFO - [2026-08-07T09:59:56.520+0000] {dagbag.py:545} INFO - Filling up the DagBag from /opt/airflow/dags/training_pipeline_dag.py
[2026-08-07T09:59:58.652+0000] {processor.py:840} INFO - DAG(s) 'training_pipeline' retrieved from /opt/airflow/dags/training_pipeline_dag.py
[2026-08-07T09:59:58.732+0000] {logging_mixin.py:188} INFO - [2026-08-07T09:59:58.730+0000] {dag.py:3089} INFO - Sync 1 DAGs
[2026-08-07T09:59:58.793+0000] {logging_mixin.py:188} INFO - [2026-08-07T09:59:58.793+0000] {dag.py:3947} INFO - Setting next_dagrun for training_pipeline to 2026-08-07 00:00:00+00:00, run_after=2026-08-08 00:00:00+00:00
[2026-08-07T09:59:58.855+0000] {processor.py:183} INFO - Processing /opt/airflow/dags/training_pipeline_dag.py took 2.374 seconds
[2026-08-07T10:00:30.117+0000] {processor.py:161} INFO - Started process (PID=2137) to work on /opt/airflow/dags/training_pipeline_dag.py
[2026-08-07T10:00:30.121+0000] {processor.py:830} INFO - Processing file /opt/airflow/dags/training_pipeline_dag.py for tasks to queue
[2026-08-07T10:00:30.126+0000] {logging_mixin.py:188} INFO - [2026-08-07T10:00:30.123+0000] {dagbag.py:545} INFO - Filling up the DagBag from /opt/airflow/dags/training_pipeline_dag.py
[2026-08-07T10:00:37.929+0000] {processor.py:840} INFO - DAG(s) 'training_pipeline' retrieved from /opt/airflow/dags/training_pipeline_dag.py
[2026-08-07T10:00:40.883+0000] {logging_mixin.py:188} INFO - [2026-08-07T10:00:40.882+0000] {dag.py:3089} INFO - Sync 1 DAGs
[2026-08-07T10:00:41.679+0000] {logging_mixin.py:188} INFO - [2026-08-07T10:00:41.675+0000] {dag.py:3947} INFO - Setting next_dagrun for training_pipeline to 2026-08-07 00:00:00+00:00, run_after=2026-08-08 00:00:00+00:00
[2026-08-07T10:00:41.923+0000] {processor.py:183} INFO - Processing /opt/airflow/dags/training_pipeline_dag.py took 11.840 seconds
[2026-08-07T10:01:12.999+0000] {processor.py:161} INFO - Started process (PID=2165) to work on /opt/airflow/dags/training_pipeline_dag.py
[2026-08-07T10:01:13.014+0000] {processor.py:830} INFO - Processing file /opt/airflow/dags/training_pipeline_dag.py for tasks to queue
[2026-08-07T10:01:13.022+0000] {logging_mixin.py:188} INFO - [2026-08-07T10:01:13.018+0000] {dagbag.py:545} INFO - Filling up the DagBag from /opt/airflow/dags/training_pipeline_dag.py
[2026-08-07T10:01:18.086+0000] {processor.py:840} INFO - DAG(s) 'training_pipeline' retrieved from /opt/airflow/dags/training_pipeline_dag.py
[2026-08-07T10:01:18.780+0000] {logging_mixin.py:188} INFO - [2026-08-07T10:01:18.774+0000] {dag.py:3089} INFO - Sync 1 DAGs
[2026-08-07T10:01:19.583+0000] {logging_mixin.py:188} INFO - [2026-08-07T10:01:19.583+0000] {dag.py:3947} INFO - Setting next_dagrun for training_pipeline to 2026-08-07 00:00:00+00:00, run_after=2026-08-08 00:00:00+00:00
[2026-08-07T10:01:19.817+0000] {processor.py:183} INFO - Processing /opt/airflow/dags/training_pipeline_dag.py took 6.885 seconds
[2026-08-07T10:01:50.072+0000] {processor.py:161} INFO - Started process (PID=2177) to work on /opt/airflow/dags/training_pipeline_dag.py
[2026-08-07T10:01:50.076+0000] {processor.py:830} INFO - Processing file /opt/airflow/dags/training_pipeline_dag.py for tasks to queue
[2026-08-07T10:01:50.081+0000] {logging_mixin.py:188} INFO - [2026-08-07T10:01:50.078+0000] {dagbag.py:545} INFO - Filling up the DagBag from /opt/airflow/dags/training_pipeline_dag.py
[2026-08-07T10:01:52.229+0000] {processor.py:840} INFO - DAG(s) 'training_pipeline' retrieved from /opt/airflow/dags/training_pipeline_dag.py
[2026-08-07T10:01:52.298+0000] {logging_mixin.py:188} INFO - [2026-08-07T10:01:52.297+0000] {dag.py:3089} INFO - Sync 1 DAGs
[2026-08-07T10:01:52.346+0000] {logging_mixin.py:188} INFO - [2026-08-07T10:01:52.346+0000] {dag.py:3947} INFO - Setting next_dagrun for training_pipeline to 2026-08-07 00:00:00+00:00, run_after=2026-08-08 00:00:00+00:00
[2026-08-07T10:01:52.392+0000] {processor.py:183} INFO - Processing /opt/airflow/dags/training_pipeline_dag.py took 2.350 seconds
[2026-08-07T10:02:23.082+0000] {processor.py:161} INFO - Started process (PID=2189) to work on /opt/airflow/dags/training_pipeline_dag.py
[2026-08-07T10:02:23.086+0000] {processor.py:830} INFO - Processing file /opt/airflow/dags/training_pipeline_dag.py for tasks to queue
[2026-08-07T10:02:23.088+0000] {logging_mixin.py:188} INFO - [2026-08-07T10:02:23.087+0000] {dagbag.py:545} INFO - Filling up the DagBag from /opt/airflow/dags/training_pipeline_dag.py
[2026-08-07T10:02:25.134+0000] {processor.py:840} INFO - DAG(s) 'training_pipeline' retrieved from /opt/airflow/dags/training_pipeline_dag.py
[2026-08-07T10:02:25.203+0000] {logging_mixin.py:188} INFO - [2026-08-07T10:02:25.202+0000] {dag.py:3089} INFO - Sync 1 DAGs
[2026-08-07T10:02:25.255+0000] {logging_mixin.py:188} INFO - [2026-08-07T10:02:25.254+0000] {dag.py:3947} INFO - Setting next_dagrun for training_pipeline to 2026-08-07 00:00:00+00:00, run_after=2026-08-08 00:00:00+00:00
[2026-08-07T10:02:25.313+0000] {processor.py:183} INFO - Processing /opt/airflow/dags/training_pipeline_dag.py took 2.253 seconds
[2026-08-07T10:02:55.875+0000] {processor.py:161} INFO - Started process (PID=2201) to work on /opt/airflow/dags/training_pipeline_dag.py
[2026-08-07T10:02:55.878+0000] {processor.py:830} INFO - Processing file /opt/airflow/dags/training_pipeline_dag.py for tasks to queue
[2026-08-07T10:02:55.882+0000] {logging_mixin.py:188} INFO - [2026-08-07T10:02:55.880+0000] {dagbag.py:545} INFO - Filling up the DagBag from /opt/airflow/dags/training_pipeline_dag.py
[2026-08-07T10:02:57.781+0000] {processor.py:840} INFO - DAG(s) 'training_pipeline' retrieved from /opt/airflow/dags/training_pipeline_dag.py
[2026-08-07T10:02:57.845+0000] {logging_mixin.py:188} INFO - [2026-08-07T10:02:57.843+0000] {dag.py:3089} INFO - Sync 1 DAGs
[2026-08-07T10:02:57.892+0000] {logging_mixin.py:188} INFO - [2026-08-07T10:02:57.891+0000] {dag.py:3947} INFO - Setting next_dagrun for training_pipeline to 2026-08-07 00:00:00+00:00, run_after=2026-08-08 00:00:00+00:00
[2026-08-07T10:02:57.930+0000] {processor.py:183} INFO - Processing /opt/airflow/dags/training_pipeline_dag.py took 2.075 seconds
[2026-08-07T10:03:28.685+0000] {processor.py:161} INFO - Started process (PID=2213) to work on /opt/airflow/dags/training_pipeline_dag.py
[2026-08-07T10:03:28.687+0000] {processor.py:830} INFO - Processing file /opt/airflow/dags/training_pipeline_dag.py for tasks to queue
[2026-08-07T10:03:28.689+0000] {logging_mixin.py:188} INFO - [2026-08-07T10:03:28.689+0000] {dagbag.py:545} INFO - Filling up the DagBag from /opt/airflow/dags/training_pipeline_dag.py
[2026-08-07T10:03:28.374+0000] {processor.py:840} INFO - DAG(s) 'training_pipeline' retrieved from /opt/airflow/dags/training_pipeline_dag.py
[2026-08-07T10:03:28.433+0000] {logging_mixin.py:188} INFO - [2026-08-07T10:03:28.432+0000] {dag.py:3089} INFO - Sync 1 DAGs
[2026-08-07T10:03:28.484+0000] {logging_mixin.py:188} INFO - [2026-08-07T10:03:28.484+0000] {dag.py:3947} INFO - Setting next_dagrun for training_pipeline to 2026-08-07 00:00:00+00:00, run_after=2026-08-08 00:00:00+00:00
[2026-08-07T10:03:28.527+0000] {processor.py:183} INFO - Processing /opt/airflow/dags/training_pipeline_dag.py took 2.303 seconds
[2026-08-07T10:03:58.798+0000] {processor.py:161} INFO - Started process (PID=2225) to work on /opt/airflow/dags/training_pipeline_dag.py
[2026-08-07T10:03:58.801+0000] {processor.py:830} INFO - Processing file /opt/airflow/dags/training_pipeline_dag.py for tasks to queue
[2026-08-07T10:03:58.804+0000] {logging_mixin.py:188} INFO - [2026-08-07T10:03:58.803+0000] {dagbag.py:545} INFO - Filling up the DagBag from /opt/airflow/dags/training_pipeline_dag.py
[2026-08-07T10:04:00.750+0000] {processor.py:840} INFO - DAG(s) 'training_pipeline' retrieved from /opt/airflow/dags/training_pipeline_dag.py
[2026-08-07T10:04:00.819+0000] {logging_mixin.py:188} INFO - [2026-08-07T10:04:00.817+0000] {dag.py:3089} INFO - Sync 1 DAGs
[2026-08-07T10:04:00.869+0000] {logging_mixin.py:188} INFO - [2026-08-07T10:04:00.868+0000] {dag.py:3947} INFO - Setting next_dagrun for training_pipeline to 2026-08-07 00:00:00+00:00, run_after=2026-08-08 00:00:00+00:00
[2026-08-07T10:04:00.912+0000] {processor.py:183} INFO - Processing /opt/airflow/dags/training_pipeline_dag.py took 2.138 seconds
[2026-08-07T10:04:31.525+0000] {processor.py:161} INFO - Started process (PID=2237) to work on /opt/airflow/dags/training_pipeline_dag.py
[2026-08-07T10:04:31.527+0000] {processor.py:830} INFO - Processing file /opt/airflow/dags/training_pipeline_dag.py for tasks to queue
[2026-08-07T10:04:31.530+0000] {logging_mixin.py:188} INFO - [2026-08-07T10:04:31.529+0000] {dagbag.py:545} INFO - Filling up the DagBag from /opt/airflow/dags/training_pipeline_dag.py
[2026-08-07T10:04:33.537+0000] {processor.py:840} INFO - DAG(s) 'training_pipeline' retrieved from /opt/airflow/dags/training_pipeline_dag.py
[2026-08-07T10:04:33.592+0000] {logging_mixin.py:188} INFO - [2026-08-07T10:04:33.591+0000] {dag.py:3089} INFO - Sync 1 DAGs
[2026-08-07T10:04:33.633+0000] {logging_mixin.py:188} INFO - [2026-08-07T10:04:33.632+0000] {dag.py:3947} INFO - Setting next_dagrun for training_pipeline to 2026-08-07 00:00:00+00:00, run_after=2026-08-08 00:00:00+00:00
[2026-08-07T10:04:33.679+0000] {processor.py:183} INFO - Processing /opt/airflow/dags/training_pipeline_dag.py took 2.174 seconds
[2026-08-07T10:05:03.975+0000] {processor.py:161} INFO - Started process (PID=2249) to work on /opt/airflow/dags/training_pipeline_dag.py
[2026-08-07T10:05:03.981+0000] {processor.py:830} INFO - Processing file /opt/airflow/dags/training_pipeline_dag.py for tasks to queue
[2026-08-07T10:05:03.985+0000] {logging_mixin.py:188} INFO - [2026-08-07T10:05:03.984+0000] {dagbag.py:545} INFO - Filling up the DagBag from /opt/airflow/dags/training_pipeline_dag.py
[2026-08-07T10:05:05.851+0000] {processor.py:840} INFO - DAG(s) 'training_pipeline' retrieved from /opt/airflow/dags/training_pipeline_dag.py
[2026-08-07T10:05:05.931+0000] {logging_mixin.py:188} INFO - [2026-08-07T10:05:05.930+0000] {dag.py:3089} INFO - Sync 1 DAGs
[2026-08-07T10:05:05.988+0000] {logging_mixin.py:188} INFO - [2026-08-07T10:05:05.987+0000] {dag.py:3947} INFO - Setting next_dagrun for training_pipeline to 2026-08-07 00:00:00+00:00, run_after=2026-08-08 00:00:00+00:00
[2026-08-07T10:05:06.033+0000] {processor.py:183} INFO - Processing /opt/airflow/dags/training_pipeline_dag.py took 2.079 seconds
[2026-08-07T10:05:36.252+0000] {processor.py:161} INFO - Started process (PID=2261) to work on /opt/airflow/dags/training_pipeline_dag.py
[2026-08-07T10:05:36.255+0000] {processor.py:830} INFO - Processing file /opt/airflow/dags/training_pipeline_dag.py for tasks to queue
[2026-08-07T10:05:36.258+0000] {logging_mixin.py:188} INFO - [2026-08-07T10:05:36.257+0000] {dagbag.py:545} INFO - Filling up the DagBag from /opt/airflow/dags/training_pipeline_dag.py
[2026-08-07T10:05:38.064+0000] {processor.py:840} INFO - DAG(s) 'training_pipeline' retrieved from /opt/airflow/dags/training_pipeline_dag.py
[2026-08-07T10:05:38.118+0000] {logging_mixin.py:188} INFO - [2026-08-07T10:05:38.118+0000] {dag.py:3089} INFO - Sync 1 DAGs
[2026-08-07T10:05:38.171+0000] {logging_mixin.py:188} INFO - [2026-08-07T10:05:38.170+0000] {dag.py:3947} INFO - Setting next_dagrun for training_pipeline to 2026-08-07 00:00:00+00:00, run_after=2026-08-08 00:00:00+00:00
[2026-08-07T10:05:38.214+0000] {processor.py:183} INFO - Processing /opt/airflow/dags/training_pipeline_dag.py took 1.985 seconds
[2026-08-07T10:06:08.799+0000] {processor.py:161} INFO - Started process (PID=2273) to work on /opt/airflow/dags/training_pipeline_dag.py
[2026-08-07T10:06:08.802+0000] {processor.py:830} INFO - Processing file /opt/airflow/dags/training_pipeline_dag.py for tasks to queue
[2026-08-07T10:06:08.805+0000] {logging_mixin.py:188} INFO - [2026-08-07T10:06:08.804+0000] {dagbag.py:545} INFO - Filling up the DagBag from /opt/airflow/dags/training_pipeline_dag.py
[2026-08-07T10:06:11.047+0000] {processor.py:840} INFO - DAG(s) 'training_pipeline' retrieved from /opt/airflow/dags/training_pipeline_dag.py
[2026-08-07T10:06:11.122+0000] {logging_mixin.py:188} INFO - [2026-08-07T10:06:11.119+0000] {dag.py:3089} INFO - Sync 1 DAGs
[2026-08-07T10:06:11.166+0000] {logging_mixin.py:188} INFO - [2026-08-07T10:06:11.165+0000] {dag.py:3947} INFO - Setting next_dagrun for training_pipeline to 2026-08-07 00:00:00+00:00, run_after=2026-08-08 00:00:00+00:00
[2026-08-07T10:06:11.208+0000] {processor.py:183} INFO - Processing /opt/airflow/dags/training_pipeline_dag.py took 2.435 seconds
[2026-08-07T10:06:42.381+0000] {processor.py:161} INFO - Started process (PID=2285) to work on /opt/airflow/dags/training_pipeline_dag.py
[2026-08-07T10:06:42.398+0000] {processor.py:830} INFO - Processing file /opt/airflow/dags/training_pipeline_dag.py for tasks to queue
[2026-08-07T10:06:42.401+0000] {logging_mixin.py:188} INFO - [2026-08-07T10:06:42.400+0000] {dagbag.py:545} INFO - Filling up the DagBag from /opt/airflow/dags/training_pipeline_dag.py
[2026-08-07T10:06:44.377+0000] {processor.py:840} INFO - DAG(s) 'training_pipeline' retrieved from /opt/airflow/dags/training_pipeline_dag.py
[2026-08-07T10:06:44.465+0000] {logging_mixin.py:188} INFO - [2026-08-07T10:06:44.464+0000] {dag.py:3089} INFO - Sync 1 DAGs
[2026-08-07T10:06:44.510+0000] {logging_mixin.py:188} INFO - [2026-08-07T10:06:44.510+0000] {dag.py:3947} INFO - Setting next_dagrun for training_pipeline to 2026-08-07 00:00:00+00:00, run_after=2026-08-08 00:00:00+00:00
[2026-08-07T10:06:44.560+0000] {processor.py:183} INFO - Processing /opt/airflow/dags/training_pipeline_dag.py took 2.201 seconds
[2026-08-07T10:07:14.769+0000] {processor.py:161} INFO - Started process (PID=2297) to work on /opt/airflow/dags/training_pipeline_dag.py
[2026-08-07T10:07:14.772+0000] {processor.py:830} INFO - Processing file /opt/airflow/dags/training_pipeline_dag.py for tasks to queue
[2026-08-07T10:07:14.775+0000] {logging_mixin.py:188} INFO - [2026-08-07T10:07:14.774+0000] {dagbag.py:545} INFO - Filling up the DagBag from /opt/airflow/dags/training_pipeline_dag.py
[2026-08-07T10:07:16.574+0000] {processor.py:840} INFO - DAG(s) 'training_pipeline' retrieved from /opt/airflow/dags/training_pipeline_dag.py
[2026-08-07T10:07:16.641+0000] {logging_mixin.py:188} INFO - [2026-08-07T10:07:16.639+0000] {dag.py:3089} INFO - Sync 1 DAGs
[2026-08-07T10:07:16.701+0000] {logging_mixin.py:188} INFO - [2026-08-07T10:07:16.700+0000] {dag.py:3947} INFO - Setting next_dagrun for training_pipeline to 2026-08-07 00:00:00+00:00, run_after=2026-08-08 00:00:00+00:00
[2026-08-07T10:07:16.746+0000] {processor.py:183} INFO - Processing /opt/airflow/dags/training_pipeline_dag.py took 1.999 seconds
[2026-08-07T10:07:46.959+0000] {processor.py:161} INFO - Started process (PID=2309) to work on /opt/airflow/dags/training_pipeline_dag.py
[2026-08-07T10:07:46.962+0000] {processor.py:830} INFO - Processing file /opt/airflow/dags/training_pipeline_dag.py for tasks to queue
[2026-08-07T10:07:46.965+0000] {logging_mixin.py:188} INFO - [2026-08-07T10:07:46.964+0000] {dagbag.py:545} INFO - Filling up the DagBag from /opt/airflow/dags/training_pipeline_dag.py
[2026-08-07T10:07:49.094+0000] {processor.py:840} INFO - DAG(s) 'training_pipeline' retrieved from /opt/airflow/dags/training_pipeline_dag.py
[2026-08-07T10:07:49.172+0000] {logging_mixin.py:188} INFO - [2026-08-07T10:07:49.171+0000] {dag.py:3089} INFO - Sync 1 DAGs
[2026-08-07T10:07:49.221+0000] {logging_mixin.py:188} INFO - [2026-08-07T10:07:49.220+0000] {dag.py:3947} INFO - Setting next_dagrun for training_pipeline to 2026-08-07 00:00:00+00:00, run_after=2026-08-08 00:00:00+00:00
[2026-08-07T10:07:49.271+0000] {processor.py:183} INFO - Processing /opt/airflow/dags/training_pipeline_dag.py took 2.338 seconds
