[2026-08-02T16:24:52.003+0000] {processor.py:161} INFO - Started process (PID=171) to work on /opt/airflow/dags/feature_pipeline_dag.py
[2026-08-02T16:24:52.015+0000] {processor.py:830} INFO - Processing file /opt/airflow/dags/feature_pipeline_dag.py for tasks to queue
[2026-08-02T16:24:52.036+0000] {logging_mixin.py:188} INFO - [2026-08-02T16:24:52.035+0000] {dagbag.py:545} INFO - Filling up the DagBag from /opt/airflow/dags/feature_pipeline_dag.py
[2026-08-02T16:24:52.112+0000] {processor.py:842} WARNING - No viable dags retrieved from /opt/airflow/dags/feature_pipeline_dag.py
[2026-08-02T16:24:52.244+0000] {processor.py:183} INFO - Processing /opt/airflow/dags/feature_pipeline_dag.py took 0.348 seconds
[2026-08-02T16:25:23.099+0000] {processor.py:161} INFO - Started process (PID=181) to work on /opt/airflow/dags/feature_pipeline_dag.py
[2026-08-02T16:25:23.106+0000] {processor.py:830} INFO - Processing file /opt/airflow/dags/feature_pipeline_dag.py for tasks to queue
[2026-08-02T16:25:23.226+0000] {logging_mixin.py:188} INFO - [2026-08-02T16:25:23.201+0000] {dagbag.py:545} INFO - Filling up the DagBag from /opt/airflow/dags/feature_pipeline_dag.py
[2026-08-02T16:25:23.274+0000] {processor.py:842} WARNING - No viable dags retrieved from /opt/airflow/dags/feature_pipeline_dag.py
[2026-08-02T16:25:23.317+0000] {processor.py:183} INFO - Processing /opt/airflow/dags/feature_pipeline_dag.py took 0.412 seconds
[2026-08-02T16:25:51.647+0000] {processor.py:161} INFO - Started process (PID=191) to work on /opt/airflow/dags/feature_pipeline_dag.py
[2026-08-02T16:25:51.650+0000] {processor.py:830} INFO - Processing file /opt/airflow/dags/feature_pipeline_dag.py for tasks to queue
[2026-08-02T16:25:51.658+0000] {logging_mixin.py:188} INFO - [2026-08-02T16:25:51.657+0000] {dagbag.py:545} INFO - Filling up the DagBag from /opt/airflow/dags/feature_pipeline_dag.py
[2026-08-02T16:25:51.696+0000] {processor.py:842} WARNING - No viable dags retrieved from /opt/airflow/dags/feature_pipeline_dag.py
[2026-08-02T16:25:51.735+0000] {processor.py:183} INFO - Processing /opt/airflow/dags/feature_pipeline_dag.py took 0.162 seconds
[2026-08-02T16:26:22.787+0000] {processor.py:161} INFO - Started process (PID=201) to work on /opt/airflow/dags/feature_pipeline_dag.py
[2026-08-02T16:26:22.790+0000] {processor.py:830} INFO - Processing file /opt/airflow/dags/feature_pipeline_dag.py for tasks to queue
[2026-08-02T16:26:22.798+0000] {logging_mixin.py:188} INFO - [2026-08-02T16:26:22.798+0000] {dagbag.py:545} INFO - Filling up the DagBag from /opt/airflow/dags/feature_pipeline_dag.py
[2026-08-02T16:26:22.846+0000] {processor.py:842} WARNING - No viable dags retrieved from /opt/airflow/dags/feature_pipeline_dag.py
[2026-08-02T16:26:28.925+0000] {processor.py:183} INFO - Processing /opt/airflow/dags/feature_pipeline_dag.py took 0.228 seconds
[2026-08-02T16:27:02.408+0000] {processor.py:161} INFO - Started process (PID=211) to work on /opt/airflow/dags/feature_pipeline_dag.py
[2026-08-02T16:27:02.411+0000] {processor.py:830} INFO - Processing file /opt/airflow/dags/feature_pipeline_dag.py for tasks to queue
[2026-08-02T16:27:02.421+0000] {logging_mixin.py:188} INFO - [2026-08-02T16:27:02.419+0000] {dagbag.py:545} INFO - Filling up the DagBag from /opt/airflow/dags/feature_pipeline_dag.py
[2026-08-02T16:27:02.468+0000] {processor.py:842} WARNING - No viable dags retrieved from /opt/airflow/dags/feature_pipeline_dag.py
[2026-08-02T16:27:02.728+0000] {processor.py:183} INFO - Processing /opt/airflow/dags/feature_pipeline_dag.py took 0.346 seconds
[2026-08-02T16:27:27.471+0000] {processor.py:161} INFO - Started process (PID=218) to work on /opt/airflow/dags/feature_pipeline_dag.py
[2026-08-02T16:27:27.473+0000] {processor.py:830} INFO - Processing file /opt/airflow/dags/feature_pipeline_dag.py for tasks to queue
[2026-08-02T16:27:27.480+0000] {logging_mixin.py:188} INFO - [2026-08-02T16:27:27.479+0000] {dagbag.py:545} INFO - Filling up the DagBag from /opt/airflow/dags/feature_pipeline_dag.py
[2026-08-02T16:27:27.541+0000] {processor.py:842} WARNING - No viable dags retrieved from /opt/airflow/dags/feature_pipeline_dag.py
[2026-08-02T16:27:27.615+0000] {processor.py:183} INFO - Processing /opt/airflow/dags/feature_pipeline_dag.py took 0.161 seconds
[2026-08-02T16:28:03.080+0000] {processor.py:161} INFO - Started process (PID=231) to work on /opt/airflow/dags/feature_pipeline_dag.py
[2026-08-02T16:28:03.083+0000] {processor.py:830} INFO - Processing file /opt/airflow/dags/feature_pipeline_dag.py for tasks to queue
[2026-08-02T16:28:03.089+0000] {logging_mixin.py:188} INFO - [2026-08-02T16:28:03.088+0000] {dagbag.py:545} INFO - Filling up the DagBag from /opt/airflow/dags/feature_pipeline_dag.py
[2026-08-02T16:28:03.134+0000] {processor.py:842} WARNING - No viable dags retrieved from /opt/airflow/dags/feature_pipeline_dag.py
[2026-08-02T16:28:03.179+0000] {processor.py:183} INFO - Processing /opt/airflow/dags/feature_pipeline_dag.py took 0.130 seconds
[2026-08-02T16:29:15.746+0000] {processor.py:161} INFO - Started process (PID=171) to work on /opt/airflow/dags/feature_pipeline_dag.py
[2026-08-02T16:29:15.764+0000] {processor.py:830} INFO - Processing file /opt/airflow/dags/feature_pipeline_dag.py for tasks to queue
[2026-08-02T16:29:15.798+0000] {logging_mixin.py:188} INFO - [2026-08-02T16:29:15.797+0000] {dagbag.py:545} INFO - Filling up the DagBag from /opt/airflow/dags/feature_pipeline_dag.py
[2026-08-02T16:29:15.951+0000] {processor.py:842} WARNING - No viable dags retrieved from /opt/airflow/dags/feature_pipeline_dag.py
[2026-08-02T16:29:22.533+0000] {processor.py:183} INFO - Processing /opt/airflow/dags/feature_pipeline_dag.py took 0.986 seconds
[2026-08-02T16:29:47.484+0000] {processor.py:161} INFO - Started process (PID=181) to work on /opt/airflow/dags/feature_pipeline_dag.py
[2026-08-02T16:29:47.490+0000] {processor.py:830} INFO - Processing file /opt/airflow/dags/feature_pipeline_dag.py for tasks to queue
[2026-08-02T16:29:47.553+0000] {logging_mixin.py:188} INFO - [2026-08-02T16:29:47.544+0000] {dagbag.py:545} INFO - Filling up the DagBag from /opt/airflow/dags/feature_pipeline_dag.py
[2026-08-02T16:29:47.691+0000] {processor.py:842} WARNING - No viable dags retrieved from /opt/airflow/dags/feature_pipeline_dag.py
[2026-08-02T16:29:48.113+0000] {processor.py:183} INFO - Processing /opt/airflow/dags/feature_pipeline_dag.py took 0.860 seconds
[2026-08-02T16:30:14.461+0000] {processor.py:161} INFO - Started process (PID=191) to work on /opt/airflow/dags/feature_pipeline_dag.py
[2026-08-02T16:30:14.475+0000] {processor.py:830} INFO - Processing file /opt/airflow/dags/feature_pipeline_dag.py for tasks to queue
[2026-08-02T16:30:14.533+0000] {logging_mixin.py:188} INFO - [2026-08-02T16:30:14.532+0000] {dagbag.py:545} INFO - Filling up the DagBag from /opt/airflow/dags/feature_pipeline_dag.py
[2026-08-02T16:30:14.648+0000] {processor.py:842} WARNING - No viable dags retrieved from /opt/airflow/dags/feature_pipeline_dag.py
[2026-08-02T16:30:14.834+0000] {processor.py:183} INFO - Processing /opt/airflow/dags/feature_pipeline_dag.py took 1.116 seconds
[2026-08-02T16:30:42.294+0000] {processor.py:161} INFO - Started process (PID=201) to work on /opt/airflow/dags/feature_pipeline_dag.py
[2026-08-02T16:30:42.297+0000] {processor.py:830} INFO - Processing file /opt/airflow/dags/feature_pipeline_dag.py for tasks to queue
[2026-08-02T16:30:42.316+0000] {logging_mixin.py:188} INFO - [2026-08-02T16:30:42.314+0000] {dagbag.py:545} INFO - Filling up the DagBag from /opt/airflow/dags/feature_pipeline_dag.py
[2026-08-02T16:30:42.372+0000] {processor.py:842} WARNING - No viable dags retrieved from /opt/airflow/dags/feature_pipeline_dag.py
[2026-08-02T16:30:49.171+0000] {processor.py:183} INFO - Processing /opt/airflow/dags/feature_pipeline_dag.py took 0.632 seconds
[2026-08-02T16:31:23.189+0000] {processor.py:161} INFO - Started process (PID=211) to work on /opt/airflow/dags/feature_pipeline_dag.py
[2026-08-02T16:31:23.196+0000] {processor.py:830} INFO - Processing file /opt/airflow/dags/feature_pipeline_dag.py for tasks to queue
[2026-08-02T16:31:23.212+0000] {logging_mixin.py:188} INFO - [2026-08-02T16:31:23.211+0000] {dagbag.py:545} INFO - Filling up the DagBag from /opt/airflow/dags/feature_pipeline_dag.py
[2026-08-02T16:31:17.118+0000] {processor.py:842} WARNING - No viable dags retrieved from /opt/airflow/dags/feature_pipeline_dag.py
[2026-08-02T16:31:17.254+0000] {processor.py:183} INFO - Processing /opt/airflow/dags/feature_pipeline_dag.py took 0.288 seconds
[2026-08-02T16:31:47.778+0000] {processor.py:161} INFO - Started process (PID=221) to work on /opt/airflow/dags/feature_pipeline_dag.py
[2026-08-02T16:31:47.781+0000] {processor.py:830} INFO - Processing file /opt/airflow/dags/feature_pipeline_dag.py for tasks to queue
[2026-08-02T16:31:47.787+0000] {logging_mixin.py:188} INFO - [2026-08-02T16:31:47.787+0000] {dagbag.py:545} INFO - Filling up the DagBag from /opt/airflow/dags/feature_pipeline_dag.py
[2026-08-02T16:31:47.827+0000] {processor.py:842} WARNING - No viable dags retrieved from /opt/airflow/dags/feature_pipeline_dag.py
[2026-08-02T16:31:47.880+0000] {processor.py:183} INFO - Processing /opt/airflow/dags/feature_pipeline_dag.py took 0.121 seconds
[2026-08-02T16:32:12.207+0000] {processor.py:161} INFO - Started process (PID=231) to work on /opt/airflow/dags/feature_pipeline_dag.py
[2026-08-02T16:32:12.213+0000] {processor.py:830} INFO - Processing file /opt/airflow/dags/feature_pipeline_dag.py for tasks to queue
[2026-08-02T16:32:12.228+0000] {logging_mixin.py:188} INFO - [2026-08-02T16:32:12.226+0000] {dagbag.py:545} INFO - Filling up the DagBag from /opt/airflow/dags/feature_pipeline_dag.py
[2026-08-02T16:32:12.276+0000] {processor.py:842} WARNING - No viable dags retrieved from /opt/airflow/dags/feature_pipeline_dag.py
[2026-08-02T16:32:12.337+0000] {processor.py:183} INFO - Processing /opt/airflow/dags/feature_pipeline_dag.py took 0.161 seconds
[2026-08-02T16:32:43.829+0000] {processor.py:161} INFO - Started process (PID=241) to work on /opt/airflow/dags/feature_pipeline_dag.py
[2026-08-02T16:32:43.832+0000] {processor.py:830} INFO - Processing file /opt/airflow/dags/feature_pipeline_dag.py for tasks to queue
[2026-08-02T16:32:43.840+0000] {logging_mixin.py:188} INFO - [2026-08-02T16:32:43.839+0000] {dagbag.py:545} INFO - Filling up the DagBag from /opt/airflow/dags/feature_pipeline_dag.py
[2026-08-02T16:32:43.889+0000] {processor.py:842} WARNING - No viable dags retrieved from /opt/airflow/dags/feature_pipeline_dag.py
[2026-08-02T16:32:43.935+0000] {processor.py:183} INFO - Processing /opt/airflow/dags/feature_pipeline_dag.py took 0.126 seconds
[2026-08-02T16:33:14.748+0000] {processor.py:161} INFO - Started process (PID=251) to work on /opt/airflow/dags/feature_pipeline_dag.py
[2026-08-02T16:33:14.753+0000] {processor.py:830} INFO - Processing file /opt/airflow/dags/feature_pipeline_dag.py for tasks to queue
[2026-08-02T16:33:14.760+0000] {logging_mixin.py:188} INFO - [2026-08-02T16:33:14.759+0000] {dagbag.py:545} INFO - Filling up the DagBag from /opt/airflow/dags/feature_pipeline_dag.py
[2026-08-02T16:33:14.802+0000] {processor.py:842} WARNING - No viable dags retrieved from /opt/airflow/dags/feature_pipeline_dag.py
[2026-08-02T16:33:14.860+0000] {processor.py:183} INFO - Processing /opt/airflow/dags/feature_pipeline_dag.py took 0.130 seconds
[2026-08-02T16:33:48.801+0000] {processor.py:161} INFO - Started process (PID=261) to work on /opt/airflow/dags/feature_pipeline_dag.py
[2026-08-02T16:33:42.578+0000] {processor.py:830} INFO - Processing file /opt/airflow/dags/feature_pipeline_dag.py for tasks to queue
[2026-08-02T16:33:42.675+0000] {logging_mixin.py:188} INFO - [2026-08-02T16:33:42.664+0000] {dagbag.py:545} INFO - Filling up the DagBag from /opt/airflow/dags/feature_pipeline_dag.py
[2026-08-02T16:33:42.746+0000] {processor.py:842} WARNING - No viable dags retrieved from /opt/airflow/dags/feature_pipeline_dag.py
[2026-08-02T16:33:42.999+0000] {processor.py:183} INFO - Processing /opt/airflow/dags/feature_pipeline_dag.py took 0.642 seconds
[2026-08-02T16:34:13.352+0000] {processor.py:161} INFO - Started process (PID=271) to work on /opt/airflow/dags/feature_pipeline_dag.py
[2026-08-02T16:34:13.355+0000] {processor.py:830} INFO - Processing file /opt/airflow/dags/feature_pipeline_dag.py for tasks to queue
[2026-08-02T16:34:13.361+0000] {logging_mixin.py:188} INFO - [2026-08-02T16:34:13.360+0000] {dagbag.py:545} INFO - Filling up the DagBag from /opt/airflow/dags/feature_pipeline_dag.py
[2026-08-02T16:34:13.402+0000] {processor.py:842} WARNING - No viable dags retrieved from /opt/airflow/dags/feature_pipeline_dag.py
[2026-08-02T16:34:07.192+0000] {processor.py:183} INFO - Processing /opt/airflow/dags/feature_pipeline_dag.py took 0.113 seconds
[2026-08-02T16:34:43.080+0000] {processor.py:161} INFO - Started process (PID=281) to work on /opt/airflow/dags/feature_pipeline_dag.py
[2026-08-02T16:34:43.082+0000] {processor.py:830} INFO - Processing file /opt/airflow/dags/feature_pipeline_dag.py for tasks to queue
[2026-08-02T16:34:43.089+0000] {logging_mixin.py:188} INFO - [2026-08-02T16:34:43.088+0000] {dagbag.py:545} INFO - Filling up the DagBag from /opt/airflow/dags/feature_pipeline_dag.py
[2026-08-02T16:34:43.128+0000] {processor.py:842} WARNING - No viable dags retrieved from /opt/airflow/dags/feature_pipeline_dag.py
[2026-08-02T16:34:43.169+0000] {processor.py:183} INFO - Processing /opt/airflow/dags/feature_pipeline_dag.py took 0.103 seconds
[2026-08-02T16:35:18.635+0000] {processor.py:161} INFO - Started process (PID=291) to work on /opt/airflow/dags/feature_pipeline_dag.py
[2026-08-02T16:35:18.639+0000] {processor.py:830} INFO - Processing file /opt/airflow/dags/feature_pipeline_dag.py for tasks to queue
[2026-08-02T16:35:18.645+0000] {logging_mixin.py:188} INFO - [2026-08-02T16:35:18.644+0000] {dagbag.py:545} INFO - Filling up the DagBag from /opt/airflow/dags/feature_pipeline_dag.py
[2026-08-02T16:35:18.687+0000] {processor.py:842} WARNING - No viable dags retrieved from /opt/airflow/dags/feature_pipeline_dag.py
[2026-08-02T16:35:18.786+0000] {processor.py:183} INFO - Processing /opt/airflow/dags/feature_pipeline_dag.py took 0.169 seconds
[2026-08-02T16:35:49.666+0000] {processor.py:161} INFO - Started process (PID=301) to work on /opt/airflow/dags/feature_pipeline_dag.py
[2026-08-02T16:35:49.669+0000] {processor.py:830} INFO - Processing file /opt/airflow/dags/feature_pipeline_dag.py for tasks to queue
[2026-08-02T16:35:49.674+0000] {logging_mixin.py:188} INFO - [2026-08-02T16:35:49.674+0000] {dagbag.py:545} INFO - Filling up the DagBag from /opt/airflow/dags/feature_pipeline_dag.py
[2026-08-02T16:35:49.721+0000] {processor.py:842} WARNING - No viable dags retrieved from /opt/airflow/dags/feature_pipeline_dag.py
[2026-08-02T16:35:49.762+0000] {processor.py:183} INFO - Processing /opt/airflow/dags/feature_pipeline_dag.py took 0.135 seconds
[2026-08-02T16:36:20.201+0000] {processor.py:161} INFO - Started process (PID=311) to work on /opt/airflow/dags/feature_pipeline_dag.py
[2026-08-02T16:36:20.203+0000] {processor.py:830} INFO - Processing file /opt/airflow/dags/feature_pipeline_dag.py for tasks to queue
[2026-08-02T16:36:20.207+0000] {logging_mixin.py:188} INFO - [2026-08-02T16:36:20.207+0000] {dagbag.py:545} INFO - Filling up the DagBag from /opt/airflow/dags/feature_pipeline_dag.py
[2026-08-02T16:36:20.248+0000] {processor.py:842} WARNING - No viable dags retrieved from /opt/airflow/dags/feature_pipeline_dag.py
[2026-08-02T16:36:20.287+0000] {processor.py:183} INFO - Processing /opt/airflow/dags/feature_pipeline_dag.py took 0.112 seconds
[2026-08-02T16:36:53.655+0000] {processor.py:161} INFO - Started process (PID=321) to work on /opt/airflow/dags/feature_pipeline_dag.py
[2026-08-02T16:36:53.658+0000] {processor.py:830} INFO - Processing file /opt/airflow/dags/feature_pipeline_dag.py for tasks to queue
[2026-08-02T16:36:53.665+0000] {logging_mixin.py:188} INFO - [2026-08-02T16:36:53.665+0000] {dagbag.py:545} INFO - Filling up the DagBag from /opt/airflow/dags/feature_pipeline_dag.py
[2026-08-02T16:36:53.724+0000] {processor.py:842} WARNING - No viable dags retrieved from /opt/airflow/dags/feature_pipeline_dag.py
[2026-08-02T16:36:53.765+0000] {processor.py:183} INFO - Processing /opt/airflow/dags/feature_pipeline_dag.py took 0.127 seconds
[2026-08-02T16:37:29.466+0000] {processor.py:161} INFO - Started process (PID=331) to work on /opt/airflow/dags/feature_pipeline_dag.py
[2026-08-02T16:37:29.469+0000] {processor.py:830} INFO - Processing file /opt/airflow/dags/feature_pipeline_dag.py for tasks to queue
[2026-08-02T16:37:29.476+0000] {logging_mixin.py:188} INFO - [2026-08-02T16:37:29.474+0000] {dagbag.py:545} INFO - Filling up the DagBag from /opt/airflow/dags/feature_pipeline_dag.py
[2026-08-02T16:37:29.519+0000] {processor.py:842} WARNING - No viable dags retrieved from /opt/airflow/dags/feature_pipeline_dag.py
[2026-08-02T16:37:29.592+0000] {processor.py:183} INFO - Processing /opt/airflow/dags/feature_pipeline_dag.py took 0.149 seconds
[2026-08-02T16:38:04.297+0000] {processor.py:161} INFO - Started process (PID=341) to work on /opt/airflow/dags/feature_pipeline_dag.py
[2026-08-02T16:38:04.300+0000] {processor.py:830} INFO - Processing file /opt/airflow/dags/feature_pipeline_dag.py for tasks to queue
[2026-08-02T16:38:04.305+0000] {logging_mixin.py:188} INFO - [2026-08-02T16:38:04.304+0000] {dagbag.py:545} INFO - Filling up the DagBag from /opt/airflow/dags/feature_pipeline_dag.py
[2026-08-02T16:38:04.349+0000] {processor.py:842} WARNING - No viable dags retrieved from /opt/airflow/dags/feature_pipeline_dag.py
[2026-08-02T16:38:04.393+0000] {processor.py:183} INFO - Processing /opt/airflow/dags/feature_pipeline_dag.py took 0.116 seconds
[2026-08-02T16:38:36.939+0000] {processor.py:161} INFO - Started process (PID=351) to work on /opt/airflow/dags/feature_pipeline_dag.py
[2026-08-02T16:38:36.942+0000] {processor.py:830} INFO - Processing file /opt/airflow/dags/feature_pipeline_dag.py for tasks to queue
[2026-08-02T16:38:36.950+0000] {logging_mixin.py:188} INFO - [2026-08-02T16:38:36.949+0000] {dagbag.py:545} INFO - Filling up the DagBag from /opt/airflow/dags/feature_pipeline_dag.py
[2026-08-02T16:38:36.995+0000] {processor.py:842} WARNING - No viable dags retrieved from /opt/airflow/dags/feature_pipeline_dag.py
[2026-08-02T16:38:37.036+0000] {processor.py:183} INFO - Processing /opt/airflow/dags/feature_pipeline_dag.py took 0.116 seconds
[2026-08-02T16:39:03.042+0000] {processor.py:161} INFO - Started process (PID=361) to work on /opt/airflow/dags/feature_pipeline_dag.py
[2026-08-02T16:39:03.045+0000] {processor.py:830} INFO - Processing file /opt/airflow/dags/feature_pipeline_dag.py for tasks to queue
[2026-08-02T16:39:03.051+0000] {logging_mixin.py:188} INFO - [2026-08-02T16:39:03.050+0000] {dagbag.py:545} INFO - Filling up the DagBag from /opt/airflow/dags/feature_pipeline_dag.py
[2026-08-02T16:39:03.087+0000] {processor.py:842} WARNING - No viable dags retrieved from /opt/airflow/dags/feature_pipeline_dag.py
[2026-08-02T16:39:03.158+0000] {processor.py:183} INFO - Processing /opt/airflow/dags/feature_pipeline_dag.py took 0.140 seconds
[2026-08-02T16:45:43.080+0000] {processor.py:161} INFO - Started process (PID=371) to work on /opt/airflow/dags/feature_pipeline_dag.py
[2026-08-02T16:45:43.083+0000] {processor.py:830} INFO - Processing file /opt/airflow/dags/feature_pipeline_dag.py for tasks to queue
[2026-08-02T16:45:43.092+0000] {logging_mixin.py:188} INFO - [2026-08-02T16:45:43.090+0000] {dagbag.py:545} INFO - Filling up the DagBag from /opt/airflow/dags/feature_pipeline_dag.py
[2026-08-02T16:45:43.138+0000] {processor.py:842} WARNING - No viable dags retrieved from /opt/airflow/dags/feature_pipeline_dag.py
[2026-08-02T16:45:44.650+0000] {processor.py:183} INFO - Processing /opt/airflow/dags/feature_pipeline_dag.py took 1.592 seconds
[2026-08-02T16:46:15.354+0000] {processor.py:161} INFO - Started process (PID=383) to work on /opt/airflow/dags/feature_pipeline_dag.py
[2026-08-02T16:46:15.385+0000] {processor.py:830} INFO - Processing file /opt/airflow/dags/feature_pipeline_dag.py for tasks to queue
[2026-08-02T16:46:15.406+0000] {logging_mixin.py:188} INFO - [2026-08-02T16:46:15.405+0000] {dagbag.py:545} INFO - Filling up the DagBag from /opt/airflow/dags/feature_pipeline_dag.py
[2026-08-02T16:46:15.444+0000] {processor.py:842} WARNING - No viable dags retrieved from /opt/airflow/dags/feature_pipeline_dag.py
[2026-08-02T16:46:15.579+0000] {processor.py:183} INFO - Processing /opt/airflow/dags/feature_pipeline_dag.py took 0.241 seconds
[2026-08-02T16:46:48.973+0000] {processor.py:161} INFO - Started process (PID=393) to work on /opt/airflow/dags/feature_pipeline_dag.py
[2026-08-02T16:46:48.979+0000] {processor.py:830} INFO - Processing file /opt/airflow/dags/feature_pipeline_dag.py for tasks to queue
[2026-08-02T16:46:48.984+0000] {logging_mixin.py:188} INFO - [2026-08-02T16:46:48.983+0000] {dagbag.py:545} INFO - Filling up the DagBag from /opt/airflow/dags/feature_pipeline_dag.py
[2026-08-02T16:46:49.018+0000] {processor.py:842} WARNING - No viable dags retrieved from /opt/airflow/dags/feature_pipeline_dag.py
[2026-08-02T16:46:49.084+0000] {processor.py:183} INFO - Processing /opt/airflow/dags/feature_pipeline_dag.py took 0.149 seconds
[2026-08-02T16:47:23.430+0000] {processor.py:161} INFO - Started process (PID=403) to work on /opt/airflow/dags/feature_pipeline_dag.py
[2026-08-02T16:47:23.433+0000] {processor.py:830} INFO - Processing file /opt/airflow/dags/feature_pipeline_dag.py for tasks to queue
[2026-08-02T16:47:23.441+0000] {logging_mixin.py:188} INFO - [2026-08-02T16:47:23.440+0000] {dagbag.py:545} INFO - Filling up the DagBag from /opt/airflow/dags/feature_pipeline_dag.py
[2026-08-02T16:47:23.491+0000] {processor.py:842} WARNING - No viable dags retrieved from /opt/airflow/dags/feature_pipeline_dag.py
[2026-08-02T16:47:23.543+0000] {processor.py:183} INFO - Processing /opt/airflow/dags/feature_pipeline_dag.py took 0.129 seconds
[2026-08-02T16:47:53.935+0000] {processor.py:161} INFO - Started process (PID=413) to work on /opt/airflow/dags/feature_pipeline_dag.py
[2026-08-02T16:47:53.938+0000] {processor.py:830} INFO - Processing file /opt/airflow/dags/feature_pipeline_dag.py for tasks to queue
[2026-08-02T16:47:53.944+0000] {logging_mixin.py:188} INFO - [2026-08-02T16:47:53.943+0000] {dagbag.py:545} INFO - Filling up the DagBag from /opt/airflow/dags/feature_pipeline_dag.py
[2026-08-02T16:47:47.855+0000] {processor.py:842} WARNING - No viable dags retrieved from /opt/airflow/dags/feature_pipeline_dag.py
[2026-08-02T16:47:47.918+0000] {processor.py:183} INFO - Processing /opt/airflow/dags/feature_pipeline_dag.py took 0.139 seconds
[2026-08-02T16:48:18.703+0000] {processor.py:161} INFO - Started process (PID=423) to work on /opt/airflow/dags/feature_pipeline_dag.py
[2026-08-02T16:48:18.708+0000] {processor.py:830} INFO - Processing file /opt/airflow/dags/feature_pipeline_dag.py for tasks to queue
[2026-08-02T16:48:18.716+0000] {logging_mixin.py:188} INFO - [2026-08-02T16:48:18.715+0000] {dagbag.py:545} INFO - Filling up the DagBag from /opt/airflow/dags/feature_pipeline_dag.py
[2026-08-02T16:48:18.761+0000] {processor.py:842} WARNING - No viable dags retrieved from /opt/airflow/dags/feature_pipeline_dag.py
[2026-08-02T16:48:12.777+0000] {processor.py:183} INFO - Processing /opt/airflow/dags/feature_pipeline_dag.py took 0.128 seconds
[2026-08-02T16:48:38.198+0000] {processor.py:161} INFO - Started process (PID=433) to work on /opt/airflow/dags/feature_pipeline_dag.py
[2026-08-02T16:48:38.201+0000] {processor.py:830} INFO - Processing file /opt/airflow/dags/feature_pipeline_dag.py for tasks to queue
[2026-08-02T16:48:38.212+0000] {logging_mixin.py:188} INFO - [2026-08-02T16:48:38.210+0000] {dagbag.py:545} INFO - Filling up the DagBag from /opt/airflow/dags/feature_pipeline_dag.py
[2026-08-02T16:48:38.346+0000] {processor.py:842} WARNING - No viable dags retrieved from /opt/airflow/dags/feature_pipeline_dag.py
[2026-08-02T16:48:38.499+0000] {processor.py:183} INFO - Processing /opt/airflow/dags/feature_pipeline_dag.py took 0.332 seconds
[2026-08-02T16:49:03.434+0000] {processor.py:161} INFO - Started process (PID=441) to work on /opt/airflow/dags/feature_pipeline_dag.py
[2026-08-02T16:49:03.440+0000] {processor.py:830} INFO - Processing file /opt/airflow/dags/feature_pipeline_dag.py for tasks to queue
[2026-08-02T16:49:03.446+0000] {logging_mixin.py:188} INFO - [2026-08-02T16:49:03.445+0000] {dagbag.py:545} INFO - Filling up the DagBag from /opt/airflow/dags/feature_pipeline_dag.py
[2026-08-02T16:49:03.546+0000] {processor.py:842} WARNING - No viable dags retrieved from /opt/airflow/dags/feature_pipeline_dag.py
[2026-08-02T16:49:03.708+0000] {processor.py:183} INFO - Processing /opt/airflow/dags/feature_pipeline_dag.py took 0.870 seconds
[2026-08-02T16:49:33.554+0000] {processor.py:161} INFO - Started process (PID=451) to work on /opt/airflow/dags/feature_pipeline_dag.py
[2026-08-02T16:49:33.671+0000] {processor.py:830} INFO - Processing file /opt/airflow/dags/feature_pipeline_dag.py for tasks to queue
[2026-08-02T16:49:34.028+0000] {logging_mixin.py:188} INFO - [2026-08-02T16:49:34.002+0000] {dagbag.py:545} INFO - Filling up the DagBag from /opt/airflow/dags/feature_pipeline_dag.py
[2026-08-02T16:49:34.249+0000] {processor.py:842} WARNING - No viable dags retrieved from /opt/airflow/dags/feature_pipeline_dag.py
[2026-08-02T16:49:34.688+0000] {processor.py:183} INFO - Processing /opt/airflow/dags/feature_pipeline_dag.py took 1.679 seconds
[2026-08-02T16:50:05.189+0000] {processor.py:161} INFO - Started process (PID=461) to work on /opt/airflow/dags/feature_pipeline_dag.py
[2026-08-02T16:50:05.192+0000] {processor.py:830} INFO - Processing file /opt/airflow/dags/feature_pipeline_dag.py for tasks to queue
[2026-08-02T16:50:05.197+0000] {logging_mixin.py:188} INFO - [2026-08-02T16:50:05.196+0000] {dagbag.py:545} INFO - Filling up the DagBag from /opt/airflow/dags/feature_pipeline_dag.py
[2026-08-02T16:50:05.246+0000] {processor.py:842} WARNING - No viable dags retrieved from /opt/airflow/dags/feature_pipeline_dag.py
[2026-08-02T16:50:05.289+0000] {processor.py:183} INFO - Processing /opt/airflow/dags/feature_pipeline_dag.py took 0.119 seconds
[2026-08-02T16:50:36.331+0000] {processor.py:161} INFO - Started process (PID=471) to work on /opt/airflow/dags/feature_pipeline_dag.py
[2026-08-02T16:50:36.335+0000] {processor.py:830} INFO - Processing file /opt/airflow/dags/feature_pipeline_dag.py for tasks to queue
[2026-08-02T16:50:36.344+0000] {logging_mixin.py:188} INFO - [2026-08-02T16:50:36.343+0000] {dagbag.py:545} INFO - Filling up the DagBag from /opt/airflow/dags/feature_pipeline_dag.py
[2026-08-02T16:50:36.385+0000] {processor.py:842} WARNING - No viable dags retrieved from /opt/airflow/dags/feature_pipeline_dag.py
[2026-08-02T16:50:36.425+0000] {processor.py:183} INFO - Processing /opt/airflow/dags/feature_pipeline_dag.py took 0.116 seconds
[2026-08-02T16:51:07.502+0000] {processor.py:161} INFO - Started process (PID=481) to work on /opt/airflow/dags/feature_pipeline_dag.py
[2026-08-02T16:51:07.504+0000] {processor.py:830} INFO - Processing file /opt/airflow/dags/feature_pipeline_dag.py for tasks to queue
[2026-08-02T16:51:07.516+0000] {logging_mixin.py:188} INFO - [2026-08-02T16:51:07.515+0000] {dagbag.py:545} INFO - Filling up the DagBag from /opt/airflow/dags/feature_pipeline_dag.py
[2026-08-02T16:51:13.706+0000] {processor.py:842} WARNING - No viable dags retrieved from /opt/airflow/dags/feature_pipeline_dag.py
[2026-08-02T16:51:13.780+0000] {processor.py:183} INFO - Processing /opt/airflow/dags/feature_pipeline_dag.py took 0.160 seconds
[2026-08-02T16:51:44.108+0000] {processor.py:161} INFO - Started process (PID=491) to work on /opt/airflow/dags/feature_pipeline_dag.py
[2026-08-02T16:51:44.110+0000] {processor.py:830} INFO - Processing file /opt/airflow/dags/feature_pipeline_dag.py for tasks to queue
[2026-08-02T16:51:44.116+0000] {logging_mixin.py:188} INFO - [2026-08-02T16:51:44.115+0000] {dagbag.py:545} INFO - Filling up the DagBag from /opt/airflow/dags/feature_pipeline_dag.py
[2026-08-02T16:51:44.161+0000] {processor.py:842} WARNING - No viable dags retrieved from /opt/airflow/dags/feature_pipeline_dag.py
[2026-08-02T16:51:44.216+0000] {processor.py:183} INFO - Processing /opt/airflow/dags/feature_pipeline_dag.py took 0.135 seconds
[2026-08-02T16:52:14.737+0000] {processor.py:161} INFO - Started process (PID=500) to work on /opt/airflow/dags/feature_pipeline_dag.py
[2026-08-02T16:52:14.741+0000] {processor.py:830} INFO - Processing file /opt/airflow/dags/feature_pipeline_dag.py for tasks to queue
[2026-08-02T16:52:14.748+0000] {logging_mixin.py:188} INFO - [2026-08-02T16:52:14.746+0000] {dagbag.py:545} INFO - Filling up the DagBag from /opt/airflow/dags/feature_pipeline_dag.py
[2026-08-02T16:52:14.794+0000] {processor.py:842} WARNING - No viable dags retrieved from /opt/airflow/dags/feature_pipeline_dag.py
[2026-08-02T16:52:14.955+0000] {processor.py:183} INFO - Processing /opt/airflow/dags/feature_pipeline_dag.py took 0.241 seconds
[2026-08-02T16:52:49.395+0000] {processor.py:161} INFO - Started process (PID=511) to work on /opt/airflow/dags/feature_pipeline_dag.py
[2026-08-02T16:52:49.399+0000] {processor.py:830} INFO - Processing file /opt/airflow/dags/feature_pipeline_dag.py for tasks to queue
[2026-08-02T16:52:49.408+0000] {logging_mixin.py:188} INFO - [2026-08-02T16:52:49.408+0000] {dagbag.py:545} INFO - Filling up the DagBag from /opt/airflow/dags/feature_pipeline_dag.py
[2026-08-02T16:52:49.457+0000] {processor.py:842} WARNING - No viable dags retrieved from /opt/airflow/dags/feature_pipeline_dag.py
[2026-08-02T16:52:49.507+0000] {processor.py:183} INFO - Processing /opt/airflow/dags/feature_pipeline_dag.py took 0.158 seconds
