[2026-08-05T10:38:56.405+0000] {local_task_job_runner.py:120} INFO - ::group::Pre task execution logs
[2026-08-05T10:38:56.750+0000] {taskinstance.py:2076} INFO - Dependencies all met for dep_context=non-requeueable deps ti=<TaskInstance: feature_pipeline.loading manual__2026-08-05T10:38:23.925355+00:00 [queued]>
[2026-08-05T10:38:56.773+0000] {taskinstance.py:2076} INFO - Dependencies all met for dep_context=requeueable deps ti=<TaskInstance: feature_pipeline.loading manual__2026-08-05T10:38:23.925355+00:00 [queued]>
[2026-08-05T10:38:56.774+0000] {taskinstance.py:2306} INFO - Starting attempt 1 of 1
[2026-08-05T10:38:56.814+0000] {taskinstance.py:2330} INFO - Executing <Task(_PythonDecoratedOperator): loading> on 2026-08-05 10:38:23.925355+00:00
[2026-08-05T10:38:56.841+0000] {standard_task_runner.py:64} INFO - Started process 538 to run task
[2026-08-05T10:38:56.884+0000] {standard_task_runner.py:90} INFO - Running: ['***', 'tasks', 'run', 'feature_pipeline', 'loading', 'manual__2026-08-05T10:38:23.925355+00:00', '--job-id', '41', '--raw', '--subdir', 'DAGS_FOLDER/feature_pipeline_dag.py', '--cfg-path', '/tmp/tmplehwsb0p']
[2026-08-05T10:38:56.916+0000] {standard_task_runner.py:91} INFO - Job 41: Subtask loading
[2026-08-05T10:38:57.191+0000] {task_command.py:426} INFO - Running <TaskInstance: feature_pipeline.loading manual__2026-08-05T10:38:23.925355+00:00 [running]> on host a19e9d16724f
[2026-08-05T10:38:57.448+0000] {taskinstance.py:2648} INFO - Exporting env vars: AIRFLOW_CTX_DAG_OWNER='***' AIRFLOW_CTX_DAG_ID='feature_pipeline' AIRFLOW_CTX_TASK_ID='loading' AIRFLOW_CTX_EXECUTION_DATE='2026-08-05T10:38:23.925355+00:00' AIRFLOW_CTX_TRY_NUMBER='1' AIRFLOW_CTX_DAG_RUN_ID='manual__2026-08-05T10:38:23.925355+00:00'
[2026-08-05T10:38:57.451+0000] {taskinstance.py:430} INFO - ::endgroup::
[2026-08-05T10:38:57.606+0000] {external.py:63} INFO - Initializing external client
[2026-08-05T10:38:57.608+0000] {external.py:70} INFO - Base URL: https://eu-west.cloud.hopsworks.ai:443
[2026-08-05T10:39:02.700+0000] {python.py:138} INFO - Python Engine initialized.
[2026-08-05T10:39:04.330+0000] {logging_mixin.py:188} INFO - 
Logged in to project, explore it here https://eu-west.cloud.hopsworks.ai:443/p/41136
[2026-08-05T10:39:15.566+0000] {logging_mixin.py:188} WARNING - Uploading Dataframe: 0.00% |          | Rows 0/1 | Elapsed Time: 00:00 | Remaining Time: ?
[2026-08-05T10:39:17.166+0000] {logging_mixin.py:188} WARNING - Uploading Dataframe: 100.00% |##########| Rows 1/1 | Elapsed Time: 00:01 | Remaining Time: 00:00
[2026-08-05T10:39:17.169+0000] {logging_mixin.py:188} WARNING - Uploading Dataframe: 100.00% |##########| Rows 1/1 | Elapsed Time: 00:01 | Remaining Time: 00:00
[2026-08-05T10:39:18.190+0000] {logging_mixin.py:188} WARNING - /home/***/.local/lib/python3.11/site-packages/hopsworks_common/job.py:249 UserWarning: Materialization job is already running, aborting new execution.Please wait for the current execution to finish before triggering a new one.You can check the status of the current execution using `fg.materialization_job.get_state()`.or `fg.materialization_job.get_final_state()` or check it out in the Hopsworks UI.at https://eu-west.cloud.hopsworks.ai:443/p/41136/jobs/named/aqi_features_1_offline_fg_materialization.
Use fg.materialization_job.run(args=-op offline_fg_materialization -path hdfs:///Projects/aqi_predictor_2026_7x9k/Resources/jobs/aqi_features_1_offline_fg_materialization/config_1785673201041) to trigger the materialization job again.
[2026-08-05T10:39:18.191+0000] {logging_mixin.py:188} INFO - Inserted 1 record into 'aqi_features' feature group.
[2026-08-05T10:39:18.192+0000] {python.py:237} INFO - Done. Returned value was: None
[2026-08-05T10:39:18.194+0000] {taskinstance.py:441} INFO - ::group::Post task execution logs
[2026-08-05T10:39:18.214+0000] {taskinstance.py:1206} INFO - Marking task as SUCCESS. dag_id=feature_pipeline, task_id=loading, run_id=manual__2026-08-05T10:38:23.925355+00:00, execution_date=20260805T103823, start_date=20260805T103856, end_date=20260805T103918
[2026-08-05T10:39:18.288+0000] {local_task_job_runner.py:243} INFO - Task exited with return code 0
[2026-08-05T10:39:18.317+0000] {taskinstance.py:3503} INFO - 0 downstream tasks scheduled from follow-on schedule check
[2026-08-05T10:39:18.322+0000] {local_task_job_runner.py:222} INFO - ::endgroup::
