[2026-08-26T19:16:11.458+0000] {local_task_job_runner.py:120} INFO - ::group::Pre task execution logs
[2026-08-26T19:16:11.962+0000] {taskinstance.py:2076} INFO - Dependencies all met for dep_context=non-requeueable deps ti=<TaskInstance: feature_pipeline.transformation scheduled__2026-08-26T18:00:00+00:00 map_index=3 [queued]>
[2026-08-26T19:16:12.088+0000] {taskinstance.py:2076} INFO - Dependencies all met for dep_context=requeueable deps ti=<TaskInstance: feature_pipeline.transformation scheduled__2026-08-26T18:00:00+00:00 map_index=3 [queued]>
[2026-08-26T19:16:12.094+0000] {taskinstance.py:2306} INFO - Starting attempt 1 of 1
[2026-08-26T19:16:12.375+0000] {taskinstance.py:2330} INFO - Executing <Mapped(_PythonDecoratedOperator): transformation> on 2026-08-26 18:00:00+00:00
[2026-08-26T19:16:12.405+0000] {standard_task_runner.py:64} INFO - Started process 737 to run task
[2026-08-26T19:16:12.499+0000] {standard_task_runner.py:90} INFO - Running: ['***', 'tasks', 'run', 'feature_pipeline', 'transformation', 'scheduled__2026-08-26T18:00:00+00:00', '--job-id', '295', '--raw', '--subdir', 'DAGS_FOLDER/feature_pipeline_dag.py', '--cfg-path', '/tmp/tmpk_xg63mh', '--map-index', '3']
[2026-08-26T19:16:12.574+0000] {standard_task_runner.py:91} INFO - Job 295: Subtask transformation
[2026-08-26T19:16:13.940+0000] {task_command.py:426} INFO - Running <TaskInstance: feature_pipeline.transformation scheduled__2026-08-26T18:00:00+00:00 map_index=3 [running]> on host 7b0f76ea354d
[2026-08-26T19:16:18.213+0000] {taskinstance.py:2648} INFO - Exporting env vars: AIRFLOW_CTX_DAG_OWNER='***' AIRFLOW_CTX_DAG_ID='feature_pipeline' AIRFLOW_CTX_TASK_ID='transformation' AIRFLOW_CTX_EXECUTION_DATE='2026-08-26T18:00:00+00:00' AIRFLOW_CTX_TRY_NUMBER='1' AIRFLOW_CTX_DAG_RUN_ID='scheduled__2026-08-26T18:00:00+00:00'
[2026-08-26T19:16:18.216+0000] {taskinstance.py:430} INFO - ::endgroup::
[2026-08-26T19:16:18.805+0000] {external.py:63} INFO - Initializing external client
[2026-08-26T19:16:18.806+0000] {external.py:70} INFO - Base URL: https://eu-west.cloud.hopsworks.ai:443
[2026-08-26T19:16:32.623+0000] {python.py:138} INFO - Python Engine initialized.
[2026-08-26T19:16:34.115+0000] {logging_mixin.py:188} INFO - 
Logged in to project, explore it here https://eu-west.cloud.hopsworks.ai:443/p/41136
[2026-08-26T19:16:56.048+0000] {logging_mixin.py:188} INFO - Reading data from Hopsworks, using Hopsworks Feature Query Service.   Reading data from Hopsworks, using Hopsworks Feature Query Service..   Reading data from Hopsworks, using Hopsworks Feature Query Service...   Reading data from Hopsworks, using Hopsworks Feature Query Service   Reading data from Hopsworks, using Hopsworks Feature Query Service.   Reading data from Hopsworks, using Hopsworks Feature Query Service..   Reading data from Hopsworks, using Hopsworks Feature Query Service...   Reading data from Hopsworks, using Hopsworks Feature Query Service   Reading data from Hopsworks, using Hopsworks Feature Query Service.   Reading data from Hopsworks, using Hopsworks Feature Query Service..   Reading data from Hopsworks, using Hopsworks Feature Query Service...   Reading data from Hopsworks, using Hopsworks Feature Query Service   Reading data from Hopsworks, using Hopsworks Feature Query Service.   Reading data from Hopsworks, using Hopsworks Feature Query Service..   Reading data from Hopsworks, using Hopsworks Feature Query Service...   Reading data from Hopsworks, using Hopsworks Feature Query Service   Reading data from Hopsworks, using Hopsworks Feature Query Service.   Reading data from Hopsworks, using Hopsworks Feature Query Service..   Reading data from Hopsworks, using Hopsworks Feature Query Service...   Finished: Reading data from Hopsworks, using Hopsworks Feature Query Service (9.25s) 
[2026-08-26T19:16:56.075+0000] {python.py:237} INFO - Done. Returned value was: {'city': 'peshawar', 'timestamp': '2026-08-26T19:15:50.257543+00:00', 'temperature': 32.08, 'humidity': 70, 'wind_speed': 4.12, 'aqi': 25, 'pm25': 25, 'pm10': 0, 'hour': 19, 'day': 26, 'month': 8, 'is_weekend': False, 'aqi_yesterday': 25, 'aqi_change_rate': 0.0, 'rolling_average_aqi': 93.75}
[2026-08-26T19:16:56.077+0000] {taskinstance.py:441} INFO - ::group::Post task execution logs
[2026-08-26T19:16:56.140+0000] {taskinstance.py:1206} INFO - Marking task as SUCCESS. dag_id=feature_pipeline, task_id=transformation, run_id=scheduled__2026-08-26T18:00:00+00:00, map_index=3, execution_date=20260826T180000, start_date=20260826T191611, end_date=20260826T191656
[2026-08-26T19:16:56.296+0000] {local_task_job_runner.py:243} INFO - Task exited with return code 0
[2026-08-26T19:16:56.354+0000] {taskinstance.py:3503} INFO - 0 downstream tasks scheduled from follow-on schedule check
[2026-08-26T19:16:56.363+0000] {local_task_job_runner.py:222} INFO - ::endgroup::
