[2026-08-30T10:49:40.902+0000] {local_task_job_runner.py:120} INFO - ::group::Pre task execution logs
[2026-08-30T10:49:37.738+0000] {taskinstance.py:2076} INFO - Dependencies all met for dep_context=non-requeueable deps ti=<TaskInstance: feature_pipeline.loading manual__2026-08-30T10:47:33.886936+00:00 map_index=0 [queued]>
[2026-08-30T10:49:37.763+0000] {taskinstance.py:2076} INFO - Dependencies all met for dep_context=requeueable deps ti=<TaskInstance: feature_pipeline.loading manual__2026-08-30T10:47:33.886936+00:00 map_index=0 [queued]>
[2026-08-30T10:49:37.764+0000] {taskinstance.py:2306} INFO - Starting attempt 1 of 1
[2026-08-30T10:49:37.849+0000] {taskinstance.py:2330} INFO - Executing <Mapped(_PythonDecoratedOperator): loading> on 2026-08-30 10:47:33.886936+00:00
[2026-08-30T10:49:37.873+0000] {standard_task_runner.py:64} INFO - Started process 1336 to run task
[2026-08-30T10:49:37.881+0000] {standard_task_runner.py:90} INFO - Running: ['***', 'tasks', 'run', 'feature_pipeline', 'loading', 'manual__2026-08-30T10:47:33.886936+00:00', '--job-id', '451', '--raw', '--subdir', 'DAGS_FOLDER/feature_pipeline_dag.py', '--cfg-path', '/tmp/tmpedvriz1_', '--map-index', '0']
[2026-08-30T10:49:37.890+0000] {standard_task_runner.py:91} INFO - Job 451: Subtask loading
[2026-08-30T10:49:38.041+0000] {task_command.py:426} INFO - Running <TaskInstance: feature_pipeline.loading manual__2026-08-30T10:47:33.886936+00:00 map_index=0 [running]> on host eb0d84ea74be
[2026-08-30T10:49:38.733+0000] {taskinstance.py:2648} INFO - Exporting env vars: AIRFLOW_CTX_DAG_OWNER='***' AIRFLOW_CTX_DAG_ID='feature_pipeline' AIRFLOW_CTX_TASK_ID='loading' AIRFLOW_CTX_EXECUTION_DATE='2026-08-30T10:47:33.886936+00:00' AIRFLOW_CTX_TRY_NUMBER='1' AIRFLOW_CTX_DAG_RUN_ID='manual__2026-08-30T10:47:33.886936+00:00'
[2026-08-30T10:49:38.735+0000] {taskinstance.py:430} INFO - ::endgroup::
[2026-08-30T10:49:38.818+0000] {external.py:63} INFO - Initializing external client
[2026-08-30T10:49:38.819+0000] {external.py:70} INFO - Base URL: https://eu-west.cloud.hopsworks.ai:443
[2026-08-30T10:49:42.840+0000] {python.py:140} INFO - Python Engine initialized.
[2026-08-30T10:49:44.996+0000] {logging_mixin.py:188} INFO - 
Logged in to project, explore it here https://eu-west.cloud.hopsworks.ai:443/p/41136
[2026-08-30T10:49:56.002+0000] {logging_mixin.py:188} WARNING - Uploading Dataframe: 0.00% |          | Rows 0/1 | Elapsed Time: 00:00 | Remaining Time: ?
[2026-08-30T10:49:57.688+0000] {logging_mixin.py:188} WARNING - Uploading Dataframe: 100.00% |##########| Rows 1/1 | Elapsed Time: 00:01 | Remaining Time: 00:00
[2026-08-30T10:49:57.692+0000] {logging_mixin.py:188} WARNING - Uploading Dataframe: 100.00% |##########| Rows 1/1 | Elapsed Time: 00:01 | Remaining Time: 00:00
[2026-08-30T10:49:58.528+0000] {logging_mixin.py:188} INFO - Launching job: aqi_features_1_offline_fg_materialization
[2026-08-30T10:50:05.407+0000] {logging_mixin.py:188} INFO - Job started successfully, you can follow the progress at 
https://eu-west.cloud.hopsworks.ai:443/p/41136/jobs/named/aqi_features_1_offline_fg_materialization/executions
[2026-08-30T10:50:05.408+0000] {logging_mixin.py:188} INFO - Inserted 1 record into 'aqi_features' feature group.
[2026-08-30T10:50:05.410+0000] {python.py:237} INFO - Done. Returned value was: None
[2026-08-30T10:50:05.412+0000] {taskinstance.py:441} INFO - ::group::Post task execution logs
[2026-08-30T10:50:05.435+0000] {taskinstance.py:1206} INFO - Marking task as SUCCESS. dag_id=feature_pipeline, task_id=loading, run_id=manual__2026-08-30T10:47:33.886936+00:00, map_index=0, execution_date=20260830T104733, start_date=20260830T104937, end_date=20260830T105005
[2026-08-30T10:50:08.858+0000] {local_task_job_runner.py:243} INFO - Task exited with return code 0
[2026-08-30T10:50:05.766+0000] {local_task_job_runner.py:222} INFO - ::endgroup::
