[2026-08-06T13:09:16.647+0000] {local_task_job_runner.py:120} INFO - ::group::Pre task execution logs
[2026-08-06T13:09:16.872+0000] {taskinstance.py:2076} INFO - Dependencies all met for dep_context=non-requeueable deps ti=<TaskInstance: feature_pipeline.transformation scheduled__2026-08-06T12:00:00+00:00 [queued]>
[2026-08-06T13:09:16.907+0000] {taskinstance.py:2076} INFO - Dependencies all met for dep_context=requeueable deps ti=<TaskInstance: feature_pipeline.transformation scheduled__2026-08-06T12:00:00+00:00 [queued]>
[2026-08-06T13:09:16.910+0000] {taskinstance.py:2306} INFO - Starting attempt 1 of 1
[2026-08-06T13:09:17.003+0000] {taskinstance.py:2330} INFO - Executing <Task(_PythonDecoratedOperator): transformation> on 2026-08-06 12:00:00+00:00
[2026-08-06T13:09:17.184+0000] {standard_task_runner.py:64} INFO - Started process 225 to run task
[2026-08-06T13:09:17.246+0000] {standard_task_runner.py:90} INFO - Running: ['***', 'tasks', 'run', 'feature_pipeline', 'transformation', 'scheduled__2026-08-06T12:00:00+00:00', '--job-id', '47', '--raw', '--subdir', 'DAGS_FOLDER/feature_pipeline_dag.py', '--cfg-path', '/tmp/tmpjf8no7cw']
[2026-08-06T13:09:17.409+0000] {standard_task_runner.py:91} INFO - Job 47: Subtask transformation
[2026-08-06T13:09:18.279+0000] {task_command.py:426} INFO - Running <TaskInstance: feature_pipeline.transformation scheduled__2026-08-06T12:00:00+00:00 [running]> on host a19e9d16724f
[2026-08-06T13:09:19.934+0000] {taskinstance.py:2648} INFO - Exporting env vars: AIRFLOW_CTX_DAG_OWNER='***' AIRFLOW_CTX_DAG_ID='feature_pipeline' AIRFLOW_CTX_TASK_ID='transformation' AIRFLOW_CTX_EXECUTION_DATE='2026-08-06T12:00:00+00:00' AIRFLOW_CTX_TRY_NUMBER='1' AIRFLOW_CTX_DAG_RUN_ID='scheduled__2026-08-06T12:00:00+00:00'
[2026-08-06T13:09:19.954+0000] {taskinstance.py:430} INFO - ::endgroup::
[2026-08-06T13:09:24.499+0000] {external.py:63} INFO - Initializing external client
[2026-08-06T13:09:24.500+0000] {external.py:70} INFO - Base URL: https://eu-west.cloud.hopsworks.ai:443
[2026-08-06T13:09:43.938+0000] {python.py:138} INFO - Python Engine initialized.
[2026-08-06T13:09:45.595+0000] {logging_mixin.py:188} INFO - 
Logged in to project, explore it here https://eu-west.cloud.hopsworks.ai:443/p/41136
[2026-08-06T13:09:53.040+0000] {logging_mixin.py:188} INFO - Reading data from Hopsworks, using Hopsworks Feature Query Service.   Reading data from Hopsworks, using Hopsworks Feature Query Service..   Reading data from Hopsworks, using Hopsworks Feature Query Service...   Reading data from Hopsworks, using Hopsworks Feature Query Service   Reading data from Hopsworks, using Hopsworks Feature Query Service.   Reading data from Hopsworks, using Hopsworks Feature Query Service..   Reading data from Hopsworks, using Hopsworks Feature Query Service...   Finished: Reading data from Hopsworks, using Hopsworks Feature Query Service (3.14s) 
[2026-08-06T13:09:53.140+0000] {python.py:237} INFO - Done. Returned value was: {'city': 'lahore', 'timestamp': '2026-08-06T13:08:52.732176+00:00', 'temperature': 29.04, 'humidity': 76, 'wind_speed': 7.59, 'aqi': 34, 'pm25': 34, 'pm10': 0, 'hour': 13, 'day': 6, 'month': 8, 'is_weekend': False, 'aqi_yesterday': 34, 'aqi_change_rate': 0.0, 'rolling_average_aqi': 105.04166666666667}
[2026-08-06T13:09:53.142+0000] {taskinstance.py:441} INFO - ::group::Post task execution logs
[2026-08-06T13:09:53.288+0000] {taskinstance.py:1206} INFO - Marking task as SUCCESS. dag_id=feature_pipeline, task_id=transformation, run_id=scheduled__2026-08-06T12:00:00+00:00, execution_date=20260806T120000, start_date=20260806T130916, end_date=20260806T130953
[2026-08-06T13:09:53.548+0000] {local_task_job_runner.py:243} INFO - Task exited with return code 0
[2026-08-06T13:09:53.769+0000] {taskinstance.py:3503} INFO - 1 downstream tasks scheduled from follow-on schedule check
[2026-08-06T13:09:53.938+0000] {local_task_job_runner.py:222} INFO - ::endgroup::
