[2026-08-29T21:40:36.077+0000] {local_task_job_runner.py:120} INFO - ::group::Pre task execution logs
[2026-08-29T21:40:37.085+0000] {taskinstance.py:2076} INFO - Dependencies all met for dep_context=non-requeueable deps ti=<TaskInstance: feature_pipeline.loading manual__2026-08-29T21:35:04.912153+00:00 map_index=1 [queued]>
[2026-08-29T21:40:37.193+0000] {taskinstance.py:2076} INFO - Dependencies all met for dep_context=requeueable deps ti=<TaskInstance: feature_pipeline.loading manual__2026-08-29T21:35:04.912153+00:00 map_index=1 [queued]>
[2026-08-29T21:40:37.214+0000] {taskinstance.py:2306} INFO - Starting attempt 1 of 1
[2026-08-29T21:40:37.657+0000] {taskinstance.py:2330} INFO - Executing <Mapped(_PythonDecoratedOperator): loading> on 2026-08-29 21:35:04.912153+00:00
[2026-08-29T21:40:38.330+0000] {standard_task_runner.py:64} INFO - Started process 2625 to run task
[2026-08-29T21:40:39.543+0000] {standard_task_runner.py:90} INFO - Running: ['***', 'tasks', 'run', 'feature_pipeline', 'loading', 'manual__2026-08-29T21:35:04.912153+00:00', '--job-id', '407', '--raw', '--subdir', 'DAGS_FOLDER/feature_pipeline_dag.py', '--cfg-path', '/tmp/tmp7b9hvlu1', '--map-index', '1']
[2026-08-29T21:40:39.761+0000] {standard_task_runner.py:91} INFO - Job 407: Subtask loading
[2026-08-29T21:40:56.060+0000] {task_command.py:426} INFO - Running <TaskInstance: feature_pipeline.loading manual__2026-08-29T21:35:04.912153+00:00 map_index=1 [running]> on host 3a3807853b19
[2026-08-29T21:41:14.995+0000] {taskinstance.py:2648} INFO - Exporting env vars: AIRFLOW_CTX_DAG_OWNER='***' AIRFLOW_CTX_DAG_ID='feature_pipeline' AIRFLOW_CTX_TASK_ID='loading' AIRFLOW_CTX_EXECUTION_DATE='2026-08-29T21:35:04.912153+00:00' AIRFLOW_CTX_TRY_NUMBER='1' AIRFLOW_CTX_DAG_RUN_ID='manual__2026-08-29T21:35:04.912153+00:00'
[2026-08-29T21:41:15.018+0000] {taskinstance.py:430} INFO - ::endgroup::
[2026-08-29T21:41:16.841+0000] {external.py:63} INFO - Initializing external client
[2026-08-29T21:41:16.842+0000] {external.py:70} INFO - Base URL: https://eu-west.cloud.hopsworks.ai:443
[2026-08-29T21:41:43.332+0000] {python.py:140} INFO - Python Engine initialized.
[2026-08-29T21:41:45.216+0000] {logging_mixin.py:188} INFO - 
Logged in to project, explore it here https://eu-west.cloud.hopsworks.ai:443/p/41136
[2026-08-29T21:42:02.633+0000] {taskinstance.py:441} INFO - ::group::Post task execution logs
[2026-08-29T21:42:02.642+0000] {taskinstance.py:2905} ERROR - Task failed with exception
Traceback (most recent call last):
  File "/home/airflow/.local/lib/python3.11/site-packages/airflow/models/taskinstance.py", line 465, in _execute_task
    result = _execute_callable(context=context, **execute_callable_kwargs)
             ^^^^^^^^^^^^^^^^^^^^^^^^^^^^^^^^^^^^^^^^^^^^^^^^^^^^^^^^^^^^^
  File "/home/airflow/.local/lib/python3.11/site-packages/airflow/models/taskinstance.py", line 432, in _execute_callable
    return execute_callable(context=context, **execute_callable_kwargs)
           ^^^^^^^^^^^^^^^^^^^^^^^^^^^^^^^^^^^^^^^^^^^^^^^^^^^^^^^^^^^^
  File "/home/airflow/.local/lib/python3.11/site-packages/airflow/models/baseoperator.py", line 401, in wrapper
    return func(self, *args, **kwargs)
           ^^^^^^^^^^^^^^^^^^^^^^^^^^^
  File "/home/airflow/.local/lib/python3.11/site-packages/airflow/decorators/base.py", line 265, in execute
    return_value = super().execute(context)
                   ^^^^^^^^^^^^^^^^^^^^^^^^
  File "/home/airflow/.local/lib/python3.11/site-packages/airflow/models/baseoperator.py", line 401, in wrapper
    return func(self, *args, **kwargs)
           ^^^^^^^^^^^^^^^^^^^^^^^^^^^
  File "/home/airflow/.local/lib/python3.11/site-packages/airflow/operators/python.py", line 235, in execute
    return_value = self.execute_callable()
                   ^^^^^^^^^^^^^^^^^^^^^^^
  File "/home/airflow/.local/lib/python3.11/site-packages/airflow/operators/python.py", line 252, in execute_callable
    return self.python_callable(*self.op_args, **self.op_kwargs)
           ^^^^^^^^^^^^^^^^^^^^^^^^^^^^^^^^^^^^^^^^^^^^^^^^^^^^^
  File "/opt/airflow/dags/feature_pipeline_dag.py", line 73, in loading
    load(record)
  File "/opt/airflow/project/etl/load.py", line 62, in load
    feature_group.insert(df)
  File "/home/airflow/.local/lib/python3.11/site-packages/hsfs/feature_group.py", line 4109, in insert
    job, ge_report = self._feature_group_engine._insert(
                     ^^^^^^^^^^^^^^^^^^^^^^^^^^^^^^^^^^^
  File "/home/airflow/.local/lib/python3.11/site-packages/hsfs/core/feature_group_engine.py", line 332, in _insert
    engine._get_instance()._save_dataframe(
  File "/home/airflow/.local/lib/python3.11/site-packages/hsfs/engine/python.py", line 1099, in _save_dataframe
    return self._run_materialization_job(
           ^^^^^^^^^^^^^^^^^^^^^^^^^^^^^^
  File "/home/airflow/.local/lib/python3.11/site-packages/hsfs/engine/python.py", line 2042, in _run_materialization_job
    self._write_dataframe_kafka(
  File "/home/airflow/.local/lib/python3.11/site-packages/hsfs/engine/python.py", line 1903, in _write_dataframe_kafka
    producer, headers, feature_writers, writer = kafka_engine._get_kafka_resources(
                                                 ^^^^^^^^^^^^^^^^^^^^^^^^^^^^^^^^^^
  File "/home/airflow/.local/lib/python3.11/site-packages/hsfs/core/kafka_engine.py", line 88, in _get_kafka_resources
    producer, headers, feature_writers, writer = _init_kafka_resources(
                                                 ^^^^^^^^^^^^^^^^^^^^^^
  File "/home/airflow/.local/lib/python3.11/site-packages/hsfs/core/kafka_engine.py", line 107, in _init_kafka_resources
    producer = _init_kafka_producer(
               ^^^^^^^^^^^^^^^^^^^^^
  File "/home/airflow/.local/lib/python3.11/site-packages/hopsworks_common/decorators.py", line 176, in g
    return f(*args, **kwds)
           ^^^^^^^^^^^^^^^^
  File "/home/airflow/.local/lib/python3.11/site-packages/hsfs/core/kafka_engine.py", line 191, in _init_kafka_producer
    return Producer(_get_kafka_config(feature_store_id, offline_write_options))
           ^^^^^^^^^^^^^^^^^^^^^^^^^^^^^^^^^^^^^^^^^^^^^^^^^^^^^^^^^^^^^^^^^^^^
cimpl.KafkaException: KafkaError{code=_INVALID_ARG,val=-186,str="Failed to create producer: ssl.key.location failed: error:0A080009:SSL routines::PEM lib"}
[2026-08-29T21:42:11.966+0000] {taskinstance.py:1206} INFO - Marking task as FAILED. dag_id=feature_pipeline, task_id=loading, run_id=manual__2026-08-29T21:35:04.912153+00:00, map_index=1, execution_date=20260829T213504, start_date=20260829T214037, end_date=20260829T214211
[2026-08-29T21:42:13.326+0000] {standard_task_runner.py:110} ERROR - Failed to execute job 407 for task loading (KafkaError{code=_INVALID_ARG,val=-186,str="Failed to create producer: ssl.key.location failed: error:0A080009:SSL routines::PEM lib"}; 2625)
[2026-08-29T21:42:14.500+0000] {local_task_job_runner.py:243} INFO - Task exited with return code 1
[2026-08-29T21:42:16.096+0000] {local_task_job_runner.py:222} INFO - ::endgroup::
