[2026-08-05T10:36:01.691+0000] {processor.py:161} INFO - Started process (PID=185) to work on /opt/airflow/dags/orchestration.py
[2026-08-05T10:36:01.711+0000] {processor.py:830} INFO - Processing file /opt/airflow/dags/orchestration.py for tasks to queue
[2026-08-05T10:36:01.724+0000] {logging_mixin.py:188} INFO - [2026-08-05T10:36:01.718+0000] {dagbag.py:545} INFO - Filling up the DagBag from /opt/airflow/dags/orchestration.py
[2026-08-05T10:36:13.605+0000] {processor.py:840} INFO - DAG(s) 'first_orchestrator' retrieved from /opt/airflow/dags/orchestration.py
[2026-08-05T10:36:14.485+0000] {logging_mixin.py:188} INFO - [2026-08-05T10:36:14.483+0000] {dag.py:3089} INFO - Sync 1 DAGs
[2026-08-05T10:36:14.820+0000] {logging_mixin.py:188} INFO - [2026-08-05T10:36:14.819+0000] {dag.py:3947} INFO - Setting next_dagrun for first_orchestrator to 2026-08-05 10:00:00+00:00, run_after=2026-08-05 11:00:00+00:00
[2026-08-05T10:36:14.881+0000] {processor.py:183} INFO - Processing /opt/airflow/dags/orchestration.py took 13.361 seconds
[2026-08-05T10:36:45.259+0000] {processor.py:161} INFO - Started process (PID=307) to work on /opt/airflow/dags/orchestration.py
[2026-08-05T10:36:45.263+0000] {processor.py:830} INFO - Processing file /opt/airflow/dags/orchestration.py for tasks to queue
[2026-08-05T10:36:45.270+0000] {logging_mixin.py:188} INFO - [2026-08-05T10:36:45.268+0000] {dagbag.py:545} INFO - Filling up the DagBag from /opt/airflow/dags/orchestration.py
[2026-08-05T10:36:47.329+0000] {processor.py:840} INFO - DAG(s) 'first_orchestrator' retrieved from /opt/airflow/dags/orchestration.py
[2026-08-05T10:36:47.402+0000] {logging_mixin.py:188} INFO - [2026-08-05T10:36:47.400+0000] {dag.py:3089} INFO - Sync 1 DAGs
[2026-08-05T10:36:47.459+0000] {logging_mixin.py:188} INFO - [2026-08-05T10:36:47.458+0000] {dag.py:3947} INFO - Setting next_dagrun for first_orchestrator to 2026-08-05 10:00:00+00:00, run_after=2026-08-05 11:00:00+00:00
[2026-08-05T10:36:47.504+0000] {processor.py:183} INFO - Processing /opt/airflow/dags/orchestration.py took 2.296 seconds
[2026-08-05T10:37:18.164+0000] {processor.py:161} INFO - Started process (PID=424) to work on /opt/airflow/dags/orchestration.py
[2026-08-05T10:37:18.169+0000] {processor.py:830} INFO - Processing file /opt/airflow/dags/orchestration.py for tasks to queue
[2026-08-05T10:37:18.174+0000] {logging_mixin.py:188} INFO - [2026-08-05T10:37:18.173+0000] {dagbag.py:545} INFO - Filling up the DagBag from /opt/airflow/dags/orchestration.py
[2026-08-05T10:37:19.960+0000] {processor.py:840} INFO - DAG(s) 'first_orchestrator' retrieved from /opt/airflow/dags/orchestration.py
[2026-08-05T10:37:20.018+0000] {logging_mixin.py:188} INFO - [2026-08-05T10:37:20.017+0000] {dag.py:3089} INFO - Sync 1 DAGs
[2026-08-05T10:37:20.064+0000] {logging_mixin.py:188} INFO - [2026-08-05T10:37:20.064+0000] {dag.py:3947} INFO - Setting next_dagrun for first_orchestrator to 2026-08-05 10:00:00+00:00, run_after=2026-08-05 11:00:00+00:00
[2026-08-05T10:37:20.105+0000] {processor.py:183} INFO - Processing /opt/airflow/dags/orchestration.py took 1.958 seconds
[2026-08-05T10:37:50.874+0000] {processor.py:161} INFO - Started process (PID=466) to work on /opt/airflow/dags/orchestration.py
[2026-08-05T10:37:50.886+0000] {processor.py:830} INFO - Processing file /opt/airflow/dags/orchestration.py for tasks to queue
[2026-08-05T10:37:50.891+0000] {logging_mixin.py:188} INFO - [2026-08-05T10:37:50.890+0000] {dagbag.py:545} INFO - Filling up the DagBag from /opt/airflow/dags/orchestration.py
[2026-08-05T10:37:52.758+0000] {processor.py:840} INFO - DAG(s) 'first_orchestrator' retrieved from /opt/airflow/dags/orchestration.py
[2026-08-05T10:37:52.812+0000] {logging_mixin.py:188} INFO - [2026-08-05T10:37:52.811+0000] {dag.py:3089} INFO - Sync 1 DAGs
[2026-08-05T10:37:52.852+0000] {logging_mixin.py:188} INFO - [2026-08-05T10:37:52.851+0000] {dag.py:3947} INFO - Setting next_dagrun for first_orchestrator to 2026-08-05 10:00:00+00:00, run_after=2026-08-05 11:00:00+00:00
[2026-08-05T10:37:52.902+0000] {processor.py:183} INFO - Processing /opt/airflow/dags/orchestration.py took 2.046 seconds
[2026-08-05T10:38:25.232+0000] {processor.py:161} INFO - Started process (PID=486) to work on /opt/airflow/dags/orchestration.py
[2026-08-05T10:38:25.237+0000] {processor.py:830} INFO - Processing file /opt/airflow/dags/orchestration.py for tasks to queue
[2026-08-05T10:38:25.634+0000] {logging_mixin.py:188} INFO - [2026-08-05T10:38:25.633+0000] {dagbag.py:545} INFO - Filling up the DagBag from /opt/airflow/dags/orchestration.py
[2026-08-05T10:38:27.087+0000] {processor.py:840} INFO - DAG(s) 'first_orchestrator' retrieved from /opt/airflow/dags/orchestration.py
[2026-08-05T10:38:27.142+0000] {logging_mixin.py:188} INFO - [2026-08-05T10:38:27.141+0000] {dag.py:3089} INFO - Sync 1 DAGs
[2026-08-05T10:38:27.185+0000] {logging_mixin.py:188} INFO - [2026-08-05T10:38:27.185+0000] {dag.py:3947} INFO - Setting next_dagrun for first_orchestrator to 2026-08-05 10:00:00+00:00, run_after=2026-08-05 11:00:00+00:00
[2026-08-05T10:38:27.410+0000] {processor.py:183} INFO - Processing /opt/airflow/dags/orchestration.py took 2.208 seconds
[2026-08-05T10:38:57.951+0000] {processor.py:161} INFO - Started process (PID=541) to work on /opt/airflow/dags/orchestration.py
[2026-08-05T10:38:57.953+0000] {processor.py:830} INFO - Processing file /opt/airflow/dags/orchestration.py for tasks to queue
[2026-08-05T10:38:57.960+0000] {logging_mixin.py:188} INFO - [2026-08-05T10:38:57.960+0000] {dagbag.py:545} INFO - Filling up the DagBag from /opt/airflow/dags/orchestration.py
[2026-08-05T10:38:59.533+0000] {processor.py:840} INFO - DAG(s) 'first_orchestrator' retrieved from /opt/airflow/dags/orchestration.py
[2026-08-05T10:38:59.592+0000] {logging_mixin.py:188} INFO - [2026-08-05T10:38:59.591+0000] {dag.py:3089} INFO - Sync 1 DAGs
[2026-08-05T10:38:59.991+0000] {logging_mixin.py:188} INFO - [2026-08-05T10:38:59.991+0000] {dag.py:3947} INFO - Setting next_dagrun for first_orchestrator to 2026-08-05 10:00:00+00:00, run_after=2026-08-05 11:00:00+00:00
[2026-08-05T10:39:00.034+0000] {processor.py:183} INFO - Processing /opt/airflow/dags/orchestration.py took 2.102 seconds
[2026-08-05T10:39:30.912+0000] {processor.py:161} INFO - Started process (PID=579) to work on /opt/airflow/dags/orchestration.py
[2026-08-05T10:39:30.915+0000] {processor.py:830} INFO - Processing file /opt/airflow/dags/orchestration.py for tasks to queue
[2026-08-05T10:39:30.919+0000] {logging_mixin.py:188} INFO - [2026-08-05T10:39:30.919+0000] {dagbag.py:545} INFO - Filling up the DagBag from /opt/airflow/dags/orchestration.py
[2026-08-05T10:39:32.445+0000] {processor.py:840} INFO - DAG(s) 'first_orchestrator' retrieved from /opt/airflow/dags/orchestration.py
[2026-08-05T10:39:32.828+0000] {logging_mixin.py:188} INFO - [2026-08-05T10:39:32.505+0000] {dag.py:3089} INFO - Sync 1 DAGs
[2026-08-05T10:39:32.875+0000] {logging_mixin.py:188} INFO - [2026-08-05T10:39:32.874+0000] {dag.py:3947} INFO - Setting next_dagrun for first_orchestrator to 2026-08-05 10:00:00+00:00, run_after=2026-08-05 11:00:00+00:00
[2026-08-05T10:39:32.917+0000] {processor.py:183} INFO - Processing /opt/airflow/dags/orchestration.py took 2.021 seconds
[2026-08-05T10:40:40.320+0000] {processor.py:161} INFO - Started process (PID=597) to work on /opt/airflow/dags/orchestration.py
[2026-08-05T10:40:40.378+0000] {processor.py:830} INFO - Processing file /opt/airflow/dags/orchestration.py for tasks to queue
[2026-08-05T10:40:40.384+0000] {logging_mixin.py:188} INFO - [2026-08-05T10:40:40.383+0000] {dagbag.py:545} INFO - Filling up the DagBag from /opt/airflow/dags/orchestration.py
[2026-08-05T10:40:43.196+0000] {processor.py:840} INFO - DAG(s) 'first_orchestrator' retrieved from /opt/airflow/dags/orchestration.py
[2026-08-05T10:40:43.264+0000] {logging_mixin.py:188} INFO - [2026-08-05T10:40:43.263+0000] {dag.py:3089} INFO - Sync 1 DAGs
[2026-08-05T10:40:43.318+0000] {logging_mixin.py:188} INFO - [2026-08-05T10:40:43.318+0000] {dag.py:3947} INFO - Setting next_dagrun for first_orchestrator to 2026-08-05 10:00:00+00:00, run_after=2026-08-05 11:00:00+00:00
[2026-08-05T10:40:43.408+0000] {processor.py:183} INFO - Processing /opt/airflow/dags/orchestration.py took 3.110 seconds
[2026-08-05T10:41:16.893+0000] {processor.py:161} INFO - Started process (PID=615) to work on /opt/airflow/dags/orchestration.py
[2026-08-05T10:41:16.896+0000] {processor.py:830} INFO - Processing file /opt/airflow/dags/orchestration.py for tasks to queue
[2026-08-05T10:41:16.900+0000] {logging_mixin.py:188} INFO - [2026-08-05T10:41:16.900+0000] {dagbag.py:545} INFO - Filling up the DagBag from /opt/airflow/dags/orchestration.py
[2026-08-05T10:41:18.870+0000] {processor.py:840} INFO - DAG(s) 'first_orchestrator' retrieved from /opt/airflow/dags/orchestration.py
[2026-08-05T10:41:18.968+0000] {logging_mixin.py:188} INFO - [2026-08-05T10:41:18.967+0000] {dag.py:3089} INFO - Sync 1 DAGs
[2026-08-05T10:41:19.019+0000] {logging_mixin.py:188} INFO - [2026-08-05T10:41:19.019+0000] {dag.py:3947} INFO - Setting next_dagrun for first_orchestrator to 2026-08-05 10:00:00+00:00, run_after=2026-08-05 11:00:00+00:00
[2026-08-05T10:41:19.111+0000] {processor.py:183} INFO - Processing /opt/airflow/dags/orchestration.py took 2.236 seconds
[2026-08-05T10:41:51.105+0000] {processor.py:161} INFO - Started process (PID=631) to work on /opt/airflow/dags/orchestration.py
[2026-08-05T10:41:51.107+0000] {processor.py:830} INFO - Processing file /opt/airflow/dags/orchestration.py for tasks to queue
[2026-08-05T10:41:51.111+0000] {logging_mixin.py:188} INFO - [2026-08-05T10:41:51.110+0000] {dagbag.py:545} INFO - Filling up the DagBag from /opt/airflow/dags/orchestration.py
[2026-08-05T10:41:52.691+0000] {processor.py:840} INFO - DAG(s) 'first_orchestrator' retrieved from /opt/airflow/dags/orchestration.py
[2026-08-05T10:41:52.753+0000] {logging_mixin.py:188} INFO - [2026-08-05T10:41:52.752+0000] {dag.py:3089} INFO - Sync 1 DAGs
[2026-08-05T10:41:52.804+0000] {logging_mixin.py:188} INFO - [2026-08-05T10:41:52.803+0000] {dag.py:3947} INFO - Setting next_dagrun for first_orchestrator to 2026-08-05 10:00:00+00:00, run_after=2026-08-05 11:00:00+00:00
[2026-08-05T10:41:53.218+0000] {processor.py:183} INFO - Processing /opt/airflow/dags/orchestration.py took 2.135 seconds
[2026-08-05T10:42:24.594+0000] {processor.py:161} INFO - Started process (PID=649) to work on /opt/airflow/dags/orchestration.py
[2026-08-05T10:42:24.722+0000] {processor.py:830} INFO - Processing file /opt/airflow/dags/orchestration.py for tasks to queue
[2026-08-05T10:42:24.727+0000] {logging_mixin.py:188} INFO - [2026-08-05T10:42:24.726+0000] {dagbag.py:545} INFO - Filling up the DagBag from /opt/airflow/dags/orchestration.py
[2026-08-05T10:42:26.510+0000] {processor.py:840} INFO - DAG(s) 'first_orchestrator' retrieved from /opt/airflow/dags/orchestration.py
[2026-08-05T10:42:26.577+0000] {logging_mixin.py:188} INFO - [2026-08-05T10:42:26.576+0000] {dag.py:3089} INFO - Sync 1 DAGs
[2026-08-05T10:42:26.956+0000] {logging_mixin.py:188} INFO - [2026-08-05T10:42:26.956+0000] {dag.py:3947} INFO - Setting next_dagrun for first_orchestrator to 2026-08-05 10:00:00+00:00, run_after=2026-08-05 11:00:00+00:00
[2026-08-05T10:42:27.008+0000] {processor.py:183} INFO - Processing /opt/airflow/dags/orchestration.py took 2.430 seconds
[2026-08-05T10:42:57.874+0000] {processor.py:161} INFO - Started process (PID=667) to work on /opt/airflow/dags/orchestration.py
[2026-08-05T10:42:57.880+0000] {processor.py:830} INFO - Processing file /opt/airflow/dags/orchestration.py for tasks to queue
[2026-08-05T10:42:57.888+0000] {logging_mixin.py:188} INFO - [2026-08-05T10:42:57.887+0000] {dagbag.py:545} INFO - Filling up the DagBag from /opt/airflow/dags/orchestration.py
[2026-08-05T10:42:59.556+0000] {processor.py:840} INFO - DAG(s) 'first_orchestrator' retrieved from /opt/airflow/dags/orchestration.py
[2026-08-05T10:43:00.041+0000] {logging_mixin.py:188} INFO - [2026-08-05T10:42:59.627+0000] {dag.py:3089} INFO - Sync 1 DAGs
[2026-08-05T10:43:00.086+0000] {logging_mixin.py:188} INFO - [2026-08-05T10:43:00.086+0000] {dag.py:3947} INFO - Setting next_dagrun for first_orchestrator to 2026-08-05 10:00:00+00:00, run_after=2026-08-05 11:00:00+00:00
[2026-08-05T10:43:00.129+0000] {processor.py:183} INFO - Processing /opt/airflow/dags/orchestration.py took 2.276 seconds
