[2026-08-05T10:33:29.109+0000] {processor.py:161} INFO - Started process (PID=167) to work on /opt/airflow/dags/training_pipeline_dag.py
[2026-08-05T10:33:29.117+0000] {processor.py:830} INFO - Processing file /opt/airflow/dags/training_pipeline_dag.py for tasks to queue
[2026-08-05T10:33:29.147+0000] {logging_mixin.py:188} INFO - [2026-08-05T10:33:29.138+0000] {dagbag.py:545} INFO - Filling up the DagBag from /opt/airflow/dags/training_pipeline_dag.py
[2026-08-05T10:35:36.257+0000] {processor.py:161} INFO - Started process (PID=167) to work on /opt/airflow/dags/training_pipeline_dag.py
[2026-08-05T10:35:36.283+0000] {processor.py:830} INFO - Processing file /opt/airflow/dags/training_pipeline_dag.py for tasks to queue
[2026-08-05T10:35:36.301+0000] {logging_mixin.py:188} INFO - [2026-08-05T10:35:36.300+0000] {dagbag.py:545} INFO - Filling up the DagBag from /opt/airflow/dags/training_pipeline_dag.py
[2026-08-05T10:36:01.120+0000] {processor.py:840} INFO - DAG(s) 'training_pipeline' retrieved from /opt/airflow/dags/training_pipeline_dag.py
[2026-08-05T10:36:01.273+0000] {logging_mixin.py:188} INFO - [2026-08-05T10:36:01.272+0000] {dag.py:3089} INFO - Sync 1 DAGs
[2026-08-05T10:36:01.348+0000] {logging_mixin.py:188} INFO - [2026-08-05T10:36:01.347+0000] {dag.py:3947} INFO - Setting next_dagrun for training_pipeline to 2026-08-05 00:00:00+00:00, run_after=2026-08-06 00:00:00+00:00
[2026-08-05T10:36:01.464+0000] {processor.py:183} INFO - Processing /opt/airflow/dags/training_pipeline_dag.py took 25.255 seconds
[2026-08-05T10:36:32.234+0000] {processor.py:161} INFO - Started process (PID=219) to work on /opt/airflow/dags/training_pipeline_dag.py
[2026-08-05T10:36:32.238+0000] {processor.py:830} INFO - Processing file /opt/airflow/dags/training_pipeline_dag.py for tasks to queue
[2026-08-05T10:36:32.274+0000] {logging_mixin.py:188} INFO - [2026-08-05T10:36:32.257+0000] {dagbag.py:545} INFO - Filling up the DagBag from /opt/airflow/dags/training_pipeline_dag.py
[2026-08-05T10:36:40.168+0000] {processor.py:840} INFO - DAG(s) 'training_pipeline' retrieved from /opt/airflow/dags/training_pipeline_dag.py
[2026-08-05T10:36:40.870+0000] {logging_mixin.py:188} INFO - [2026-08-05T10:36:40.869+0000] {dag.py:3089} INFO - Sync 1 DAGs
[2026-08-05T10:36:40.905+0000] {logging_mixin.py:188} INFO - [2026-08-05T10:36:40.904+0000] {dag.py:3947} INFO - Setting next_dagrun for training_pipeline to 2026-08-05 00:00:00+00:00, run_after=2026-08-06 00:00:00+00:00
[2026-08-05T10:36:40.986+0000] {processor.py:183} INFO - Processing /opt/airflow/dags/training_pipeline_dag.py took 8.880 seconds
[2026-08-05T10:37:12.176+0000] {processor.py:161} INFO - Started process (PID=397) to work on /opt/airflow/dags/training_pipeline_dag.py
[2026-08-05T10:37:12.179+0000] {processor.py:830} INFO - Processing file /opt/airflow/dags/training_pipeline_dag.py for tasks to queue
[2026-08-05T10:37:12.203+0000] {logging_mixin.py:188} INFO - [2026-08-05T10:37:12.200+0000] {dagbag.py:545} INFO - Filling up the DagBag from /opt/airflow/dags/training_pipeline_dag.py
[2026-08-05T10:37:17.934+0000] {processor.py:840} INFO - DAG(s) 'training_pipeline' retrieved from /opt/airflow/dags/training_pipeline_dag.py
[2026-08-05T10:37:17.981+0000] {logging_mixin.py:188} INFO - [2026-08-05T10:37:17.980+0000] {dag.py:3089} INFO - Sync 1 DAGs
[2026-08-05T10:37:18.024+0000] {logging_mixin.py:188} INFO - [2026-08-05T10:37:18.024+0000] {dag.py:3947} INFO - Setting next_dagrun for training_pipeline to 2026-08-05 00:00:00+00:00, run_after=2026-08-06 00:00:00+00:00
[2026-08-05T10:37:18.261+0000] {processor.py:183} INFO - Processing /opt/airflow/dags/training_pipeline_dag.py took 6.299 seconds
[2026-08-05T10:37:48.541+0000] {processor.py:161} INFO - Started process (PID=454) to work on /opt/airflow/dags/training_pipeline_dag.py
[2026-08-05T10:37:48.544+0000] {processor.py:830} INFO - Processing file /opt/airflow/dags/training_pipeline_dag.py for tasks to queue
[2026-08-05T10:37:48.549+0000] {logging_mixin.py:188} INFO - [2026-08-05T10:37:48.548+0000] {dagbag.py:545} INFO - Filling up the DagBag from /opt/airflow/dags/training_pipeline_dag.py
[2026-08-05T10:37:50.356+0000] {processor.py:840} INFO - DAG(s) 'training_pipeline' retrieved from /opt/airflow/dags/training_pipeline_dag.py
[2026-08-05T10:37:50.404+0000] {logging_mixin.py:188} INFO - [2026-08-05T10:37:50.403+0000] {dag.py:3089} INFO - Sync 1 DAGs
[2026-08-05T10:37:50.681+0000] {logging_mixin.py:188} INFO - [2026-08-05T10:37:50.681+0000] {dag.py:3947} INFO - Setting next_dagrun for training_pipeline to 2026-08-05 00:00:00+00:00, run_after=2026-08-06 00:00:00+00:00
[2026-08-05T10:37:50.718+0000] {processor.py:183} INFO - Processing /opt/airflow/dags/training_pipeline_dag.py took 2.200 seconds
[2026-08-05T10:38:21.614+0000] {processor.py:161} INFO - Started process (PID=473) to work on /opt/airflow/dags/training_pipeline_dag.py
[2026-08-05T10:38:21.617+0000] {processor.py:830} INFO - Processing file /opt/airflow/dags/training_pipeline_dag.py for tasks to queue
[2026-08-05T10:38:21.622+0000] {logging_mixin.py:188} INFO - [2026-08-05T10:38:21.621+0000] {dagbag.py:545} INFO - Filling up the DagBag from /opt/airflow/dags/training_pipeline_dag.py
[2026-08-05T10:38:24.692+0000] {processor.py:840} INFO - DAG(s) 'training_pipeline' retrieved from /opt/airflow/dags/training_pipeline_dag.py
[2026-08-05T10:38:25.005+0000] {logging_mixin.py:188} INFO - [2026-08-05T10:38:25.004+0000] {dag.py:3089} INFO - Sync 1 DAGs
[2026-08-05T10:38:25.069+0000] {logging_mixin.py:188} INFO - [2026-08-05T10:38:25.069+0000] {dag.py:3947} INFO - Setting next_dagrun for training_pipeline to 2026-08-05 00:00:00+00:00, run_after=2026-08-06 00:00:00+00:00
[2026-08-05T10:38:25.125+0000] {processor.py:183} INFO - Processing /opt/airflow/dags/training_pipeline_dag.py took 3.547 seconds
[2026-08-05T10:38:55.399+0000] {processor.py:161} INFO - Started process (PID=530) to work on /opt/airflow/dags/training_pipeline_dag.py
[2026-08-05T10:38:55.402+0000] {processor.py:830} INFO - Processing file /opt/airflow/dags/training_pipeline_dag.py for tasks to queue
[2026-08-05T10:38:55.407+0000] {logging_mixin.py:188} INFO - [2026-08-05T10:38:55.406+0000] {dagbag.py:545} INFO - Filling up the DagBag from /opt/airflow/dags/training_pipeline_dag.py
[2026-08-05T10:38:57.340+0000] {processor.py:840} INFO - DAG(s) 'training_pipeline' retrieved from /opt/airflow/dags/training_pipeline_dag.py
[2026-08-05T10:38:57.693+0000] {logging_mixin.py:188} INFO - [2026-08-05T10:38:57.692+0000] {dag.py:3089} INFO - Sync 1 DAGs
[2026-08-05T10:38:57.737+0000] {logging_mixin.py:188} INFO - [2026-08-05T10:38:57.736+0000] {dag.py:3947} INFO - Setting next_dagrun for training_pipeline to 2026-08-05 00:00:00+00:00, run_after=2026-08-06 00:00:00+00:00
[2026-08-05T10:38:57.787+0000] {processor.py:183} INFO - Processing /opt/airflow/dags/training_pipeline_dag.py took 2.408 seconds
[2026-08-05T10:39:28.503+0000] {processor.py:161} INFO - Started process (PID=567) to work on /opt/airflow/dags/training_pipeline_dag.py
[2026-08-05T10:39:28.507+0000] {processor.py:830} INFO - Processing file /opt/airflow/dags/training_pipeline_dag.py for tasks to queue
[2026-08-05T10:39:28.513+0000] {logging_mixin.py:188} INFO - [2026-08-05T10:39:28.512+0000] {dagbag.py:545} INFO - Filling up the DagBag from /opt/airflow/dags/training_pipeline_dag.py
[2026-08-05T10:39:30.543+0000] {processor.py:840} INFO - DAG(s) 'training_pipeline' retrieved from /opt/airflow/dags/training_pipeline_dag.py
[2026-08-05T10:39:30.590+0000] {logging_mixin.py:188} INFO - [2026-08-05T10:39:30.589+0000] {dag.py:3089} INFO - Sync 1 DAGs
[2026-08-05T10:39:30.626+0000] {logging_mixin.py:188} INFO - [2026-08-05T10:39:30.626+0000] {dag.py:3947} INFO - Setting next_dagrun for training_pipeline to 2026-08-05 00:00:00+00:00, run_after=2026-08-06 00:00:00+00:00
[2026-08-05T10:39:30.707+0000] {processor.py:183} INFO - Processing /opt/airflow/dags/training_pipeline_dag.py took 2.223 seconds
[2026-08-05T10:40:03.249+0000] {processor.py:161} INFO - Started process (PID=585) to work on /opt/airflow/dags/training_pipeline_dag.py
[2026-08-05T10:40:03.324+0000] {processor.py:830} INFO - Processing file /opt/airflow/dags/training_pipeline_dag.py for tasks to queue
[2026-08-05T10:40:03.332+0000] {logging_mixin.py:188} INFO - [2026-08-05T10:40:03.331+0000] {dagbag.py:545} INFO - Filling up the DagBag from /opt/airflow/dags/training_pipeline_dag.py
[2026-08-05T10:40:08.411+0000] {processor.py:840} INFO - DAG(s) 'training_pipeline' retrieved from /opt/airflow/dags/training_pipeline_dag.py
[2026-08-05T10:40:08.469+0000] {logging_mixin.py:188} INFO - [2026-08-05T10:40:08.468+0000] {dag.py:3089} INFO - Sync 1 DAGs
[2026-08-05T10:40:14.634+0000] {logging_mixin.py:188} INFO - [2026-08-05T10:40:08.512+0000] {dag.py:3947} INFO - Setting next_dagrun for training_pipeline to 2026-08-05 00:00:00+00:00, run_after=2026-08-06 00:00:00+00:00
[2026-08-05T10:40:39.598+0000] {processor.py:183} INFO - Processing /opt/airflow/dags/training_pipeline_dag.py took 36.150 seconds
[2026-08-05T10:41:11.147+0000] {processor.py:161} INFO - Started process (PID=603) to work on /opt/airflow/dags/training_pipeline_dag.py
[2026-08-05T10:41:11.184+0000] {processor.py:830} INFO - Processing file /opt/airflow/dags/training_pipeline_dag.py for tasks to queue
[2026-08-05T10:41:11.194+0000] {logging_mixin.py:188} INFO - [2026-08-05T10:41:11.193+0000] {dagbag.py:545} INFO - Filling up the DagBag from /opt/airflow/dags/training_pipeline_dag.py
[2026-08-05T10:41:16.240+0000] {processor.py:840} INFO - DAG(s) 'training_pipeline' retrieved from /opt/airflow/dags/training_pipeline_dag.py
[2026-08-05T10:41:16.311+0000] {logging_mixin.py:188} INFO - [2026-08-05T10:41:16.310+0000] {dag.py:3089} INFO - Sync 1 DAGs
[2026-08-05T10:41:16.639+0000] {logging_mixin.py:188} INFO - [2026-08-05T10:41:16.638+0000] {dag.py:3947} INFO - Setting next_dagrun for training_pipeline to 2026-08-05 00:00:00+00:00, run_after=2026-08-06 00:00:00+00:00
[2026-08-05T10:41:16.702+0000] {processor.py:183} INFO - Processing /opt/airflow/dags/training_pipeline_dag.py took 5.585 seconds
[2026-08-05T10:41:48.370+0000] {processor.py:161} INFO - Started process (PID=625) to work on /opt/airflow/dags/training_pipeline_dag.py
[2026-08-05T10:41:48.373+0000] {processor.py:830} INFO - Processing file /opt/airflow/dags/training_pipeline_dag.py for tasks to queue
[2026-08-05T10:41:48.378+0000] {logging_mixin.py:188} INFO - [2026-08-05T10:41:48.377+0000] {dagbag.py:545} INFO - Filling up the DagBag from /opt/airflow/dags/training_pipeline_dag.py
[2026-08-05T10:41:51.565+0000] {processor.py:840} INFO - DAG(s) 'training_pipeline' retrieved from /opt/airflow/dags/training_pipeline_dag.py
[2026-08-05T10:41:51.945+0000] {logging_mixin.py:188} INFO - [2026-08-05T10:41:51.618+0000] {dag.py:3089} INFO - Sync 1 DAGs
[2026-08-05T10:41:51.997+0000] {logging_mixin.py:188} INFO - [2026-08-05T10:41:51.996+0000] {dag.py:3947} INFO - Setting next_dagrun for training_pipeline to 2026-08-05 00:00:00+00:00, run_after=2026-08-06 00:00:00+00:00
[2026-08-05T10:41:52.057+0000] {processor.py:183} INFO - Processing /opt/airflow/dags/training_pipeline_dag.py took 3.707 seconds
[2026-08-05T10:42:22.239+0000] {processor.py:161} INFO - Started process (PID=643) to work on /opt/airflow/dags/training_pipeline_dag.py
[2026-08-05T10:42:22.243+0000] {processor.py:830} INFO - Processing file /opt/airflow/dags/training_pipeline_dag.py for tasks to queue
[2026-08-05T10:42:22.248+0000] {logging_mixin.py:188} INFO - [2026-08-05T10:42:22.247+0000] {dagbag.py:545} INFO - Filling up the DagBag from /opt/airflow/dags/training_pipeline_dag.py
[2026-08-05T10:42:23.560+0000] {processor.py:840} INFO - DAG(s) 'training_pipeline' retrieved from /opt/airflow/dags/training_pipeline_dag.py
[2026-08-05T10:42:24.575+0000] {logging_mixin.py:188} INFO - [2026-08-05T10:42:24.574+0000] {dag.py:3089} INFO - Sync 1 DAGs
[2026-08-05T10:42:24.613+0000] {logging_mixin.py:188} INFO - [2026-08-05T10:42:24.612+0000] {dag.py:3947} INFO - Setting next_dagrun for training_pipeline to 2026-08-05 00:00:00+00:00, run_after=2026-08-06 00:00:00+00:00
[2026-08-05T10:42:24.759+0000] {processor.py:183} INFO - Processing /opt/airflow/dags/training_pipeline_dag.py took 2.539 seconds
[2026-08-05T10:42:55.796+0000] {processor.py:161} INFO - Started process (PID=661) to work on /opt/airflow/dags/training_pipeline_dag.py
[2026-08-05T10:42:55.814+0000] {processor.py:830} INFO - Processing file /opt/airflow/dags/training_pipeline_dag.py for tasks to queue
[2026-08-05T10:42:55.820+0000] {logging_mixin.py:188} INFO - [2026-08-05T10:42:55.819+0000] {dagbag.py:545} INFO - Filling up the DagBag from /opt/airflow/dags/training_pipeline_dag.py
[2026-08-05T10:42:57.723+0000] {processor.py:840} INFO - DAG(s) 'training_pipeline' retrieved from /opt/airflow/dags/training_pipeline_dag.py
[2026-08-05T10:42:57.795+0000] {logging_mixin.py:188} INFO - [2026-08-05T10:42:57.794+0000] {dag.py:3089} INFO - Sync 1 DAGs
[2026-08-05T10:42:57.843+0000] {logging_mixin.py:188} INFO - [2026-08-05T10:42:57.843+0000] {dag.py:3947} INFO - Setting next_dagrun for training_pipeline to 2026-08-05 00:00:00+00:00, run_after=2026-08-06 00:00:00+00:00
[2026-08-05T10:42:57.888+0000] {processor.py:183} INFO - Processing /opt/airflow/dags/training_pipeline_dag.py took 2.117 seconds
[2026-08-05T10:43:28.115+0000] {processor.py:161} INFO - Started process (PID=675) to work on /opt/airflow/dags/training_pipeline_dag.py
[2026-08-05T10:43:28.118+0000] {processor.py:830} INFO - Processing file /opt/airflow/dags/training_pipeline_dag.py for tasks to queue
[2026-08-05T10:43:28.121+0000] {logging_mixin.py:188} INFO - [2026-08-05T10:43:28.120+0000] {dagbag.py:545} INFO - Filling up the DagBag from /opt/airflow/dags/training_pipeline_dag.py
[2026-08-05T10:43:30.898+0000] {processor.py:840} INFO - DAG(s) 'training_pipeline' retrieved from /opt/airflow/dags/training_pipeline_dag.py
[2026-08-05T10:43:30.958+0000] {logging_mixin.py:188} INFO - [2026-08-05T10:43:30.957+0000] {dag.py:3089} INFO - Sync 1 DAGs
[2026-08-05T10:43:31.052+0000] {logging_mixin.py:188} INFO - [2026-08-05T10:43:31.052+0000] {dag.py:3947} INFO - Setting next_dagrun for training_pipeline to 2026-08-05 00:00:00+00:00, run_after=2026-08-06 00:00:00+00:00
[2026-08-05T10:43:31.099+0000] {processor.py:183} INFO - Processing /opt/airflow/dags/training_pipeline_dag.py took 3.001 seconds
[2026-08-05T10:44:01.642+0000] {processor.py:161} INFO - Started process (PID=687) to work on /opt/airflow/dags/training_pipeline_dag.py
[2026-08-05T10:44:01.645+0000] {processor.py:830} INFO - Processing file /opt/airflow/dags/training_pipeline_dag.py for tasks to queue
[2026-08-05T10:44:01.647+0000] {logging_mixin.py:188} INFO - [2026-08-05T10:44:01.646+0000] {dagbag.py:545} INFO - Filling up the DagBag from /opt/airflow/dags/training_pipeline_dag.py
[2026-08-05T10:44:03.412+0000] {processor.py:840} INFO - DAG(s) 'training_pipeline' retrieved from /opt/airflow/dags/training_pipeline_dag.py
[2026-08-05T10:44:03.506+0000] {logging_mixin.py:188} INFO - [2026-08-05T10:44:03.503+0000] {dag.py:3089} INFO - Sync 1 DAGs
[2026-08-05T10:44:03.567+0000] {logging_mixin.py:188} INFO - [2026-08-05T10:44:03.567+0000] {dag.py:3947} INFO - Setting next_dagrun for training_pipeline to 2026-08-05 00:00:00+00:00, run_after=2026-08-06 00:00:00+00:00
[2026-08-05T10:44:03.617+0000] {processor.py:183} INFO - Processing /opt/airflow/dags/training_pipeline_dag.py took 1.997 seconds
[2026-08-05T10:44:34.115+0000] {processor.py:161} INFO - Started process (PID=699) to work on /opt/airflow/dags/training_pipeline_dag.py
[2026-08-05T10:44:34.118+0000] {processor.py:830} INFO - Processing file /opt/airflow/dags/training_pipeline_dag.py for tasks to queue
[2026-08-05T10:44:34.120+0000] {logging_mixin.py:188} INFO - [2026-08-05T10:44:34.120+0000] {dagbag.py:545} INFO - Filling up the DagBag from /opt/airflow/dags/training_pipeline_dag.py
[2026-08-05T10:44:36.047+0000] {processor.py:840} INFO - DAG(s) 'training_pipeline' retrieved from /opt/airflow/dags/training_pipeline_dag.py
[2026-08-05T10:44:36.110+0000] {logging_mixin.py:188} INFO - [2026-08-05T10:44:36.109+0000] {dag.py:3089} INFO - Sync 1 DAGs
[2026-08-05T10:44:36.161+0000] {logging_mixin.py:188} INFO - [2026-08-05T10:44:36.160+0000] {dag.py:3947} INFO - Setting next_dagrun for training_pipeline to 2026-08-05 00:00:00+00:00, run_after=2026-08-06 00:00:00+00:00
[2026-08-05T10:44:36.205+0000] {processor.py:183} INFO - Processing /opt/airflow/dags/training_pipeline_dag.py took 2.109 seconds
[2026-08-05T10:45:06.530+0000] {processor.py:161} INFO - Started process (PID=711) to work on /opt/airflow/dags/training_pipeline_dag.py
[2026-08-05T10:45:06.532+0000] {processor.py:830} INFO - Processing file /opt/airflow/dags/training_pipeline_dag.py for tasks to queue
[2026-08-05T10:45:06.536+0000] {logging_mixin.py:188} INFO - [2026-08-05T10:45:06.534+0000] {dagbag.py:545} INFO - Filling up the DagBag from /opt/airflow/dags/training_pipeline_dag.py
[2026-08-05T10:45:07.877+0000] {processor.py:840} INFO - DAG(s) 'training_pipeline' retrieved from /opt/airflow/dags/training_pipeline_dag.py
[2026-08-05T10:45:08.266+0000] {logging_mixin.py:188} INFO - [2026-08-05T10:45:07.943+0000] {dag.py:3089} INFO - Sync 1 DAGs
[2026-08-05T10:45:08.311+0000] {logging_mixin.py:188} INFO - [2026-08-05T10:45:08.311+0000] {dag.py:3947} INFO - Setting next_dagrun for training_pipeline to 2026-08-05 00:00:00+00:00, run_after=2026-08-06 00:00:00+00:00
[2026-08-05T10:45:08.353+0000] {processor.py:183} INFO - Processing /opt/airflow/dags/training_pipeline_dag.py took 1.843 seconds
[2026-08-05T10:45:38.936+0000] {processor.py:161} INFO - Started process (PID=723) to work on /opt/airflow/dags/training_pipeline_dag.py
[2026-08-05T10:45:38.938+0000] {processor.py:830} INFO - Processing file /opt/airflow/dags/training_pipeline_dag.py for tasks to queue
[2026-08-05T10:45:38.940+0000] {logging_mixin.py:188} INFO - [2026-08-05T10:45:38.939+0000] {dagbag.py:545} INFO - Filling up the DagBag from /opt/airflow/dags/training_pipeline_dag.py
[2026-08-05T10:45:40.733+0000] {processor.py:840} INFO - DAG(s) 'training_pipeline' retrieved from /opt/airflow/dags/training_pipeline_dag.py
[2026-08-05T10:45:41.216+0000] {logging_mixin.py:188} INFO - [2026-08-05T10:45:41.216+0000] {dag.py:3089} INFO - Sync 1 DAGs
[2026-08-05T10:45:41.257+0000] {logging_mixin.py:188} INFO - [2026-08-05T10:45:41.257+0000] {dag.py:3947} INFO - Setting next_dagrun for training_pipeline to 2026-08-05 00:00:00+00:00, run_after=2026-08-06 00:00:00+00:00
[2026-08-05T10:45:41.338+0000] {processor.py:183} INFO - Processing /opt/airflow/dags/training_pipeline_dag.py took 2.418 seconds
[2026-08-05T10:46:11.876+0000] {processor.py:161} INFO - Started process (PID=735) to work on /opt/airflow/dags/training_pipeline_dag.py
[2026-08-05T10:46:11.878+0000] {processor.py:830} INFO - Processing file /opt/airflow/dags/training_pipeline_dag.py for tasks to queue
[2026-08-05T10:46:11.881+0000] {logging_mixin.py:188} INFO - [2026-08-05T10:46:11.880+0000] {dagbag.py:545} INFO - Filling up the DagBag from /opt/airflow/dags/training_pipeline_dag.py
[2026-08-05T10:46:13.588+0000] {processor.py:840} INFO - DAG(s) 'training_pipeline' retrieved from /opt/airflow/dags/training_pipeline_dag.py
[2026-08-05T10:46:13.642+0000] {logging_mixin.py:188} INFO - [2026-08-05T10:46:13.641+0000] {dag.py:3089} INFO - Sync 1 DAGs
[2026-08-05T10:46:13.689+0000] {logging_mixin.py:188} INFO - [2026-08-05T10:46:13.688+0000] {dag.py:3947} INFO - Setting next_dagrun for training_pipeline to 2026-08-05 00:00:00+00:00, run_after=2026-08-06 00:00:00+00:00
[2026-08-05T10:46:13.730+0000] {processor.py:183} INFO - Processing /opt/airflow/dags/training_pipeline_dag.py took 1.875 seconds
[2026-08-05T10:46:44.277+0000] {processor.py:161} INFO - Started process (PID=747) to work on /opt/airflow/dags/training_pipeline_dag.py
[2026-08-05T10:46:44.279+0000] {processor.py:830} INFO - Processing file /opt/airflow/dags/training_pipeline_dag.py for tasks to queue
[2026-08-05T10:46:44.282+0000] {logging_mixin.py:188} INFO - [2026-08-05T10:46:44.281+0000] {dagbag.py:545} INFO - Filling up the DagBag from /opt/airflow/dags/training_pipeline_dag.py
[2026-08-05T10:46:46.066+0000] {processor.py:840} INFO - DAG(s) 'training_pipeline' retrieved from /opt/airflow/dags/training_pipeline_dag.py
[2026-08-05T10:46:46.118+0000] {logging_mixin.py:188} INFO - [2026-08-05T10:46:46.117+0000] {dag.py:3089} INFO - Sync 1 DAGs
[2026-08-05T10:46:46.154+0000] {logging_mixin.py:188} INFO - [2026-08-05T10:46:46.154+0000] {dag.py:3947} INFO - Setting next_dagrun for training_pipeline to 2026-08-05 00:00:00+00:00, run_after=2026-08-06 00:00:00+00:00
[2026-08-05T10:46:46.190+0000] {processor.py:183} INFO - Processing /opt/airflow/dags/training_pipeline_dag.py took 1.936 seconds
[2026-08-05T10:47:16.682+0000] {processor.py:161} INFO - Started process (PID=759) to work on /opt/airflow/dags/training_pipeline_dag.py
[2026-08-05T10:47:16.686+0000] {processor.py:830} INFO - Processing file /opt/airflow/dags/training_pipeline_dag.py for tasks to queue
[2026-08-05T10:47:16.689+0000] {logging_mixin.py:188} INFO - [2026-08-05T10:47:16.688+0000] {dagbag.py:545} INFO - Filling up the DagBag from /opt/airflow/dags/training_pipeline_dag.py
[2026-08-05T10:47:18.345+0000] {processor.py:840} INFO - DAG(s) 'training_pipeline' retrieved from /opt/airflow/dags/training_pipeline_dag.py
[2026-08-05T10:47:18.389+0000] {logging_mixin.py:188} INFO - [2026-08-05T10:47:18.388+0000] {dag.py:3089} INFO - Sync 1 DAGs
[2026-08-05T10:47:18.427+0000] {logging_mixin.py:188} INFO - [2026-08-05T10:47:18.426+0000] {dag.py:3947} INFO - Setting next_dagrun for training_pipeline to 2026-08-05 00:00:00+00:00, run_after=2026-08-06 00:00:00+00:00
[2026-08-05T10:47:18.460+0000] {processor.py:183} INFO - Processing /opt/airflow/dags/training_pipeline_dag.py took 1.803 seconds
[2026-08-05T10:47:48.979+0000] {processor.py:161} INFO - Started process (PID=771) to work on /opt/airflow/dags/training_pipeline_dag.py
[2026-08-05T10:47:48.989+0000] {processor.py:830} INFO - Processing file /opt/airflow/dags/training_pipeline_dag.py for tasks to queue
[2026-08-05T10:47:48.994+0000] {logging_mixin.py:188} INFO - [2026-08-05T10:47:48.992+0000] {dagbag.py:545} INFO - Filling up the DagBag from /opt/airflow/dags/training_pipeline_dag.py
[2026-08-05T10:47:50.538+0000] {processor.py:840} INFO - DAG(s) 'training_pipeline' retrieved from /opt/airflow/dags/training_pipeline_dag.py
[2026-08-05T10:47:50.611+0000] {logging_mixin.py:188} INFO - [2026-08-05T10:47:50.608+0000] {dag.py:3089} INFO - Sync 1 DAGs
[2026-08-05T10:47:51.062+0000] {logging_mixin.py:188} INFO - [2026-08-05T10:47:51.061+0000] {dag.py:3947} INFO - Setting next_dagrun for training_pipeline to 2026-08-05 00:00:00+00:00, run_after=2026-08-06 00:00:00+00:00
[2026-08-05T10:47:51.097+0000] {processor.py:183} INFO - Processing /opt/airflow/dags/training_pipeline_dag.py took 2.157 seconds
[2026-08-05T10:48:21.527+0000] {processor.py:161} INFO - Started process (PID=783) to work on /opt/airflow/dags/training_pipeline_dag.py
[2026-08-05T10:48:21.536+0000] {processor.py:830} INFO - Processing file /opt/airflow/dags/training_pipeline_dag.py for tasks to queue
[2026-08-05T10:48:21.543+0000] {logging_mixin.py:188} INFO - [2026-08-05T10:48:21.541+0000] {dagbag.py:545} INFO - Filling up the DagBag from /opt/airflow/dags/training_pipeline_dag.py
[2026-08-05T10:48:22.951+0000] {processor.py:840} INFO - DAG(s) 'training_pipeline' retrieved from /opt/airflow/dags/training_pipeline_dag.py
[2026-08-05T10:48:23.370+0000] {logging_mixin.py:188} INFO - [2026-08-05T10:48:23.369+0000] {dag.py:3089} INFO - Sync 1 DAGs
[2026-08-05T10:48:23.422+0000] {logging_mixin.py:188} INFO - [2026-08-05T10:48:23.421+0000] {dag.py:3947} INFO - Setting next_dagrun for training_pipeline to 2026-08-05 00:00:00+00:00, run_after=2026-08-06 00:00:00+00:00
[2026-08-05T10:48:23.476+0000] {processor.py:183} INFO - Processing /opt/airflow/dags/training_pipeline_dag.py took 1.977 seconds
[2026-08-05T10:48:54.110+0000] {processor.py:161} INFO - Started process (PID=795) to work on /opt/airflow/dags/training_pipeline_dag.py
[2026-08-05T10:48:54.114+0000] {processor.py:830} INFO - Processing file /opt/airflow/dags/training_pipeline_dag.py for tasks to queue
[2026-08-05T10:48:54.118+0000] {logging_mixin.py:188} INFO - [2026-08-05T10:48:54.117+0000] {dagbag.py:545} INFO - Filling up the DagBag from /opt/airflow/dags/training_pipeline_dag.py
[2026-08-05T10:48:55.520+0000] {processor.py:840} INFO - DAG(s) 'training_pipeline' retrieved from /opt/airflow/dags/training_pipeline_dag.py
[2026-08-05T10:48:55.977+0000] {logging_mixin.py:188} INFO - [2026-08-05T10:48:55.975+0000] {dag.py:3089} INFO - Sync 1 DAGs
[2026-08-05T10:48:56.026+0000] {logging_mixin.py:188} INFO - [2026-08-05T10:48:56.025+0000] {dag.py:3947} INFO - Setting next_dagrun for training_pipeline to 2026-08-05 00:00:00+00:00, run_after=2026-08-06 00:00:00+00:00
[2026-08-05T10:48:56.065+0000] {processor.py:183} INFO - Processing /opt/airflow/dags/training_pipeline_dag.py took 1.980 seconds
[2026-08-05T10:49:26.537+0000] {processor.py:161} INFO - Started process (PID=807) to work on /opt/airflow/dags/training_pipeline_dag.py
[2026-08-05T10:49:26.541+0000] {processor.py:830} INFO - Processing file /opt/airflow/dags/training_pipeline_dag.py for tasks to queue
[2026-08-05T10:49:26.544+0000] {logging_mixin.py:188} INFO - [2026-08-05T10:49:26.543+0000] {dagbag.py:545} INFO - Filling up the DagBag from /opt/airflow/dags/training_pipeline_dag.py
[2026-08-05T10:49:28.464+0000] {processor.py:840} INFO - DAG(s) 'training_pipeline' retrieved from /opt/airflow/dags/training_pipeline_dag.py
[2026-08-05T10:49:28.515+0000] {logging_mixin.py:188} INFO - [2026-08-05T10:49:28.514+0000] {dag.py:3089} INFO - Sync 1 DAGs
[2026-08-05T10:49:28.559+0000] {logging_mixin.py:188} INFO - [2026-08-05T10:49:28.558+0000] {dag.py:3947} INFO - Setting next_dagrun for training_pipeline to 2026-08-05 00:00:00+00:00, run_after=2026-08-06 00:00:00+00:00
[2026-08-05T10:49:28.600+0000] {processor.py:183} INFO - Processing /opt/airflow/dags/training_pipeline_dag.py took 2.086 seconds
[2026-08-05T10:49:59.033+0000] {processor.py:161} INFO - Started process (PID=819) to work on /opt/airflow/dags/training_pipeline_dag.py
[2026-08-05T10:49:59.036+0000] {processor.py:830} INFO - Processing file /opt/airflow/dags/training_pipeline_dag.py for tasks to queue
[2026-08-05T10:49:59.039+0000] {logging_mixin.py:188} INFO - [2026-08-05T10:49:59.038+0000] {dagbag.py:545} INFO - Filling up the DagBag from /opt/airflow/dags/training_pipeline_dag.py
[2026-08-05T10:50:00.828+0000] {processor.py:840} INFO - DAG(s) 'training_pipeline' retrieved from /opt/airflow/dags/training_pipeline_dag.py
[2026-08-05T10:50:00.877+0000] {logging_mixin.py:188} INFO - [2026-08-05T10:50:00.876+0000] {dag.py:3089} INFO - Sync 1 DAGs
[2026-08-05T10:50:00.914+0000] {logging_mixin.py:188} INFO - [2026-08-05T10:50:00.914+0000] {dag.py:3947} INFO - Setting next_dagrun for training_pipeline to 2026-08-05 00:00:00+00:00, run_after=2026-08-06 00:00:00+00:00
[2026-08-05T10:50:00.954+0000] {processor.py:183} INFO - Processing /opt/airflow/dags/training_pipeline_dag.py took 1.942 seconds
[2026-08-05T10:50:31.477+0000] {processor.py:161} INFO - Started process (PID=831) to work on /opt/airflow/dags/training_pipeline_dag.py
[2026-08-05T10:50:31.481+0000] {processor.py:830} INFO - Processing file /opt/airflow/dags/training_pipeline_dag.py for tasks to queue
[2026-08-05T10:50:31.484+0000] {logging_mixin.py:188} INFO - [2026-08-05T10:50:31.483+0000] {dagbag.py:545} INFO - Filling up the DagBag from /opt/airflow/dags/training_pipeline_dag.py
[2026-08-05T10:50:33.218+0000] {processor.py:840} INFO - DAG(s) 'training_pipeline' retrieved from /opt/airflow/dags/training_pipeline_dag.py
[2026-08-05T10:50:33.265+0000] {logging_mixin.py:188} INFO - [2026-08-05T10:50:33.264+0000] {dag.py:3089} INFO - Sync 1 DAGs
[2026-08-05T10:50:33.306+0000] {logging_mixin.py:188} INFO - [2026-08-05T10:50:33.305+0000] {dag.py:3947} INFO - Setting next_dagrun for training_pipeline to 2026-08-05 00:00:00+00:00, run_after=2026-08-06 00:00:00+00:00
[2026-08-05T10:50:33.348+0000] {processor.py:183} INFO - Processing /opt/airflow/dags/training_pipeline_dag.py took 1.906 seconds
[2026-08-05T10:51:03.802+0000] {processor.py:161} INFO - Started process (PID=843) to work on /opt/airflow/dags/training_pipeline_dag.py
[2026-08-05T10:51:03.805+0000] {processor.py:830} INFO - Processing file /opt/airflow/dags/training_pipeline_dag.py for tasks to queue
[2026-08-05T10:51:03.811+0000] {logging_mixin.py:188} INFO - [2026-08-05T10:51:03.809+0000] {dagbag.py:545} INFO - Filling up the DagBag from /opt/airflow/dags/training_pipeline_dag.py
[2026-08-05T10:51:05.295+0000] {processor.py:840} INFO - DAG(s) 'training_pipeline' retrieved from /opt/airflow/dags/training_pipeline_dag.py
[2026-08-05T10:51:05.774+0000] {logging_mixin.py:188} INFO - [2026-08-05T10:51:05.365+0000] {dag.py:3089} INFO - Sync 1 DAGs
[2026-08-05T10:51:05.820+0000] {logging_mixin.py:188} INFO - [2026-08-05T10:51:05.820+0000] {dag.py:3947} INFO - Setting next_dagrun for training_pipeline to 2026-08-05 00:00:00+00:00, run_after=2026-08-06 00:00:00+00:00
[2026-08-05T10:51:05.862+0000] {processor.py:183} INFO - Processing /opt/airflow/dags/training_pipeline_dag.py took 2.083 seconds
[2026-08-05T10:51:36.375+0000] {processor.py:161} INFO - Started process (PID=855) to work on /opt/airflow/dags/training_pipeline_dag.py
[2026-08-05T10:51:36.378+0000] {processor.py:830} INFO - Processing file /opt/airflow/dags/training_pipeline_dag.py for tasks to queue
[2026-08-05T10:51:36.380+0000] {logging_mixin.py:188} INFO - [2026-08-05T10:51:36.379+0000] {dagbag.py:545} INFO - Filling up the DagBag from /opt/airflow/dags/training_pipeline_dag.py
[2026-08-05T10:51:37.732+0000] {processor.py:840} INFO - DAG(s) 'training_pipeline' retrieved from /opt/airflow/dags/training_pipeline_dag.py
[2026-08-05T10:51:38.154+0000] {logging_mixin.py:188} INFO - [2026-08-05T10:51:38.153+0000] {dag.py:3089} INFO - Sync 1 DAGs
[2026-08-05T10:51:38.204+0000] {logging_mixin.py:188} INFO - [2026-08-05T10:51:38.204+0000] {dag.py:3947} INFO - Setting next_dagrun for training_pipeline to 2026-08-05 00:00:00+00:00, run_after=2026-08-06 00:00:00+00:00
[2026-08-05T10:51:38.251+0000] {processor.py:183} INFO - Processing /opt/airflow/dags/training_pipeline_dag.py took 1.898 seconds
[2026-08-05T10:52:08.812+0000] {processor.py:161} INFO - Started process (PID=867) to work on /opt/airflow/dags/training_pipeline_dag.py
[2026-08-05T10:52:08.814+0000] {processor.py:830} INFO - Processing file /opt/airflow/dags/training_pipeline_dag.py for tasks to queue
[2026-08-05T10:52:08.817+0000] {logging_mixin.py:188} INFO - [2026-08-05T10:52:08.816+0000] {dagbag.py:545} INFO - Filling up the DagBag from /opt/airflow/dags/training_pipeline_dag.py
[2026-08-05T10:52:10.551+0000] {processor.py:840} INFO - DAG(s) 'training_pipeline' retrieved from /opt/airflow/dags/training_pipeline_dag.py
[2026-08-05T10:52:10.600+0000] {logging_mixin.py:188} INFO - [2026-08-05T10:52:10.599+0000] {dag.py:3089} INFO - Sync 1 DAGs
[2026-08-05T10:52:10.642+0000] {logging_mixin.py:188} INFO - [2026-08-05T10:52:10.641+0000] {dag.py:3947} INFO - Setting next_dagrun for training_pipeline to 2026-08-05 00:00:00+00:00, run_after=2026-08-06 00:00:00+00:00
[2026-08-05T10:52:10.677+0000] {processor.py:183} INFO - Processing /opt/airflow/dags/training_pipeline_dag.py took 1.890 seconds
[2026-08-05T10:52:41.199+0000] {processor.py:161} INFO - Started process (PID=879) to work on /opt/airflow/dags/training_pipeline_dag.py
[2026-08-05T10:52:41.202+0000] {processor.py:830} INFO - Processing file /opt/airflow/dags/training_pipeline_dag.py for tasks to queue
[2026-08-05T10:52:41.204+0000] {logging_mixin.py:188} INFO - [2026-08-05T10:52:41.203+0000] {dagbag.py:545} INFO - Filling up the DagBag from /opt/airflow/dags/training_pipeline_dag.py
[2026-08-05T10:52:42.967+0000] {processor.py:840} INFO - DAG(s) 'training_pipeline' retrieved from /opt/airflow/dags/training_pipeline_dag.py
[2026-08-05T10:52:43.018+0000] {logging_mixin.py:188} INFO - [2026-08-05T10:52:43.017+0000] {dag.py:3089} INFO - Sync 1 DAGs
[2026-08-05T10:52:43.062+0000] {logging_mixin.py:188} INFO - [2026-08-05T10:52:43.062+0000] {dag.py:3947} INFO - Setting next_dagrun for training_pipeline to 2026-08-05 00:00:00+00:00, run_after=2026-08-06 00:00:00+00:00
[2026-08-05T10:52:43.099+0000] {processor.py:183} INFO - Processing /opt/airflow/dags/training_pipeline_dag.py took 1.921 seconds
[2026-08-05T10:53:13.656+0000] {processor.py:161} INFO - Started process (PID=891) to work on /opt/airflow/dags/training_pipeline_dag.py
[2026-08-05T10:53:13.659+0000] {processor.py:830} INFO - Processing file /opt/airflow/dags/training_pipeline_dag.py for tasks to queue
[2026-08-05T10:53:13.662+0000] {logging_mixin.py:188} INFO - [2026-08-05T10:53:13.661+0000] {dagbag.py:545} INFO - Filling up the DagBag from /opt/airflow/dags/training_pipeline_dag.py
[2026-08-05T10:53:15.370+0000] {processor.py:840} INFO - DAG(s) 'training_pipeline' retrieved from /opt/airflow/dags/training_pipeline_dag.py
[2026-08-05T10:53:15.422+0000] {logging_mixin.py:188} INFO - [2026-08-05T10:53:15.421+0000] {dag.py:3089} INFO - Sync 1 DAGs
[2026-08-05T10:53:15.468+0000] {logging_mixin.py:188} INFO - [2026-08-05T10:53:15.468+0000] {dag.py:3947} INFO - Setting next_dagrun for training_pipeline to 2026-08-05 00:00:00+00:00, run_after=2026-08-06 00:00:00+00:00
[2026-08-05T10:53:15.504+0000] {processor.py:183} INFO - Processing /opt/airflow/dags/training_pipeline_dag.py took 1.870 seconds
[2026-08-05T10:53:46.080+0000] {processor.py:161} INFO - Started process (PID=903) to work on /opt/airflow/dags/training_pipeline_dag.py
[2026-08-05T10:53:46.083+0000] {processor.py:830} INFO - Processing file /opt/airflow/dags/training_pipeline_dag.py for tasks to queue
[2026-08-05T10:53:46.086+0000] {logging_mixin.py:188} INFO - [2026-08-05T10:53:46.085+0000] {dagbag.py:545} INFO - Filling up the DagBag from /opt/airflow/dags/training_pipeline_dag.py
[2026-08-05T10:53:47.771+0000] {processor.py:840} INFO - DAG(s) 'training_pipeline' retrieved from /opt/airflow/dags/training_pipeline_dag.py
[2026-08-05T10:53:47.814+0000] {logging_mixin.py:188} INFO - [2026-08-05T10:53:47.813+0000] {dag.py:3089} INFO - Sync 1 DAGs
[2026-08-05T10:53:47.850+0000] {logging_mixin.py:188} INFO - [2026-08-05T10:53:47.850+0000] {dag.py:3947} INFO - Setting next_dagrun for training_pipeline to 2026-08-05 00:00:00+00:00, run_after=2026-08-06 00:00:00+00:00
[2026-08-05T10:53:47.883+0000] {processor.py:183} INFO - Processing /opt/airflow/dags/training_pipeline_dag.py took 1.870 seconds
[2026-08-05T10:54:18.207+0000] {processor.py:161} INFO - Started process (PID=915) to work on /opt/airflow/dags/training_pipeline_dag.py
[2026-08-05T10:54:18.210+0000] {processor.py:830} INFO - Processing file /opt/airflow/dags/training_pipeline_dag.py for tasks to queue
[2026-08-05T10:54:18.212+0000] {logging_mixin.py:188} INFO - [2026-08-05T10:54:18.211+0000] {dagbag.py:545} INFO - Filling up the DagBag from /opt/airflow/dags/training_pipeline_dag.py
[2026-08-05T10:54:19.700+0000] {processor.py:840} INFO - DAG(s) 'training_pipeline' retrieved from /opt/airflow/dags/training_pipeline_dag.py
[2026-08-05T10:54:20.095+0000] {logging_mixin.py:188} INFO - [2026-08-05T10:54:19.767+0000] {dag.py:3089} INFO - Sync 1 DAGs
[2026-08-05T10:54:20.132+0000] {logging_mixin.py:188} INFO - [2026-08-05T10:54:20.132+0000] {dag.py:3947} INFO - Setting next_dagrun for training_pipeline to 2026-08-05 00:00:00+00:00, run_after=2026-08-06 00:00:00+00:00
[2026-08-05T10:54:20.168+0000] {processor.py:183} INFO - Processing /opt/airflow/dags/training_pipeline_dag.py took 1.982 seconds
