[2026-08-07T09:31:05.384+0000] {local_task_job_runner.py:120} INFO - ::group::Pre task execution logs
[2026-08-07T09:31:05.448+0000] {taskinstance.py:2076} INFO - Dependencies all met for dep_context=non-requeueable deps ti=<TaskInstance: feature_pipeline.extraction scheduled__2026-08-07T08:00:00+00:00 [queued]>
[2026-08-07T09:31:05.463+0000] {taskinstance.py:2076} INFO - Dependencies all met for dep_context=requeueable deps ti=<TaskInstance: feature_pipeline.extraction scheduled__2026-08-07T08:00:00+00:00 [queued]>
[2026-08-07T09:31:05.464+0000] {taskinstance.py:2306} INFO - Starting attempt 1 of 1
[2026-08-07T09:31:05.498+0000] {taskinstance.py:2330} INFO - Executing <Task(_PythonDecoratedOperator): extraction> on 2026-08-07 08:00:00+00:00
[2026-08-07T09:31:05.546+0000] {standard_task_runner.py:64} INFO - Started process 1394 to run task
[2026-08-07T09:31:05.553+0000] {standard_task_runner.py:90} INFO - Running: ['***', 'tasks', 'run', 'feature_pipeline', 'extraction', 'scheduled__2026-08-07T08:00:00+00:00', '--job-id', '72', '--raw', '--subdir', 'DAGS_FOLDER/feature_pipeline_dag.py', '--cfg-path', '/tmp/tmpgtixhxqe']
[2026-08-07T09:31:05.560+0000] {standard_task_runner.py:91} INFO - Job 72: Subtask extraction
[2026-08-07T09:31:05.767+0000] {task_command.py:426} INFO - Running <TaskInstance: feature_pipeline.extraction scheduled__2026-08-07T08:00:00+00:00 [running]> on host 9b2347349ce6
[2026-08-07T09:31:12.267+0000] {taskinstance.py:2648} INFO - Exporting env vars: AIRFLOW_CTX_DAG_OWNER='***' AIRFLOW_CTX_DAG_ID='feature_pipeline' AIRFLOW_CTX_TASK_ID='extraction' AIRFLOW_CTX_EXECUTION_DATE='2026-08-07T08:00:00+00:00' AIRFLOW_CTX_TRY_NUMBER='1' AIRFLOW_CTX_DAG_RUN_ID='scheduled__2026-08-07T08:00:00+00:00'
[2026-08-07T09:31:12.269+0000] {taskinstance.py:430} INFO - ::endgroup::
[2026-08-07T09:31:12.334+0000] {taskinstance.py:441} INFO - ::group::Post task execution logs
[2026-08-07T09:31:12.335+0000] {taskinstance.py:2905} ERROR - Task failed with exception
Traceback (most recent call last):
  File "/home/airflow/.local/lib/python3.11/site-packages/urllib3/connection.py", line 203, in _new_conn
    sock = connection.create_connection(
           ^^^^^^^^^^^^^^^^^^^^^^^^^^^^^
  File "/home/airflow/.local/lib/python3.11/site-packages/urllib3/util/connection.py", line 60, in create_connection
    for res in socket.getaddrinfo(host, port, family, socket.SOCK_STREAM):
               ^^^^^^^^^^^^^^^^^^^^^^^^^^^^^^^^^^^^^^^^^^^^^^^^^^^^^^^^^^
  File "/usr/local/lib/python3.11/socket.py", line 962, in getaddrinfo
    for res in _socket.getaddrinfo(host, port, family, type, proto, flags):
               ^^^^^^^^^^^^^^^^^^^^^^^^^^^^^^^^^^^^^^^^^^^^^^^^^^^^^^^^^^^
socket.gaierror: [Errno -2] Name or service not known

The above exception was the direct cause of the following exception:

Traceback (most recent call last):
  File "/home/airflow/.local/lib/python3.11/site-packages/urllib3/connectionpool.py", line 791, in urlopen
    response = self._make_request(
               ^^^^^^^^^^^^^^^^^^^
  File "/home/airflow/.local/lib/python3.11/site-packages/urllib3/connectionpool.py", line 492, in _make_request
    raise new_e
  File "/home/airflow/.local/lib/python3.11/site-packages/urllib3/connectionpool.py", line 468, in _make_request
    self._validate_conn(conn)
  File "/home/airflow/.local/lib/python3.11/site-packages/urllib3/connectionpool.py", line 1097, in _validate_conn
    conn.connect()
  File "/home/airflow/.local/lib/python3.11/site-packages/urllib3/connection.py", line 611, in connect
    self.sock = sock = self._new_conn()
                       ^^^^^^^^^^^^^^^^
  File "/home/airflow/.local/lib/python3.11/site-packages/urllib3/connection.py", line 210, in _new_conn
    raise NameResolutionError(self.host, self, e) from e
urllib3.exceptions.NameResolutionError: <urllib3.connection.HTTPSConnection object at 0x74658e54b510>: Failed to resolve 'api.waqi.info' ([Errno -2] Name or service not known)

The above exception was the direct cause of the following exception:

Traceback (most recent call last):
  File "/home/airflow/.local/lib/python3.11/site-packages/requests/adapters.py", line 486, in send
    resp = conn.urlopen(
           ^^^^^^^^^^^^^
  File "/home/airflow/.local/lib/python3.11/site-packages/urllib3/connectionpool.py", line 845, in urlopen
    retries = retries.increment(
              ^^^^^^^^^^^^^^^^^^
  File "/home/airflow/.local/lib/python3.11/site-packages/urllib3/util/retry.py", line 515, in increment
    raise MaxRetryError(_pool, url, reason) from reason  # type: ignore[arg-type]
    ^^^^^^^^^^^^^^^^^^^^^^^^^^^^^^^^^^^^^^^^^^^^^^^^^^^
urllib3.exceptions.MaxRetryError: HTTPSConnectionPool(host='api.waqi.info', port=443): Max retries exceeded with url: /feed/lahore/?token=d83c635399e8fb4761e649cc0511b2fac8b5b48b (Caused by NameResolutionError("<urllib3.connection.HTTPSConnection object at 0x74658e54b510>: Failed to resolve 'api.waqi.info' ([Errno -2] Name or service not known)"))

During handling of the above exception, another exception occurred:

Traceback (most recent call last):
  File "/home/airflow/.local/lib/python3.11/site-packages/airflow/models/taskinstance.py", line 465, in _execute_task
    result = _execute_callable(context=context, **execute_callable_kwargs)
             ^^^^^^^^^^^^^^^^^^^^^^^^^^^^^^^^^^^^^^^^^^^^^^^^^^^^^^^^^^^^^
  File "/home/airflow/.local/lib/python3.11/site-packages/airflow/models/taskinstance.py", line 432, in _execute_callable
    return execute_callable(context=context, **execute_callable_kwargs)
           ^^^^^^^^^^^^^^^^^^^^^^^^^^^^^^^^^^^^^^^^^^^^^^^^^^^^^^^^^^^^
  File "/home/airflow/.local/lib/python3.11/site-packages/airflow/models/baseoperator.py", line 401, in wrapper
    return func(self, *args, **kwargs)
           ^^^^^^^^^^^^^^^^^^^^^^^^^^^
  File "/home/airflow/.local/lib/python3.11/site-packages/airflow/decorators/base.py", line 265, in execute
    return_value = super().execute(context)
                   ^^^^^^^^^^^^^^^^^^^^^^^^
  File "/home/airflow/.local/lib/python3.11/site-packages/airflow/models/baseoperator.py", line 401, in wrapper
    return func(self, *args, **kwargs)
           ^^^^^^^^^^^^^^^^^^^^^^^^^^^
  File "/home/airflow/.local/lib/python3.11/site-packages/airflow/operators/python.py", line 235, in execute
    return_value = self.execute_callable()
                   ^^^^^^^^^^^^^^^^^^^^^^^
  File "/home/airflow/.local/lib/python3.11/site-packages/airflow/operators/python.py", line 252, in execute_callable
    return self.python_callable(*self.op_args, **self.op_kwargs)
           ^^^^^^^^^^^^^^^^^^^^^^^^^^^^^^^^^^^^^^^^^^^^^^^^^^^^^
  File "/opt/airflow/dags/feature_pipeline_dag.py", line 23, in extraction
    return extract()
           ^^^^^^^^^
  File "/opt/airflow/project/etl/extract.py", line 54, in extract
    aqi_data = fetch_aqicn_data()
               ^^^^^^^^^^^^^^^^^^
  File "/opt/airflow/project/etl/extract.py", line 19, in fetch_aqicn_data
    response = requests.get(url, timeout=10)
               ^^^^^^^^^^^^^^^^^^^^^^^^^^^^^
  File "/home/airflow/.local/lib/python3.11/site-packages/requests/api.py", line 73, in get
    return request("get", url, params=params, **kwargs)
           ^^^^^^^^^^^^^^^^^^^^^^^^^^^^^^^^^^^^^^^^^^^^
  File "/home/airflow/.local/lib/python3.11/site-packages/requests/api.py", line 59, in request
    return session.request(method=method, url=url, **kwargs)
           ^^^^^^^^^^^^^^^^^^^^^^^^^^^^^^^^^^^^^^^^^^^^^^^^^
  File "/home/airflow/.local/lib/python3.11/site-packages/requests/sessions.py", line 589, in request
    resp = self.send(prep, **send_kwargs)
           ^^^^^^^^^^^^^^^^^^^^^^^^^^^^^^
  File "/home/airflow/.local/lib/python3.11/site-packages/requests/sessions.py", line 703, in send
    r = adapter.send(request, **kwargs)
        ^^^^^^^^^^^^^^^^^^^^^^^^^^^^^^^
  File "/home/airflow/.local/lib/python3.11/site-packages/requests/adapters.py", line 519, in send
    raise ConnectionError(e, request=request)
requests.exceptions.ConnectionError: HTTPSConnectionPool(host='api.waqi.info', port=443): Max retries exceeded with url: /feed/lahore/?token=d83c635399e8fb4761e649cc0511b2fac8b5b48b (Caused by NameResolutionError("<urllib3.connection.HTTPSConnection object at 0x74658e54b510>: Failed to resolve 'api.waqi.info' ([Errno -2] Name or service not known)"))
[2026-08-07T09:31:12.511+0000] {taskinstance.py:1206} INFO - Marking task as FAILED. dag_id=feature_pipeline, task_id=extraction, run_id=scheduled__2026-08-07T08:00:00+00:00, execution_date=20260807T080000, start_date=20260807T093105, end_date=20260807T093112
[2026-08-07T09:31:12.623+0000] {standard_task_runner.py:110} ERROR - Failed to execute job 72 for task extraction (HTTPSConnectionPool(host='api.waqi.info', port=443): Max retries exceeded with url: /feed/lahore/?token=d83c635399e8fb4761e649cc0511b2fac8b5b48b (Caused by NameResolutionError("<urllib3.connection.HTTPSConnection object at 0x74658e54b510>: Failed to resolve 'api.waqi.info' ([Errno -2] Name or service not known)")); 1394)
[2026-08-07T09:31:12.704+0000] {local_task_job_runner.py:243} INFO - Task exited with return code 1
[2026-08-07T09:31:12.747+0000] {taskinstance.py:3503} INFO - 0 downstream tasks scheduled from follow-on schedule check
[2026-08-07T09:31:28.084+0000] {local_task_job_runner.py:222} INFO - ::endgroup::
