[2026-08-30T10:48:30.777+0000] {local_task_job_runner.py:120} INFO - ::group::Pre task execution logs
[2026-08-30T10:48:30.859+0000] {taskinstance.py:2076} INFO - Dependencies all met for dep_context=non-requeueable deps ti=<TaskInstance: feature_pipeline.transformation manual__2026-08-30T10:47:33.886936+00:00 map_index=1 [queued]>
[2026-08-30T10:48:30.882+0000] {taskinstance.py:2076} INFO - Dependencies all met for dep_context=requeueable deps ti=<TaskInstance: feature_pipeline.transformation manual__2026-08-30T10:47:33.886936+00:00 map_index=1 [queued]>
[2026-08-30T10:48:30.883+0000] {taskinstance.py:2306} INFO - Starting attempt 1 of 1
[2026-08-30T10:48:30.932+0000] {taskinstance.py:2330} INFO - Executing <Mapped(_PythonDecoratedOperator): transformation> on 2026-08-30 10:47:33.886936+00:00
[2026-08-30T10:48:30.957+0000] {standard_task_runner.py:64} INFO - Started process 1174 to run task
[2026-08-30T10:48:30.965+0000] {standard_task_runner.py:90} INFO - Running: ['***', 'tasks', 'run', 'feature_pipeline', 'transformation', 'manual__2026-08-30T10:47:33.886936+00:00', '--job-id', '448', '--raw', '--subdir', 'DAGS_FOLDER/feature_pipeline_dag.py', '--cfg-path', '/tmp/tmp5a19azp7', '--map-index', '1']
[2026-08-30T10:48:30.973+0000] {standard_task_runner.py:91} INFO - Job 448: Subtask transformation
[2026-08-30T10:48:31.096+0000] {task_command.py:426} INFO - Running <TaskInstance: feature_pipeline.transformation manual__2026-08-30T10:47:33.886936+00:00 map_index=1 [running]> on host eb0d84ea74be
[2026-08-30T10:48:32.000+0000] {taskinstance.py:2648} INFO - Exporting env vars: AIRFLOW_CTX_DAG_OWNER='***' AIRFLOW_CTX_DAG_ID='feature_pipeline' AIRFLOW_CTX_TASK_ID='transformation' AIRFLOW_CTX_EXECUTION_DATE='2026-08-30T10:47:33.886936+00:00' AIRFLOW_CTX_TRY_NUMBER='1' AIRFLOW_CTX_DAG_RUN_ID='manual__2026-08-30T10:47:33.886936+00:00'
[2026-08-30T10:48:32.002+0000] {taskinstance.py:430} INFO - ::endgroup::
[2026-08-30T10:48:32.096+0000] {external.py:63} INFO - Initializing external client
[2026-08-30T10:48:32.097+0000] {external.py:70} INFO - Base URL: https://eu-west.cloud.hopsworks.ai:443
[2026-08-30T10:48:38.062+0000] {python.py:140} INFO - Python Engine initialized.
[2026-08-30T10:48:40.377+0000] {logging_mixin.py:188} INFO - 
Logged in to project, explore it here https://eu-west.cloud.hopsworks.ai:443/p/41136
[2026-08-30T10:48:52.421+0000] {logging_mixin.py:188} INFO - Reading data from Hopsworks, using Hopsworks Feature Query Service.   Reading data from Hopsworks, using Hopsworks Feature Query Service..   Reading data from Hopsworks, using Hopsworks Feature Query Service...   Reading data from Hopsworks, using Hopsworks Feature Query Service   Reading data from Hopsworks, using Hopsworks Feature Query Service.   Reading data from Hopsworks, using Hopsworks Feature Query Service..   Reading data from Hopsworks, using Hopsworks Feature Query Service...   Reading data from Hopsworks, using Hopsworks Feature Query Service   Reading data from Hopsworks, using Hopsworks Feature Query Service.   Reading data from Hopsworks, using Hopsworks Feature Query Service..   Reading data from Hopsworks, using Hopsworks Feature Query Service...   Reading data from Hopsworks, using Hopsworks Feature Query Service   Reading data from Hopsworks, using Hopsworks Feature Query Service.   Reading data from Hopsworks, using Hopsworks Feature Query Service..   Reading data from Hopsworks, using Hopsworks Feature Query Service...   Reading data from Hopsworks, using Hopsworks Feature Query Service   Reading data from Hopsworks, using Hopsworks Feature Query Service.   Finished: Reading data from Hopsworks, using Hopsworks Feature Query Service (8.20s) 
[2026-08-30T10:48:52.451+0000] {python.py:237} INFO - Done. Returned value was: {'city': 'islamabad', 'timestamp': '2026-08-30T10:47:45.866741+00:00', 'temperature': 37.14, 'humidity': 44, 'wind_speed': 2.02, 'aqi': 154, 'pm25': 154, 'pm10': 0, 'hour': 10, 'day': 30, 'month': 8, 'is_weekend': True, 'aqi_yesterday': 154, 'aqi_change_rate': 0.0, 'rolling_average_aqi': 123.375}
[2026-08-30T10:48:52.453+0000] {taskinstance.py:441} INFO - ::group::Post task execution logs
[2026-08-30T10:48:52.526+0000] {taskinstance.py:1206} INFO - Marking task as SUCCESS. dag_id=feature_pipeline, task_id=transformation, run_id=manual__2026-08-30T10:47:33.886936+00:00, map_index=1, execution_date=20260830T104733, start_date=20260830T104830, end_date=20260830T104852
[2026-08-30T10:48:52.673+0000] {local_task_job_runner.py:243} INFO - Task exited with return code 0
[2026-08-30T10:48:52.731+0000] {taskinstance.py:3503} INFO - 0 downstream tasks scheduled from follow-on schedule check
[2026-08-30T10:48:52.738+0000] {local_task_job_runner.py:222} INFO - ::endgroup::
