[2026-08-09T13:43:02.709+0000] {local_task_job_runner.py:120} INFO - ::group::Pre task execution logs
[2026-08-09T13:43:03.633+0000] {taskinstance.py:2076} INFO - Dependencies all met for dep_context=non-requeueable deps ti=<TaskInstance: feature_pipeline.transformation scheduled__2026-08-09T01:00:00+00:00 map_index=0 [queued]>
[2026-08-09T13:43:03.753+0000] {taskinstance.py:2076} INFO - Dependencies all met for dep_context=requeueable deps ti=<TaskInstance: feature_pipeline.transformation scheduled__2026-08-09T01:00:00+00:00 map_index=0 [queued]>
[2026-08-09T13:43:03.755+0000] {taskinstance.py:2306} INFO - Starting attempt 1 of 1
[2026-08-09T13:43:11.730+0000] {taskinstance.py:2330} INFO - Executing <Mapped(_PythonDecoratedOperator): transformation> on 2026-08-09 01:00:00+00:00
[2026-08-09T13:43:11.885+0000] {standard_task_runner.py:64} INFO - Started process 234 to run task
[2026-08-09T13:43:11.971+0000] {standard_task_runner.py:90} INFO - Running: ['***', 'tasks', 'run', 'feature_pipeline', 'transformation', 'scheduled__2026-08-09T01:00:00+00:00', '--job-id', '142', '--raw', '--subdir', 'DAGS_FOLDER/feature_pipeline_dag.py', '--cfg-path', '/tmp/tmpa0obg2t_', '--map-index', '0']
[2026-08-09T13:43:12.079+0000] {standard_task_runner.py:91} INFO - Job 142: Subtask transformation
[2026-08-09T13:43:14.172+0000] {task_command.py:426} INFO - Running <TaskInstance: feature_pipeline.transformation scheduled__2026-08-09T01:00:00+00:00 map_index=0 [running]> on host 8d602b97461d
[2026-08-09T13:44:29.205+0000] {taskinstance.py:2648} INFO - Exporting env vars: AIRFLOW_CTX_DAG_OWNER='***' AIRFLOW_CTX_DAG_ID='feature_pipeline' AIRFLOW_CTX_TASK_ID='transformation' AIRFLOW_CTX_EXECUTION_DATE='2026-08-09T01:00:00+00:00' AIRFLOW_CTX_TRY_NUMBER='1' AIRFLOW_CTX_DAG_RUN_ID='scheduled__2026-08-09T01:00:00+00:00'
[2026-08-09T13:44:29.209+0000] {taskinstance.py:430} INFO - ::endgroup::
[2026-08-09T13:44:29.593+0000] {external.py:63} INFO - Initializing external client
[2026-08-09T13:44:29.595+0000] {external.py:70} INFO - Base URL: https://eu-west.cloud.hopsworks.ai:443
[2026-08-09T13:44:48.371+0000] {taskinstance.py:441} INFO - ::group::Post task execution logs
[2026-08-09T13:44:48.403+0000] {taskinstance.py:2905} ERROR - Task failed with exception
Traceback (most recent call last):
  File "/home/airflow/.local/lib/python3.11/site-packages/urllib3/connection.py", line 203, in _new_conn
    sock = connection.create_connection(
           ^^^^^^^^^^^^^^^^^^^^^^^^^^^^^
  File "/home/airflow/.local/lib/python3.11/site-packages/urllib3/util/connection.py", line 60, in create_connection
    for res in socket.getaddrinfo(host, port, family, socket.SOCK_STREAM):
               ^^^^^^^^^^^^^^^^^^^^^^^^^^^^^^^^^^^^^^^^^^^^^^^^^^^^^^^^^^
  File "/usr/local/lib/python3.11/socket.py", line 962, in getaddrinfo
    for res in _socket.getaddrinfo(host, port, family, type, proto, flags):
               ^^^^^^^^^^^^^^^^^^^^^^^^^^^^^^^^^^^^^^^^^^^^^^^^^^^^^^^^^^^
socket.gaierror: [Errno -3] Temporary failure in name resolution

The above exception was the direct cause of the following exception:

Traceback (most recent call last):
  File "/home/airflow/.local/lib/python3.11/site-packages/urllib3/connectionpool.py", line 791, in urlopen
    response = self._make_request(
               ^^^^^^^^^^^^^^^^^^^
  File "/home/airflow/.local/lib/python3.11/site-packages/urllib3/connectionpool.py", line 492, in _make_request
    raise new_e
  File "/home/airflow/.local/lib/python3.11/site-packages/urllib3/connectionpool.py", line 468, in _make_request
    self._validate_conn(conn)
  File "/home/airflow/.local/lib/python3.11/site-packages/urllib3/connectionpool.py", line 1097, in _validate_conn
    conn.connect()
  File "/home/airflow/.local/lib/python3.11/site-packages/urllib3/connection.py", line 611, in connect
    self.sock = sock = self._new_conn()
                       ^^^^^^^^^^^^^^^^
  File "/home/airflow/.local/lib/python3.11/site-packages/urllib3/connection.py", line 210, in _new_conn
    raise NameResolutionError(self.host, self, e) from e
urllib3.exceptions.NameResolutionError: <urllib3.connection.HTTPSConnection object at 0x7ccb686f4050>: Failed to resolve 'eu-west.cloud.hopsworks.ai' ([Errno -3] Temporary failure in name resolution)

The above exception was the direct cause of the following exception:

Traceback (most recent call last):
  File "/home/airflow/.local/lib/python3.11/site-packages/requests/adapters.py", line 486, in send
    resp = conn.urlopen(
           ^^^^^^^^^^^^^
  File "/home/airflow/.local/lib/python3.11/site-packages/urllib3/connectionpool.py", line 845, in urlopen
    retries = retries.increment(
              ^^^^^^^^^^^^^^^^^^
  File "/home/airflow/.local/lib/python3.11/site-packages/urllib3/util/retry.py", line 515, in increment
    raise MaxRetryError(_pool, url, reason) from reason  # type: ignore[arg-type]
    ^^^^^^^^^^^^^^^^^^^^^^^^^^^^^^^^^^^^^^^^^^^^^^^^^^^
urllib3.exceptions.MaxRetryError: HTTPSConnectionPool(host='eu-west.cloud.hopsworks.ai', port=443): Max retries exceeded with url: /hopsworks-api/api/variables/versions (Caused by NameResolutionError("<urllib3.connection.HTTPSConnection object at 0x7ccb686f4050>: Failed to resolve 'eu-west.cloud.hopsworks.ai' ([Errno -3] Temporary failure in name resolution)"))

During handling of the above exception, another exception occurred:

Traceback (most recent call last):
  File "/home/airflow/.local/lib/python3.11/site-packages/airflow/models/taskinstance.py", line 465, in _execute_task
    result = _execute_callable(context=context, **execute_callable_kwargs)
             ^^^^^^^^^^^^^^^^^^^^^^^^^^^^^^^^^^^^^^^^^^^^^^^^^^^^^^^^^^^^^
  File "/home/airflow/.local/lib/python3.11/site-packages/airflow/models/taskinstance.py", line 432, in _execute_callable
    return execute_callable(context=context, **execute_callable_kwargs)
           ^^^^^^^^^^^^^^^^^^^^^^^^^^^^^^^^^^^^^^^^^^^^^^^^^^^^^^^^^^^^
  File "/home/airflow/.local/lib/python3.11/site-packages/airflow/models/baseoperator.py", line 401, in wrapper
    return func(self, *args, **kwargs)
           ^^^^^^^^^^^^^^^^^^^^^^^^^^^
  File "/home/airflow/.local/lib/python3.11/site-packages/airflow/decorators/base.py", line 265, in execute
    return_value = super().execute(context)
                   ^^^^^^^^^^^^^^^^^^^^^^^^
  File "/home/airflow/.local/lib/python3.11/site-packages/airflow/models/baseoperator.py", line 401, in wrapper
    return func(self, *args, **kwargs)
           ^^^^^^^^^^^^^^^^^^^^^^^^^^^
  File "/home/airflow/.local/lib/python3.11/site-packages/airflow/operators/python.py", line 235, in execute
    return_value = self.execute_callable()
                   ^^^^^^^^^^^^^^^^^^^^^^^
  File "/home/airflow/.local/lib/python3.11/site-packages/airflow/operators/python.py", line 252, in execute_callable
    return self.python_callable(*self.op_args, **self.op_kwargs)
           ^^^^^^^^^^^^^^^^^^^^^^^^^^^^^^^^^^^^^^^^^^^^^^^^^^^^^
  File "/opt/airflow/dags/feature_pipeline_dag.py", line 50, in transformation
    fs = get_feature_store()
         ^^^^^^^^^^^^^^^^^^^
  File "/opt/airflow/project/utils/hopsworks_client.py", line 36, in get_feature_store
    return get_project().get_feature_store()
           ^^^^^^^^^^^^^
  File "/opt/airflow/project/utils/hopsworks_client.py", line 28, in get_project
    return hopsworks.login(
           ^^^^^^^^^^^^^^^^
  File "/home/airflow/.local/lib/python3.11/site-packages/hopsworks/__init__.py", line 385, in login
    _hw_connection = _hw_connection(
                     ^^^^^^^^^^^^^^^
  File "/home/airflow/.local/lib/python3.11/site-packages/hopsworks/__init__.py", line 179, in _make_connection
    return _load_connection_class()._connection(*args, **kwargs)
           ^^^^^^^^^^^^^^^^^^^^^^^^^^^^^^^^^^^^^^^^^^^^^^^^^^^^^
  File "/home/airflow/.local/lib/python3.11/site-packages/hopsworks_common/connection.py", line 559, in _connection
    return cls(
           ^^^^
  File "/home/airflow/.local/lib/python3.11/site-packages/hopsworks_common/connection.py", line 159, in __init__
    self._connect()
  File "/home/airflow/.local/lib/python3.11/site-packages/hopsworks_common/decorators.py", line 46, in if_not_connected
    return fn(inst, *args, **kwargs)
           ^^^^^^^^^^^^^^^^^^^^^^^^^
  File "/home/airflow/.local/lib/python3.11/site-packages/hopsworks_common/connection.py", line 413, in _connect
    usage._init_usage(self._host, self._variable_api._get_version("hopsworks"))
                                  ^^^^^^^^^^^^^^^^^^^^^^^^^^^^^^^^^^^^^^^^^^^^
  File "/home/airflow/.local/lib/python3.11/site-packages/hopsworks_common/core/variable_api.py", line 77, in _get_version
    resp = _client._send_request("GET", path_params)
           ^^^^^^^^^^^^^^^^^^^^^^^^^^^^^^^^^^^^^^^^^
  File "/home/airflow/.local/lib/python3.11/site-packages/hopsworks_common/decorators.py", line 61, in if_connected
    return fn(inst, *args, **kwargs)
           ^^^^^^^^^^^^^^^^^^^^^^^^^
  File "/home/airflow/.local/lib/python3.11/site-packages/hopsworks_common/client/base.py", line 171, in _send_request
    response = self._session.send(prepped, verify=self._verify, stream=stream)
               ^^^^^^^^^^^^^^^^^^^^^^^^^^^^^^^^^^^^^^^^^^^^^^^^^^^^^^^^^^^^^^^
  File "/home/airflow/.local/lib/python3.11/site-packages/requests/sessions.py", line 703, in send
    r = adapter.send(request, **kwargs)
        ^^^^^^^^^^^^^^^^^^^^^^^^^^^^^^^
  File "/home/airflow/.local/lib/python3.11/site-packages/requests/adapters.py", line 519, in send
    raise ConnectionError(e, request=request)
requests.exceptions.ConnectionError: HTTPSConnectionPool(host='eu-west.cloud.hopsworks.ai', port=443): Max retries exceeded with url: /hopsworks-api/api/variables/versions (Caused by NameResolutionError("<urllib3.connection.HTTPSConnection object at 0x7ccb686f4050>: Failed to resolve 'eu-west.cloud.hopsworks.ai' ([Errno -3] Temporary failure in name resolution)"))
[2026-08-09T13:44:51.064+0000] {taskinstance.py:1206} INFO - Marking task as FAILED. dag_id=feature_pipeline, task_id=transformation, run_id=scheduled__2026-08-09T01:00:00+00:00, map_index=0, execution_date=20260809T010000, start_date=20260809T134303, end_date=20260809T134451
[2026-08-09T13:44:51.246+0000] {standard_task_runner.py:110} ERROR - Failed to execute job 142 for task transformation (HTTPSConnectionPool(host='eu-west.cloud.hopsworks.ai', port=443): Max retries exceeded with url: /hopsworks-api/api/variables/versions (Caused by NameResolutionError("<urllib3.connection.HTTPSConnection object at 0x7ccb686f4050>: Failed to resolve 'eu-west.cloud.hopsworks.ai' ([Errno -3] Temporary failure in name resolution)")); 234)
[2026-08-09T13:44:51.364+0000] {local_task_job_runner.py:243} INFO - Task exited with return code 1
[2026-08-09T13:44:51.745+0000] {local_task_job_runner.py:222} INFO - ::endgroup::
