[2026-08-06T15:15:04.677+0000] {local_task_job_runner.py:120} INFO - ::group::Pre task execution logs
[2026-08-06T15:15:04.747+0000] {taskinstance.py:2076} INFO - Dependencies all met for dep_context=non-requeueable deps ti=<TaskInstance: feature_pipeline.loading scheduled__2026-08-06T14:00:00+00:00 [queued]>
[2026-08-06T15:15:04.763+0000] {taskinstance.py:2076} INFO - Dependencies all met for dep_context=requeueable deps ti=<TaskInstance: feature_pipeline.loading scheduled__2026-08-06T14:00:00+00:00 [queued]>
[2026-08-06T15:15:04.764+0000] {taskinstance.py:2306} INFO - Starting attempt 1 of 1
[2026-08-06T15:15:04.790+0000] {taskinstance.py:2330} INFO - Executing <Task(_PythonDecoratedOperator): loading> on 2026-08-06 14:00:00+00:00
[2026-08-06T15:15:04.808+0000] {standard_task_runner.py:64} INFO - Started process 509 to run task
[2026-08-06T15:15:04.816+0000] {standard_task_runner.py:90} INFO - Running: ['***', 'tasks', 'run', 'feature_pipeline', 'loading', 'scheduled__2026-08-06T14:00:00+00:00', '--job-id', '55', '--raw', '--subdir', 'DAGS_FOLDER/feature_pipeline_dag.py', '--cfg-path', '/tmp/tmpf_71_j8a']
[2026-08-06T15:15:04.824+0000] {standard_task_runner.py:91} INFO - Job 55: Subtask loading
[2026-08-06T15:15:04.953+0000] {task_command.py:426} INFO - Running <TaskInstance: feature_pipeline.loading scheduled__2026-08-06T14:00:00+00:00 [running]> on host 9b2347349ce6
[2026-08-06T15:15:05.612+0000] {taskinstance.py:2648} INFO - Exporting env vars: AIRFLOW_CTX_DAG_OWNER='***' AIRFLOW_CTX_DAG_ID='feature_pipeline' AIRFLOW_CTX_TASK_ID='loading' AIRFLOW_CTX_EXECUTION_DATE='2026-08-06T14:00:00+00:00' AIRFLOW_CTX_TRY_NUMBER='1' AIRFLOW_CTX_DAG_RUN_ID='scheduled__2026-08-06T14:00:00+00:00'
[2026-08-06T15:15:05.614+0000] {taskinstance.py:430} INFO - ::endgroup::
[2026-08-06T15:15:05.713+0000] {external.py:63} INFO - Initializing external client
[2026-08-06T15:15:05.715+0000] {external.py:70} INFO - Base URL: https://eu-west.cloud.hopsworks.ai:443
[2026-08-06T15:15:14.115+0000] {python.py:138} INFO - Python Engine initialized.
[2026-08-06T15:15:17.880+0000] {logging_mixin.py:188} INFO - 
Logged in to project, explore it here https://eu-west.cloud.hopsworks.ai:443/p/41136
[2026-08-06T15:15:28.817+0000] {taskinstance.py:441} INFO - ::group::Post task execution logs
[2026-08-06T15:15:28.821+0000] {taskinstance.py:2905} ERROR - Task failed with exception
Traceback (most recent call last):
  File "/home/airflow/.local/lib/python3.11/site-packages/airflow/models/taskinstance.py", line 465, in _execute_task
    result = _execute_callable(context=context, **execute_callable_kwargs)
             ^^^^^^^^^^^^^^^^^^^^^^^^^^^^^^^^^^^^^^^^^^^^^^^^^^^^^^^^^^^^^
  File "/home/airflow/.local/lib/python3.11/site-packages/airflow/models/taskinstance.py", line 432, in _execute_callable
    return execute_callable(context=context, **execute_callable_kwargs)
           ^^^^^^^^^^^^^^^^^^^^^^^^^^^^^^^^^^^^^^^^^^^^^^^^^^^^^^^^^^^^
  File "/home/airflow/.local/lib/python3.11/site-packages/airflow/models/baseoperator.py", line 401, in wrapper
    return func(self, *args, **kwargs)
           ^^^^^^^^^^^^^^^^^^^^^^^^^^^
  File "/home/airflow/.local/lib/python3.11/site-packages/airflow/decorators/base.py", line 265, in execute
    return_value = super().execute(context)
                   ^^^^^^^^^^^^^^^^^^^^^^^^
  File "/home/airflow/.local/lib/python3.11/site-packages/airflow/models/baseoperator.py", line 401, in wrapper
    return func(self, *args, **kwargs)
           ^^^^^^^^^^^^^^^^^^^^^^^^^^^
  File "/home/airflow/.local/lib/python3.11/site-packages/airflow/operators/python.py", line 235, in execute
    return_value = self.execute_callable()
                   ^^^^^^^^^^^^^^^^^^^^^^^
  File "/home/airflow/.local/lib/python3.11/site-packages/airflow/operators/python.py", line 252, in execute_callable
    return self.python_callable(*self.op_args, **self.op_kwargs)
           ^^^^^^^^^^^^^^^^^^^^^^^^^^^^^^^^^^^^^^^^^^^^^^^^^^^^^
  File "/opt/airflow/dags/feature_pipeline_dag.py", line 52, in loading
    load(record)
  File "/opt/airflow/project/etl/load.py", line 39, in load
    feature_group.insert(df)
  File "/home/airflow/.local/lib/python3.11/site-packages/hsfs/feature_group.py", line 4013, in insert
    job, ge_report = self._feature_group_engine._insert(
                     ^^^^^^^^^^^^^^^^^^^^^^^^^^^^^^^^^^^
  File "/home/airflow/.local/lib/python3.11/site-packages/hsfs/core/feature_group_engine.py", line 332, in _insert
    engine._get_instance()._save_dataframe(
  File "/home/airflow/.local/lib/python3.11/site-packages/hsfs/engine/python.py", line 1098, in _save_dataframe
    return self._run_materialization_job(
           ^^^^^^^^^^^^^^^^^^^^^^^^^^^^^^
  File "/home/airflow/.local/lib/python3.11/site-packages/hsfs/engine/python.py", line 1937, in _run_materialization_job
    initial_check_point = kafka_engine._kafka_get_offsets(
                          ^^^^^^^^^^^^^^^^^^^^^^^^^^^^^^^^
  File "/home/airflow/.local/lib/python3.11/site-packages/hopsworks_common/decorators.py", line 176, in g
    return f(*args, **kwds)
           ^^^^^^^^^^^^^^^^
  File "/home/airflow/.local/lib/python3.11/site-packages/hsfs/core/kafka_engine.py", line 178, in _kafka_get_offsets
    topics = consumer.list_topics(
             ^^^^^^^^^^^^^^^^^^^^^
cimpl.KafkaException: KafkaError{code=_TIMED_OUT,val=-185,str="Failed to get metadata: Local: Timed out"}
[2026-08-06T15:15:28.969+0000] {taskinstance.py:1206} INFO - Marking task as FAILED. dag_id=feature_pipeline, task_id=loading, run_id=scheduled__2026-08-06T14:00:00+00:00, execution_date=20260806T140000, start_date=20260806T151504, end_date=20260806T151528
[2026-08-06T15:15:29.062+0000] {standard_task_runner.py:110} ERROR - Failed to execute job 55 for task loading (KafkaError{code=_TIMED_OUT,val=-185,str="Failed to get metadata: Local: Timed out"}; 509)
[2026-08-06T15:15:29.141+0000] {local_task_job_runner.py:243} INFO - Task exited with return code 1
[2026-08-06T15:15:29.174+0000] {taskinstance.py:3503} INFO - 0 downstream tasks scheduled from follow-on schedule check
[2026-08-06T15:15:29.179+0000] {local_task_job_runner.py:222} INFO - ::endgroup::
