[2026-08-02T19:40:00.835+0000] {local_task_job_runner.py:120} INFO - ::group::Pre task execution logs
[2026-08-02T19:40:00.902+0000] {taskinstance.py:2076} INFO - Dependencies all met for dep_context=non-requeueable deps ti=<TaskInstance: first_orchestrator.loading manual__2026-08-02T19:38:41.312616+00:00 [queued]>
[2026-08-02T19:40:00.918+0000] {taskinstance.py:2076} INFO - Dependencies all met for dep_context=requeueable deps ti=<TaskInstance: first_orchestrator.loading manual__2026-08-02T19:38:41.312616+00:00 [queued]>
[2026-08-02T19:40:00.920+0000] {taskinstance.py:2306} INFO - Starting attempt 1 of 1
[2026-08-02T19:40:00.944+0000] {taskinstance.py:2330} INFO - Executing <Task(_PythonDecoratedOperator): loading> on 2026-08-02 19:38:41.312616+00:00
[2026-08-02T19:40:00.960+0000] {standard_task_runner.py:64} INFO - Started process 282 to run task
[2026-08-02T19:40:00.968+0000] {standard_task_runner.py:90} INFO - Running: ['***', 'tasks', 'run', 'first_orchestrator', 'loading', 'manual__2026-08-02T19:38:41.312616+00:00', '--job-id', '11', '--raw', '--subdir', 'DAGS_FOLDER/orchestration.py', '--cfg-path', '/tmp/tmp6a4wa9cb']
[2026-08-02T19:40:00.975+0000] {standard_task_runner.py:91} INFO - Job 11: Subtask loading
[2026-08-02T19:40:01.082+0000] {task_command.py:426} INFO - Running <TaskInstance: first_orchestrator.loading manual__2026-08-02T19:38:41.312616+00:00 [running]> on host 1fdf2558ddcc
[2026-08-02T19:40:01.385+0000] {taskinstance.py:2648} INFO - Exporting env vars: AIRFLOW_CTX_DAG_OWNER='***' AIRFLOW_CTX_DAG_ID='first_orchestrator' AIRFLOW_CTX_TASK_ID='loading' AIRFLOW_CTX_EXECUTION_DATE='2026-08-02T19:38:41.312616+00:00' AIRFLOW_CTX_TRY_NUMBER='1' AIRFLOW_CTX_DAG_RUN_ID='manual__2026-08-02T19:38:41.312616+00:00'
[2026-08-02T19:40:01.388+0000] {taskinstance.py:430} INFO - ::endgroup::
[2026-08-02T19:40:01.812+0000] {external.py:63} INFO - Initializing external client
[2026-08-02T19:40:01.813+0000] {external.py:70} INFO - Base URL: https://eu-west.cloud.hopsworks.ai:443
[2026-08-02T19:40:08.625+0000] {python.py:138} INFO - Python Engine initialized.
[2026-08-02T19:40:11.770+0000] {logging_mixin.py:188} INFO - 
Logged in to project, explore it here https://eu-west.cloud.hopsworks.ai:443/p/41136
[2026-08-02T19:40:15.106+0000] {taskinstance.py:441} INFO - ::group::Post task execution logs
[2026-08-02T19:40:15.111+0000] {taskinstance.py:2905} ERROR - Task failed with exception
Traceback (most recent call last):
  File "/home/airflow/.local/lib/python3.11/site-packages/airflow/models/taskinstance.py", line 465, in _execute_task
    result = _execute_callable(context=context, **execute_callable_kwargs)
             ^^^^^^^^^^^^^^^^^^^^^^^^^^^^^^^^^^^^^^^^^^^^^^^^^^^^^^^^^^^^^
  File "/home/airflow/.local/lib/python3.11/site-packages/airflow/models/taskinstance.py", line 432, in _execute_callable
    return execute_callable(context=context, **execute_callable_kwargs)
           ^^^^^^^^^^^^^^^^^^^^^^^^^^^^^^^^^^^^^^^^^^^^^^^^^^^^^^^^^^^^
  File "/home/airflow/.local/lib/python3.11/site-packages/airflow/models/baseoperator.py", line 401, in wrapper
    return func(self, *args, **kwargs)
           ^^^^^^^^^^^^^^^^^^^^^^^^^^^
  File "/home/airflow/.local/lib/python3.11/site-packages/airflow/decorators/base.py", line 265, in execute
    return_value = super().execute(context)
                   ^^^^^^^^^^^^^^^^^^^^^^^^
  File "/home/airflow/.local/lib/python3.11/site-packages/airflow/models/baseoperator.py", line 401, in wrapper
    return func(self, *args, **kwargs)
           ^^^^^^^^^^^^^^^^^^^^^^^^^^^
  File "/home/airflow/.local/lib/python3.11/site-packages/airflow/operators/python.py", line 235, in execute
    return_value = self.execute_callable()
                   ^^^^^^^^^^^^^^^^^^^^^^^
  File "/home/airflow/.local/lib/python3.11/site-packages/airflow/operators/python.py", line 252, in execute_callable
    return self.python_callable(*self.op_args, **self.op_kwargs)
           ^^^^^^^^^^^^^^^^^^^^^^^^^^^^^^^^^^^^^^^^^^^^^^^^^^^^^
  File "/opt/airflow/dags/orchestration.py", line 44, in loading
    load(record)
  File "/opt/airflow/project/etl/load.py", line 46, in load
    feature_group.insert(df)
  File "/home/airflow/.local/lib/python3.11/site-packages/hsfs/feature_group.py", line 4013, in insert
    job, ge_report = self._feature_group_engine._insert(
                     ^^^^^^^^^^^^^^^^^^^^^^^^^^^^^^^^^^^
  File "/home/airflow/.local/lib/python3.11/site-packages/hsfs/core/feature_group_engine.py", line 332, in _insert
    engine._get_instance()._save_dataframe(
  File "/home/airflow/.local/lib/python3.11/site-packages/hsfs/engine/python.py", line 1098, in _save_dataframe
    return self._run_materialization_job(
           ^^^^^^^^^^^^^^^^^^^^^^^^^^^^^^
  File "/home/airflow/.local/lib/python3.11/site-packages/hsfs/engine/python.py", line 1937, in _run_materialization_job
    initial_check_point = kafka_engine._kafka_get_offsets(
                          ^^^^^^^^^^^^^^^^^^^^^^^^^^^^^^^^
  File "/home/airflow/.local/lib/python3.11/site-packages/hopsworks_common/decorators.py", line 175, in g
    raise ModuleNotFoundError(confluent_kafka_not_installed_message)
ModuleNotFoundError: Confluent Kafka package not found. If you want to use Kafka with Hopsworks you can install the corresponding extras via `pip install "hopsworks[python]"`. You can also install confluent-kafka directly in your environment with `pip install confluent-kafka`. You will need to restart your kernel if applicable.
[2026-08-02T19:40:15.469+0000] {taskinstance.py:1206} INFO - Marking task as FAILED. dag_id=first_orchestrator, task_id=loading, run_id=manual__2026-08-02T19:38:41.312616+00:00, execution_date=20260802T193841, start_date=20260802T194000, end_date=20260802T194015
[2026-08-02T19:40:15.498+0000] {standard_task_runner.py:110} ERROR - Failed to execute job 11 for task loading (Confluent Kafka package not found. If you want to use Kafka with Hopsworks you can install the corresponding extras via `pip install "hopsworks[python]"`. You can also install confluent-kafka directly in your environment with `pip install confluent-kafka`. You will need to restart your kernel if applicable.; 282)
[2026-08-02T19:40:15.601+0000] {local_task_job_runner.py:243} INFO - Task exited with return code 1
[2026-08-02T19:40:15.637+0000] {taskinstance.py:3503} INFO - 0 downstream tasks scheduled from follow-on schedule check
[2026-08-02T19:40:15.643+0000] {local_task_job_runner.py:222} INFO - ::endgroup::
