[2026-08-30T10:44:36.775+0000] {local_task_job_runner.py:120} INFO - ::group::Pre task execution logs
[2026-08-30T10:44:36.855+0000] {taskinstance.py:2076} INFO - Dependencies all met for dep_context=non-requeueable deps ti=<TaskInstance: feature_pipeline.loading scheduled__2026-08-30T09:00:00+00:00 map_index=0 [queued]>
[2026-08-30T10:44:36.885+0000] {taskinstance.py:2076} INFO - Dependencies all met for dep_context=requeueable deps ti=<TaskInstance: feature_pipeline.loading scheduled__2026-08-30T09:00:00+00:00 map_index=0 [queued]>
[2026-08-30T10:44:36.887+0000] {taskinstance.py:2306} INFO - Starting attempt 1 of 1
[2026-08-30T10:44:36.913+0000] {taskinstance.py:2330} INFO - Executing <Mapped(_PythonDecoratedOperator): loading> on 2026-08-30 09:00:00+00:00
[2026-08-30T10:44:36.938+0000] {standard_task_runner.py:64} INFO - Started process 843 to run task
[2026-08-30T10:44:36.946+0000] {standard_task_runner.py:90} INFO - Running: ['***', 'tasks', 'run', 'feature_pipeline', 'loading', 'scheduled__2026-08-30T09:00:00+00:00', '--job-id', '442', '--raw', '--subdir', 'DAGS_FOLDER/feature_pipeline_dag.py', '--cfg-path', '/tmp/tmp0av7a5z2', '--map-index', '0']
[2026-08-30T10:44:36.953+0000] {standard_task_runner.py:91} INFO - Job 442: Subtask loading
[2026-08-30T10:44:37.084+0000] {task_command.py:426} INFO - Running <TaskInstance: feature_pipeline.loading scheduled__2026-08-30T09:00:00+00:00 map_index=0 [running]> on host eb0d84ea74be
[2026-08-30T10:44:37.663+0000] {taskinstance.py:2648} INFO - Exporting env vars: AIRFLOW_CTX_DAG_OWNER='***' AIRFLOW_CTX_DAG_ID='feature_pipeline' AIRFLOW_CTX_TASK_ID='loading' AIRFLOW_CTX_EXECUTION_DATE='2026-08-30T09:00:00+00:00' AIRFLOW_CTX_TRY_NUMBER='1' AIRFLOW_CTX_DAG_RUN_ID='scheduled__2026-08-30T09:00:00+00:00'
[2026-08-30T10:44:37.666+0000] {taskinstance.py:430} INFO - ::endgroup::
[2026-08-30T10:44:37.745+0000] {external.py:63} INFO - Initializing external client
[2026-08-30T10:44:37.746+0000] {external.py:70} INFO - Base URL: https://eu-west.cloud.hopsworks.ai:443
[2026-08-30T10:44:42.841+0000] {python.py:140} INFO - Python Engine initialized.
[2026-08-30T10:44:44.596+0000] {logging_mixin.py:188} INFO - 
Logged in to project, explore it here https://eu-west.cloud.hopsworks.ai:443/p/41136
[2026-08-30T10:44:56.163+0000] {logging_mixin.py:188} WARNING - Uploading Dataframe: 0.00% |          | Rows 0/1 | Elapsed Time: 00:00 | Remaining Time: ?
[2026-08-30T10:44:58.129+0000] {logging_mixin.py:188} WARNING - Uploading Dataframe: 100.00% |##########| Rows 1/1 | Elapsed Time: 00:01 | Remaining Time: 00:00
[2026-08-30T10:44:58.132+0000] {logging_mixin.py:188} WARNING - Uploading Dataframe: 100.00% |##########| Rows 1/1 | Elapsed Time: 00:01 | Remaining Time: 00:00
[2026-08-30T10:44:59.113+0000] {logging_mixin.py:188} WARNING - /home/***/.local/lib/python3.11/site-packages/hopsworks_common/job.py:249 UserWarning: Materialization job is already running, aborting new execution.Please wait for the current execution to finish before triggering a new one.You can check the status of the current execution using `fg.materialization_job.get_state()`.or `fg.materialization_job.get_final_state()` or check it out in the Hopsworks UI.at https://eu-west.cloud.hopsworks.ai:443/p/41136/jobs/named/aqi_features_1_offline_fg_materialization.
Use fg.materialization_job.run(args=-op offline_fg_materialization -path hdfs:///Projects/aqi_predictor_2026_7x9k/Resources/jobs/aqi_features_1_offline_fg_materialization/config_1785673201041) to trigger the materialization job again.
[2026-08-30T10:44:59.114+0000] {logging_mixin.py:188} INFO - Inserted 1 record into 'aqi_features' feature group.
[2026-08-30T10:44:59.116+0000] {python.py:237} INFO - Done. Returned value was: None
[2026-08-30T10:44:59.117+0000] {taskinstance.py:441} INFO - ::group::Post task execution logs
[2026-08-30T10:44:59.142+0000] {taskinstance.py:1206} INFO - Marking task as SUCCESS. dag_id=feature_pipeline, task_id=loading, run_id=scheduled__2026-08-30T09:00:00+00:00, map_index=0, execution_date=20260830T090000, start_date=20260830T104436, end_date=20260830T104459
[2026-08-30T10:44:59.281+0000] {local_task_job_runner.py:243} INFO - Task exited with return code 0
[2026-08-30T10:44:59.315+0000] {taskinstance.py:3503} INFO - 0 downstream tasks scheduled from follow-on schedule check
[2026-08-30T10:44:59.321+0000] {local_task_job_runner.py:222} INFO - ::endgroup::
