[2026-08-07T09:45:08.914+0000] {local_task_job_runner.py:120} INFO - ::group::Pre task execution logs
[2026-08-07T09:45:08.990+0000] {taskinstance.py:2076} INFO - Dependencies all met for dep_context=non-requeueable deps ti=<TaskInstance: feature_pipeline.loading manual__2026-08-07T09:43:56.091544+00:00 [queued]>
[2026-08-07T09:45:09.007+0000] {taskinstance.py:2076} INFO - Dependencies all met for dep_context=requeueable deps ti=<TaskInstance: feature_pipeline.loading manual__2026-08-07T09:43:56.091544+00:00 [queued]>
[2026-08-07T09:45:09.008+0000] {taskinstance.py:2306} INFO - Starting attempt 1 of 1
[2026-08-07T09:45:06.697+0000] {taskinstance.py:2330} INFO - Executing <Task(_PythonDecoratedOperator): loading> on 2026-08-07 09:43:56.091544+00:00
[2026-08-07T09:45:06.724+0000] {standard_task_runner.py:64} INFO - Started process 1724 to run task
[2026-08-07T09:45:06.739+0000] {standard_task_runner.py:90} INFO - Running: ['***', 'tasks', 'run', 'feature_pipeline', 'loading', 'manual__2026-08-07T09:43:56.091544+00:00', '--job-id', '76', '--raw', '--subdir', 'DAGS_FOLDER/feature_pipeline_dag.py', '--cfg-path', '/tmp/tmpbrl_4wlj']
[2026-08-07T09:45:06.753+0000] {standard_task_runner.py:91} INFO - Job 76: Subtask loading
[2026-08-07T09:45:06.908+0000] {task_command.py:426} INFO - Running <TaskInstance: feature_pipeline.loading manual__2026-08-07T09:43:56.091544+00:00 [running]> on host 9b2347349ce6
[2026-08-07T09:45:07.835+0000] {taskinstance.py:2648} INFO - Exporting env vars: AIRFLOW_CTX_DAG_OWNER='***' AIRFLOW_CTX_DAG_ID='feature_pipeline' AIRFLOW_CTX_TASK_ID='loading' AIRFLOW_CTX_EXECUTION_DATE='2026-08-07T09:43:56.091544+00:00' AIRFLOW_CTX_TRY_NUMBER='1' AIRFLOW_CTX_DAG_RUN_ID='manual__2026-08-07T09:43:56.091544+00:00'
[2026-08-07T09:45:07.838+0000] {taskinstance.py:430} INFO - ::endgroup::
[2026-08-07T09:45:07.938+0000] {external.py:63} INFO - Initializing external client
[2026-08-07T09:45:07.939+0000] {external.py:70} INFO - Base URL: https://eu-west.cloud.hopsworks.ai:443
[2026-08-07T09:45:12.371+0000] {python.py:138} INFO - Python Engine initialized.
[2026-08-07T09:45:14.244+0000] {logging_mixin.py:188} INFO - 
Logged in to project, explore it here https://eu-west.cloud.hopsworks.ai:443/p/41136
[2026-08-07T09:45:24.396+0000] {logging_mixin.py:188} WARNING - Uploading Dataframe: 0.00% |          | Rows 0/1 | Elapsed Time: 00:00 | Remaining Time: ?
[2026-08-07T09:45:27.001+0000] {logging_mixin.py:188} WARNING - Uploading Dataframe: 100.00% |##########| Rows 1/1 | Elapsed Time: 00:02 | Remaining Time: 00:00
[2026-08-07T09:45:27.005+0000] {logging_mixin.py:188} WARNING - Uploading Dataframe: 100.00% |##########| Rows 1/1 | Elapsed Time: 00:02 | Remaining Time: 00:00
[2026-08-07T09:45:28.521+0000] {logging_mixin.py:188} INFO - Launching job: aqi_features_1_offline_fg_materialization
[2026-08-07T09:45:35.091+0000] {logging_mixin.py:188} INFO - Job started successfully, you can follow the progress at 
https://eu-west.cloud.hopsworks.ai:443/p/41136/jobs/named/aqi_features_1_offline_fg_materialization/executions
[2026-08-07T09:45:35.093+0000] {logging_mixin.py:188} INFO - Inserted 1 record into 'aqi_features' feature group.
[2026-08-07T09:45:35.094+0000] {python.py:237} INFO - Done. Returned value was: None
[2026-08-07T09:45:35.096+0000] {taskinstance.py:441} INFO - ::group::Post task execution logs
[2026-08-07T09:45:35.120+0000] {taskinstance.py:1206} INFO - Marking task as SUCCESS. dag_id=feature_pipeline, task_id=loading, run_id=manual__2026-08-07T09:43:56.091544+00:00, execution_date=20260807T094356, start_date=20260807T094508, end_date=20260807T094535
[2026-08-07T09:45:35.264+0000] {local_task_job_runner.py:243} INFO - Task exited with return code 0
[2026-08-07T09:45:35.304+0000] {taskinstance.py:3503} INFO - 0 downstream tasks scheduled from follow-on schedule check
[2026-08-07T09:45:35.311+0000] {local_task_job_runner.py:222} INFO - ::endgroup::
