[2026-08-08T21:00:35.815+0000] {local_task_job_runner.py:120} INFO - ::group::Pre task execution logs
[2026-08-08T21:00:36.104+0000] {taskinstance.py:2076} INFO - Dependencies all met for dep_context=non-requeueable deps ti=<TaskInstance: feature_pipeline.transformation scheduled__2026-08-08T20:00:00+00:00 map_index=1 [queued]>
[2026-08-08T21:00:36.144+0000] {taskinstance.py:2076} INFO - Dependencies all met for dep_context=requeueable deps ti=<TaskInstance: feature_pipeline.transformation scheduled__2026-08-08T20:00:00+00:00 map_index=1 [queued]>
[2026-08-08T21:00:36.147+0000] {taskinstance.py:2306} INFO - Starting attempt 1 of 1
[2026-08-08T21:00:36.205+0000] {taskinstance.py:2330} INFO - Executing <Mapped(_PythonDecoratedOperator): transformation> on 2026-08-08 20:00:00+00:00
[2026-08-08T21:00:36.263+0000] {standard_task_runner.py:64} INFO - Started process 201 to run task
[2026-08-08T21:00:36.906+0000] {standard_task_runner.py:90} INFO - Running: ['***', 'tasks', 'run', 'feature_pipeline', 'transformation', 'scheduled__2026-08-08T20:00:00+00:00', '--job-id', '97', '--raw', '--subdir', 'DAGS_FOLDER/feature_pipeline_dag.py', '--cfg-path', '/tmp/tmp3lo8neb2', '--map-index', '1']
[2026-08-08T21:00:37.462+0000] {standard_task_runner.py:91} INFO - Job 97: Subtask transformation
[2026-08-08T21:00:38.935+0000] {task_command.py:426} INFO - Running <TaskInstance: feature_pipeline.transformation scheduled__2026-08-08T20:00:00+00:00 map_index=1 [running]> on host 8d602b97461d
[2026-08-08T21:00:47.136+0000] {taskinstance.py:2648} INFO - Exporting env vars: AIRFLOW_CTX_DAG_OWNER='***' AIRFLOW_CTX_DAG_ID='feature_pipeline' AIRFLOW_CTX_TASK_ID='transformation' AIRFLOW_CTX_EXECUTION_DATE='2026-08-08T20:00:00+00:00' AIRFLOW_CTX_TRY_NUMBER='1' AIRFLOW_CTX_DAG_RUN_ID='scheduled__2026-08-08T20:00:00+00:00'
[2026-08-08T21:00:47.153+0000] {taskinstance.py:430} INFO - ::endgroup::
[2026-08-08T21:00:55.420+0000] {external.py:63} INFO - Initializing external client
[2026-08-08T21:00:55.421+0000] {external.py:70} INFO - Base URL: https://eu-west.cloud.hopsworks.ai:443
[2026-08-08T21:01:09.974+0000] {python.py:138} INFO - Python Engine initialized.
[2026-08-08T21:01:11.323+0000] {logging_mixin.py:188} INFO - 
Logged in to project, explore it here https://eu-west.cloud.hopsworks.ai:443/p/41136
[2026-08-08T21:01:23.542+0000] {logging_mixin.py:188} INFO - Reading data from Hopsworks, using Hopsworks Feature Query Service.   Reading data from Hopsworks, using Hopsworks Feature Query Service..   Reading data from Hopsworks, using Hopsworks Feature Query Service...   Reading data from Hopsworks, using Hopsworks Feature Query Service   Reading data from Hopsworks, using Hopsworks Feature Query Service.   Reading data from Hopsworks, using Hopsworks Feature Query Service..   Reading data from Hopsworks, using Hopsworks Feature Query Service...   Reading data from Hopsworks, using Hopsworks Feature Query Service   Reading data from Hopsworks, using Hopsworks Feature Query Service.   Reading data from Hopsworks, using Hopsworks Feature Query Service..   Reading data from Hopsworks, using Hopsworks Feature Query Service...   Reading data from Hopsworks, using Hopsworks Feature Query Service   Reading data from Hopsworks, using Hopsworks Feature Query Service.   Reading data from Hopsworks, using Hopsworks Feature Query Service..   Reading data from Hopsworks, using Hopsworks Feature Query Service...   Finished: Reading data from Hopsworks, using Hopsworks Feature Query Service (7.36s) 
[2026-08-08T21:01:23.572+0000] {python.py:237} INFO - Done. Returned value was: {'city': 'islamabad', 'timestamp': '2026-08-08T21:00:12.680317+00:00', 'temperature': 26.81, 'humidity': 72, 'wind_speed': 1.22, 'aqi': 154, 'pm25': 154, 'pm10': 0, 'hour': 21, 'day': 8, 'month': 8, 'is_weekend': True, 'aqi_yesterday': 89, 'aqi_change_rate': 0.0, 'rolling_average_aqi': 112.95833333333333}
[2026-08-08T21:01:23.586+0000] {taskinstance.py:441} INFO - ::group::Post task execution logs
[2026-08-08T21:01:23.710+0000] {taskinstance.py:1206} INFO - Marking task as SUCCESS. dag_id=feature_pipeline, task_id=transformation, run_id=scheduled__2026-08-08T20:00:00+00:00, map_index=1, execution_date=20260808T200000, start_date=20260808T210036, end_date=20260808T210123
[2026-08-08T21:01:23.837+0000] {local_task_job_runner.py:243} INFO - Task exited with return code 0
[2026-08-08T21:01:23.859+0000] {local_task_job_runner.py:222} INFO - ::endgroup::
