[2026-08-06T13:10:04.271+0000] {local_task_job_runner.py:120} INFO - ::group::Pre task execution logs
[2026-08-06T13:10:04.676+0000] {taskinstance.py:2076} INFO - Dependencies all met for dep_context=non-requeueable deps ti=<TaskInstance: feature_pipeline.loading scheduled__2026-08-06T12:00:00+00:00 [queued]>
[2026-08-06T13:10:04.692+0000] {taskinstance.py:2076} INFO - Dependencies all met for dep_context=requeueable deps ti=<TaskInstance: feature_pipeline.loading scheduled__2026-08-06T12:00:00+00:00 [queued]>
[2026-08-06T13:10:04.693+0000] {taskinstance.py:2306} INFO - Starting attempt 1 of 1
[2026-08-06T13:10:05.206+0000] {taskinstance.py:2330} INFO - Executing <Task(_PythonDecoratedOperator): loading> on 2026-08-06 12:00:00+00:00
[2026-08-06T13:10:05.235+0000] {standard_task_runner.py:64} INFO - Started process 347 to run task
[2026-08-06T13:10:05.243+0000] {standard_task_runner.py:90} INFO - Running: ['***', 'tasks', 'run', 'feature_pipeline', 'loading', 'scheduled__2026-08-06T12:00:00+00:00', '--job-id', '49', '--raw', '--subdir', 'DAGS_FOLDER/feature_pipeline_dag.py', '--cfg-path', '/tmp/tmp2n6t_zxd']
[2026-08-06T13:10:05.252+0000] {standard_task_runner.py:91} INFO - Job 49: Subtask loading
[2026-08-06T13:10:05.622+0000] {task_command.py:426} INFO - Running <TaskInstance: feature_pipeline.loading scheduled__2026-08-06T12:00:00+00:00 [running]> on host a19e9d16724f
[2026-08-06T13:10:06.084+0000] {taskinstance.py:2648} INFO - Exporting env vars: AIRFLOW_CTX_DAG_OWNER='***' AIRFLOW_CTX_DAG_ID='feature_pipeline' AIRFLOW_CTX_TASK_ID='loading' AIRFLOW_CTX_EXECUTION_DATE='2026-08-06T12:00:00+00:00' AIRFLOW_CTX_TRY_NUMBER='1' AIRFLOW_CTX_DAG_RUN_ID='scheduled__2026-08-06T12:00:00+00:00'
[2026-08-06T13:10:06.088+0000] {taskinstance.py:430} INFO - ::endgroup::
[2026-08-06T13:10:06.915+0000] {external.py:63} INFO - Initializing external client
[2026-08-06T13:10:06.916+0000] {external.py:70} INFO - Base URL: https://eu-west.cloud.hopsworks.ai:443
[2026-08-06T13:10:10.358+0000] {python.py:138} INFO - Python Engine initialized.
[2026-08-06T13:10:11.715+0000] {logging_mixin.py:188} INFO - 
Logged in to project, explore it here https://eu-west.cloud.hopsworks.ai:443/p/41136
[2026-08-06T13:10:16.693+0000] {logging_mixin.py:188} WARNING - Uploading Dataframe: 0.00% |          | Rows 0/1 | Elapsed Time: 00:00 | Remaining Time: ?
[2026-08-06T13:10:17.957+0000] {logging_mixin.py:188} WARNING - Uploading Dataframe: 100.00% |##########| Rows 1/1 | Elapsed Time: 00:01 | Remaining Time: 00:00
[2026-08-06T13:10:17.963+0000] {logging_mixin.py:188} WARNING - Uploading Dataframe: 100.00% |##########| Rows 1/1 | Elapsed Time: 00:01 | Remaining Time: 00:00
[2026-08-06T13:10:18.846+0000] {logging_mixin.py:188} WARNING - /home/***/.local/lib/python3.11/site-packages/hopsworks_common/job.py:249 UserWarning: Materialization job is already running, aborting new execution.Please wait for the current execution to finish before triggering a new one.You can check the status of the current execution using `fg.materialization_job.get_state()`.or `fg.materialization_job.get_final_state()` or check it out in the Hopsworks UI.at https://eu-west.cloud.hopsworks.ai:443/p/41136/jobs/named/aqi_features_1_offline_fg_materialization.
Use fg.materialization_job.run(args=-op offline_fg_materialization -path hdfs:///Projects/aqi_predictor_2026_7x9k/Resources/jobs/aqi_features_1_offline_fg_materialization/config_1785673201041) to trigger the materialization job again.
[2026-08-06T13:10:18.848+0000] {logging_mixin.py:188} INFO - Inserted 1 record into 'aqi_features' feature group.
[2026-08-06T13:10:18.849+0000] {python.py:237} INFO - Done. Returned value was: None
[2026-08-06T13:10:18.850+0000] {taskinstance.py:441} INFO - ::group::Post task execution logs
[2026-08-06T13:10:18.882+0000] {taskinstance.py:1206} INFO - Marking task as SUCCESS. dag_id=feature_pipeline, task_id=loading, run_id=scheduled__2026-08-06T12:00:00+00:00, execution_date=20260806T120000, start_date=20260806T131004, end_date=20260806T131018
[2026-08-06T13:10:20.402+0000] {local_task_job_runner.py:243} INFO - Task exited with return code 0
[2026-08-06T13:10:20.443+0000] {taskinstance.py:3503} INFO - 0 downstream tasks scheduled from follow-on schedule check
[2026-08-06T13:10:20.448+0000] {local_task_job_runner.py:222} INFO - ::endgroup::
