[2026-08-05T10:38:37.817+0000] {local_task_job_runner.py:120} INFO - ::group::Pre task execution logs
[2026-08-05T10:38:38.105+0000] {taskinstance.py:2076} INFO - Dependencies all met for dep_context=non-requeueable deps ti=<TaskInstance: feature_pipeline.transformation manual__2026-08-05T10:38:23.925355+00:00 [queued]>
[2026-08-05T10:38:38.121+0000] {taskinstance.py:2076} INFO - Dependencies all met for dep_context=requeueable deps ti=<TaskInstance: feature_pipeline.transformation manual__2026-08-05T10:38:23.925355+00:00 [queued]>
[2026-08-05T10:38:38.122+0000] {taskinstance.py:2306} INFO - Starting attempt 1 of 1
[2026-08-05T10:38:38.147+0000] {taskinstance.py:2330} INFO - Executing <Task(_PythonDecoratedOperator): transformation> on 2026-08-05 10:38:23.925355+00:00
[2026-08-05T10:38:38.163+0000] {standard_task_runner.py:64} INFO - Started process 496 to run task
[2026-08-05T10:38:38.170+0000] {standard_task_runner.py:90} INFO - Running: ['***', 'tasks', 'run', 'feature_pipeline', 'transformation', 'manual__2026-08-05T10:38:23.925355+00:00', '--job-id', '40', '--raw', '--subdir', 'DAGS_FOLDER/feature_pipeline_dag.py', '--cfg-path', '/tmp/tmpbcb8rbka']
[2026-08-05T10:38:38.175+0000] {standard_task_runner.py:91} INFO - Job 40: Subtask transformation
[2026-08-05T10:38:38.282+0000] {task_command.py:426} INFO - Running <TaskInstance: feature_pipeline.transformation manual__2026-08-05T10:38:23.925355+00:00 [running]> on host a19e9d16724f
[2026-08-05T10:38:38.486+0000] {taskinstance.py:2648} INFO - Exporting env vars: AIRFLOW_CTX_DAG_OWNER='***' AIRFLOW_CTX_DAG_ID='feature_pipeline' AIRFLOW_CTX_TASK_ID='transformation' AIRFLOW_CTX_EXECUTION_DATE='2026-08-05T10:38:23.925355+00:00' AIRFLOW_CTX_TRY_NUMBER='1' AIRFLOW_CTX_DAG_RUN_ID='manual__2026-08-05T10:38:23.925355+00:00'
[2026-08-05T10:38:38.489+0000] {taskinstance.py:430} INFO - ::endgroup::
[2026-08-05T10:38:38.603+0000] {external.py:63} INFO - Initializing external client
[2026-08-05T10:38:38.604+0000] {external.py:70} INFO - Base URL: https://eu-west.cloud.hopsworks.ai:443
[2026-08-05T10:38:43.201+0000] {python.py:138} INFO - Python Engine initialized.
[2026-08-05T10:38:44.847+0000] {logging_mixin.py:188} INFO - 
Logged in to project, explore it here https://eu-west.cloud.hopsworks.ai:443/p/41136
[2026-08-05T10:38:53.655+0000] {logging_mixin.py:188} INFO - Reading data from Hopsworks, using Hopsworks Feature Query Service.   Reading data from Hopsworks, using Hopsworks Feature Query Service..   Reading data from Hopsworks, using Hopsworks Feature Query Service...   Reading data from Hopsworks, using Hopsworks Feature Query Service   Reading data from Hopsworks, using Hopsworks Feature Query Service.   Reading data from Hopsworks, using Hopsworks Feature Query Service..   Reading data from Hopsworks, using Hopsworks Feature Query Service...   Reading data from Hopsworks, using Hopsworks Feature Query Service   Finished: Reading data from Hopsworks, using Hopsworks Feature Query Service (3.90s) 
[2026-08-05T10:38:53.720+0000] {python.py:237} INFO - Done. Returned value was: {'city': 'lahore', 'timestamp': '2026-08-05T10:38:31.530673+00:00', 'temperature': 40.95, 'humidity': 28, 'wind_speed': 1.97, 'aqi': 34, 'pm25': 34, 'pm10': 0, 'hour': 10, 'day': 5, 'month': 8, 'is_weekend': False, 'aqi_yesterday': 34, 'aqi_change_rate': 0.0, 'rolling_average_aqi': 171.83333333333334}
[2026-08-05T10:38:53.722+0000] {taskinstance.py:441} INFO - ::group::Post task execution logs
[2026-08-05T10:38:53.810+0000] {taskinstance.py:1206} INFO - Marking task as SUCCESS. dag_id=feature_pipeline, task_id=transformation, run_id=manual__2026-08-05T10:38:23.925355+00:00, execution_date=20260805T103823, start_date=20260805T103838, end_date=20260805T103853
[2026-08-05T10:38:53.936+0000] {local_task_job_runner.py:243} INFO - Task exited with return code 0
[2026-08-05T10:38:53.970+0000] {local_task_job_runner.py:222} INFO - ::endgroup::
