[2026-08-03T10:00:18.911+0000] {local_task_job_runner.py:120} INFO - ::group::Pre task execution logs
[2026-08-03T10:00:18.980+0000] {taskinstance.py:2076} INFO - Dependencies all met for dep_context=non-requeueable deps ti=<TaskInstance: first_orchestrator.transformation scheduled__2026-08-03T09:00:00+00:00 [queued]>
[2026-08-03T10:00:19.002+0000] {taskinstance.py:2076} INFO - Dependencies all met for dep_context=requeueable deps ti=<TaskInstance: first_orchestrator.transformation scheduled__2026-08-03T09:00:00+00:00 [queued]>
[2026-08-03T10:00:19.003+0000] {taskinstance.py:2306} INFO - Starting attempt 1 of 1
[2026-08-03T10:00:19.030+0000] {taskinstance.py:2330} INFO - Executing <Task(_PythonDecoratedOperator): transformation> on 2026-08-03 09:00:00+00:00
[2026-08-03T10:00:19.051+0000] {standard_task_runner.py:64} INFO - Started process 840 to run task
[2026-08-03T10:00:19.060+0000] {standard_task_runner.py:90} INFO - Running: ['***', 'tasks', 'run', 'first_orchestrator', 'transformation', 'scheduled__2026-08-03T09:00:00+00:00', '--job-id', '23', '--raw', '--subdir', 'DAGS_FOLDER/orchestration.py', '--cfg-path', '/tmp/tmpxhasro7w']
[2026-08-03T10:00:19.067+0000] {standard_task_runner.py:91} INFO - Job 23: Subtask transformation
[2026-08-03T10:00:19.202+0000] {task_command.py:426} INFO - Running <TaskInstance: first_orchestrator.transformation scheduled__2026-08-03T09:00:00+00:00 [running]> on host 3f9c73410c8c
[2026-08-03T10:00:19.822+0000] {taskinstance.py:2648} INFO - Exporting env vars: AIRFLOW_CTX_DAG_OWNER='***' AIRFLOW_CTX_DAG_ID='first_orchestrator' AIRFLOW_CTX_TASK_ID='transformation' AIRFLOW_CTX_EXECUTION_DATE='2026-08-03T09:00:00+00:00' AIRFLOW_CTX_TRY_NUMBER='1' AIRFLOW_CTX_DAG_RUN_ID='scheduled__2026-08-03T09:00:00+00:00'
[2026-08-03T10:00:19.824+0000] {taskinstance.py:430} INFO - ::endgroup::
[2026-08-03T10:00:20.311+0000] {external.py:63} INFO - Initializing external client
[2026-08-03T10:00:20.312+0000] {external.py:70} INFO - Base URL: https://eu-west.cloud.hopsworks.ai:443
[2026-08-03T10:00:26.248+0000] {python.py:138} INFO - Python Engine initialized.
[2026-08-03T10:00:29.370+0000] {logging_mixin.py:188} INFO - 
Logged in to project, explore it here https://eu-west.cloud.hopsworks.ai:443/p/41136
[2026-08-03T10:00:48.816+0000] {logging_mixin.py:188} INFO - Reading data from Hopsworks, using Hopsworks Feature Query Service.   Reading data from Hopsworks, using Hopsworks Feature Query Service..   Reading data from Hopsworks, using Hopsworks Feature Query Service...   Reading data from Hopsworks, using Hopsworks Feature Query Service   Reading data from Hopsworks, using Hopsworks Feature Query Service.   Reading data from Hopsworks, using Hopsworks Feature Query Service..   Reading data from Hopsworks, using Hopsworks Feature Query Service...   Reading data from Hopsworks, using Hopsworks Feature Query Service   Reading data from Hopsworks, using Hopsworks Feature Query Service.   Reading data from Hopsworks, using Hopsworks Feature Query Service..   Reading data from Hopsworks, using Hopsworks Feature Query Service...   Reading data from Hopsworks, using Hopsworks Feature Query Service   Reading data from Hopsworks, using Hopsworks Feature Query Service.   Reading data from Hopsworks, using Hopsworks Feature Query Service..   Reading data from Hopsworks, using Hopsworks Feature Query Service...   Reading data from Hopsworks, using Hopsworks Feature Query Service   Reading data from Hopsworks, using Hopsworks Feature Query Service.   Reading data from Hopsworks, using Hopsworks Feature Query Service..   Finished: Reading data from Hopsworks, using Hopsworks Feature Query Service (8.86s) 
[2026-08-03T10:00:49.890+0000] {python.py:237} INFO - Done. Returned value was: {'city': 'lahore', 'timestamp': '2026-08-03T10:00:15.391153+00:00', 'temperature': 39.62, 'humidity': 34, 'wind_speed': 1.02, 'aqi': 34, 'pm25': 34, 'pm10': 0, 'hour': 10, 'day': 3, 'month': 8, 'is_weekend': False, 'aqi_yesterday': 232, 'aqi_change_rate': 0.0, 'rolling_average_aqi': 135.0}
[2026-08-03T10:00:49.896+0000] {taskinstance.py:441} INFO - ::group::Post task execution logs
[2026-08-03T10:00:49.994+0000] {taskinstance.py:1206} INFO - Marking task as SUCCESS. dag_id=first_orchestrator, task_id=transformation, run_id=scheduled__2026-08-03T09:00:00+00:00, execution_date=20260803T090000, start_date=20260803T100018, end_date=20260803T100049
[2026-08-03T10:00:50.346+0000] {local_task_job_runner.py:243} INFO - Task exited with return code 0
[2026-08-03T10:00:50.386+0000] {taskinstance.py:3503} INFO - 1 downstream tasks scheduled from follow-on schedule check
[2026-08-03T10:00:50.398+0000] {local_task_job_runner.py:222} INFO - ::endgroup::
