[2026-08-09T15:00:32.281+0000] {local_task_job_runner.py:120} INFO - ::group::Pre task execution logs
[2026-08-09T15:00:32.324+0000] {taskinstance.py:2076} INFO - Dependencies all met for dep_context=non-requeueable deps ti=<TaskInstance: feature_pipeline.transformation scheduled__2026-08-09T14:00:00+00:00 map_index=1 [queued]>
[2026-08-09T15:00:32.334+0000] {taskinstance.py:2076} INFO - Dependencies all met for dep_context=requeueable deps ti=<TaskInstance: feature_pipeline.transformation scheduled__2026-08-09T14:00:00+00:00 map_index=1 [queued]>
[2026-08-09T15:00:32.335+0000] {taskinstance.py:2306} INFO - Starting attempt 1 of 1
[2026-08-09T15:00:32.354+0000] {taskinstance.py:2330} INFO - Executing <Mapped(_PythonDecoratedOperator): transformation> on 2026-08-09 14:00:00+00:00
[2026-08-09T15:00:32.368+0000] {standard_task_runner.py:64} INFO - Started process 2798 to run task
[2026-08-09T15:00:32.375+0000] {standard_task_runner.py:90} INFO - Running: ['***', 'tasks', 'run', 'feature_pipeline', 'transformation', 'scheduled__2026-08-09T14:00:00+00:00', '--job-id', '186', '--raw', '--subdir', 'DAGS_FOLDER/feature_pipeline_dag.py', '--cfg-path', '/tmp/tmpuxlum31f', '--map-index', '1']
[2026-08-09T15:00:32.380+0000] {standard_task_runner.py:91} INFO - Job 186: Subtask transformation
[2026-08-09T15:00:32.474+0000] {task_command.py:426} INFO - Running <TaskInstance: feature_pipeline.transformation scheduled__2026-08-09T14:00:00+00:00 map_index=1 [running]> on host 5e2fdb1b3637
[2026-08-09T15:00:34.352+0000] {taskinstance.py:2648} INFO - Exporting env vars: AIRFLOW_CTX_DAG_OWNER='***' AIRFLOW_CTX_DAG_ID='feature_pipeline' AIRFLOW_CTX_TASK_ID='transformation' AIRFLOW_CTX_EXECUTION_DATE='2026-08-09T14:00:00+00:00' AIRFLOW_CTX_TRY_NUMBER='1' AIRFLOW_CTX_DAG_RUN_ID='scheduled__2026-08-09T14:00:00+00:00'
[2026-08-09T15:00:34.354+0000] {taskinstance.py:430} INFO - ::endgroup::
[2026-08-09T15:00:34.510+0000] {external.py:63} INFO - Initializing external client
[2026-08-09T15:00:34.510+0000] {external.py:70} INFO - Base URL: https://eu-west.cloud.hopsworks.ai:443
[2026-08-09T15:00:40.254+0000] {python.py:138} INFO - Python Engine initialized.
[2026-08-09T15:00:42.004+0000] {logging_mixin.py:188} INFO - 
Logged in to project, explore it here https://eu-west.cloud.hopsworks.ai:443/p/41136
[2026-08-09T15:00:53.150+0000] {logging_mixin.py:188} INFO - Reading data from Hopsworks, using Hopsworks Feature Query Service.   Reading data from Hopsworks, using Hopsworks Feature Query Service..   Reading data from Hopsworks, using Hopsworks Feature Query Service...   Reading data from Hopsworks, using Hopsworks Feature Query Service   Reading data from Hopsworks, using Hopsworks Feature Query Service.   Reading data from Hopsworks, using Hopsworks Feature Query Service..   Reading data from Hopsworks, using Hopsworks Feature Query Service...   Reading data from Hopsworks, using Hopsworks Feature Query Service   Reading data from Hopsworks, using Hopsworks Feature Query Service.   Reading data from Hopsworks, using Hopsworks Feature Query Service..   Reading data from Hopsworks, using Hopsworks Feature Query Service...   Reading data from Hopsworks, using Hopsworks Feature Query Service   Reading data from Hopsworks, using Hopsworks Feature Query Service.   Reading data from Hopsworks, using Hopsworks Feature Query Service..   Finished: Reading data from Hopsworks, using Hopsworks Feature Query Service (5.01s) 
[2026-08-09T15:00:53.545+0000] {python.py:237} INFO - Done. Returned value was: {'city': 'islamabad', 'timestamp': '2026-08-09T15:00:22.816283+00:00', 'temperature': 31.31, 'humidity': 59, 'wind_speed': 0.41, 'aqi': 154, 'pm25': 154, 'pm10': 0, 'hour': 15, 'day': 9, 'month': 8, 'is_weekend': True, 'aqi_yesterday': 89, 'aqi_change_rate': 0.0, 'rolling_average_aqi': 117.70833333333333}
[2026-08-09T15:00:53.547+0000] {taskinstance.py:441} INFO - ::group::Post task execution logs
[2026-08-09T15:00:53.719+0000] {taskinstance.py:1206} INFO - Marking task as SUCCESS. dag_id=feature_pipeline, task_id=transformation, run_id=scheduled__2026-08-09T14:00:00+00:00, map_index=1, execution_date=20260809T140000, start_date=20260809T150032, end_date=20260809T150053
[2026-08-09T15:00:53.820+0000] {local_task_job_runner.py:243} INFO - Task exited with return code 0
[2026-08-09T15:00:53.840+0000] {local_task_job_runner.py:222} INFO - ::endgroup::
