[2026-08-26T19:12:34.017+0000] {processor.py:161} INFO - Started process (PID=173) to work on /opt/airflow/dags/feature_pipeline_dag.py
[2026-08-26T19:12:34.291+0000] {processor.py:830} INFO - Processing file /opt/airflow/dags/feature_pipeline_dag.py for tasks to queue
[2026-08-26T19:12:34.412+0000] {logging_mixin.py:188} INFO - [2026-08-26T19:12:34.409+0000] {dagbag.py:545} INFO - Filling up the DagBag from /opt/airflow/dags/feature_pipeline_dag.py
[2026-08-26T19:13:02.658+0000] {logging_mixin.py:188} INFO - [2026-08-26T19:13:02.657+0000] {timeout.py:68} ERROR - Process timed out, PID: 173
[2026-08-26T19:13:33.891+0000] {processor.py:161} INFO - Started process (PID=213) to work on /opt/airflow/dags/feature_pipeline_dag.py
[2026-08-26T19:13:33.920+0000] {processor.py:830} INFO - Processing file /opt/airflow/dags/feature_pipeline_dag.py for tasks to queue
[2026-08-26T19:13:35.296+0000] {logging_mixin.py:188} INFO - [2026-08-26T19:13:33.966+0000] {dagbag.py:545} INFO - Filling up the DagBag from /opt/airflow/dags/feature_pipeline_dag.py
[2026-08-26T19:14:03.303+0000] {logging_mixin.py:188} INFO - [2026-08-26T19:14:03.165+0000] {timeout.py:68} ERROR - Process timed out, PID: 213
[2026-08-26T19:14:34.849+0000] {processor.py:161} INFO - Started process (PID=245) to work on /opt/airflow/dags/feature_pipeline_dag.py
[2026-08-26T19:14:34.898+0000] {processor.py:830} INFO - Processing file /opt/airflow/dags/feature_pipeline_dag.py for tasks to queue
[2026-08-26T19:14:34.918+0000] {logging_mixin.py:188} INFO - [2026-08-26T19:14:34.902+0000] {dagbag.py:545} INFO - Filling up the DagBag from /opt/airflow/dags/feature_pipeline_dag.py
[2026-08-26T19:14:49.173+0000] {processor.py:840} INFO - DAG(s) 'feature_pipeline' retrieved from /opt/airflow/dags/feature_pipeline_dag.py
[2026-08-26T19:14:50.389+0000] {logging_mixin.py:188} INFO - [2026-08-26T19:14:50.388+0000] {dag.py:3089} INFO - Sync 1 DAGs
[2026-08-26T19:14:50.478+0000] {logging_mixin.py:188} INFO - [2026-08-26T19:14:50.477+0000] {dag.py:3947} INFO - Setting next_dagrun for feature_pipeline to 2026-08-26 18:00:00+00:00, run_after=2026-08-26 19:00:00+00:00
[2026-08-26T19:14:50.569+0000] {processor.py:183} INFO - Processing /opt/airflow/dags/feature_pipeline_dag.py took 18.332 seconds
[2026-08-26T19:15:47.305+0000] {processor.py:161} INFO - Started process (PID=412) to work on /opt/airflow/dags/feature_pipeline_dag.py
[2026-08-26T19:15:47.309+0000] {processor.py:830} INFO - Processing file /opt/airflow/dags/feature_pipeline_dag.py for tasks to queue
[2026-08-26T19:15:47.312+0000] {logging_mixin.py:188} INFO - [2026-08-26T19:15:47.311+0000] {dagbag.py:545} INFO - Filling up the DagBag from /opt/airflow/dags/feature_pipeline_dag.py
[2026-08-26T19:15:50.861+0000] {processor.py:840} INFO - DAG(s) 'feature_pipeline' retrieved from /opt/airflow/dags/feature_pipeline_dag.py
[2026-08-26T19:15:50.930+0000] {logging_mixin.py:188} INFO - [2026-08-26T19:15:50.929+0000] {dag.py:3089} INFO - Sync 1 DAGs
[2026-08-26T19:15:51.336+0000] {logging_mixin.py:188} INFO - [2026-08-26T19:15:51.335+0000] {dag.py:3947} INFO - Setting next_dagrun for feature_pipeline to 2026-08-26 19:00:00+00:00, run_after=2026-08-26 20:00:00+00:00
[2026-08-26T19:15:51.676+0000] {processor.py:183} INFO - Processing /opt/airflow/dags/feature_pipeline_dag.py took 4.395 seconds
[2026-08-26T19:16:47.243+0000] {processor.py:161} INFO - Started process (PID=1175) to work on /opt/airflow/dags/feature_pipeline_dag.py
[2026-08-26T19:16:47.252+0000] {processor.py:830} INFO - Processing file /opt/airflow/dags/feature_pipeline_dag.py for tasks to queue
[2026-08-26T19:16:47.255+0000] {logging_mixin.py:188} INFO - [2026-08-26T19:16:47.254+0000] {dagbag.py:545} INFO - Filling up the DagBag from /opt/airflow/dags/feature_pipeline_dag.py
[2026-08-26T19:16:49.542+0000] {processor.py:840} INFO - DAG(s) 'feature_pipeline' retrieved from /opt/airflow/dags/feature_pipeline_dag.py
[2026-08-26T19:16:49.971+0000] {logging_mixin.py:188} INFO - [2026-08-26T19:16:49.970+0000] {dag.py:3089} INFO - Sync 1 DAGs
[2026-08-26T19:16:50.024+0000] {logging_mixin.py:188} INFO - [2026-08-26T19:16:50.023+0000] {dag.py:3947} INFO - Setting next_dagrun for feature_pipeline to 2026-08-26 19:00:00+00:00, run_after=2026-08-26 20:00:00+00:00
[2026-08-26T19:16:50.104+0000] {processor.py:183} INFO - Processing /opt/airflow/dags/feature_pipeline_dag.py took 2.926 seconds
[2026-08-26T19:17:21.895+0000] {processor.py:161} INFO - Started process (PID=1443) to work on /opt/airflow/dags/feature_pipeline_dag.py
[2026-08-26T19:17:21.902+0000] {processor.py:830} INFO - Processing file /opt/airflow/dags/feature_pipeline_dag.py for tasks to queue
[2026-08-26T19:17:21.907+0000] {logging_mixin.py:188} INFO - [2026-08-26T19:17:21.905+0000] {dagbag.py:545} INFO - Filling up the DagBag from /opt/airflow/dags/feature_pipeline_dag.py
[2026-08-26T19:17:28.787+0000] {processor.py:840} INFO - DAG(s) 'feature_pipeline' retrieved from /opt/airflow/dags/feature_pipeline_dag.py
[2026-08-26T19:17:28.953+0000] {logging_mixin.py:188} INFO - [2026-08-26T19:17:28.952+0000] {dag.py:3089} INFO - Sync 1 DAGs
[2026-08-26T19:17:29.016+0000] {logging_mixin.py:188} INFO - [2026-08-26T19:17:29.015+0000] {dag.py:3947} INFO - Setting next_dagrun for feature_pipeline to 2026-08-26 19:00:00+00:00, run_after=2026-08-26 20:00:00+00:00
[2026-08-26T19:17:29.067+0000] {processor.py:183} INFO - Processing /opt/airflow/dags/feature_pipeline_dag.py took 9.497 seconds
[2026-08-26T19:18:00.996+0000] {processor.py:161} INFO - Started process (PID=1536) to work on /opt/airflow/dags/feature_pipeline_dag.py
[2026-08-26T19:18:01.081+0000] {processor.py:830} INFO - Processing file /opt/airflow/dags/feature_pipeline_dag.py for tasks to queue
[2026-08-26T19:18:01.127+0000] {logging_mixin.py:188} INFO - [2026-08-26T19:18:01.118+0000] {dagbag.py:545} INFO - Filling up the DagBag from /opt/airflow/dags/feature_pipeline_dag.py
[2026-08-26T19:18:05.027+0000] {processor.py:840} INFO - DAG(s) 'feature_pipeline' retrieved from /opt/airflow/dags/feature_pipeline_dag.py
[2026-08-26T19:18:05.188+0000] {logging_mixin.py:188} INFO - [2026-08-26T19:18:05.187+0000] {dag.py:3089} INFO - Sync 1 DAGs
[2026-08-26T19:18:05.442+0000] {logging_mixin.py:188} INFO - [2026-08-26T19:18:05.441+0000] {dag.py:3947} INFO - Setting next_dagrun for feature_pipeline to 2026-08-26 19:00:00+00:00, run_after=2026-08-26 20:00:00+00:00
[2026-08-26T19:18:06.996+0000] {processor.py:183} INFO - Processing /opt/airflow/dags/feature_pipeline_dag.py took 6.551 seconds
[2026-08-26T19:18:37.320+0000] {processor.py:161} INFO - Started process (PID=1564) to work on /opt/airflow/dags/feature_pipeline_dag.py
[2026-08-26T19:18:37.323+0000] {processor.py:830} INFO - Processing file /opt/airflow/dags/feature_pipeline_dag.py for tasks to queue
[2026-08-26T19:18:37.326+0000] {logging_mixin.py:188} INFO - [2026-08-26T19:18:37.325+0000] {dagbag.py:545} INFO - Filling up the DagBag from /opt/airflow/dags/feature_pipeline_dag.py
[2026-08-26T19:18:42.133+0000] {processor.py:840} INFO - DAG(s) 'feature_pipeline' retrieved from /opt/airflow/dags/feature_pipeline_dag.py
[2026-08-26T19:18:42.265+0000] {logging_mixin.py:188} INFO - [2026-08-26T19:18:42.264+0000] {dag.py:3089} INFO - Sync 1 DAGs
[2026-08-26T19:18:43.162+0000] {logging_mixin.py:188} INFO - [2026-08-26T19:18:43.161+0000] {dag.py:3947} INFO - Setting next_dagrun for feature_pipeline to 2026-08-26 19:00:00+00:00, run_after=2026-08-26 20:00:00+00:00
[2026-08-26T19:18:43.232+0000] {processor.py:183} INFO - Processing /opt/airflow/dags/feature_pipeline_dag.py took 5.930 seconds
[2026-08-26T19:19:13.653+0000] {processor.py:161} INFO - Started process (PID=1579) to work on /opt/airflow/dags/feature_pipeline_dag.py
[2026-08-26T19:19:13.660+0000] {processor.py:830} INFO - Processing file /opt/airflow/dags/feature_pipeline_dag.py for tasks to queue
[2026-08-26T19:19:13.664+0000] {logging_mixin.py:188} INFO - [2026-08-26T19:19:13.662+0000] {dagbag.py:545} INFO - Filling up the DagBag from /opt/airflow/dags/feature_pipeline_dag.py
[2026-08-26T19:19:16.143+0000] {processor.py:840} INFO - DAG(s) 'feature_pipeline' retrieved from /opt/airflow/dags/feature_pipeline_dag.py
[2026-08-26T19:19:16.625+0000] {logging_mixin.py:188} INFO - [2026-08-26T19:19:16.624+0000] {dag.py:3089} INFO - Sync 1 DAGs
[2026-08-26T19:19:14.375+0000] {logging_mixin.py:188} INFO - [2026-08-26T19:19:14.375+0000] {dag.py:3947} INFO - Setting next_dagrun for feature_pipeline to 2026-08-26 19:00:00+00:00, run_after=2026-08-26 20:00:00+00:00
[2026-08-26T19:19:14.419+0000] {processor.py:183} INFO - Processing /opt/airflow/dags/feature_pipeline_dag.py took 3.104 seconds
[2026-08-26T19:19:44.613+0000] {processor.py:161} INFO - Started process (PID=1612) to work on /opt/airflow/dags/feature_pipeline_dag.py
[2026-08-26T19:19:44.617+0000] {processor.py:830} INFO - Processing file /opt/airflow/dags/feature_pipeline_dag.py for tasks to queue
[2026-08-26T19:19:44.622+0000] {logging_mixin.py:188} INFO - [2026-08-26T19:19:44.621+0000] {dagbag.py:545} INFO - Filling up the DagBag from /opt/airflow/dags/feature_pipeline_dag.py
[2026-08-26T19:19:49.889+0000] {processor.py:840} INFO - DAG(s) 'feature_pipeline' retrieved from /opt/airflow/dags/feature_pipeline_dag.py
[2026-08-26T19:19:51.182+0000] {logging_mixin.py:188} INFO - [2026-08-26T19:19:51.181+0000] {dag.py:3089} INFO - Sync 1 DAGs
[2026-08-26T19:19:51.235+0000] {logging_mixin.py:188} INFO - [2026-08-26T19:19:51.234+0000] {dag.py:3947} INFO - Setting next_dagrun for feature_pipeline to 2026-08-26 19:00:00+00:00, run_after=2026-08-26 20:00:00+00:00
[2026-08-26T19:19:51.327+0000] {processor.py:183} INFO - Processing /opt/airflow/dags/feature_pipeline_dag.py took 9.518 seconds
[2026-08-26T19:20:31.661+0000] {processor.py:161} INFO - Started process (PID=1638) to work on /opt/airflow/dags/feature_pipeline_dag.py
[2026-08-26T19:20:31.769+0000] {processor.py:830} INFO - Processing file /opt/airflow/dags/feature_pipeline_dag.py for tasks to queue
[2026-08-26T19:20:31.774+0000] {logging_mixin.py:188} INFO - [2026-08-26T19:20:31.772+0000] {dagbag.py:545} INFO - Filling up the DagBag from /opt/airflow/dags/feature_pipeline_dag.py
[2026-08-26T19:21:07.546+0000] {logging_mixin.py:188} INFO - [2026-08-26T19:21:07.410+0000] {timeout.py:68} ERROR - Process timed out, PID: 1638
[2026-08-26T19:21:51.992+0000] {processor.py:161} INFO - Started process (PID=1653) to work on /opt/airflow/dags/feature_pipeline_dag.py
[2026-08-26T19:21:51.995+0000] {processor.py:830} INFO - Processing file /opt/airflow/dags/feature_pipeline_dag.py for tasks to queue
[2026-08-26T19:21:51.998+0000] {logging_mixin.py:188} INFO - [2026-08-26T19:21:51.997+0000] {dagbag.py:545} INFO - Filling up the DagBag from /opt/airflow/dags/feature_pipeline_dag.py
[2026-08-26T19:22:04.842+0000] {processor.py:840} INFO - DAG(s) 'feature_pipeline' retrieved from /opt/airflow/dags/feature_pipeline_dag.py
[2026-08-26T19:22:12.844+0000] {logging_mixin.py:188} INFO - [2026-08-26T19:22:12.843+0000] {dag.py:3089} INFO - Sync 1 DAGs
[2026-08-26T19:22:12.888+0000] {logging_mixin.py:188} INFO - [2026-08-26T19:22:12.888+0000] {dag.py:3947} INFO - Setting next_dagrun for feature_pipeline to 2026-08-26 19:00:00+00:00, run_after=2026-08-26 20:00:00+00:00
[2026-08-26T19:22:12.951+0000] {processor.py:183} INFO - Processing /opt/airflow/dags/feature_pipeline_dag.py took 23.168 seconds
[2026-08-26T19:22:43.753+0000] {processor.py:161} INFO - Started process (PID=1784) to work on /opt/airflow/dags/feature_pipeline_dag.py
[2026-08-26T19:22:43.855+0000] {processor.py:830} INFO - Processing file /opt/airflow/dags/feature_pipeline_dag.py for tasks to queue
[2026-08-26T19:22:43.866+0000] {logging_mixin.py:188} INFO - [2026-08-26T19:22:43.858+0000] {dagbag.py:545} INFO - Filling up the DagBag from /opt/airflow/dags/feature_pipeline_dag.py
[2026-08-26T19:22:47.432+0000] {processor.py:840} INFO - DAG(s) 'feature_pipeline' retrieved from /opt/airflow/dags/feature_pipeline_dag.py
[2026-08-26T19:22:47.959+0000] {logging_mixin.py:188} INFO - [2026-08-26T19:22:47.958+0000] {dag.py:3089} INFO - Sync 1 DAGs
[2026-08-26T19:22:48.002+0000] {logging_mixin.py:188} INFO - [2026-08-26T19:22:48.002+0000] {dag.py:3947} INFO - Setting next_dagrun for feature_pipeline to 2026-08-26 19:00:00+00:00, run_after=2026-08-26 20:00:00+00:00
[2026-08-26T19:22:48.049+0000] {processor.py:183} INFO - Processing /opt/airflow/dags/feature_pipeline_dag.py took 4.510 seconds
[2026-08-26T19:23:18.272+0000] {processor.py:161} INFO - Started process (PID=1802) to work on /opt/airflow/dags/feature_pipeline_dag.py
[2026-08-26T19:23:18.275+0000] {processor.py:830} INFO - Processing file /opt/airflow/dags/feature_pipeline_dag.py for tasks to queue
[2026-08-26T19:23:18.279+0000] {logging_mixin.py:188} INFO - [2026-08-26T19:23:18.277+0000] {dagbag.py:545} INFO - Filling up the DagBag from /opt/airflow/dags/feature_pipeline_dag.py
[2026-08-26T19:23:20.079+0000] {processor.py:840} INFO - DAG(s) 'feature_pipeline' retrieved from /opt/airflow/dags/feature_pipeline_dag.py
[2026-08-26T19:23:20.570+0000] {logging_mixin.py:188} INFO - [2026-08-26T19:23:20.569+0000] {dag.py:3089} INFO - Sync 1 DAGs
[2026-08-26T19:23:20.617+0000] {logging_mixin.py:188} INFO - [2026-08-26T19:23:20.617+0000] {dag.py:3947} INFO - Setting next_dagrun for feature_pipeline to 2026-08-26 19:00:00+00:00, run_after=2026-08-26 20:00:00+00:00
[2026-08-26T19:23:20.657+0000] {processor.py:183} INFO - Processing /opt/airflow/dags/feature_pipeline_dag.py took 2.403 seconds
[2026-08-26T19:23:51.605+0000] {processor.py:161} INFO - Started process (PID=1830) to work on /opt/airflow/dags/feature_pipeline_dag.py
[2026-08-26T19:23:51.609+0000] {processor.py:830} INFO - Processing file /opt/airflow/dags/feature_pipeline_dag.py for tasks to queue
[2026-08-26T19:23:51.612+0000] {logging_mixin.py:188} INFO - [2026-08-26T19:23:51.611+0000] {dagbag.py:545} INFO - Filling up the DagBag from /opt/airflow/dags/feature_pipeline_dag.py
[2026-08-26T19:23:53.465+0000] {processor.py:840} INFO - DAG(s) 'feature_pipeline' retrieved from /opt/airflow/dags/feature_pipeline_dag.py
[2026-08-26T19:23:53.538+0000] {logging_mixin.py:188} INFO - [2026-08-26T19:23:53.537+0000] {dag.py:3089} INFO - Sync 1 DAGs
[2026-08-26T19:23:53.607+0000] {logging_mixin.py:188} INFO - [2026-08-26T19:23:53.607+0000] {dag.py:3947} INFO - Setting next_dagrun for feature_pipeline to 2026-08-26 19:00:00+00:00, run_after=2026-08-26 20:00:00+00:00
[2026-08-26T19:23:53.660+0000] {processor.py:183} INFO - Processing /opt/airflow/dags/feature_pipeline_dag.py took 2.088 seconds
[2026-08-26T19:24:24.518+0000] {processor.py:161} INFO - Started process (PID=1877) to work on /opt/airflow/dags/feature_pipeline_dag.py
[2026-08-26T19:24:24.522+0000] {processor.py:830} INFO - Processing file /opt/airflow/dags/feature_pipeline_dag.py for tasks to queue
[2026-08-26T19:24:24.525+0000] {logging_mixin.py:188} INFO - [2026-08-26T19:24:24.524+0000] {dagbag.py:545} INFO - Filling up the DagBag from /opt/airflow/dags/feature_pipeline_dag.py
[2026-08-26T19:24:26.126+0000] {processor.py:840} INFO - DAG(s) 'feature_pipeline' retrieved from /opt/airflow/dags/feature_pipeline_dag.py
[2026-08-26T19:24:26.214+0000] {logging_mixin.py:188} INFO - [2026-08-26T19:24:26.213+0000] {dag.py:3089} INFO - Sync 1 DAGs
[2026-08-26T19:24:26.280+0000] {logging_mixin.py:188} INFO - [2026-08-26T19:24:26.279+0000] {dag.py:3947} INFO - Setting next_dagrun for feature_pipeline to 2026-08-26 19:00:00+00:00, run_after=2026-08-26 20:00:00+00:00
[2026-08-26T19:24:26.852+0000] {processor.py:183} INFO - Processing /opt/airflow/dags/feature_pipeline_dag.py took 2.353 seconds
[2026-08-26T19:25:04.625+0000] {processor.py:161} INFO - Started process (PID=1927) to work on /opt/airflow/dags/feature_pipeline_dag.py
[2026-08-26T19:25:04.693+0000] {processor.py:830} INFO - Processing file /opt/airflow/dags/feature_pipeline_dag.py for tasks to queue
[2026-08-26T19:25:04.748+0000] {logging_mixin.py:188} INFO - [2026-08-26T19:25:04.727+0000] {dagbag.py:545} INFO - Filling up the DagBag from /opt/airflow/dags/feature_pipeline_dag.py
[2026-08-26T19:25:09.783+0000] {processor.py:840} INFO - DAG(s) 'feature_pipeline' retrieved from /opt/airflow/dags/feature_pipeline_dag.py
[2026-08-26T19:25:10.085+0000] {logging_mixin.py:188} INFO - [2026-08-26T19:25:10.081+0000] {dag.py:3089} INFO - Sync 1 DAGs
[2026-08-26T19:25:14.957+0000] {logging_mixin.py:188} INFO - [2026-08-26T19:25:14.957+0000] {dag.py:3947} INFO - Setting next_dagrun for feature_pipeline to 2026-08-26 19:00:00+00:00, run_after=2026-08-26 20:00:00+00:00
[2026-08-26T19:25:15.027+0000] {processor.py:183} INFO - Processing /opt/airflow/dags/feature_pipeline_dag.py took 12.852 seconds
[2026-08-26T19:25:45.313+0000] {processor.py:161} INFO - Started process (PID=1988) to work on /opt/airflow/dags/feature_pipeline_dag.py
[2026-08-26T19:25:45.316+0000] {processor.py:830} INFO - Processing file /opt/airflow/dags/feature_pipeline_dag.py for tasks to queue
[2026-08-26T19:25:45.320+0000] {logging_mixin.py:188} INFO - [2026-08-26T19:25:45.319+0000] {dagbag.py:545} INFO - Filling up the DagBag from /opt/airflow/dags/feature_pipeline_dag.py
[2026-08-26T19:25:47.207+0000] {processor.py:840} INFO - DAG(s) 'feature_pipeline' retrieved from /opt/airflow/dags/feature_pipeline_dag.py
[2026-08-26T19:25:47.672+0000] {logging_mixin.py:188} INFO - [2026-08-26T19:25:47.671+0000] {dag.py:3089} INFO - Sync 1 DAGs
[2026-08-26T19:25:47.716+0000] {logging_mixin.py:188} INFO - [2026-08-26T19:25:47.716+0000] {dag.py:3947} INFO - Setting next_dagrun for feature_pipeline to 2026-08-26 19:00:00+00:00, run_after=2026-08-26 20:00:00+00:00
[2026-08-26T19:25:47.789+0000] {processor.py:183} INFO - Processing /opt/airflow/dags/feature_pipeline_dag.py took 2.504 seconds
[2026-08-26T19:26:18.441+0000] {processor.py:161} INFO - Started process (PID=2019) to work on /opt/airflow/dags/feature_pipeline_dag.py
[2026-08-26T19:26:18.444+0000] {processor.py:830} INFO - Processing file /opt/airflow/dags/feature_pipeline_dag.py for tasks to queue
[2026-08-26T19:26:18.447+0000] {logging_mixin.py:188} INFO - [2026-08-26T19:26:18.446+0000] {dagbag.py:545} INFO - Filling up the DagBag from /opt/airflow/dags/feature_pipeline_dag.py
[2026-08-26T19:26:20.003+0000] {processor.py:840} INFO - DAG(s) 'feature_pipeline' retrieved from /opt/airflow/dags/feature_pipeline_dag.py
[2026-08-26T19:26:20.444+0000] {logging_mixin.py:188} INFO - [2026-08-26T19:26:20.443+0000] {dag.py:3089} INFO - Sync 1 DAGs
[2026-08-26T19:26:20.489+0000] {logging_mixin.py:188} INFO - [2026-08-26T19:26:20.489+0000] {dag.py:3947} INFO - Setting next_dagrun for feature_pipeline to 2026-08-26 19:00:00+00:00, run_after=2026-08-26 20:00:00+00:00
[2026-08-26T19:26:20.528+0000] {processor.py:183} INFO - Processing /opt/airflow/dags/feature_pipeline_dag.py took 2.110 seconds
[2026-08-26T19:26:51.126+0000] {processor.py:161} INFO - Started process (PID=2047) to work on /opt/airflow/dags/feature_pipeline_dag.py
[2026-08-26T19:26:51.129+0000] {processor.py:830} INFO - Processing file /opt/airflow/dags/feature_pipeline_dag.py for tasks to queue
[2026-08-26T19:26:51.132+0000] {logging_mixin.py:188} INFO - [2026-08-26T19:26:51.131+0000] {dagbag.py:545} INFO - Filling up the DagBag from /opt/airflow/dags/feature_pipeline_dag.py
[2026-08-26T19:26:52.809+0000] {processor.py:840} INFO - DAG(s) 'feature_pipeline' retrieved from /opt/airflow/dags/feature_pipeline_dag.py
[2026-08-26T19:26:52.904+0000] {logging_mixin.py:188} INFO - [2026-08-26T19:26:52.903+0000] {dag.py:3089} INFO - Sync 1 DAGs
[2026-08-26T19:26:52.969+0000] {logging_mixin.py:188} INFO - [2026-08-26T19:26:52.968+0000] {dag.py:3947} INFO - Setting next_dagrun for feature_pipeline to 2026-08-26 19:00:00+00:00, run_after=2026-08-26 20:00:00+00:00
[2026-08-26T19:26:53.022+0000] {processor.py:183} INFO - Processing /opt/airflow/dags/feature_pipeline_dag.py took 1.916 seconds
[2026-08-26T19:27:23.553+0000] {processor.py:161} INFO - Started process (PID=2062) to work on /opt/airflow/dags/feature_pipeline_dag.py
[2026-08-26T19:27:23.555+0000] {processor.py:830} INFO - Processing file /opt/airflow/dags/feature_pipeline_dag.py for tasks to queue
[2026-08-26T19:27:23.558+0000] {logging_mixin.py:188} INFO - [2026-08-26T19:27:23.557+0000] {dagbag.py:545} INFO - Filling up the DagBag from /opt/airflow/dags/feature_pipeline_dag.py
[2026-08-26T19:27:25.402+0000] {processor.py:840} INFO - DAG(s) 'feature_pipeline' retrieved from /opt/airflow/dags/feature_pipeline_dag.py
[2026-08-26T19:27:25.557+0000] {logging_mixin.py:188} INFO - [2026-08-26T19:27:25.556+0000] {dag.py:3089} INFO - Sync 1 DAGs
[2026-08-26T19:27:25.620+0000] {logging_mixin.py:188} INFO - [2026-08-26T19:27:25.620+0000] {dag.py:3947} INFO - Setting next_dagrun for feature_pipeline to 2026-08-26 19:00:00+00:00, run_after=2026-08-26 20:00:00+00:00
[2026-08-26T19:27:26.439+0000] {processor.py:183} INFO - Processing /opt/airflow/dags/feature_pipeline_dag.py took 2.905 seconds
[2026-08-26T19:27:57.470+0000] {processor.py:161} INFO - Started process (PID=2093) to work on /opt/airflow/dags/feature_pipeline_dag.py
[2026-08-26T19:27:57.475+0000] {processor.py:830} INFO - Processing file /opt/airflow/dags/feature_pipeline_dag.py for tasks to queue
[2026-08-26T19:27:57.479+0000] {logging_mixin.py:188} INFO - [2026-08-26T19:27:57.477+0000] {dagbag.py:545} INFO - Filling up the DagBag from /opt/airflow/dags/feature_pipeline_dag.py
[2026-08-26T19:27:59.867+0000] {processor.py:840} INFO - DAG(s) 'feature_pipeline' retrieved from /opt/airflow/dags/feature_pipeline_dag.py
[2026-08-26T19:27:59.984+0000] {logging_mixin.py:188} INFO - [2026-08-26T19:27:59.983+0000] {dag.py:3089} INFO - Sync 1 DAGs
[2026-08-26T19:28:00.814+0000] {logging_mixin.py:188} INFO - [2026-08-26T19:28:00.813+0000] {dag.py:3947} INFO - Setting next_dagrun for feature_pipeline to 2026-08-26 19:00:00+00:00, run_after=2026-08-26 20:00:00+00:00
[2026-08-26T19:28:00.865+0000] {processor.py:183} INFO - Processing /opt/airflow/dags/feature_pipeline_dag.py took 3.414 seconds
[2026-08-26T19:28:32.415+0000] {processor.py:161} INFO - Started process (PID=2125) to work on /opt/airflow/dags/feature_pipeline_dag.py
[2026-08-26T19:28:32.556+0000] {processor.py:830} INFO - Processing file /opt/airflow/dags/feature_pipeline_dag.py for tasks to queue
[2026-08-26T19:28:32.561+0000] {logging_mixin.py:188} INFO - [2026-08-26T19:28:32.559+0000] {dagbag.py:545} INFO - Filling up the DagBag from /opt/airflow/dags/feature_pipeline_dag.py
[2026-08-26T19:28:36.672+0000] {processor.py:840} INFO - DAG(s) 'feature_pipeline' retrieved from /opt/airflow/dags/feature_pipeline_dag.py
[2026-08-26T19:28:37.276+0000] {logging_mixin.py:188} INFO - [2026-08-26T19:28:37.275+0000] {dag.py:3089} INFO - Sync 1 DAGs
[2026-08-26T19:28:37.342+0000] {logging_mixin.py:188} INFO - [2026-08-26T19:28:37.341+0000] {dag.py:3947} INFO - Setting next_dagrun for feature_pipeline to 2026-08-26 19:00:00+00:00, run_after=2026-08-26 20:00:00+00:00
[2026-08-26T19:28:37.513+0000] {processor.py:183} INFO - Processing /opt/airflow/dags/feature_pipeline_dag.py took 5.593 seconds
[2026-08-26T19:29:08.141+0000] {processor.py:161} INFO - Started process (PID=2171) to work on /opt/airflow/dags/feature_pipeline_dag.py
[2026-08-26T19:29:08.211+0000] {processor.py:830} INFO - Processing file /opt/airflow/dags/feature_pipeline_dag.py for tasks to queue
[2026-08-26T19:29:08.216+0000] {logging_mixin.py:188} INFO - [2026-08-26T19:29:08.214+0000] {dagbag.py:545} INFO - Filling up the DagBag from /opt/airflow/dags/feature_pipeline_dag.py
[2026-08-26T19:29:10.335+0000] {processor.py:840} INFO - DAG(s) 'feature_pipeline' retrieved from /opt/airflow/dags/feature_pipeline_dag.py
[2026-08-26T19:29:10.919+0000] {logging_mixin.py:188} INFO - [2026-08-26T19:29:10.918+0000] {dag.py:3089} INFO - Sync 1 DAGs
[2026-08-26T19:29:10.978+0000] {logging_mixin.py:188} INFO - [2026-08-26T19:29:10.978+0000] {dag.py:3947} INFO - Setting next_dagrun for feature_pipeline to 2026-08-26 19:00:00+00:00, run_after=2026-08-26 20:00:00+00:00
[2026-08-26T19:29:11.031+0000] {processor.py:183} INFO - Processing /opt/airflow/dags/feature_pipeline_dag.py took 2.913 seconds
[2026-08-26T19:29:42.402+0000] {processor.py:161} INFO - Started process (PID=2199) to work on /opt/airflow/dags/feature_pipeline_dag.py
[2026-08-26T19:29:42.408+0000] {processor.py:830} INFO - Processing file /opt/airflow/dags/feature_pipeline_dag.py for tasks to queue
[2026-08-26T19:29:42.413+0000] {logging_mixin.py:188} INFO - [2026-08-26T19:29:42.411+0000] {dagbag.py:545} INFO - Filling up the DagBag from /opt/airflow/dags/feature_pipeline_dag.py
[2026-08-26T19:29:55.625+0000] {processor.py:840} INFO - DAG(s) 'feature_pipeline' retrieved from /opt/airflow/dags/feature_pipeline_dag.py
[2026-08-26T19:30:05.657+0000] {logging_mixin.py:188} INFO - [2026-08-26T19:30:05.631+0000] {dag.py:3089} INFO - Sync 1 DAGs
[2026-08-26T19:30:06.160+0000] {logging_mixin.py:188} INFO - [2026-08-26T19:30:06.159+0000] {dag.py:3947} INFO - Setting next_dagrun for feature_pipeline to 2026-08-26 19:00:00+00:00, run_after=2026-08-26 20:00:00+00:00
[2026-08-26T19:30:09.270+0000] {processor.py:183} INFO - Processing /opt/airflow/dags/feature_pipeline_dag.py took 29.207 seconds
[2026-08-26T19:30:40.348+0000] {processor.py:161} INFO - Started process (PID=2285) to work on /opt/airflow/dags/feature_pipeline_dag.py
[2026-08-26T19:30:40.352+0000] {processor.py:830} INFO - Processing file /opt/airflow/dags/feature_pipeline_dag.py for tasks to queue
[2026-08-26T19:30:40.356+0000] {logging_mixin.py:188} INFO - [2026-08-26T19:30:40.354+0000] {dagbag.py:545} INFO - Filling up the DagBag from /opt/airflow/dags/feature_pipeline_dag.py
[2026-08-26T19:30:42.552+0000] {processor.py:840} INFO - DAG(s) 'feature_pipeline' retrieved from /opt/airflow/dags/feature_pipeline_dag.py
[2026-08-26T19:30:42.639+0000] {logging_mixin.py:188} INFO - [2026-08-26T19:30:42.638+0000] {dag.py:3089} INFO - Sync 1 DAGs
[2026-08-26T19:31:13.304+0000] {logging_mixin.py:188} INFO - [2026-08-26T19:31:13.303+0000] {dag.py:3947} INFO - Setting next_dagrun for feature_pipeline to 2026-08-26 19:00:00+00:00, run_after=2026-08-26 20:00:00+00:00
[2026-08-26T19:31:21.072+0000] {processor.py:183} INFO - Processing /opt/airflow/dags/feature_pipeline_dag.py took 43.086 seconds
[2026-08-26T19:31:52.129+0000] {processor.py:161} INFO - Started process (PID=2325) to work on /opt/airflow/dags/feature_pipeline_dag.py
[2026-08-26T19:31:52.328+0000] {processor.py:830} INFO - Processing file /opt/airflow/dags/feature_pipeline_dag.py for tasks to queue
[2026-08-26T19:31:52.332+0000] {logging_mixin.py:188} INFO - [2026-08-26T19:31:52.330+0000] {dagbag.py:545} INFO - Filling up the DagBag from /opt/airflow/dags/feature_pipeline_dag.py
[2026-08-26T19:31:58.058+0000] {processor.py:840} INFO - DAG(s) 'feature_pipeline' retrieved from /opt/airflow/dags/feature_pipeline_dag.py
[2026-08-26T19:31:58.726+0000] {logging_mixin.py:188} INFO - [2026-08-26T19:31:58.725+0000] {dag.py:3089} INFO - Sync 1 DAGs
[2026-08-26T19:31:58.781+0000] {logging_mixin.py:188} INFO - [2026-08-26T19:31:58.780+0000] {dag.py:3947} INFO - Setting next_dagrun for feature_pipeline to 2026-08-26 19:00:00+00:00, run_after=2026-08-26 20:00:00+00:00
[2026-08-26T19:31:58.842+0000] {processor.py:183} INFO - Processing /opt/airflow/dags/feature_pipeline_dag.py took 6.736 seconds
[2026-08-26T19:32:44.728+0000] {processor.py:161} INFO - Started process (PID=2750) to work on /opt/airflow/dags/feature_pipeline_dag.py
[2026-08-26T19:32:44.731+0000] {processor.py:830} INFO - Processing file /opt/airflow/dags/feature_pipeline_dag.py for tasks to queue
[2026-08-26T19:32:44.734+0000] {logging_mixin.py:188} INFO - [2026-08-26T19:32:44.733+0000] {dagbag.py:545} INFO - Filling up the DagBag from /opt/airflow/dags/feature_pipeline_dag.py
[2026-08-26T19:32:47.441+0000] {processor.py:840} INFO - DAG(s) 'feature_pipeline' retrieved from /opt/airflow/dags/feature_pipeline_dag.py
[2026-08-26T19:32:48.009+0000] {logging_mixin.py:188} INFO - [2026-08-26T19:32:48.008+0000] {dag.py:3089} INFO - Sync 1 DAGs
[2026-08-26T19:32:48.406+0000] {logging_mixin.py:188} INFO - [2026-08-26T19:32:48.406+0000] {dag.py:3947} INFO - Setting next_dagrun for feature_pipeline to 2026-08-26 19:00:00+00:00, run_after=2026-08-26 20:00:00+00:00
[2026-08-26T19:32:48.452+0000] {processor.py:183} INFO - Processing /opt/airflow/dags/feature_pipeline_dag.py took 3.749 seconds
[2026-08-26T19:33:19.009+0000] {processor.py:161} INFO - Started process (PID=3186) to work on /opt/airflow/dags/feature_pipeline_dag.py
[2026-08-26T19:33:19.023+0000] {processor.py:830} INFO - Processing file /opt/airflow/dags/feature_pipeline_dag.py for tasks to queue
[2026-08-26T19:33:19.032+0000] {logging_mixin.py:188} INFO - [2026-08-26T19:33:19.029+0000] {dagbag.py:545} INFO - Filling up the DagBag from /opt/airflow/dags/feature_pipeline_dag.py
[2026-08-26T19:33:21.375+0000] {processor.py:840} INFO - DAG(s) 'feature_pipeline' retrieved from /opt/airflow/dags/feature_pipeline_dag.py
[2026-08-26T19:33:21.438+0000] {logging_mixin.py:188} INFO - [2026-08-26T19:33:21.438+0000] {dag.py:3089} INFO - Sync 1 DAGs
[2026-08-26T19:33:21.490+0000] {logging_mixin.py:188} INFO - [2026-08-26T19:33:21.489+0000] {dag.py:3947} INFO - Setting next_dagrun for feature_pipeline to 2026-08-26 19:00:00+00:00, run_after=2026-08-26 20:00:00+00:00
[2026-08-26T19:33:21.538+0000] {processor.py:183} INFO - Processing /opt/airflow/dags/feature_pipeline_dag.py took 2.579 seconds
[2026-08-26T19:33:52.045+0000] {processor.py:161} INFO - Started process (PID=3270) to work on /opt/airflow/dags/feature_pipeline_dag.py
[2026-08-26T19:33:52.048+0000] {processor.py:830} INFO - Processing file /opt/airflow/dags/feature_pipeline_dag.py for tasks to queue
[2026-08-26T19:33:52.051+0000] {logging_mixin.py:188} INFO - [2026-08-26T19:33:52.050+0000] {dagbag.py:545} INFO - Filling up the DagBag from /opt/airflow/dags/feature_pipeline_dag.py
[2026-08-26T19:33:53.576+0000] {processor.py:840} INFO - DAG(s) 'feature_pipeline' retrieved from /opt/airflow/dags/feature_pipeline_dag.py
[2026-08-26T19:33:53.672+0000] {logging_mixin.py:188} INFO - [2026-08-26T19:33:53.671+0000] {dag.py:3089} INFO - Sync 1 DAGs
[2026-08-26T19:33:54.079+0000] {logging_mixin.py:188} INFO - [2026-08-26T19:33:54.079+0000] {dag.py:3947} INFO - Setting next_dagrun for feature_pipeline to 2026-08-26 19:00:00+00:00, run_after=2026-08-26 20:00:00+00:00
[2026-08-26T19:33:54.119+0000] {processor.py:183} INFO - Processing /opt/airflow/dags/feature_pipeline_dag.py took 2.092 seconds
[2026-08-26T19:34:26.644+0000] {processor.py:161} INFO - Started process (PID=3301) to work on /opt/airflow/dags/feature_pipeline_dag.py
[2026-08-26T19:34:26.768+0000] {processor.py:830} INFO - Processing file /opt/airflow/dags/feature_pipeline_dag.py for tasks to queue
[2026-08-26T19:34:26.842+0000] {logging_mixin.py:188} INFO - [2026-08-26T19:34:26.807+0000] {dagbag.py:545} INFO - Filling up the DagBag from /opt/airflow/dags/feature_pipeline_dag.py
[2026-08-26T19:34:31.466+0000] {processor.py:840} INFO - DAG(s) 'feature_pipeline' retrieved from /opt/airflow/dags/feature_pipeline_dag.py
[2026-08-26T19:34:31.562+0000] {logging_mixin.py:188} INFO - [2026-08-26T19:34:31.562+0000] {dag.py:3089} INFO - Sync 1 DAGs
[2026-08-26T19:34:34.260+0000] {logging_mixin.py:188} INFO - [2026-08-26T19:34:34.260+0000] {dag.py:3947} INFO - Setting next_dagrun for feature_pipeline to 2026-08-26 19:00:00+00:00, run_after=2026-08-26 20:00:00+00:00
[2026-08-26T19:34:34.310+0000] {processor.py:183} INFO - Processing /opt/airflow/dags/feature_pipeline_dag.py took 8.535 seconds
[2026-08-26T19:35:05.368+0000] {processor.py:161} INFO - Started process (PID=3316) to work on /opt/airflow/dags/feature_pipeline_dag.py
[2026-08-26T19:35:05.371+0000] {processor.py:830} INFO - Processing file /opt/airflow/dags/feature_pipeline_dag.py for tasks to queue
[2026-08-26T19:35:05.375+0000] {logging_mixin.py:188} INFO - [2026-08-26T19:35:05.373+0000] {dagbag.py:545} INFO - Filling up the DagBag from /opt/airflow/dags/feature_pipeline_dag.py
[2026-08-26T19:35:07.548+0000] {processor.py:840} INFO - DAG(s) 'feature_pipeline' retrieved from /opt/airflow/dags/feature_pipeline_dag.py
[2026-08-26T19:35:08.009+0000] {logging_mixin.py:188} INFO - [2026-08-26T19:35:08.008+0000] {dag.py:3089} INFO - Sync 1 DAGs
[2026-08-26T19:35:08.053+0000] {logging_mixin.py:188} INFO - [2026-08-26T19:35:08.052+0000] {dag.py:3947} INFO - Setting next_dagrun for feature_pipeline to 2026-08-26 19:00:00+00:00, run_after=2026-08-26 20:00:00+00:00
[2026-08-26T19:35:08.104+0000] {processor.py:183} INFO - Processing /opt/airflow/dags/feature_pipeline_dag.py took 2.631 seconds
[2026-08-26T19:35:38.655+0000] {processor.py:161} INFO - Started process (PID=3347) to work on /opt/airflow/dags/feature_pipeline_dag.py
[2026-08-26T19:35:38.658+0000] {processor.py:830} INFO - Processing file /opt/airflow/dags/feature_pipeline_dag.py for tasks to queue
[2026-08-26T19:35:38.661+0000] {logging_mixin.py:188} INFO - [2026-08-26T19:35:38.660+0000] {dagbag.py:545} INFO - Filling up the DagBag from /opt/airflow/dags/feature_pipeline_dag.py
[2026-08-26T19:35:40.101+0000] {processor.py:840} INFO - DAG(s) 'feature_pipeline' retrieved from /opt/airflow/dags/feature_pipeline_dag.py
[2026-08-26T19:35:40.469+0000] {logging_mixin.py:188} INFO - [2026-08-26T19:35:40.468+0000] {dag.py:3089} INFO - Sync 1 DAGs
[2026-08-26T19:35:40.510+0000] {logging_mixin.py:188} INFO - [2026-08-26T19:35:40.509+0000] {dag.py:3947} INFO - Setting next_dagrun for feature_pipeline to 2026-08-26 19:00:00+00:00, run_after=2026-08-26 20:00:00+00:00
[2026-08-26T19:35:40.546+0000] {processor.py:183} INFO - Processing /opt/airflow/dags/feature_pipeline_dag.py took 1.912 seconds
[2026-08-26T19:36:11.092+0000] {processor.py:161} INFO - Started process (PID=3378) to work on /opt/airflow/dags/feature_pipeline_dag.py
[2026-08-26T19:36:11.095+0000] {processor.py:830} INFO - Processing file /opt/airflow/dags/feature_pipeline_dag.py for tasks to queue
[2026-08-26T19:36:11.098+0000] {logging_mixin.py:188} INFO - [2026-08-26T19:36:11.097+0000] {dagbag.py:545} INFO - Filling up the DagBag from /opt/airflow/dags/feature_pipeline_dag.py
[2026-08-26T19:36:12.998+0000] {processor.py:840} INFO - DAG(s) 'feature_pipeline' retrieved from /opt/airflow/dags/feature_pipeline_dag.py
[2026-08-26T19:36:13.048+0000] {logging_mixin.py:188} INFO - [2026-08-26T19:36:13.047+0000] {dag.py:3089} INFO - Sync 1 DAGs
[2026-08-26T19:36:13.087+0000] {logging_mixin.py:188} INFO - [2026-08-26T19:36:13.087+0000] {dag.py:3947} INFO - Setting next_dagrun for feature_pipeline to 2026-08-26 19:00:00+00:00, run_after=2026-08-26 20:00:00+00:00
[2026-08-26T19:36:13.124+0000] {processor.py:183} INFO - Processing /opt/airflow/dags/feature_pipeline_dag.py took 2.050 seconds
[2026-08-26T19:36:43.645+0000] {processor.py:161} INFO - Started process (PID=3409) to work on /opt/airflow/dags/feature_pipeline_dag.py
[2026-08-26T19:36:43.648+0000] {processor.py:830} INFO - Processing file /opt/airflow/dags/feature_pipeline_dag.py for tasks to queue
[2026-08-26T19:36:43.651+0000] {logging_mixin.py:188} INFO - [2026-08-26T19:36:43.650+0000] {dagbag.py:545} INFO - Filling up the DagBag from /opt/airflow/dags/feature_pipeline_dag.py
[2026-08-26T19:36:45.332+0000] {processor.py:840} INFO - DAG(s) 'feature_pipeline' retrieved from /opt/airflow/dags/feature_pipeline_dag.py
[2026-08-26T19:36:45.404+0000] {logging_mixin.py:188} INFO - [2026-08-26T19:36:45.403+0000] {dag.py:3089} INFO - Sync 1 DAGs
[2026-08-26T19:36:45.894+0000] {logging_mixin.py:188} INFO - [2026-08-26T19:36:45.894+0000] {dag.py:3947} INFO - Setting next_dagrun for feature_pipeline to 2026-08-26 19:00:00+00:00, run_after=2026-08-26 20:00:00+00:00
[2026-08-26T19:36:45.933+0000] {processor.py:183} INFO - Processing /opt/airflow/dags/feature_pipeline_dag.py took 2.313 seconds
[2026-08-26T19:37:16.396+0000] {processor.py:161} INFO - Started process (PID=3437) to work on /opt/airflow/dags/feature_pipeline_dag.py
[2026-08-26T19:37:16.399+0000] {processor.py:830} INFO - Processing file /opt/airflow/dags/feature_pipeline_dag.py for tasks to queue
[2026-08-26T19:37:16.402+0000] {logging_mixin.py:188} INFO - [2026-08-26T19:37:16.401+0000] {dagbag.py:545} INFO - Filling up the DagBag from /opt/airflow/dags/feature_pipeline_dag.py
[2026-08-26T19:37:18.060+0000] {processor.py:840} INFO - DAG(s) 'feature_pipeline' retrieved from /opt/airflow/dags/feature_pipeline_dag.py
[2026-08-26T19:37:18.120+0000] {logging_mixin.py:188} INFO - [2026-08-26T19:37:18.120+0000] {dag.py:3089} INFO - Sync 1 DAGs
[2026-08-26T19:37:18.534+0000] {logging_mixin.py:188} INFO - [2026-08-26T19:37:18.534+0000] {dag.py:3947} INFO - Setting next_dagrun for feature_pipeline to 2026-08-26 19:00:00+00:00, run_after=2026-08-26 20:00:00+00:00
[2026-08-26T19:37:18.571+0000] {processor.py:183} INFO - Processing /opt/airflow/dags/feature_pipeline_dag.py took 2.199 seconds
[2026-08-26T19:37:49.179+0000] {processor.py:161} INFO - Started process (PID=3452) to work on /opt/airflow/dags/feature_pipeline_dag.py
[2026-08-26T19:37:49.182+0000] {processor.py:830} INFO - Processing file /opt/airflow/dags/feature_pipeline_dag.py for tasks to queue
[2026-08-26T19:37:49.185+0000] {logging_mixin.py:188} INFO - [2026-08-26T19:37:49.184+0000] {dagbag.py:545} INFO - Filling up the DagBag from /opt/airflow/dags/feature_pipeline_dag.py
[2026-08-26T19:37:51.166+0000] {processor.py:840} INFO - DAG(s) 'feature_pipeline' retrieved from /opt/airflow/dags/feature_pipeline_dag.py
[2026-08-26T19:37:51.222+0000] {logging_mixin.py:188} INFO - [2026-08-26T19:37:51.221+0000] {dag.py:3089} INFO - Sync 1 DAGs
[2026-08-26T19:37:51.262+0000] {logging_mixin.py:188} INFO - [2026-08-26T19:37:51.262+0000] {dag.py:3947} INFO - Setting next_dagrun for feature_pipeline to 2026-08-26 19:00:00+00:00, run_after=2026-08-26 20:00:00+00:00
[2026-08-26T19:37:51.300+0000] {processor.py:183} INFO - Processing /opt/airflow/dags/feature_pipeline_dag.py took 2.142 seconds
[2026-08-26T19:38:21.608+0000] {processor.py:161} INFO - Started process (PID=3483) to work on /opt/airflow/dags/feature_pipeline_dag.py
[2026-08-26T19:38:21.611+0000] {processor.py:830} INFO - Processing file /opt/airflow/dags/feature_pipeline_dag.py for tasks to queue
[2026-08-26T19:38:21.614+0000] {logging_mixin.py:188} INFO - [2026-08-26T19:38:21.613+0000] {dagbag.py:545} INFO - Filling up the DagBag from /opt/airflow/dags/feature_pipeline_dag.py
[2026-08-26T19:38:23.224+0000] {processor.py:840} INFO - DAG(s) 'feature_pipeline' retrieved from /opt/airflow/dags/feature_pipeline_dag.py
[2026-08-26T19:38:23.689+0000] {logging_mixin.py:188} INFO - [2026-08-26T19:38:23.688+0000] {dag.py:3089} INFO - Sync 1 DAGs
[2026-08-26T19:38:23.735+0000] {logging_mixin.py:188} INFO - [2026-08-26T19:38:23.735+0000] {dag.py:3947} INFO - Setting next_dagrun for feature_pipeline to 2026-08-26 19:00:00+00:00, run_after=2026-08-26 20:00:00+00:00
[2026-08-26T19:38:23.774+0000] {processor.py:183} INFO - Processing /opt/airflow/dags/feature_pipeline_dag.py took 2.192 seconds
[2026-08-26T19:38:54.428+0000] {processor.py:161} INFO - Started process (PID=3514) to work on /opt/airflow/dags/feature_pipeline_dag.py
[2026-08-26T19:38:54.431+0000] {processor.py:830} INFO - Processing file /opt/airflow/dags/feature_pipeline_dag.py for tasks to queue
[2026-08-26T19:38:54.434+0000] {logging_mixin.py:188} INFO - [2026-08-26T19:38:54.433+0000] {dagbag.py:545} INFO - Filling up the DagBag from /opt/airflow/dags/feature_pipeline_dag.py
[2026-08-26T19:38:55.957+0000] {processor.py:840} INFO - DAG(s) 'feature_pipeline' retrieved from /opt/airflow/dags/feature_pipeline_dag.py
[2026-08-26T19:38:56.024+0000] {logging_mixin.py:188} INFO - [2026-08-26T19:38:56.023+0000] {dag.py:3089} INFO - Sync 1 DAGs
[2026-08-26T19:38:56.077+0000] {logging_mixin.py:188} INFO - [2026-08-26T19:38:56.076+0000] {dag.py:3947} INFO - Setting next_dagrun for feature_pipeline to 2026-08-26 19:00:00+00:00, run_after=2026-08-26 20:00:00+00:00
[2026-08-26T19:38:56.583+0000] {processor.py:183} INFO - Processing /opt/airflow/dags/feature_pipeline_dag.py took 2.182 seconds
[2026-08-26T19:39:27.259+0000] {processor.py:161} INFO - Started process (PID=3545) to work on /opt/airflow/dags/feature_pipeline_dag.py
[2026-08-26T19:39:27.262+0000] {processor.py:830} INFO - Processing file /opt/airflow/dags/feature_pipeline_dag.py for tasks to queue
[2026-08-26T19:39:27.266+0000] {logging_mixin.py:188} INFO - [2026-08-26T19:39:27.264+0000] {dagbag.py:545} INFO - Filling up the DagBag from /opt/airflow/dags/feature_pipeline_dag.py
[2026-08-26T19:39:28.692+0000] {processor.py:840} INFO - DAG(s) 'feature_pipeline' retrieved from /opt/airflow/dags/feature_pipeline_dag.py
[2026-08-26T19:39:28.756+0000] {logging_mixin.py:188} INFO - [2026-08-26T19:39:28.755+0000] {dag.py:3089} INFO - Sync 1 DAGs
[2026-08-26T19:39:29.294+0000] {logging_mixin.py:188} INFO - [2026-08-26T19:39:29.293+0000] {dag.py:3947} INFO - Setting next_dagrun for feature_pipeline to 2026-08-26 19:00:00+00:00, run_after=2026-08-26 20:00:00+00:00
[2026-08-26T19:39:29.335+0000] {processor.py:183} INFO - Processing /opt/airflow/dags/feature_pipeline_dag.py took 2.115 seconds
[2026-08-26T19:39:59.552+0000] {processor.py:161} INFO - Started process (PID=3576) to work on /opt/airflow/dags/feature_pipeline_dag.py
[2026-08-26T19:39:59.555+0000] {processor.py:830} INFO - Processing file /opt/airflow/dags/feature_pipeline_dag.py for tasks to queue
[2026-08-26T19:39:59.558+0000] {logging_mixin.py:188} INFO - [2026-08-26T19:39:59.557+0000] {dagbag.py:545} INFO - Filling up the DagBag from /opt/airflow/dags/feature_pipeline_dag.py
[2026-08-26T19:40:01.173+0000] {processor.py:840} INFO - DAG(s) 'feature_pipeline' retrieved from /opt/airflow/dags/feature_pipeline_dag.py
[2026-08-26T19:40:01.239+0000] {logging_mixin.py:188} INFO - [2026-08-26T19:40:01.238+0000] {dag.py:3089} INFO - Sync 1 DAGs
[2026-08-26T19:40:01.740+0000] {logging_mixin.py:188} INFO - [2026-08-26T19:40:01.739+0000] {dag.py:3947} INFO - Setting next_dagrun for feature_pipeline to 2026-08-26 19:00:00+00:00, run_after=2026-08-26 20:00:00+00:00
[2026-08-26T19:40:01.837+0000] {processor.py:183} INFO - Processing /opt/airflow/dags/feature_pipeline_dag.py took 2.306 seconds
[2026-08-26T19:40:32.663+0000] {processor.py:161} INFO - Started process (PID=3604) to work on /opt/airflow/dags/feature_pipeline_dag.py
[2026-08-26T19:40:32.665+0000] {processor.py:830} INFO - Processing file /opt/airflow/dags/feature_pipeline_dag.py for tasks to queue
[2026-08-26T19:40:32.668+0000] {logging_mixin.py:188} INFO - [2026-08-26T19:40:32.667+0000] {dagbag.py:545} INFO - Filling up the DagBag from /opt/airflow/dags/feature_pipeline_dag.py
[2026-08-26T19:40:34.665+0000] {processor.py:840} INFO - DAG(s) 'feature_pipeline' retrieved from /opt/airflow/dags/feature_pipeline_dag.py
[2026-08-26T19:40:34.715+0000] {logging_mixin.py:188} INFO - [2026-08-26T19:40:34.714+0000] {dag.py:3089} INFO - Sync 1 DAGs
[2026-08-26T19:40:34.759+0000] {logging_mixin.py:188} INFO - [2026-08-26T19:40:34.759+0000] {dag.py:3947} INFO - Setting next_dagrun for feature_pipeline to 2026-08-26 19:00:00+00:00, run_after=2026-08-26 20:00:00+00:00
[2026-08-26T19:40:34.801+0000] {processor.py:183} INFO - Processing /opt/airflow/dags/feature_pipeline_dag.py took 2.165 seconds
[2026-08-26T19:41:05.558+0000] {processor.py:161} INFO - Started process (PID=3619) to work on /opt/airflow/dags/feature_pipeline_dag.py
[2026-08-26T19:41:05.562+0000] {processor.py:830} INFO - Processing file /opt/airflow/dags/feature_pipeline_dag.py for tasks to queue
[2026-08-26T19:41:05.565+0000] {logging_mixin.py:188} INFO - [2026-08-26T19:41:05.564+0000] {dagbag.py:545} INFO - Filling up the DagBag from /opt/airflow/dags/feature_pipeline_dag.py
[2026-08-26T19:41:04.908+0000] {processor.py:840} INFO - DAG(s) 'feature_pipeline' retrieved from /opt/airflow/dags/feature_pipeline_dag.py
[2026-08-26T19:41:05.490+0000] {logging_mixin.py:188} INFO - [2026-08-26T19:41:05.489+0000] {dag.py:3089} INFO - Sync 1 DAGs
[2026-08-26T19:41:05.541+0000] {logging_mixin.py:188} INFO - [2026-08-26T19:41:05.540+0000] {dag.py:3947} INFO - Setting next_dagrun for feature_pipeline to 2026-08-26 19:00:00+00:00, run_after=2026-08-26 20:00:00+00:00
[2026-08-26T19:41:05.583+0000] {processor.py:183} INFO - Processing /opt/airflow/dags/feature_pipeline_dag.py took 2.369 seconds
[2026-08-26T19:41:35.827+0000] {processor.py:161} INFO - Started process (PID=3650) to work on /opt/airflow/dags/feature_pipeline_dag.py
[2026-08-26T19:41:35.829+0000] {processor.py:830} INFO - Processing file /opt/airflow/dags/feature_pipeline_dag.py for tasks to queue
[2026-08-26T19:41:35.831+0000] {logging_mixin.py:188} INFO - [2026-08-26T19:41:35.831+0000] {dagbag.py:545} INFO - Filling up the DagBag from /opt/airflow/dags/feature_pipeline_dag.py
[2026-08-26T19:41:37.517+0000] {processor.py:840} INFO - DAG(s) 'feature_pipeline' retrieved from /opt/airflow/dags/feature_pipeline_dag.py
[2026-08-26T19:41:37.566+0000] {logging_mixin.py:188} INFO - [2026-08-26T19:41:37.565+0000] {dag.py:3089} INFO - Sync 1 DAGs
[2026-08-26T19:41:37.601+0000] {logging_mixin.py:188} INFO - [2026-08-26T19:41:37.600+0000] {dag.py:3947} INFO - Setting next_dagrun for feature_pipeline to 2026-08-26 19:00:00+00:00, run_after=2026-08-26 20:00:00+00:00
[2026-08-26T19:41:37.633+0000] {processor.py:183} INFO - Processing /opt/airflow/dags/feature_pipeline_dag.py took 1.822 seconds
[2026-08-26T19:42:08.089+0000] {processor.py:161} INFO - Started process (PID=3681) to work on /opt/airflow/dags/feature_pipeline_dag.py
[2026-08-26T19:42:08.093+0000] {processor.py:830} INFO - Processing file /opt/airflow/dags/feature_pipeline_dag.py for tasks to queue
[2026-08-26T19:42:08.096+0000] {logging_mixin.py:188} INFO - [2026-08-26T19:42:08.095+0000] {dagbag.py:545} INFO - Filling up the DagBag from /opt/airflow/dags/feature_pipeline_dag.py
[2026-08-26T19:42:09.700+0000] {processor.py:840} INFO - DAG(s) 'feature_pipeline' retrieved from /opt/airflow/dags/feature_pipeline_dag.py
[2026-08-26T19:42:09.763+0000] {logging_mixin.py:188} INFO - [2026-08-26T19:42:09.762+0000] {dag.py:3089} INFO - Sync 1 DAGs
[2026-08-26T19:42:09.813+0000] {logging_mixin.py:188} INFO - [2026-08-26T19:42:09.813+0000] {dag.py:3947} INFO - Setting next_dagrun for feature_pipeline to 2026-08-26 19:00:00+00:00, run_after=2026-08-26 20:00:00+00:00
[2026-08-26T19:42:10.201+0000] {processor.py:183} INFO - Processing /opt/airflow/dags/feature_pipeline_dag.py took 2.135 seconds
[2026-08-26T19:42:40.379+0000] {processor.py:161} INFO - Started process (PID=3712) to work on /opt/airflow/dags/feature_pipeline_dag.py
[2026-08-26T19:42:40.382+0000] {processor.py:830} INFO - Processing file /opt/airflow/dags/feature_pipeline_dag.py for tasks to queue
[2026-08-26T19:42:40.384+0000] {logging_mixin.py:188} INFO - [2026-08-26T19:42:40.384+0000] {dagbag.py:545} INFO - Filling up the DagBag from /opt/airflow/dags/feature_pipeline_dag.py
[2026-08-26T19:42:41.911+0000] {processor.py:840} INFO - DAG(s) 'feature_pipeline' retrieved from /opt/airflow/dags/feature_pipeline_dag.py
[2026-08-26T19:42:41.989+0000] {logging_mixin.py:188} INFO - [2026-08-26T19:42:41.988+0000] {dag.py:3089} INFO - Sync 1 DAGs
[2026-08-26T19:42:42.499+0000] {logging_mixin.py:188} INFO - [2026-08-26T19:42:42.498+0000] {dag.py:3947} INFO - Setting next_dagrun for feature_pipeline to 2026-08-26 19:00:00+00:00, run_after=2026-08-26 20:00:00+00:00
[2026-08-26T19:42:42.537+0000] {processor.py:183} INFO - Processing /opt/airflow/dags/feature_pipeline_dag.py took 2.181 seconds
[2026-08-26T19:43:13.269+0000] {processor.py:161} INFO - Started process (PID=3741) to work on /opt/airflow/dags/feature_pipeline_dag.py
[2026-08-26T19:43:13.271+0000] {processor.py:830} INFO - Processing file /opt/airflow/dags/feature_pipeline_dag.py for tasks to queue
[2026-08-26T19:43:13.274+0000] {logging_mixin.py:188} INFO - [2026-08-26T19:43:13.273+0000] {dagbag.py:545} INFO - Filling up the DagBag from /opt/airflow/dags/feature_pipeline_dag.py
[2026-08-26T19:43:14.827+0000] {processor.py:840} INFO - DAG(s) 'feature_pipeline' retrieved from /opt/airflow/dags/feature_pipeline_dag.py
[2026-08-26T19:43:15.218+0000] {logging_mixin.py:188} INFO - [2026-08-26T19:43:15.217+0000] {dag.py:3089} INFO - Sync 1 DAGs
[2026-08-26T19:43:15.260+0000] {logging_mixin.py:188} INFO - [2026-08-26T19:43:15.260+0000] {dag.py:3947} INFO - Setting next_dagrun for feature_pipeline to 2026-08-26 19:00:00+00:00, run_after=2026-08-26 20:00:00+00:00
[2026-08-26T19:43:15.299+0000] {processor.py:183} INFO - Processing /opt/airflow/dags/feature_pipeline_dag.py took 2.053 seconds
[2026-08-26T19:43:45.881+0000] {processor.py:161} INFO - Started process (PID=3759) to work on /opt/airflow/dags/feature_pipeline_dag.py
[2026-08-26T19:43:45.884+0000] {processor.py:830} INFO - Processing file /opt/airflow/dags/feature_pipeline_dag.py for tasks to queue
[2026-08-26T19:43:45.888+0000] {logging_mixin.py:188} INFO - [2026-08-26T19:43:45.887+0000] {dagbag.py:545} INFO - Filling up the DagBag from /opt/airflow/dags/feature_pipeline_dag.py
[2026-08-26T19:43:47.644+0000] {processor.py:840} INFO - DAG(s) 'feature_pipeline' retrieved from /opt/airflow/dags/feature_pipeline_dag.py
[2026-08-26T19:43:48.173+0000] {logging_mixin.py:188} INFO - [2026-08-26T19:43:48.172+0000] {dag.py:3089} INFO - Sync 1 DAGs
[2026-08-26T19:43:48.235+0000] {logging_mixin.py:188} INFO - [2026-08-26T19:43:48.234+0000] {dag.py:3947} INFO - Setting next_dagrun for feature_pipeline to 2026-08-26 19:00:00+00:00, run_after=2026-08-26 20:00:00+00:00
[2026-08-26T19:43:48.276+0000] {processor.py:183} INFO - Processing /opt/airflow/dags/feature_pipeline_dag.py took 2.420 seconds
[2026-08-26T19:44:18.904+0000] {processor.py:161} INFO - Started process (PID=3786) to work on /opt/airflow/dags/feature_pipeline_dag.py
[2026-08-26T19:44:18.906+0000] {processor.py:830} INFO - Processing file /opt/airflow/dags/feature_pipeline_dag.py for tasks to queue
[2026-08-26T19:44:18.909+0000] {logging_mixin.py:188} INFO - [2026-08-26T19:44:18.908+0000] {dagbag.py:545} INFO - Filling up the DagBag from /opt/airflow/dags/feature_pipeline_dag.py
[2026-08-26T19:44:18.503+0000] {processor.py:840} INFO - DAG(s) 'feature_pipeline' retrieved from /opt/airflow/dags/feature_pipeline_dag.py
[2026-08-26T19:44:18.556+0000] {logging_mixin.py:188} INFO - [2026-08-26T19:44:18.555+0000] {dag.py:3089} INFO - Sync 1 DAGs
[2026-08-26T19:44:18.599+0000] {logging_mixin.py:188} INFO - [2026-08-26T19:44:18.599+0000] {dag.py:3947} INFO - Setting next_dagrun for feature_pipeline to 2026-08-26 19:00:00+00:00, run_after=2026-08-26 20:00:00+00:00
[2026-08-26T19:44:18.638+0000] {processor.py:183} INFO - Processing /opt/airflow/dags/feature_pipeline_dag.py took 2.038 seconds
[2026-08-26T19:44:49.242+0000] {processor.py:161} INFO - Started process (PID=3817) to work on /opt/airflow/dags/feature_pipeline_dag.py
[2026-08-26T19:44:49.245+0000] {processor.py:830} INFO - Processing file /opt/airflow/dags/feature_pipeline_dag.py for tasks to queue
[2026-08-26T19:44:49.248+0000] {logging_mixin.py:188} INFO - [2026-08-26T19:44:49.247+0000] {dagbag.py:545} INFO - Filling up the DagBag from /opt/airflow/dags/feature_pipeline_dag.py
[2026-08-26T19:44:50.949+0000] {processor.py:840} INFO - DAG(s) 'feature_pipeline' retrieved from /opt/airflow/dags/feature_pipeline_dag.py
[2026-08-26T19:44:51.019+0000] {logging_mixin.py:188} INFO - [2026-08-26T19:44:51.018+0000] {dag.py:3089} INFO - Sync 1 DAGs
[2026-08-26T19:44:51.074+0000] {logging_mixin.py:188} INFO - [2026-08-26T19:44:51.074+0000] {dag.py:3947} INFO - Setting next_dagrun for feature_pipeline to 2026-08-26 19:00:00+00:00, run_after=2026-08-26 20:00:00+00:00
[2026-08-26T19:44:51.511+0000] {processor.py:183} INFO - Processing /opt/airflow/dags/feature_pipeline_dag.py took 2.288 seconds
[2026-08-26T19:45:21.883+0000] {processor.py:161} INFO - Started process (PID=3848) to work on /opt/airflow/dags/feature_pipeline_dag.py
[2026-08-26T19:45:21.886+0000] {processor.py:830} INFO - Processing file /opt/airflow/dags/feature_pipeline_dag.py for tasks to queue
[2026-08-26T19:45:21.889+0000] {logging_mixin.py:188} INFO - [2026-08-26T19:45:21.888+0000] {dagbag.py:545} INFO - Filling up the DagBag from /opt/airflow/dags/feature_pipeline_dag.py
[2026-08-26T19:45:23.538+0000] {processor.py:840} INFO - DAG(s) 'feature_pipeline' retrieved from /opt/airflow/dags/feature_pipeline_dag.py
[2026-08-26T19:45:23.629+0000] {logging_mixin.py:188} INFO - [2026-08-26T19:45:23.628+0000] {dag.py:3089} INFO - Sync 1 DAGs
[2026-08-26T19:45:24.104+0000] {logging_mixin.py:188} INFO - [2026-08-26T19:45:24.103+0000] {dag.py:3947} INFO - Setting next_dagrun for feature_pipeline to 2026-08-26 19:00:00+00:00, run_after=2026-08-26 20:00:00+00:00
[2026-08-26T19:45:24.145+0000] {processor.py:183} INFO - Processing /opt/airflow/dags/feature_pipeline_dag.py took 2.280 seconds
[2026-08-26T19:45:54.333+0000] {processor.py:161} INFO - Started process (PID=3879) to work on /opt/airflow/dags/feature_pipeline_dag.py
[2026-08-26T19:45:54.336+0000] {processor.py:830} INFO - Processing file /opt/airflow/dags/feature_pipeline_dag.py for tasks to queue
[2026-08-26T19:45:54.338+0000] {logging_mixin.py:188} INFO - [2026-08-26T19:45:54.337+0000] {dagbag.py:545} INFO - Filling up the DagBag from /opt/airflow/dags/feature_pipeline_dag.py
[2026-08-26T19:45:55.826+0000] {processor.py:840} INFO - DAG(s) 'feature_pipeline' retrieved from /opt/airflow/dags/feature_pipeline_dag.py
[2026-08-26T19:45:56.312+0000] {logging_mixin.py:188} INFO - [2026-08-26T19:45:56.312+0000] {dag.py:3089} INFO - Sync 1 DAGs
[2026-08-26T19:45:56.353+0000] {logging_mixin.py:188} INFO - [2026-08-26T19:45:56.353+0000] {dag.py:3947} INFO - Setting next_dagrun for feature_pipeline to 2026-08-26 19:00:00+00:00, run_after=2026-08-26 20:00:00+00:00
[2026-08-26T19:45:56.395+0000] {processor.py:183} INFO - Processing /opt/airflow/dags/feature_pipeline_dag.py took 2.082 seconds
[2026-08-26T19:46:27.240+0000] {processor.py:161} INFO - Started process (PID=3907) to work on /opt/airflow/dags/feature_pipeline_dag.py
[2026-08-26T19:46:27.244+0000] {processor.py:830} INFO - Processing file /opt/airflow/dags/feature_pipeline_dag.py for tasks to queue
[2026-08-26T19:46:27.247+0000] {logging_mixin.py:188} INFO - [2026-08-26T19:46:27.246+0000] {dagbag.py:545} INFO - Filling up the DagBag from /opt/airflow/dags/feature_pipeline_dag.py
[2026-08-26T19:46:28.958+0000] {processor.py:840} INFO - DAG(s) 'feature_pipeline' retrieved from /opt/airflow/dags/feature_pipeline_dag.py
[2026-08-26T19:46:29.446+0000] {logging_mixin.py:188} INFO - [2026-08-26T19:46:29.445+0000] {dag.py:3089} INFO - Sync 1 DAGs
[2026-08-26T19:46:29.495+0000] {logging_mixin.py:188} INFO - [2026-08-26T19:46:29.495+0000] {dag.py:3947} INFO - Setting next_dagrun for feature_pipeline to 2026-08-26 19:00:00+00:00, run_after=2026-08-26 20:00:00+00:00
[2026-08-26T19:46:29.536+0000] {processor.py:183} INFO - Processing /opt/airflow/dags/feature_pipeline_dag.py took 2.322 seconds
[2026-08-26T19:47:00.299+0000] {processor.py:161} INFO - Started process (PID=3922) to work on /opt/airflow/dags/feature_pipeline_dag.py
[2026-08-26T19:47:00.302+0000] {processor.py:830} INFO - Processing file /opt/airflow/dags/feature_pipeline_dag.py for tasks to queue
[2026-08-26T19:47:00.305+0000] {logging_mixin.py:188} INFO - [2026-08-26T19:47:00.304+0000] {dagbag.py:545} INFO - Filling up the DagBag from /opt/airflow/dags/feature_pipeline_dag.py
[2026-08-26T19:47:02.267+0000] {processor.py:840} INFO - DAG(s) 'feature_pipeline' retrieved from /opt/airflow/dags/feature_pipeline_dag.py
[2026-08-26T19:47:02.327+0000] {logging_mixin.py:188} INFO - [2026-08-26T19:47:02.326+0000] {dag.py:3089} INFO - Sync 1 DAGs
[2026-08-26T19:47:02.378+0000] {logging_mixin.py:188} INFO - [2026-08-26T19:47:02.377+0000] {dag.py:3947} INFO - Setting next_dagrun for feature_pipeline to 2026-08-26 19:00:00+00:00, run_after=2026-08-26 20:00:00+00:00
[2026-08-26T19:47:02.416+0000] {processor.py:183} INFO - Processing /opt/airflow/dags/feature_pipeline_dag.py took 2.136 seconds
[2026-08-26T19:47:32.741+0000] {processor.py:161} INFO - Started process (PID=3953) to work on /opt/airflow/dags/feature_pipeline_dag.py
[2026-08-26T19:47:32.744+0000] {processor.py:830} INFO - Processing file /opt/airflow/dags/feature_pipeline_dag.py for tasks to queue
[2026-08-26T19:47:32.747+0000] {logging_mixin.py:188} INFO - [2026-08-26T19:47:32.746+0000] {dagbag.py:545} INFO - Filling up the DagBag from /opt/airflow/dags/feature_pipeline_dag.py
[2026-08-26T19:47:31.997+0000] {processor.py:840} INFO - DAG(s) 'feature_pipeline' retrieved from /opt/airflow/dags/feature_pipeline_dag.py
[2026-08-26T19:47:32.063+0000] {logging_mixin.py:188} INFO - [2026-08-26T19:47:32.062+0000] {dag.py:3089} INFO - Sync 1 DAGs
[2026-08-26T19:47:32.108+0000] {logging_mixin.py:188} INFO - [2026-08-26T19:47:32.108+0000] {dag.py:3947} INFO - Setting next_dagrun for feature_pipeline to 2026-08-26 19:00:00+00:00, run_after=2026-08-26 20:00:00+00:00
[2026-08-26T19:47:32.564+0000] {processor.py:183} INFO - Processing /opt/airflow/dags/feature_pipeline_dag.py took 2.186 seconds
[2026-08-26T19:48:03.142+0000] {processor.py:161} INFO - Started process (PID=3984) to work on /opt/airflow/dags/feature_pipeline_dag.py
[2026-08-26T19:48:03.145+0000] {processor.py:830} INFO - Processing file /opt/airflow/dags/feature_pipeline_dag.py for tasks to queue
[2026-08-26T19:48:03.148+0000] {logging_mixin.py:188} INFO - [2026-08-26T19:48:03.147+0000] {dagbag.py:545} INFO - Filling up the DagBag from /opt/airflow/dags/feature_pipeline_dag.py
[2026-08-26T19:48:04.680+0000] {processor.py:840} INFO - DAG(s) 'feature_pipeline' retrieved from /opt/airflow/dags/feature_pipeline_dag.py
[2026-08-26T19:48:04.750+0000] {logging_mixin.py:188} INFO - [2026-08-26T19:48:04.749+0000] {dag.py:3089} INFO - Sync 1 DAGs
[2026-08-26T19:48:05.266+0000] {logging_mixin.py:188} INFO - [2026-08-26T19:48:05.265+0000] {dag.py:3947} INFO - Setting next_dagrun for feature_pipeline to 2026-08-26 19:00:00+00:00, run_after=2026-08-26 20:00:00+00:00
[2026-08-26T19:48:05.308+0000] {processor.py:183} INFO - Processing /opt/airflow/dags/feature_pipeline_dag.py took 2.185 seconds
[2026-08-26T19:48:35.595+0000] {processor.py:161} INFO - Started process (PID=4015) to work on /opt/airflow/dags/feature_pipeline_dag.py
[2026-08-26T19:48:35.598+0000] {processor.py:830} INFO - Processing file /opt/airflow/dags/feature_pipeline_dag.py for tasks to queue
[2026-08-26T19:48:35.601+0000] {logging_mixin.py:188} INFO - [2026-08-26T19:48:35.600+0000] {dagbag.py:545} INFO - Filling up the DagBag from /opt/airflow/dags/feature_pipeline_dag.py
[2026-08-26T19:48:37.198+0000] {processor.py:840} INFO - DAG(s) 'feature_pipeline' retrieved from /opt/airflow/dags/feature_pipeline_dag.py
[2026-08-26T19:48:37.671+0000] {logging_mixin.py:188} INFO - [2026-08-26T19:48:37.670+0000] {dag.py:3089} INFO - Sync 1 DAGs
[2026-08-26T19:48:37.711+0000] {logging_mixin.py:188} INFO - [2026-08-26T19:48:37.711+0000] {dag.py:3947} INFO - Setting next_dagrun for feature_pipeline to 2026-08-26 19:00:00+00:00, run_after=2026-08-26 20:00:00+00:00
[2026-08-26T19:48:37.747+0000] {processor.py:183} INFO - Processing /opt/airflow/dags/feature_pipeline_dag.py took 2.175 seconds
[2026-08-26T19:49:08.307+0000] {processor.py:161} INFO - Started process (PID=4043) to work on /opt/airflow/dags/feature_pipeline_dag.py
[2026-08-26T19:49:08.311+0000] {processor.py:830} INFO - Processing file /opt/airflow/dags/feature_pipeline_dag.py for tasks to queue
[2026-08-26T19:49:08.314+0000] {logging_mixin.py:188} INFO - [2026-08-26T19:49:08.313+0000] {dagbag.py:545} INFO - Filling up the DagBag from /opt/airflow/dags/feature_pipeline_dag.py
[2026-08-26T19:49:09.913+0000] {processor.py:840} INFO - DAG(s) 'feature_pipeline' retrieved from /opt/airflow/dags/feature_pipeline_dag.py
[2026-08-26T19:49:10.360+0000] {logging_mixin.py:188} INFO - [2026-08-26T19:49:10.359+0000] {dag.py:3089} INFO - Sync 1 DAGs
[2026-08-26T19:49:10.412+0000] {logging_mixin.py:188} INFO - [2026-08-26T19:49:10.412+0000] {dag.py:3947} INFO - Setting next_dagrun for feature_pipeline to 2026-08-26 19:00:00+00:00, run_after=2026-08-26 20:00:00+00:00
[2026-08-26T19:49:10.450+0000] {processor.py:183} INFO - Processing /opt/airflow/dags/feature_pipeline_dag.py took 2.171 seconds
[2026-08-26T19:49:41.325+0000] {processor.py:161} INFO - Started process (PID=4061) to work on /opt/airflow/dags/feature_pipeline_dag.py
[2026-08-26T19:49:41.328+0000] {processor.py:830} INFO - Processing file /opt/airflow/dags/feature_pipeline_dag.py for tasks to queue
[2026-08-26T19:49:41.332+0000] {logging_mixin.py:188} INFO - [2026-08-26T19:49:41.331+0000] {dagbag.py:545} INFO - Filling up the DagBag from /opt/airflow/dags/feature_pipeline_dag.py
[2026-08-26T19:49:43.604+0000] {processor.py:840} INFO - DAG(s) 'feature_pipeline' retrieved from /opt/airflow/dags/feature_pipeline_dag.py
[2026-08-26T19:49:43.662+0000] {logging_mixin.py:188} INFO - [2026-08-26T19:49:43.661+0000] {dag.py:3089} INFO - Sync 1 DAGs
[2026-08-26T19:49:43.702+0000] {logging_mixin.py:188} INFO - [2026-08-26T19:49:43.702+0000] {dag.py:3947} INFO - Setting next_dagrun for feature_pipeline to 2026-08-26 19:00:00+00:00, run_after=2026-08-26 20:00:00+00:00
[2026-08-26T19:49:43.739+0000] {processor.py:183} INFO - Processing /opt/airflow/dags/feature_pipeline_dag.py took 2.435 seconds
[2026-08-26T19:50:14.448+0000] {processor.py:161} INFO - Started process (PID=4089) to work on /opt/airflow/dags/feature_pipeline_dag.py
[2026-08-26T19:50:14.452+0000] {processor.py:830} INFO - Processing file /opt/airflow/dags/feature_pipeline_dag.py for tasks to queue
[2026-08-26T19:50:14.455+0000] {logging_mixin.py:188} INFO - [2026-08-26T19:50:14.454+0000] {dagbag.py:545} INFO - Filling up the DagBag from /opt/airflow/dags/feature_pipeline_dag.py
[2026-08-26T19:50:16.726+0000] {processor.py:840} INFO - DAG(s) 'feature_pipeline' retrieved from /opt/airflow/dags/feature_pipeline_dag.py
[2026-08-26T19:50:16.782+0000] {logging_mixin.py:188} INFO - [2026-08-26T19:50:16.781+0000] {dag.py:3089} INFO - Sync 1 DAGs
[2026-08-26T19:50:16.824+0000] {logging_mixin.py:188} INFO - [2026-08-26T19:50:16.823+0000] {dag.py:3947} INFO - Setting next_dagrun for feature_pipeline to 2026-08-26 19:00:00+00:00, run_after=2026-08-26 20:00:00+00:00
[2026-08-26T19:50:16.864+0000] {processor.py:183} INFO - Processing /opt/airflow/dags/feature_pipeline_dag.py took 2.439 seconds
[2026-08-26T19:50:47.334+0000] {processor.py:161} INFO - Started process (PID=4120) to work on /opt/airflow/dags/feature_pipeline_dag.py
[2026-08-26T19:50:47.336+0000] {processor.py:830} INFO - Processing file /opt/airflow/dags/feature_pipeline_dag.py for tasks to queue
[2026-08-26T19:50:47.339+0000] {logging_mixin.py:188} INFO - [2026-08-26T19:50:47.338+0000] {dagbag.py:545} INFO - Filling up the DagBag from /opt/airflow/dags/feature_pipeline_dag.py
[2026-08-26T19:50:46.746+0000] {processor.py:840} INFO - DAG(s) 'feature_pipeline' retrieved from /opt/airflow/dags/feature_pipeline_dag.py
[2026-08-26T19:50:46.855+0000] {logging_mixin.py:188} INFO - [2026-08-26T19:50:46.853+0000] {dag.py:3089} INFO - Sync 1 DAGs
[2026-08-26T19:50:47.352+0000] {logging_mixin.py:188} INFO - [2026-08-26T19:50:47.352+0000] {dag.py:3947} INFO - Setting next_dagrun for feature_pipeline to 2026-08-26 19:00:00+00:00, run_after=2026-08-26 20:00:00+00:00
[2026-08-26T19:50:47.390+0000] {processor.py:183} INFO - Processing /opt/airflow/dags/feature_pipeline_dag.py took 2.358 seconds
[2026-08-26T19:51:17.976+0000] {processor.py:161} INFO - Started process (PID=4151) to work on /opt/airflow/dags/feature_pipeline_dag.py
[2026-08-26T19:51:17.979+0000] {processor.py:830} INFO - Processing file /opt/airflow/dags/feature_pipeline_dag.py for tasks to queue
[2026-08-26T19:51:17.982+0000] {logging_mixin.py:188} INFO - [2026-08-26T19:51:17.981+0000] {dagbag.py:545} INFO - Filling up the DagBag from /opt/airflow/dags/feature_pipeline_dag.py
[2026-08-26T19:51:19.567+0000] {processor.py:840} INFO - DAG(s) 'feature_pipeline' retrieved from /opt/airflow/dags/feature_pipeline_dag.py
[2026-08-26T19:51:20.035+0000] {logging_mixin.py:188} INFO - [2026-08-26T19:51:20.034+0000] {dag.py:3089} INFO - Sync 1 DAGs
[2026-08-26T19:51:20.086+0000] {logging_mixin.py:188} INFO - [2026-08-26T19:51:20.085+0000] {dag.py:3947} INFO - Setting next_dagrun for feature_pipeline to 2026-08-26 19:00:00+00:00, run_after=2026-08-26 20:00:00+00:00
[2026-08-26T19:51:20.125+0000] {processor.py:183} INFO - Processing /opt/airflow/dags/feature_pipeline_dag.py took 2.175 seconds
[2026-08-26T19:51:50.598+0000] {processor.py:161} INFO - Started process (PID=4182) to work on /opt/airflow/dags/feature_pipeline_dag.py
[2026-08-26T19:51:50.600+0000] {processor.py:830} INFO - Processing file /opt/airflow/dags/feature_pipeline_dag.py for tasks to queue
[2026-08-26T19:51:50.604+0000] {logging_mixin.py:188} INFO - [2026-08-26T19:51:50.603+0000] {dagbag.py:545} INFO - Filling up the DagBag from /opt/airflow/dags/feature_pipeline_dag.py
[2026-08-26T19:51:52.449+0000] {processor.py:840} INFO - DAG(s) 'feature_pipeline' retrieved from /opt/airflow/dags/feature_pipeline_dag.py
[2026-08-26T19:51:52.498+0000] {logging_mixin.py:188} INFO - [2026-08-26T19:51:52.497+0000] {dag.py:3089} INFO - Sync 1 DAGs
[2026-08-26T19:51:52.536+0000] {logging_mixin.py:188} INFO - [2026-08-26T19:51:52.535+0000] {dag.py:3947} INFO - Setting next_dagrun for feature_pipeline to 2026-08-26 19:00:00+00:00, run_after=2026-08-26 20:00:00+00:00
[2026-08-26T19:51:52.573+0000] {processor.py:183} INFO - Processing /opt/airflow/dags/feature_pipeline_dag.py took 1.995 seconds
[2026-08-26T20:11:24.139+0000] {processor.py:161} INFO - Started process (PID=4191) to work on /opt/airflow/dags/feature_pipeline_dag.py
[2026-08-26T20:11:24.147+0000] {processor.py:830} INFO - Processing file /opt/airflow/dags/feature_pipeline_dag.py for tasks to queue
[2026-08-26T20:11:24.149+0000] {logging_mixin.py:188} INFO - [2026-08-26T20:11:24.149+0000] {dagbag.py:545} INFO - Filling up the DagBag from /opt/airflow/dags/feature_pipeline_dag.py
[2026-08-26T20:11:27.835+0000] {processor.py:840} INFO - DAG(s) 'feature_pipeline' retrieved from /opt/airflow/dags/feature_pipeline_dag.py
[2026-08-26T20:11:27.881+0000] {logging_mixin.py:188} INFO - [2026-08-26T20:11:27.880+0000] {dag.py:3089} INFO - Sync 1 DAGs
[2026-08-26T20:11:27.915+0000] {logging_mixin.py:188} INFO - [2026-08-26T20:11:27.915+0000] {dag.py:3947} INFO - Setting next_dagrun for feature_pipeline to 2026-08-26 20:00:00+00:00, run_after=2026-08-26 21:00:00+00:00
[2026-08-26T20:11:28.495+0000] {processor.py:183} INFO - Processing /opt/airflow/dags/feature_pipeline_dag.py took 4.399 seconds
[2026-08-26T20:12:00.092+0000] {processor.py:161} INFO - Started process (PID=4221) to work on /opt/airflow/dags/feature_pipeline_dag.py
[2026-08-26T20:12:00.154+0000] {processor.py:830} INFO - Processing file /opt/airflow/dags/feature_pipeline_dag.py for tasks to queue
[2026-08-26T20:12:00.313+0000] {logging_mixin.py:188} INFO - [2026-08-26T20:12:00.304+0000] {dagbag.py:545} INFO - Filling up the DagBag from /opt/airflow/dags/feature_pipeline_dag.py
