[2026-08-26T19:12:33.664+0000] {processor.py:161} INFO - Started process (PID=167) to work on /opt/airflow/dags/forecast_logging_dag.py
[2026-08-26T19:12:33.674+0000] {processor.py:830} INFO - Processing file /opt/airflow/dags/forecast_logging_dag.py for tasks to queue
[2026-08-26T19:12:33.691+0000] {logging_mixin.py:188} INFO - [2026-08-26T19:12:33.688+0000] {dagbag.py:545} INFO - Filling up the DagBag from /opt/airflow/dags/forecast_logging_dag.py
[2026-08-26T19:13:02.252+0000] {logging_mixin.py:188} INFO - [2026-08-26T19:13:02.251+0000] {timeout.py:68} ERROR - Process timed out, PID: 167
[2026-08-26T19:13:02.255+0000] {logging_mixin.py:188} WARNING - Exception ignored in: <bound method _MultipleClassMarker._remove_item of <sqlalchemy.orm.clsregistry._MultipleClassMarker object at 0x798110ac2640>>
[2026-08-26T19:13:02.261+0000] {logging_mixin.py:188} WARNING - Traceback (most recent call last):
[2026-08-26T19:13:02.262+0000] {logging_mixin.py:188} WARNING -   File "/home/airflow/.local/lib/python3.11/site-packages/sqlalchemy/orm/clsregistry.py", line 157, in _remove_item
[2026-08-26T19:13:02.279+0000] {logging_mixin.py:188} WARNING -     def _remove_item(self, ref):
[2026-08-26T19:13:02.281+0000] {logging_mixin.py:188} WARNING -   File "/home/airflow/.local/lib/python3.11/site-packages/airflow/utils/timeout.py", line 69, in handle_timeout
[2026-08-26T19:13:02.282+0000] {logging_mixin.py:188} WARNING -     raise AirflowTaskTimeout(self.error_message)
[2026-08-26T19:13:02.283+0000] {logging_mixin.py:188} WARNING - airflow.exceptions.AirflowTaskTimeout: DagBag import timeout for /opt/airflow/dags/forecast_logging_dag.py after 30.0s.
Please take a look at these docs to improve your DAG import time:
* https://airflow.apache.org/docs/apache-airflow/2.9.3/best-practices.html#top-level-python-code
* https://airflow.apache.org/docs/apache-airflow/2.9.3/best-practices.html#reducing-dag-complexity, PID: 167
[2026-08-26T19:14:04.051+0000] {processor.py:161} INFO - Started process (PID=223) to work on /opt/airflow/dags/forecast_logging_dag.py
[2026-08-26T19:14:04.061+0000] {processor.py:830} INFO - Processing file /opt/airflow/dags/forecast_logging_dag.py for tasks to queue
[2026-08-26T19:14:04.067+0000] {logging_mixin.py:188} INFO - [2026-08-26T19:14:04.065+0000] {dagbag.py:545} INFO - Filling up the DagBag from /opt/airflow/dags/forecast_logging_dag.py
[2026-08-26T19:14:23.292+0000] {processor.py:840} INFO - DAG(s) 'forecast_logging' retrieved from /opt/airflow/dags/forecast_logging_dag.py
[2026-08-26T19:14:26.595+0000] {logging_mixin.py:188} INFO - [2026-08-26T19:14:26.594+0000] {dag.py:3089} INFO - Sync 1 DAGs
[2026-08-26T19:14:28.822+0000] {logging_mixin.py:188} INFO - [2026-08-26T19:14:28.821+0000] {dag.py:3947} INFO - Setting next_dagrun for forecast_logging to 2026-08-25 00:00:00+00:00, run_after=2026-08-26 00:00:00+00:00
[2026-08-26T19:14:28.986+0000] {processor.py:183} INFO - Processing /opt/airflow/dags/forecast_logging_dag.py took 27.281 seconds
[2026-08-26T19:15:00.215+0000] {processor.py:161} INFO - Started process (PID=290) to work on /opt/airflow/dags/forecast_logging_dag.py
[2026-08-26T19:15:00.228+0000] {processor.py:830} INFO - Processing file /opt/airflow/dags/forecast_logging_dag.py for tasks to queue
[2026-08-26T19:15:00.235+0000] {logging_mixin.py:188} INFO - [2026-08-26T19:15:00.233+0000] {dagbag.py:545} INFO - Filling up the DagBag from /opt/airflow/dags/forecast_logging_dag.py
[2026-08-26T19:15:39.838+0000] {logging_mixin.py:188} INFO - [2026-08-26T19:15:39.836+0000] {timeout.py:68} ERROR - Process timed out, PID: 290
[2026-08-26T19:16:17.553+0000] {processor.py:161} INFO - Started process (PID=796) to work on /opt/airflow/dags/forecast_logging_dag.py
[2026-08-26T19:16:17.559+0000] {processor.py:830} INFO - Processing file /opt/airflow/dags/forecast_logging_dag.py for tasks to queue
[2026-08-26T19:16:17.562+0000] {logging_mixin.py:188} INFO - [2026-08-26T19:16:17.561+0000] {dagbag.py:545} INFO - Filling up the DagBag from /opt/airflow/dags/forecast_logging_dag.py
[2026-08-26T19:16:46.435+0000] {logging_mixin.py:188} INFO - [2026-08-26T19:16:46.434+0000] {timeout.py:68} ERROR - Process timed out, PID: 796
[2026-08-26T19:17:21.895+0000] {processor.py:161} INFO - Started process (PID=1440) to work on /opt/airflow/dags/forecast_logging_dag.py
[2026-08-26T19:17:21.901+0000] {processor.py:830} INFO - Processing file /opt/airflow/dags/forecast_logging_dag.py for tasks to queue
[2026-08-26T19:17:21.907+0000] {logging_mixin.py:188} INFO - [2026-08-26T19:17:21.905+0000] {dagbag.py:545} INFO - Filling up the DagBag from /opt/airflow/dags/forecast_logging_dag.py
[2026-08-26T19:17:49.665+0000] {logging_mixin.py:188} INFO - [2026-08-26T19:17:49.664+0000] {timeout.py:68} ERROR - Process timed out, PID: 1440
[2026-08-26T19:18:20.530+0000] {processor.py:161} INFO - Started process (PID=1548) to work on /opt/airflow/dags/forecast_logging_dag.py
[2026-08-26T19:18:20.534+0000] {processor.py:830} INFO - Processing file /opt/airflow/dags/forecast_logging_dag.py for tasks to queue
[2026-08-26T19:18:20.538+0000] {logging_mixin.py:188} INFO - [2026-08-26T19:18:20.536+0000] {dagbag.py:545} INFO - Filling up the DagBag from /opt/airflow/dags/forecast_logging_dag.py
[2026-08-26T19:18:48.338+0000] {logging_mixin.py:188} INFO - [2026-08-26T19:18:48.337+0000] {timeout.py:68} ERROR - Process timed out, PID: 1548
[2026-08-26T19:19:19.590+0000] {processor.py:161} INFO - Started process (PID=1586) to work on /opt/airflow/dags/forecast_logging_dag.py
[2026-08-26T19:19:19.619+0000] {processor.py:830} INFO - Processing file /opt/airflow/dags/forecast_logging_dag.py for tasks to queue
[2026-08-26T19:19:19.622+0000] {logging_mixin.py:188} INFO - [2026-08-26T19:19:19.621+0000] {dagbag.py:545} INFO - Filling up the DagBag from /opt/airflow/dags/forecast_logging_dag.py
[2026-08-26T19:19:47.361+0000] {logging_mixin.py:188} INFO - [2026-08-26T19:19:47.359+0000] {timeout.py:68} ERROR - Process timed out, PID: 1586
[2026-08-26T19:20:26.774+0000] {processor.py:161} INFO - Started process (PID=1633) to work on /opt/airflow/dags/forecast_logging_dag.py
[2026-08-26T19:20:26.796+0000] {processor.py:830} INFO - Processing file /opt/airflow/dags/forecast_logging_dag.py for tasks to queue
[2026-08-26T19:20:27.181+0000] {logging_mixin.py:188} INFO - [2026-08-26T19:20:26.864+0000] {dagbag.py:545} INFO - Filling up the DagBag from /opt/airflow/dags/forecast_logging_dag.py
[2026-08-26T19:20:55.588+0000] {logging_mixin.py:188} INFO - [2026-08-26T19:20:55.587+0000] {timeout.py:68} ERROR - Process timed out, PID: 1633
[2026-08-26T19:21:28.143+0000] {processor.py:161} INFO - Started process (PID=1650) to work on /opt/airflow/dags/forecast_logging_dag.py
[2026-08-26T19:21:28.146+0000] {processor.py:830} INFO - Processing file /opt/airflow/dags/forecast_logging_dag.py for tasks to queue
[2026-08-26T19:21:28.149+0000] {logging_mixin.py:188} INFO - [2026-08-26T19:21:28.148+0000] {dagbag.py:545} INFO - Filling up the DagBag from /opt/airflow/dags/forecast_logging_dag.py
[2026-08-26T19:21:55.732+0000] {logging_mixin.py:188} INFO - [2026-08-26T19:21:55.731+0000] {timeout.py:68} ERROR - Process timed out, PID: 1650
[2026-08-26T19:22:26.405+0000] {processor.py:161} INFO - Started process (PID=1748) to work on /opt/airflow/dags/forecast_logging_dag.py
[2026-08-26T19:22:26.407+0000] {processor.py:830} INFO - Processing file /opt/airflow/dags/forecast_logging_dag.py for tasks to queue
[2026-08-26T19:22:26.410+0000] {logging_mixin.py:188} INFO - [2026-08-26T19:22:26.409+0000] {dagbag.py:545} INFO - Filling up the DagBag from /opt/airflow/dags/forecast_logging_dag.py
[2026-08-26T19:22:46.015+0000] {processor.py:840} INFO - DAG(s) 'forecast_logging' retrieved from /opt/airflow/dags/forecast_logging_dag.py
[2026-08-26T19:22:46.473+0000] {logging_mixin.py:188} INFO - [2026-08-26T19:22:46.472+0000] {dag.py:3089} INFO - Sync 1 DAGs
[2026-08-26T19:22:46.527+0000] {logging_mixin.py:188} INFO - [2026-08-26T19:22:46.526+0000] {dag.py:3947} INFO - Setting next_dagrun for forecast_logging to 2026-08-26 00:00:00+00:00, run_after=2026-08-27 00:00:00+00:00
[2026-08-26T19:22:46.575+0000] {processor.py:183} INFO - Processing /opt/airflow/dags/forecast_logging_dag.py took 22.469 seconds
[2026-08-26T19:23:17.253+0000] {processor.py:161} INFO - Started process (PID=1798) to work on /opt/airflow/dags/forecast_logging_dag.py
[2026-08-26T19:23:17.256+0000] {processor.py:830} INFO - Processing file /opt/airflow/dags/forecast_logging_dag.py for tasks to queue
[2026-08-26T19:23:17.259+0000] {logging_mixin.py:188} INFO - [2026-08-26T19:23:17.258+0000] {dagbag.py:545} INFO - Filling up the DagBag from /opt/airflow/dags/forecast_logging_dag.py
[2026-08-26T19:23:26.461+0000] {processor.py:840} INFO - DAG(s) 'forecast_logging' retrieved from /opt/airflow/dags/forecast_logging_dag.py
[2026-08-26T19:23:26.522+0000] {logging_mixin.py:188} INFO - [2026-08-26T19:23:26.521+0000] {dag.py:3089} INFO - Sync 1 DAGs
[2026-08-26T19:23:26.569+0000] {logging_mixin.py:188} INFO - [2026-08-26T19:23:26.569+0000] {dag.py:3947} INFO - Setting next_dagrun for forecast_logging to 2026-08-26 00:00:00+00:00, run_after=2026-08-27 00:00:00+00:00
[2026-08-26T19:23:26.612+0000] {processor.py:183} INFO - Processing /opt/airflow/dags/forecast_logging_dag.py took 11.658 seconds
[2026-08-26T19:23:57.594+0000] {processor.py:161} INFO - Started process (PID=1849) to work on /opt/airflow/dags/forecast_logging_dag.py
[2026-08-26T19:23:57.598+0000] {processor.py:830} INFO - Processing file /opt/airflow/dags/forecast_logging_dag.py for tasks to queue
[2026-08-26T19:23:57.600+0000] {logging_mixin.py:188} INFO - [2026-08-26T19:23:57.599+0000] {dagbag.py:545} INFO - Filling up the DagBag from /opt/airflow/dags/forecast_logging_dag.py
[2026-08-26T19:24:08.195+0000] {processor.py:840} INFO - DAG(s) 'forecast_logging' retrieved from /opt/airflow/dags/forecast_logging_dag.py
[2026-08-26T19:24:08.271+0000] {logging_mixin.py:188} INFO - [2026-08-26T19:24:08.270+0000] {dag.py:3089} INFO - Sync 1 DAGs
[2026-08-26T19:24:08.333+0000] {logging_mixin.py:188} INFO - [2026-08-26T19:24:08.332+0000] {dag.py:3947} INFO - Setting next_dagrun for forecast_logging to 2026-08-26 00:00:00+00:00, run_after=2026-08-27 00:00:00+00:00
[2026-08-26T19:24:08.382+0000] {processor.py:183} INFO - Processing /opt/airflow/dags/forecast_logging_dag.py took 10.810 seconds
[2026-08-26T19:24:39.071+0000] {processor.py:161} INFO - Started process (PID=1906) to work on /opt/airflow/dags/forecast_logging_dag.py
[2026-08-26T19:24:39.074+0000] {processor.py:830} INFO - Processing file /opt/airflow/dags/forecast_logging_dag.py for tasks to queue
[2026-08-26T19:24:39.077+0000] {logging_mixin.py:188} INFO - [2026-08-26T19:24:39.076+0000] {dagbag.py:545} INFO - Filling up the DagBag from /opt/airflow/dags/forecast_logging_dag.py
[2026-08-26T19:24:50.344+0000] {processor.py:840} INFO - DAG(s) 'forecast_logging' retrieved from /opt/airflow/dags/forecast_logging_dag.py
[2026-08-26T19:24:50.394+0000] {logging_mixin.py:188} INFO - [2026-08-26T19:24:50.393+0000] {dag.py:3089} INFO - Sync 1 DAGs
[2026-08-26T19:24:50.444+0000] {logging_mixin.py:188} INFO - [2026-08-26T19:24:50.444+0000] {dag.py:3947} INFO - Setting next_dagrun for forecast_logging to 2026-08-26 00:00:00+00:00, run_after=2026-08-27 00:00:00+00:00
[2026-08-26T19:24:50.486+0000] {processor.py:183} INFO - Processing /opt/airflow/dags/forecast_logging_dag.py took 13.762 seconds
[2026-08-26T19:25:21.187+0000] {processor.py:161} INFO - Started process (PID=1969) to work on /opt/airflow/dags/forecast_logging_dag.py
[2026-08-26T19:25:21.194+0000] {processor.py:830} INFO - Processing file /opt/airflow/dags/forecast_logging_dag.py for tasks to queue
[2026-08-26T19:25:21.200+0000] {logging_mixin.py:188} INFO - [2026-08-26T19:25:21.197+0000] {dagbag.py:545} INFO - Filling up the DagBag from /opt/airflow/dags/forecast_logging_dag.py
[2026-08-26T19:25:35.750+0000] {processor.py:840} INFO - DAG(s) 'forecast_logging' retrieved from /opt/airflow/dags/forecast_logging_dag.py
[2026-08-26T19:25:35.799+0000] {logging_mixin.py:188} INFO - [2026-08-26T19:25:35.798+0000] {dag.py:3089} INFO - Sync 1 DAGs
[2026-08-26T19:25:35.837+0000] {logging_mixin.py:188} INFO - [2026-08-26T19:25:35.837+0000] {dag.py:3947} INFO - Setting next_dagrun for forecast_logging to 2026-08-26 00:00:00+00:00, run_after=2026-08-27 00:00:00+00:00
[2026-08-26T19:25:35.875+0000] {processor.py:183} INFO - Processing /opt/airflow/dags/forecast_logging_dag.py took 14.822 seconds
[2026-08-26T19:26:06.401+0000] {processor.py:161} INFO - Started process (PID=2000) to work on /opt/airflow/dags/forecast_logging_dag.py
[2026-08-26T19:26:06.405+0000] {processor.py:830} INFO - Processing file /opt/airflow/dags/forecast_logging_dag.py for tasks to queue
[2026-08-26T19:26:06.409+0000] {logging_mixin.py:188} INFO - [2026-08-26T19:26:06.407+0000] {dagbag.py:545} INFO - Filling up the DagBag from /opt/airflow/dags/forecast_logging_dag.py
[2026-08-26T19:26:14.007+0000] {processor.py:840} INFO - DAG(s) 'forecast_logging' retrieved from /opt/airflow/dags/forecast_logging_dag.py
[2026-08-26T19:26:14.068+0000] {logging_mixin.py:188} INFO - [2026-08-26T19:26:14.067+0000] {dag.py:3089} INFO - Sync 1 DAGs
[2026-08-26T19:26:14.121+0000] {logging_mixin.py:188} INFO - [2026-08-26T19:26:14.120+0000] {dag.py:3947} INFO - Setting next_dagrun for forecast_logging to 2026-08-26 00:00:00+00:00, run_after=2026-08-27 00:00:00+00:00
[2026-08-26T19:26:14.165+0000] {processor.py:183} INFO - Processing /opt/airflow/dags/forecast_logging_dag.py took 10.119 seconds
[2026-08-26T19:26:45.002+0000] {processor.py:161} INFO - Started process (PID=2031) to work on /opt/airflow/dags/forecast_logging_dag.py
[2026-08-26T19:26:45.006+0000] {processor.py:830} INFO - Processing file /opt/airflow/dags/forecast_logging_dag.py for tasks to queue
[2026-08-26T19:26:45.009+0000] {logging_mixin.py:188} INFO - [2026-08-26T19:26:45.008+0000] {dagbag.py:545} INFO - Filling up the DagBag from /opt/airflow/dags/forecast_logging_dag.py
[2026-08-26T19:26:55.913+0000] {processor.py:840} INFO - DAG(s) 'forecast_logging' retrieved from /opt/airflow/dags/forecast_logging_dag.py
[2026-08-26T19:26:55.965+0000] {logging_mixin.py:188} INFO - [2026-08-26T19:26:55.964+0000] {dag.py:3089} INFO - Sync 1 DAGs
[2026-08-26T19:26:56.010+0000] {logging_mixin.py:188} INFO - [2026-08-26T19:26:56.010+0000] {dag.py:3947} INFO - Setting next_dagrun for forecast_logging to 2026-08-26 00:00:00+00:00, run_after=2026-08-27 00:00:00+00:00
[2026-08-26T19:26:56.054+0000] {processor.py:183} INFO - Processing /opt/airflow/dags/forecast_logging_dag.py took 11.077 seconds
[2026-08-26T19:27:26.659+0000] {processor.py:161} INFO - Started process (PID=2071) to work on /opt/airflow/dags/forecast_logging_dag.py
[2026-08-26T19:27:26.662+0000] {processor.py:830} INFO - Processing file /opt/airflow/dags/forecast_logging_dag.py for tasks to queue
[2026-08-26T19:27:26.665+0000] {logging_mixin.py:188} INFO - [2026-08-26T19:27:26.664+0000] {dagbag.py:545} INFO - Filling up the DagBag from /opt/airflow/dags/forecast_logging_dag.py
[2026-08-26T19:27:35.427+0000] {processor.py:840} INFO - DAG(s) 'forecast_logging' retrieved from /opt/airflow/dags/forecast_logging_dag.py
[2026-08-26T19:27:35.477+0000] {logging_mixin.py:188} INFO - [2026-08-26T19:27:35.476+0000] {dag.py:3089} INFO - Sync 1 DAGs
[2026-08-26T19:27:35.522+0000] {logging_mixin.py:188} INFO - [2026-08-26T19:27:35.521+0000] {dag.py:3947} INFO - Setting next_dagrun for forecast_logging to 2026-08-26 00:00:00+00:00, run_after=2026-08-27 00:00:00+00:00
[2026-08-26T19:27:35.581+0000] {processor.py:183} INFO - Processing /opt/airflow/dags/forecast_logging_dag.py took 11.281 seconds
[2026-08-26T19:28:06.228+0000] {processor.py:161} INFO - Started process (PID=2105) to work on /opt/airflow/dags/forecast_logging_dag.py
[2026-08-26T19:28:06.236+0000] {processor.py:830} INFO - Processing file /opt/airflow/dags/forecast_logging_dag.py for tasks to queue
[2026-08-26T19:28:06.239+0000] {logging_mixin.py:188} INFO - [2026-08-26T19:28:06.238+0000] {dagbag.py:545} INFO - Filling up the DagBag from /opt/airflow/dags/forecast_logging_dag.py
[2026-08-26T19:28:18.981+0000] {processor.py:840} INFO - DAG(s) 'forecast_logging' retrieved from /opt/airflow/dags/forecast_logging_dag.py
[2026-08-26T19:28:19.071+0000] {logging_mixin.py:188} INFO - [2026-08-26T19:28:19.071+0000] {dag.py:3089} INFO - Sync 1 DAGs
[2026-08-26T19:28:19.146+0000] {logging_mixin.py:188} INFO - [2026-08-26T19:28:19.145+0000] {dag.py:3947} INFO - Setting next_dagrun for forecast_logging to 2026-08-26 00:00:00+00:00, run_after=2026-08-27 00:00:00+00:00
[2026-08-26T19:28:19.277+0000] {processor.py:183} INFO - Processing /opt/airflow/dags/forecast_logging_dag.py took 13.074 seconds
[2026-08-26T19:28:49.866+0000] {processor.py:161} INFO - Started process (PID=2151) to work on /opt/airflow/dags/forecast_logging_dag.py
[2026-08-26T19:28:49.919+0000] {processor.py:830} INFO - Processing file /opt/airflow/dags/forecast_logging_dag.py for tasks to queue
[2026-08-26T19:28:49.922+0000] {logging_mixin.py:188} INFO - [2026-08-26T19:28:49.921+0000] {dagbag.py:545} INFO - Filling up the DagBag from /opt/airflow/dags/forecast_logging_dag.py
[2026-08-26T19:29:01.947+0000] {processor.py:840} INFO - DAG(s) 'forecast_logging' retrieved from /opt/airflow/dags/forecast_logging_dag.py
[2026-08-26T19:29:02.127+0000] {logging_mixin.py:188} INFO - [2026-08-26T19:29:02.125+0000] {dag.py:3089} INFO - Sync 1 DAGs
[2026-08-26T19:29:02.218+0000] {logging_mixin.py:188} INFO - [2026-08-26T19:29:02.217+0000] {dag.py:3947} INFO - Setting next_dagrun for forecast_logging to 2026-08-26 00:00:00+00:00, run_after=2026-08-27 00:00:00+00:00
[2026-08-26T19:29:02.395+0000] {processor.py:183} INFO - Processing /opt/airflow/dags/forecast_logging_dag.py took 15.182 seconds
[2026-08-26T19:29:33.588+0000] {processor.py:161} INFO - Started process (PID=2183) to work on /opt/airflow/dags/forecast_logging_dag.py
[2026-08-26T19:29:33.591+0000] {processor.py:830} INFO - Processing file /opt/airflow/dags/forecast_logging_dag.py for tasks to queue
[2026-08-26T19:29:33.594+0000] {logging_mixin.py:188} INFO - [2026-08-26T19:29:33.593+0000] {dagbag.py:545} INFO - Filling up the DagBag from /opt/airflow/dags/forecast_logging_dag.py
[2026-08-26T19:30:01.353+0000] {logging_mixin.py:188} INFO - [2026-08-26T19:30:01.342+0000] {timeout.py:68} ERROR - Process timed out, PID: 2183
[2026-08-26T19:30:34.890+0000] {processor.py:161} INFO - Started process (PID=2267) to work on /opt/airflow/dags/forecast_logging_dag.py
[2026-08-26T19:30:34.922+0000] {processor.py:830} INFO - Processing file /opt/airflow/dags/forecast_logging_dag.py for tasks to queue
[2026-08-26T19:30:34.926+0000] {logging_mixin.py:188} INFO - [2026-08-26T19:30:34.925+0000] {dagbag.py:545} INFO - Filling up the DagBag from /opt/airflow/dags/forecast_logging_dag.py
[2026-08-26T19:31:55.687+0000] {processor.py:161} INFO - Started process (PID=2328) to work on /opt/airflow/dags/forecast_logging_dag.py
[2026-08-26T19:31:55.928+0000] {processor.py:830} INFO - Processing file /opt/airflow/dags/forecast_logging_dag.py for tasks to queue
[2026-08-26T19:31:55.932+0000] {logging_mixin.py:188} INFO - [2026-08-26T19:31:55.931+0000] {dagbag.py:545} INFO - Filling up the DagBag from /opt/airflow/dags/forecast_logging_dag.py
[2026-08-26T19:33:17.533+0000] {processor.py:161} INFO - Started process (PID=3182) to work on /opt/airflow/dags/forecast_logging_dag.py
[2026-08-26T19:33:17.536+0000] {processor.py:830} INFO - Processing file /opt/airflow/dags/forecast_logging_dag.py for tasks to queue
[2026-08-26T19:33:17.540+0000] {logging_mixin.py:188} INFO - [2026-08-26T19:33:17.539+0000] {dagbag.py:545} INFO - Filling up the DagBag from /opt/airflow/dags/forecast_logging_dag.py
[2026-08-26T19:33:45.281+0000] {logging_mixin.py:188} INFO - [2026-08-26T19:33:45.279+0000] {timeout.py:68} ERROR - Process timed out, PID: 3182
[2026-08-26T19:34:16.406+0000] {processor.py:161} INFO - Started process (PID=3279) to work on /opt/airflow/dags/forecast_logging_dag.py
[2026-08-26T19:34:16.410+0000] {processor.py:830} INFO - Processing file /opt/airflow/dags/forecast_logging_dag.py for tasks to queue
[2026-08-26T19:34:16.413+0000] {logging_mixin.py:188} INFO - [2026-08-26T19:34:16.412+0000] {dagbag.py:545} INFO - Filling up the DagBag from /opt/airflow/dags/forecast_logging_dag.py
[2026-08-26T19:34:35.462+0000] {processor.py:840} INFO - DAG(s) 'forecast_logging' retrieved from /opt/airflow/dags/forecast_logging_dag.py
[2026-08-26T19:34:36.420+0000] {logging_mixin.py:188} INFO - [2026-08-26T19:34:36.419+0000] {dag.py:3089} INFO - Sync 1 DAGs
[2026-08-26T19:34:36.458+0000] {logging_mixin.py:188} INFO - [2026-08-26T19:34:36.458+0000] {dag.py:3947} INFO - Setting next_dagrun for forecast_logging to 2026-08-26 00:00:00+00:00, run_after=2026-08-27 00:00:00+00:00
[2026-08-26T19:34:36.513+0000] {processor.py:183} INFO - Processing /opt/airflow/dags/forecast_logging_dag.py took 22.446 seconds
[2026-08-26T19:35:07.768+0000] {processor.py:161} INFO - Started process (PID=3320) to work on /opt/airflow/dags/forecast_logging_dag.py
[2026-08-26T19:35:07.771+0000] {processor.py:830} INFO - Processing file /opt/airflow/dags/forecast_logging_dag.py for tasks to queue
[2026-08-26T19:35:07.773+0000] {logging_mixin.py:188} INFO - [2026-08-26T19:35:07.773+0000] {dagbag.py:545} INFO - Filling up the DagBag from /opt/airflow/dags/forecast_logging_dag.py
[2026-08-26T19:35:17.665+0000] {processor.py:840} INFO - DAG(s) 'forecast_logging' retrieved from /opt/airflow/dags/forecast_logging_dag.py
[2026-08-26T19:35:17.716+0000] {logging_mixin.py:188} INFO - [2026-08-26T19:35:17.715+0000] {dag.py:3089} INFO - Sync 1 DAGs
[2026-08-26T19:35:17.754+0000] {logging_mixin.py:188} INFO - [2026-08-26T19:35:17.753+0000] {dag.py:3947} INFO - Setting next_dagrun for forecast_logging to 2026-08-26 00:00:00+00:00, run_after=2026-08-27 00:00:00+00:00
[2026-08-26T19:35:17.800+0000] {processor.py:183} INFO - Processing /opt/airflow/dags/forecast_logging_dag.py took 11.214 seconds
[2026-08-26T19:35:48.893+0000] {processor.py:161} INFO - Started process (PID=3353) to work on /opt/airflow/dags/forecast_logging_dag.py
[2026-08-26T19:35:48.896+0000] {processor.py:830} INFO - Processing file /opt/airflow/dags/forecast_logging_dag.py for tasks to queue
[2026-08-26T19:35:48.899+0000] {logging_mixin.py:188} INFO - [2026-08-26T19:35:48.898+0000] {dagbag.py:545} INFO - Filling up the DagBag from /opt/airflow/dags/forecast_logging_dag.py
[2026-08-26T19:35:58.581+0000] {processor.py:840} INFO - DAG(s) 'forecast_logging' retrieved from /opt/airflow/dags/forecast_logging_dag.py
[2026-08-26T19:35:58.636+0000] {logging_mixin.py:188} INFO - [2026-08-26T19:35:58.635+0000] {dag.py:3089} INFO - Sync 1 DAGs
[2026-08-26T19:35:58.697+0000] {logging_mixin.py:188} INFO - [2026-08-26T19:35:58.696+0000] {dag.py:3947} INFO - Setting next_dagrun for forecast_logging to 2026-08-26 00:00:00+00:00, run_after=2026-08-27 00:00:00+00:00
[2026-08-26T19:35:58.733+0000] {processor.py:183} INFO - Processing /opt/airflow/dags/forecast_logging_dag.py took 9.862 seconds
[2026-08-26T19:36:29.326+0000] {processor.py:161} INFO - Started process (PID=3384) to work on /opt/airflow/dags/forecast_logging_dag.py
[2026-08-26T19:36:29.329+0000] {processor.py:830} INFO - Processing file /opt/airflow/dags/forecast_logging_dag.py for tasks to queue
[2026-08-26T19:36:29.334+0000] {logging_mixin.py:188} INFO - [2026-08-26T19:36:29.333+0000] {dagbag.py:545} INFO - Filling up the DagBag from /opt/airflow/dags/forecast_logging_dag.py
[2026-08-26T19:36:39.006+0000] {processor.py:840} INFO - DAG(s) 'forecast_logging' retrieved from /opt/airflow/dags/forecast_logging_dag.py
[2026-08-26T19:36:39.055+0000] {logging_mixin.py:188} INFO - [2026-08-26T19:36:39.055+0000] {dag.py:3089} INFO - Sync 1 DAGs
[2026-08-26T19:36:39.099+0000] {logging_mixin.py:188} INFO - [2026-08-26T19:36:39.099+0000] {dag.py:3947} INFO - Setting next_dagrun for forecast_logging to 2026-08-26 00:00:00+00:00, run_after=2026-08-27 00:00:00+00:00
[2026-08-26T19:36:39.137+0000] {processor.py:183} INFO - Processing /opt/airflow/dags/forecast_logging_dag.py took 9.844 seconds
[2026-08-26T19:37:10.248+0000] {processor.py:161} INFO - Started process (PID=3421) to work on /opt/airflow/dags/forecast_logging_dag.py
[2026-08-26T19:37:10.251+0000] {processor.py:830} INFO - Processing file /opt/airflow/dags/forecast_logging_dag.py for tasks to queue
[2026-08-26T19:37:10.254+0000] {logging_mixin.py:188} INFO - [2026-08-26T19:37:10.253+0000] {dagbag.py:545} INFO - Filling up the DagBag from /opt/airflow/dags/forecast_logging_dag.py
[2026-08-26T19:37:19.223+0000] {processor.py:840} INFO - DAG(s) 'forecast_logging' retrieved from /opt/airflow/dags/forecast_logging_dag.py
[2026-08-26T19:37:19.277+0000] {logging_mixin.py:188} INFO - [2026-08-26T19:37:19.276+0000] {dag.py:3089} INFO - Sync 1 DAGs
[2026-08-26T19:37:19.314+0000] {logging_mixin.py:188} INFO - [2026-08-26T19:37:19.314+0000] {dag.py:3947} INFO - Setting next_dagrun for forecast_logging to 2026-08-26 00:00:00+00:00, run_after=2026-08-27 00:00:00+00:00
[2026-08-26T19:37:19.352+0000] {processor.py:183} INFO - Processing /opt/airflow/dags/forecast_logging_dag.py took 9.125 seconds
[2026-08-26T19:37:50.226+0000] {processor.py:161} INFO - Started process (PID=3456) to work on /opt/airflow/dags/forecast_logging_dag.py
[2026-08-26T19:37:50.233+0000] {processor.py:830} INFO - Processing file /opt/airflow/dags/forecast_logging_dag.py for tasks to queue
[2026-08-26T19:37:50.236+0000] {logging_mixin.py:188} INFO - [2026-08-26T19:37:50.235+0000] {dagbag.py:545} INFO - Filling up the DagBag from /opt/airflow/dags/forecast_logging_dag.py
[2026-08-26T19:37:56.873+0000] {processor.py:840} INFO - DAG(s) 'forecast_logging' retrieved from /opt/airflow/dags/forecast_logging_dag.py
[2026-08-26T19:37:56.925+0000] {logging_mixin.py:188} INFO - [2026-08-26T19:37:56.924+0000] {dag.py:3089} INFO - Sync 1 DAGs
[2026-08-26T19:37:56.969+0000] {logging_mixin.py:188} INFO - [2026-08-26T19:37:56.969+0000] {dag.py:3947} INFO - Setting next_dagrun for forecast_logging to 2026-08-26 00:00:00+00:00, run_after=2026-08-27 00:00:00+00:00
[2026-08-26T19:37:57.009+0000] {processor.py:183} INFO - Processing /opt/airflow/dags/forecast_logging_dag.py took 9.140 seconds
[2026-08-26T19:38:27.788+0000] {processor.py:161} INFO - Started process (PID=3489) to work on /opt/airflow/dags/forecast_logging_dag.py
[2026-08-26T19:38:27.791+0000] {processor.py:830} INFO - Processing file /opt/airflow/dags/forecast_logging_dag.py for tasks to queue
[2026-08-26T19:38:27.794+0000] {logging_mixin.py:188} INFO - [2026-08-26T19:38:27.793+0000] {dagbag.py:545} INFO - Filling up the DagBag from /opt/airflow/dags/forecast_logging_dag.py
[2026-08-26T19:38:36.758+0000] {processor.py:840} INFO - DAG(s) 'forecast_logging' retrieved from /opt/airflow/dags/forecast_logging_dag.py
[2026-08-26T19:38:36.814+0000] {logging_mixin.py:188} INFO - [2026-08-26T19:38:36.812+0000] {dag.py:3089} INFO - Sync 1 DAGs
[2026-08-26T19:38:36.862+0000] {logging_mixin.py:188} INFO - [2026-08-26T19:38:36.862+0000] {dag.py:3947} INFO - Setting next_dagrun for forecast_logging to 2026-08-26 00:00:00+00:00, run_after=2026-08-27 00:00:00+00:00
[2026-08-26T19:38:36.904+0000] {processor.py:183} INFO - Processing /opt/airflow/dags/forecast_logging_dag.py took 9.138 seconds
[2026-08-26T19:39:07.774+0000] {processor.py:161} INFO - Started process (PID=3520) to work on /opt/airflow/dags/forecast_logging_dag.py
[2026-08-26T19:39:07.777+0000] {processor.py:830} INFO - Processing file /opt/airflow/dags/forecast_logging_dag.py for tasks to queue
[2026-08-26T19:39:07.780+0000] {logging_mixin.py:188} INFO - [2026-08-26T19:39:07.779+0000] {dagbag.py:545} INFO - Filling up the DagBag from /opt/airflow/dags/forecast_logging_dag.py
[2026-08-26T19:39:14.709+0000] {processor.py:840} INFO - DAG(s) 'forecast_logging' retrieved from /opt/airflow/dags/forecast_logging_dag.py
[2026-08-26T19:39:14.765+0000] {logging_mixin.py:188} INFO - [2026-08-26T19:39:14.764+0000] {dag.py:3089} INFO - Sync 1 DAGs
[2026-08-26T19:39:14.807+0000] {logging_mixin.py:188} INFO - [2026-08-26T19:39:14.807+0000] {dag.py:3947} INFO - Setting next_dagrun for forecast_logging to 2026-08-26 00:00:00+00:00, run_after=2026-08-27 00:00:00+00:00
[2026-08-26T19:39:14.845+0000] {processor.py:183} INFO - Processing /opt/airflow/dags/forecast_logging_dag.py took 9.387 seconds
[2026-08-26T19:39:45.478+0000] {processor.py:161} INFO - Started process (PID=3551) to work on /opt/airflow/dags/forecast_logging_dag.py
[2026-08-26T19:39:45.481+0000] {processor.py:830} INFO - Processing file /opt/airflow/dags/forecast_logging_dag.py for tasks to queue
[2026-08-26T19:39:45.483+0000] {logging_mixin.py:188} INFO - [2026-08-26T19:39:45.482+0000] {dagbag.py:545} INFO - Filling up the DagBag from /opt/airflow/dags/forecast_logging_dag.py
[2026-08-26T19:39:54.949+0000] {processor.py:840} INFO - DAG(s) 'forecast_logging' retrieved from /opt/airflow/dags/forecast_logging_dag.py
[2026-08-26T19:39:55.019+0000] {logging_mixin.py:188} INFO - [2026-08-26T19:39:55.018+0000] {dag.py:3089} INFO - Sync 1 DAGs
[2026-08-26T19:39:55.078+0000] {logging_mixin.py:188} INFO - [2026-08-26T19:39:55.077+0000] {dag.py:3947} INFO - Setting next_dagrun for forecast_logging to 2026-08-26 00:00:00+00:00, run_after=2026-08-27 00:00:00+00:00
[2026-08-26T19:39:55.119+0000] {processor.py:183} INFO - Processing /opt/airflow/dags/forecast_logging_dag.py took 9.660 seconds
[2026-08-26T19:40:26.417+0000] {processor.py:161} INFO - Started process (PID=3588) to work on /opt/airflow/dags/forecast_logging_dag.py
[2026-08-26T19:40:26.421+0000] {processor.py:830} INFO - Processing file /opt/airflow/dags/forecast_logging_dag.py for tasks to queue
[2026-08-26T19:40:26.425+0000] {logging_mixin.py:188} INFO - [2026-08-26T19:40:26.423+0000] {dagbag.py:545} INFO - Filling up the DagBag from /opt/airflow/dags/forecast_logging_dag.py
[2026-08-26T19:40:35.606+0000] {processor.py:840} INFO - DAG(s) 'forecast_logging' retrieved from /opt/airflow/dags/forecast_logging_dag.py
[2026-08-26T19:40:35.655+0000] {logging_mixin.py:188} INFO - [2026-08-26T19:40:35.654+0000] {dag.py:3089} INFO - Sync 1 DAGs
[2026-08-26T19:40:35.692+0000] {logging_mixin.py:188} INFO - [2026-08-26T19:40:35.692+0000] {dag.py:3947} INFO - Setting next_dagrun for forecast_logging to 2026-08-26 00:00:00+00:00, run_after=2026-08-27 00:00:00+00:00
[2026-08-26T19:40:35.729+0000] {processor.py:183} INFO - Processing /opt/airflow/dags/forecast_logging_dag.py took 9.343 seconds
[2026-08-26T19:41:06.466+0000] {processor.py:161} INFO - Started process (PID=3625) to work on /opt/airflow/dags/forecast_logging_dag.py
[2026-08-26T19:41:06.469+0000] {processor.py:830} INFO - Processing file /opt/airflow/dags/forecast_logging_dag.py for tasks to queue
[2026-08-26T19:41:06.472+0000] {logging_mixin.py:188} INFO - [2026-08-26T19:41:06.471+0000] {dagbag.py:545} INFO - Filling up the DagBag from /opt/airflow/dags/forecast_logging_dag.py
[2026-08-26T19:41:15.149+0000] {processor.py:840} INFO - DAG(s) 'forecast_logging' retrieved from /opt/airflow/dags/forecast_logging_dag.py
[2026-08-26T19:41:15.197+0000] {logging_mixin.py:188} INFO - [2026-08-26T19:41:15.197+0000] {dag.py:3089} INFO - Sync 1 DAGs
[2026-08-26T19:41:15.239+0000] {logging_mixin.py:188} INFO - [2026-08-26T19:41:15.238+0000] {dag.py:3947} INFO - Setting next_dagrun for forecast_logging to 2026-08-26 00:00:00+00:00, run_after=2026-08-27 00:00:00+00:00
[2026-08-26T19:41:15.277+0000] {processor.py:183} INFO - Processing /opt/airflow/dags/forecast_logging_dag.py took 8.830 seconds
[2026-08-26T19:41:46.116+0000] {processor.py:161} INFO - Started process (PID=3656) to work on /opt/airflow/dags/forecast_logging_dag.py
[2026-08-26T19:41:46.118+0000] {processor.py:830} INFO - Processing file /opt/airflow/dags/forecast_logging_dag.py for tasks to queue
[2026-08-26T19:41:46.122+0000] {logging_mixin.py:188} INFO - [2026-08-26T19:41:46.120+0000] {dagbag.py:545} INFO - Filling up the DagBag from /opt/airflow/dags/forecast_logging_dag.py
[2026-08-26T19:41:55.526+0000] {processor.py:840} INFO - DAG(s) 'forecast_logging' retrieved from /opt/airflow/dags/forecast_logging_dag.py
[2026-08-26T19:41:55.579+0000] {logging_mixin.py:188} INFO - [2026-08-26T19:41:55.578+0000] {dag.py:3089} INFO - Sync 1 DAGs
[2026-08-26T19:41:55.626+0000] {logging_mixin.py:188} INFO - [2026-08-26T19:41:55.625+0000] {dag.py:3947} INFO - Setting next_dagrun for forecast_logging to 2026-08-26 00:00:00+00:00, run_after=2026-08-27 00:00:00+00:00
[2026-08-26T19:41:55.666+0000] {processor.py:183} INFO - Processing /opt/airflow/dags/forecast_logging_dag.py took 9.574 seconds
[2026-08-26T19:42:26.563+0000] {processor.py:161} INFO - Started process (PID=3687) to work on /opt/airflow/dags/forecast_logging_dag.py
[2026-08-26T19:42:26.566+0000] {processor.py:830} INFO - Processing file /opt/airflow/dags/forecast_logging_dag.py for tasks to queue
[2026-08-26T19:42:26.569+0000] {logging_mixin.py:188} INFO - [2026-08-26T19:42:26.568+0000] {dagbag.py:545} INFO - Filling up the DagBag from /opt/airflow/dags/forecast_logging_dag.py
[2026-08-26T19:42:33.787+0000] {processor.py:840} INFO - DAG(s) 'forecast_logging' retrieved from /opt/airflow/dags/forecast_logging_dag.py
[2026-08-26T19:42:33.835+0000] {logging_mixin.py:188} INFO - [2026-08-26T19:42:33.834+0000] {dag.py:3089} INFO - Sync 1 DAGs
[2026-08-26T19:42:33.899+0000] {logging_mixin.py:188} INFO - [2026-08-26T19:42:33.898+0000] {dag.py:3947} INFO - Setting next_dagrun for forecast_logging to 2026-08-26 00:00:00+00:00, run_after=2026-08-27 00:00:00+00:00
[2026-08-26T19:42:33.938+0000] {processor.py:183} INFO - Processing /opt/airflow/dags/forecast_logging_dag.py took 9.750 seconds
[2026-08-26T19:43:05.082+0000] {processor.py:161} INFO - Started process (PID=3724) to work on /opt/airflow/dags/forecast_logging_dag.py
[2026-08-26T19:43:05.084+0000] {processor.py:830} INFO - Processing file /opt/airflow/dags/forecast_logging_dag.py for tasks to queue
[2026-08-26T19:43:05.087+0000] {logging_mixin.py:188} INFO - [2026-08-26T19:43:05.086+0000] {dagbag.py:545} INFO - Filling up the DagBag from /opt/airflow/dags/forecast_logging_dag.py
[2026-08-26T19:43:14.143+0000] {processor.py:840} INFO - DAG(s) 'forecast_logging' retrieved from /opt/airflow/dags/forecast_logging_dag.py
[2026-08-26T19:43:14.194+0000] {logging_mixin.py:188} INFO - [2026-08-26T19:43:14.193+0000] {dag.py:3089} INFO - Sync 1 DAGs
[2026-08-26T19:43:14.251+0000] {logging_mixin.py:188} INFO - [2026-08-26T19:43:14.250+0000] {dag.py:3947} INFO - Setting next_dagrun for forecast_logging to 2026-08-26 00:00:00+00:00, run_after=2026-08-27 00:00:00+00:00
[2026-08-26T19:43:14.297+0000] {processor.py:183} INFO - Processing /opt/airflow/dags/forecast_logging_dag.py took 9.234 seconds
[2026-08-26T19:43:44.835+0000] {processor.py:161} INFO - Started process (PID=3755) to work on /opt/airflow/dags/forecast_logging_dag.py
[2026-08-26T19:43:44.838+0000] {processor.py:830} INFO - Processing file /opt/airflow/dags/forecast_logging_dag.py for tasks to queue
[2026-08-26T19:43:44.840+0000] {logging_mixin.py:188} INFO - [2026-08-26T19:43:44.840+0000] {dagbag.py:545} INFO - Filling up the DagBag from /opt/airflow/dags/forecast_logging_dag.py
[2026-08-26T19:43:51.868+0000] {processor.py:840} INFO - DAG(s) 'forecast_logging' retrieved from /opt/airflow/dags/forecast_logging_dag.py
[2026-08-26T19:43:51.929+0000] {logging_mixin.py:188} INFO - [2026-08-26T19:43:51.927+0000] {dag.py:3089} INFO - Sync 1 DAGs
[2026-08-26T19:43:51.981+0000] {logging_mixin.py:188} INFO - [2026-08-26T19:43:51.980+0000] {dag.py:3947} INFO - Setting next_dagrun for forecast_logging to 2026-08-26 00:00:00+00:00, run_after=2026-08-27 00:00:00+00:00
[2026-08-26T19:43:52.028+0000] {processor.py:183} INFO - Processing /opt/airflow/dags/forecast_logging_dag.py took 9.492 seconds
[2026-08-26T19:44:22.753+0000] {processor.py:161} INFO - Started process (PID=3792) to work on /opt/airflow/dags/forecast_logging_dag.py
[2026-08-26T19:44:22.755+0000] {processor.py:830} INFO - Processing file /opt/airflow/dags/forecast_logging_dag.py for tasks to queue
[2026-08-26T19:44:22.758+0000] {logging_mixin.py:188} INFO - [2026-08-26T19:44:22.757+0000] {dagbag.py:545} INFO - Filling up the DagBag from /opt/airflow/dags/forecast_logging_dag.py
[2026-08-26T19:44:31.291+0000] {processor.py:840} INFO - DAG(s) 'forecast_logging' retrieved from /opt/airflow/dags/forecast_logging_dag.py
[2026-08-26T19:44:31.345+0000] {logging_mixin.py:188} INFO - [2026-08-26T19:44:31.344+0000] {dag.py:3089} INFO - Sync 1 DAGs
[2026-08-26T19:44:31.396+0000] {logging_mixin.py:188} INFO - [2026-08-26T19:44:31.395+0000] {dag.py:3947} INFO - Setting next_dagrun for forecast_logging to 2026-08-26 00:00:00+00:00, run_after=2026-08-27 00:00:00+00:00
[2026-08-26T19:44:31.438+0000] {processor.py:183} INFO - Processing /opt/airflow/dags/forecast_logging_dag.py took 8.708 seconds
[2026-08-26T19:45:01.873+0000] {processor.py:161} INFO - Started process (PID=3823) to work on /opt/airflow/dags/forecast_logging_dag.py
[2026-08-26T19:45:01.876+0000] {processor.py:830} INFO - Processing file /opt/airflow/dags/forecast_logging_dag.py for tasks to queue
[2026-08-26T19:45:01.879+0000] {logging_mixin.py:188} INFO - [2026-08-26T19:45:01.878+0000] {dagbag.py:545} INFO - Filling up the DagBag from /opt/airflow/dags/forecast_logging_dag.py
[2026-08-26T19:45:12.300+0000] {processor.py:840} INFO - DAG(s) 'forecast_logging' retrieved from /opt/airflow/dags/forecast_logging_dag.py
[2026-08-26T19:45:12.352+0000] {logging_mixin.py:188} INFO - [2026-08-26T19:45:12.351+0000] {dag.py:3089} INFO - Sync 1 DAGs
[2026-08-26T19:45:12.398+0000] {logging_mixin.py:188} INFO - [2026-08-26T19:45:12.398+0000] {dag.py:3947} INFO - Setting next_dagrun for forecast_logging to 2026-08-26 00:00:00+00:00, run_after=2026-08-27 00:00:00+00:00
[2026-08-26T19:45:13.462+0000] {processor.py:183} INFO - Processing /opt/airflow/dags/forecast_logging_dag.py took 11.613 seconds
[2026-08-26T19:45:44.317+0000] {processor.py:161} INFO - Started process (PID=3854) to work on /opt/airflow/dags/forecast_logging_dag.py
[2026-08-26T19:45:44.321+0000] {processor.py:830} INFO - Processing file /opt/airflow/dags/forecast_logging_dag.py for tasks to queue
[2026-08-26T19:45:44.324+0000] {logging_mixin.py:188} INFO - [2026-08-26T19:45:44.323+0000] {dagbag.py:545} INFO - Filling up the DagBag from /opt/airflow/dags/forecast_logging_dag.py
[2026-08-26T19:45:53.897+0000] {processor.py:840} INFO - DAG(s) 'forecast_logging' retrieved from /opt/airflow/dags/forecast_logging_dag.py
[2026-08-26T19:45:53.945+0000] {logging_mixin.py:188} INFO - [2026-08-26T19:45:53.945+0000] {dag.py:3089} INFO - Sync 1 DAGs
[2026-08-26T19:45:53.984+0000] {logging_mixin.py:188} INFO - [2026-08-26T19:45:53.984+0000] {dag.py:3947} INFO - Setting next_dagrun for forecast_logging to 2026-08-26 00:00:00+00:00, run_after=2026-08-27 00:00:00+00:00
[2026-08-26T19:45:54.021+0000] {processor.py:183} INFO - Processing /opt/airflow/dags/forecast_logging_dag.py took 9.729 seconds
[2026-08-26T19:46:24.380+0000] {processor.py:161} INFO - Started process (PID=3891) to work on /opt/airflow/dags/forecast_logging_dag.py
[2026-08-26T19:46:24.383+0000] {processor.py:830} INFO - Processing file /opt/airflow/dags/forecast_logging_dag.py for tasks to queue
[2026-08-26T19:46:24.386+0000] {logging_mixin.py:188} INFO - [2026-08-26T19:46:24.385+0000] {dagbag.py:545} INFO - Filling up the DagBag from /opt/airflow/dags/forecast_logging_dag.py
[2026-08-26T19:46:33.507+0000] {processor.py:840} INFO - DAG(s) 'forecast_logging' retrieved from /opt/airflow/dags/forecast_logging_dag.py
[2026-08-26T19:46:33.559+0000] {logging_mixin.py:188} INFO - [2026-08-26T19:46:33.558+0000] {dag.py:3089} INFO - Sync 1 DAGs
[2026-08-26T19:46:33.598+0000] {logging_mixin.py:188} INFO - [2026-08-26T19:46:33.598+0000] {dag.py:3947} INFO - Setting next_dagrun for forecast_logging to 2026-08-26 00:00:00+00:00, run_after=2026-08-27 00:00:00+00:00
[2026-08-26T19:46:33.638+0000] {processor.py:183} INFO - Processing /opt/airflow/dags/forecast_logging_dag.py took 9.280 seconds
[2026-08-26T19:47:04.586+0000] {processor.py:161} INFO - Started process (PID=3928) to work on /opt/airflow/dags/forecast_logging_dag.py
[2026-08-26T19:47:04.589+0000] {processor.py:830} INFO - Processing file /opt/airflow/dags/forecast_logging_dag.py for tasks to queue
[2026-08-26T19:47:04.592+0000] {logging_mixin.py:188} INFO - [2026-08-26T19:47:04.591+0000] {dagbag.py:545} INFO - Filling up the DagBag from /opt/airflow/dags/forecast_logging_dag.py
[2026-08-26T19:47:11.757+0000] {processor.py:840} INFO - DAG(s) 'forecast_logging' retrieved from /opt/airflow/dags/forecast_logging_dag.py
[2026-08-26T19:47:11.810+0000] {logging_mixin.py:188} INFO - [2026-08-26T19:47:11.809+0000] {dag.py:3089} INFO - Sync 1 DAGs
[2026-08-26T19:47:11.851+0000] {logging_mixin.py:188} INFO - [2026-08-26T19:47:11.851+0000] {dag.py:3947} INFO - Setting next_dagrun for forecast_logging to 2026-08-26 00:00:00+00:00, run_after=2026-08-27 00:00:00+00:00
[2026-08-26T19:47:11.889+0000] {processor.py:183} INFO - Processing /opt/airflow/dags/forecast_logging_dag.py took 9.612 seconds
[2026-08-26T19:47:42.892+0000] {processor.py:161} INFO - Started process (PID=3959) to work on /opt/airflow/dags/forecast_logging_dag.py
[2026-08-26T19:47:42.895+0000] {processor.py:830} INFO - Processing file /opt/airflow/dags/forecast_logging_dag.py for tasks to queue
[2026-08-26T19:47:42.898+0000] {logging_mixin.py:188} INFO - [2026-08-26T19:47:42.897+0000] {dagbag.py:545} INFO - Filling up the DagBag from /opt/airflow/dags/forecast_logging_dag.py
[2026-08-26T19:47:52.086+0000] {processor.py:840} INFO - DAG(s) 'forecast_logging' retrieved from /opt/airflow/dags/forecast_logging_dag.py
[2026-08-26T19:47:52.146+0000] {logging_mixin.py:188} INFO - [2026-08-26T19:47:52.145+0000] {dag.py:3089} INFO - Sync 1 DAGs
[2026-08-26T19:47:52.192+0000] {logging_mixin.py:188} INFO - [2026-08-26T19:47:52.191+0000] {dag.py:3947} INFO - Setting next_dagrun for forecast_logging to 2026-08-26 00:00:00+00:00, run_after=2026-08-27 00:00:00+00:00
[2026-08-26T19:47:52.233+0000] {processor.py:183} INFO - Processing /opt/airflow/dags/forecast_logging_dag.py took 9.363 seconds
[2026-08-26T19:48:23.054+0000] {processor.py:161} INFO - Started process (PID=3990) to work on /opt/airflow/dags/forecast_logging_dag.py
[2026-08-26T19:48:23.058+0000] {processor.py:830} INFO - Processing file /opt/airflow/dags/forecast_logging_dag.py for tasks to queue
[2026-08-26T19:48:23.060+0000] {logging_mixin.py:188} INFO - [2026-08-26T19:48:23.059+0000] {dagbag.py:545} INFO - Filling up the DagBag from /opt/airflow/dags/forecast_logging_dag.py
[2026-08-26T19:48:30.055+0000] {processor.py:840} INFO - DAG(s) 'forecast_logging' retrieved from /opt/airflow/dags/forecast_logging_dag.py
[2026-08-26T19:48:30.101+0000] {logging_mixin.py:188} INFO - [2026-08-26T19:48:30.101+0000] {dag.py:3089} INFO - Sync 1 DAGs
[2026-08-26T19:48:30.136+0000] {logging_mixin.py:188} INFO - [2026-08-26T19:48:30.136+0000] {dag.py:3947} INFO - Setting next_dagrun for forecast_logging to 2026-08-26 00:00:00+00:00, run_after=2026-08-27 00:00:00+00:00
[2026-08-26T19:48:30.174+0000] {processor.py:183} INFO - Processing /opt/airflow/dags/forecast_logging_dag.py took 9.415 seconds
[2026-08-26T19:49:00.911+0000] {processor.py:161} INFO - Started process (PID=4025) to work on /opt/airflow/dags/forecast_logging_dag.py
[2026-08-26T19:49:00.915+0000] {processor.py:830} INFO - Processing file /opt/airflow/dags/forecast_logging_dag.py for tasks to queue
[2026-08-26T19:49:00.919+0000] {logging_mixin.py:188} INFO - [2026-08-26T19:49:00.917+0000] {dagbag.py:545} INFO - Filling up the DagBag from /opt/airflow/dags/forecast_logging_dag.py
[2026-08-26T19:49:10.536+0000] {processor.py:840} INFO - DAG(s) 'forecast_logging' retrieved from /opt/airflow/dags/forecast_logging_dag.py
[2026-08-26T19:49:10.583+0000] {logging_mixin.py:188} INFO - [2026-08-26T19:49:10.582+0000] {dag.py:3089} INFO - Sync 1 DAGs
[2026-08-26T19:49:10.621+0000] {logging_mixin.py:188} INFO - [2026-08-26T19:49:10.621+0000] {dag.py:3947} INFO - Setting next_dagrun for forecast_logging to 2026-08-26 00:00:00+00:00, run_after=2026-08-27 00:00:00+00:00
[2026-08-26T19:49:10.658+0000] {processor.py:183} INFO - Processing /opt/airflow/dags/forecast_logging_dag.py took 9.780 seconds
[2026-08-26T19:49:41.303+0000] {processor.py:161} INFO - Started process (PID=4058) to work on /opt/airflow/dags/forecast_logging_dag.py
[2026-08-26T19:49:41.306+0000] {processor.py:830} INFO - Processing file /opt/airflow/dags/forecast_logging_dag.py for tasks to queue
[2026-08-26T19:49:41.310+0000] {logging_mixin.py:188} INFO - [2026-08-26T19:49:41.309+0000] {dagbag.py:545} INFO - Filling up the DagBag from /opt/airflow/dags/forecast_logging_dag.py
[2026-08-26T19:49:50.682+0000] {processor.py:840} INFO - DAG(s) 'forecast_logging' retrieved from /opt/airflow/dags/forecast_logging_dag.py
[2026-08-26T19:49:50.728+0000] {logging_mixin.py:188} INFO - [2026-08-26T19:49:50.728+0000] {dag.py:3089} INFO - Sync 1 DAGs
[2026-08-26T19:49:50.767+0000] {logging_mixin.py:188} INFO - [2026-08-26T19:49:50.767+0000] {dag.py:3947} INFO - Setting next_dagrun for forecast_logging to 2026-08-26 00:00:00+00:00, run_after=2026-08-27 00:00:00+00:00
[2026-08-26T19:49:50.805+0000] {processor.py:183} INFO - Processing /opt/airflow/dags/forecast_logging_dag.py took 9.525 seconds
[2026-08-26T19:50:21.658+0000] {processor.py:161} INFO - Started process (PID=4095) to work on /opt/airflow/dags/forecast_logging_dag.py
[2026-08-26T19:50:21.662+0000] {processor.py:830} INFO - Processing file /opt/airflow/dags/forecast_logging_dag.py for tasks to queue
[2026-08-26T19:50:21.665+0000] {logging_mixin.py:188} INFO - [2026-08-26T19:50:21.664+0000] {dagbag.py:545} INFO - Filling up the DagBag from /opt/airflow/dags/forecast_logging_dag.py
[2026-08-26T19:50:30.423+0000] {processor.py:840} INFO - DAG(s) 'forecast_logging' retrieved from /opt/airflow/dags/forecast_logging_dag.py
[2026-08-26T19:50:30.473+0000] {logging_mixin.py:188} INFO - [2026-08-26T19:50:30.473+0000] {dag.py:3089} INFO - Sync 1 DAGs
[2026-08-26T19:50:30.515+0000] {logging_mixin.py:188} INFO - [2026-08-26T19:50:30.515+0000] {dag.py:3947} INFO - Setting next_dagrun for forecast_logging to 2026-08-26 00:00:00+00:00, run_after=2026-08-27 00:00:00+00:00
[2026-08-26T19:50:30.552+0000] {processor.py:183} INFO - Processing /opt/airflow/dags/forecast_logging_dag.py took 8.918 seconds
[2026-08-26T19:51:00.894+0000] {processor.py:161} INFO - Started process (PID=4126) to work on /opt/airflow/dags/forecast_logging_dag.py
[2026-08-26T19:51:00.897+0000] {processor.py:830} INFO - Processing file /opt/airflow/dags/forecast_logging_dag.py for tasks to queue
[2026-08-26T19:51:00.900+0000] {logging_mixin.py:188} INFO - [2026-08-26T19:51:00.899+0000] {dagbag.py:545} INFO - Filling up the DagBag from /opt/airflow/dags/forecast_logging_dag.py
[2026-08-26T19:51:10.172+0000] {processor.py:840} INFO - DAG(s) 'forecast_logging' retrieved from /opt/airflow/dags/forecast_logging_dag.py
[2026-08-26T19:51:10.225+0000] {logging_mixin.py:188} INFO - [2026-08-26T19:51:10.224+0000] {dag.py:3089} INFO - Sync 1 DAGs
[2026-08-26T19:51:10.266+0000] {logging_mixin.py:188} INFO - [2026-08-26T19:51:10.266+0000] {dag.py:3947} INFO - Setting next_dagrun for forecast_logging to 2026-08-26 00:00:00+00:00, run_after=2026-08-27 00:00:00+00:00
[2026-08-26T19:51:10.304+0000] {processor.py:183} INFO - Processing /opt/airflow/dags/forecast_logging_dag.py took 9.430 seconds
[2026-08-26T19:51:40.672+0000] {processor.py:161} INFO - Started process (PID=4157) to work on /opt/airflow/dags/forecast_logging_dag.py
[2026-08-26T19:51:40.675+0000] {processor.py:830} INFO - Processing file /opt/airflow/dags/forecast_logging_dag.py for tasks to queue
[2026-08-26T19:51:40.678+0000] {logging_mixin.py:188} INFO - [2026-08-26T19:51:40.677+0000] {dagbag.py:545} INFO - Filling up the DagBag from /opt/airflow/dags/forecast_logging_dag.py
[2026-08-26T19:51:48.093+0000] {processor.py:840} INFO - DAG(s) 'forecast_logging' retrieved from /opt/airflow/dags/forecast_logging_dag.py
[2026-08-26T19:51:48.150+0000] {logging_mixin.py:188} INFO - [2026-08-26T19:51:48.145+0000] {dag.py:3089} INFO - Sync 1 DAGs
[2026-08-26T19:51:48.192+0000] {logging_mixin.py:188} INFO - [2026-08-26T19:51:48.192+0000] {dag.py:3947} INFO - Setting next_dagrun for forecast_logging to 2026-08-26 00:00:00+00:00, run_after=2026-08-27 00:00:00+00:00
[2026-08-26T19:51:48.230+0000] {processor.py:183} INFO - Processing /opt/airflow/dags/forecast_logging_dag.py took 9.857 seconds
[2026-08-26T20:11:24.118+0000] {processor.py:161} INFO - Started process (PID=4188) to work on /opt/airflow/dags/forecast_logging_dag.py
[2026-08-26T20:11:24.134+0000] {processor.py:830} INFO - Processing file /opt/airflow/dags/forecast_logging_dag.py for tasks to queue
[2026-08-26T20:11:24.142+0000] {logging_mixin.py:188} INFO - [2026-08-26T20:11:24.141+0000] {dagbag.py:545} INFO - Filling up the DagBag from /opt/airflow/dags/forecast_logging_dag.py
[2026-08-26T20:11:51.704+0000] {logging_mixin.py:188} INFO - [2026-08-26T20:11:51.703+0000] {timeout.py:68} ERROR - Process timed out, PID: 4188
[2026-08-26T23:12:11.949+0000] {processor.py:161} INFO - Started process (PID=4228) to work on /opt/airflow/dags/forecast_logging_dag.py
[2026-08-26T23:12:11.998+0000] {processor.py:830} INFO - Processing file /opt/airflow/dags/forecast_logging_dag.py for tasks to queue
[2026-08-26T23:12:12.026+0000] {logging_mixin.py:188} INFO - [2026-08-26T23:12:12.023+0000] {dagbag.py:545} INFO - Filling up the DagBag from /opt/airflow/dags/forecast_logging_dag.py
