[2026-08-26T19:17:14.231+0000] {local_task_job_runner.py:120} INFO - ::group::Pre task execution logs
[2026-08-26T19:17:14.324+0000] {taskinstance.py:2076} INFO - Dependencies all met for dep_context=non-requeueable deps ti=<TaskInstance: feature_pipeline.loading scheduled__2026-08-26T18:00:00+00:00 map_index=3 [queued]>
[2026-08-26T19:17:14.350+0000] {taskinstance.py:2076} INFO - Dependencies all met for dep_context=requeueable deps ti=<TaskInstance: feature_pipeline.loading scheduled__2026-08-26T18:00:00+00:00 map_index=3 [queued]>
[2026-08-26T19:17:14.351+0000] {taskinstance.py:2306} INFO - Starting attempt 1 of 1
[2026-08-26T19:17:14.382+0000] {taskinstance.py:2330} INFO - Executing <Mapped(_PythonDecoratedOperator): loading> on 2026-08-26 18:00:00+00:00
[2026-08-26T19:17:14.403+0000] {standard_task_runner.py:64} INFO - Started process 1437 to run task
[2026-08-26T19:17:14.415+0000] {standard_task_runner.py:90} INFO - Running: ['***', 'tasks', 'run', 'feature_pipeline', 'loading', 'scheduled__2026-08-26T18:00:00+00:00', '--job-id', '299', '--raw', '--subdir', 'DAGS_FOLDER/feature_pipeline_dag.py', '--cfg-path', '/tmp/tmpewm7c_7u', '--map-index', '3']
[2026-08-26T19:17:14.426+0000] {standard_task_runner.py:91} INFO - Job 299: Subtask loading
[2026-08-26T19:17:14.601+0000] {task_command.py:426} INFO - Running <TaskInstance: feature_pipeline.loading scheduled__2026-08-26T18:00:00+00:00 map_index=3 [running]> on host 7b0f76ea354d
[2026-08-26T19:17:21.928+0000] {taskinstance.py:2648} INFO - Exporting env vars: AIRFLOW_CTX_DAG_OWNER='***' AIRFLOW_CTX_DAG_ID='feature_pipeline' AIRFLOW_CTX_TASK_ID='loading' AIRFLOW_CTX_EXECUTION_DATE='2026-08-26T18:00:00+00:00' AIRFLOW_CTX_TRY_NUMBER='1' AIRFLOW_CTX_DAG_RUN_ID='scheduled__2026-08-26T18:00:00+00:00'
[2026-08-26T19:17:21.931+0000] {taskinstance.py:430} INFO - ::endgroup::
[2026-08-26T19:17:22.067+0000] {external.py:63} INFO - Initializing external client
[2026-08-26T19:17:22.068+0000] {external.py:70} INFO - Base URL: https://eu-west.cloud.hopsworks.ai:443
[2026-08-26T19:17:24.282+0000] {python.py:138} INFO - Python Engine initialized.
[2026-08-26T19:17:25.567+0000] {logging_mixin.py:188} INFO - 
Logged in to project, explore it here https://eu-west.cloud.hopsworks.ai:443/p/41136
[2026-08-26T19:17:39.219+0000] {logging_mixin.py:188} WARNING - Uploading Dataframe: 0.00% |          | Rows 0/1 | Elapsed Time: 00:00 | Remaining Time: ?
[2026-08-26T19:17:40.397+0000] {logging_mixin.py:188} WARNING - Uploading Dataframe: 100.00% |##########| Rows 1/1 | Elapsed Time: 00:01 | Remaining Time: 00:00
[2026-08-26T19:17:40.401+0000] {logging_mixin.py:188} WARNING - Uploading Dataframe: 100.00% |##########| Rows 1/1 | Elapsed Time: 00:01 | Remaining Time: 00:00
[2026-08-26T19:17:41.288+0000] {logging_mixin.py:188} INFO - Launching job: aqi_features_1_offline_fg_materialization
[2026-08-26T19:17:47.913+0000] {logging_mixin.py:188} INFO - Job started successfully, you can follow the progress at 
https://eu-west.cloud.hopsworks.ai:443/p/41136/jobs/named/aqi_features_1_offline_fg_materialization/executions
[2026-08-26T19:17:47.915+0000] {logging_mixin.py:188} INFO - Inserted 1 record into 'aqi_features' feature group.
[2026-08-26T19:17:47.917+0000] {python.py:237} INFO - Done. Returned value was: None
[2026-08-26T19:17:47.919+0000] {taskinstance.py:441} INFO - ::group::Post task execution logs
[2026-08-26T19:17:48.519+0000] {taskinstance.py:1206} INFO - Marking task as SUCCESS. dag_id=feature_pipeline, task_id=loading, run_id=scheduled__2026-08-26T18:00:00+00:00, map_index=3, execution_date=20260826T180000, start_date=20260826T191714, end_date=20260826T191748
[2026-08-26T19:17:48.767+0000] {local_task_job_runner.py:243} INFO - Task exited with return code 0
[2026-08-26T19:17:49.133+0000] {local_task_job_runner.py:222} INFO - ::endgroup::
