[2026-08-06T15:14:22.795+0000] {local_task_job_runner.py:120} INFO - ::group::Pre task execution logs
[2026-08-06T15:14:22.847+0000] {taskinstance.py:2076} INFO - Dependencies all met for dep_context=non-requeueable deps ti=<TaskInstance: feature_pipeline.transformation scheduled__2026-08-06T14:00:00+00:00 [queued]>
[2026-08-06T15:14:22.859+0000] {taskinstance.py:2076} INFO - Dependencies all met for dep_context=requeueable deps ti=<TaskInstance: feature_pipeline.transformation scheduled__2026-08-06T14:00:00+00:00 [queued]>
[2026-08-06T15:14:22.859+0000] {taskinstance.py:2306} INFO - Starting attempt 1 of 1
[2026-08-06T15:14:22.899+0000] {taskinstance.py:2330} INFO - Executing <Task(_PythonDecoratedOperator): transformation> on 2026-08-06 14:00:00+00:00
[2026-08-06T15:14:22.943+0000] {standard_task_runner.py:64} INFO - Started process 432 to run task
[2026-08-06T15:14:23.043+0000] {standard_task_runner.py:90} INFO - Running: ['***', 'tasks', 'run', 'feature_pipeline', 'transformation', 'scheduled__2026-08-06T14:00:00+00:00', '--job-id', '54', '--raw', '--subdir', 'DAGS_FOLDER/feature_pipeline_dag.py', '--cfg-path', '/tmp/tmpja8g0s_b']
[2026-08-06T15:14:23.048+0000] {standard_task_runner.py:91} INFO - Job 54: Subtask transformation
[2026-08-06T15:14:23.141+0000] {task_command.py:426} INFO - Running <TaskInstance: feature_pipeline.transformation scheduled__2026-08-06T14:00:00+00:00 [running]> on host 9b2347349ce6
[2026-08-06T15:14:23.723+0000] {taskinstance.py:2648} INFO - Exporting env vars: AIRFLOW_CTX_DAG_OWNER='***' AIRFLOW_CTX_DAG_ID='feature_pipeline' AIRFLOW_CTX_TASK_ID='transformation' AIRFLOW_CTX_EXECUTION_DATE='2026-08-06T14:00:00+00:00' AIRFLOW_CTX_TRY_NUMBER='1' AIRFLOW_CTX_DAG_RUN_ID='scheduled__2026-08-06T14:00:00+00:00'
[2026-08-06T15:14:23.725+0000] {taskinstance.py:430} INFO - ::endgroup::
[2026-08-06T15:14:24.048+0000] {external.py:63} INFO - Initializing external client
[2026-08-06T15:14:24.049+0000] {external.py:70} INFO - Base URL: https://eu-west.cloud.hopsworks.ai:443
[2026-08-06T15:14:37.405+0000] {python.py:138} INFO - Python Engine initialized.
[2026-08-06T15:14:41.300+0000] {logging_mixin.py:188} INFO - 
Logged in to project, explore it here https://eu-west.cloud.hopsworks.ai:443/p/41136
[2026-08-06T15:14:59.177+0000] {logging_mixin.py:188} INFO - Reading data from Hopsworks, using Hopsworks Feature Query Service.   Reading data from Hopsworks, using Hopsworks Feature Query Service..   Reading data from Hopsworks, using Hopsworks Feature Query Service...   Reading data from Hopsworks, using Hopsworks Feature Query Service   Reading data from Hopsworks, using Hopsworks Feature Query Service.   Reading data from Hopsworks, using Hopsworks Feature Query Service..   Reading data from Hopsworks, using Hopsworks Feature Query Service...   Reading data from Hopsworks, using Hopsworks Feature Query Service   Reading data from Hopsworks, using Hopsworks Feature Query Service.   Reading data from Hopsworks, using Hopsworks Feature Query Service..   Reading data from Hopsworks, using Hopsworks Feature Query Service...   Finished: Reading data from Hopsworks, using Hopsworks Feature Query Service (4.45s) 
[2026-08-06T15:14:59.387+0000] {python.py:237} INFO - Done. Returned value was: {'city': 'lahore', 'timestamp': '2026-08-06T15:14:17.889493+00:00', 'temperature': 30.98, 'humidity': 65, 'wind_speed': 1.41, 'aqi': 34, 'pm25': 34, 'pm10': 0, 'hour': 15, 'day': 6, 'month': 8, 'is_weekend': False, 'aqi_yesterday': 34, 'aqi_change_rate': 0.0, 'rolling_average_aqi': 96.125}
[2026-08-06T15:14:59.391+0000] {taskinstance.py:441} INFO - ::group::Post task execution logs
[2026-08-06T15:14:59.443+0000] {taskinstance.py:1206} INFO - Marking task as SUCCESS. dag_id=feature_pipeline, task_id=transformation, run_id=scheduled__2026-08-06T14:00:00+00:00, execution_date=20260806T140000, start_date=20260806T151422, end_date=20260806T151459
[2026-08-06T15:14:59.573+0000] {local_task_job_runner.py:243} INFO - Task exited with return code 0
[2026-08-06T15:14:59.615+0000] {taskinstance.py:3503} INFO - 1 downstream tasks scheduled from follow-on schedule check
[2026-08-06T15:14:59.620+0000] {local_task_job_runner.py:222} INFO - ::endgroup::
