[2026-08-09T13:40:56.053+0000] {local_task_job_runner.py:120} INFO - ::group::Pre task execution logs
[2026-08-09T13:40:56.161+0000] {taskinstance.py:2076} INFO - Dependencies all met for dep_context=non-requeueable deps ti=<TaskInstance: training_pipeline.train_and_register scheduled__2026-08-08T00:00:00+00:00 [queued]>
[2026-08-09T13:40:56.182+0000] {taskinstance.py:2076} INFO - Dependencies all met for dep_context=requeueable deps ti=<TaskInstance: training_pipeline.train_and_register scheduled__2026-08-08T00:00:00+00:00 [queued]>
[2026-08-09T13:40:56.183+0000] {taskinstance.py:2306} INFO - Starting attempt 2 of 1
[2026-08-09T13:40:56.238+0000] {taskinstance.py:2330} INFO - Executing <Task(_PythonDecoratedOperator): train_and_register> on 2026-08-08 00:00:00+00:00
[2026-08-09T13:40:56.313+0000] {standard_task_runner.py:64} INFO - Started process 184 to run task
[2026-08-09T13:40:56.319+0000] {standard_task_runner.py:90} INFO - Running: ['***', 'tasks', 'run', 'training_pipeline', 'train_and_register', 'scheduled__2026-08-08T00:00:00+00:00', '--job-id', '139', '--raw', '--subdir', 'DAGS_FOLDER/training_pipeline_dag.py', '--cfg-path', '/tmp/tmp_6cf3dp7']
[2026-08-09T13:40:56.329+0000] {standard_task_runner.py:91} INFO - Job 139: Subtask train_and_register
[2026-08-09T13:40:56.488+0000] {task_command.py:426} INFO - Running <TaskInstance: training_pipeline.train_and_register scheduled__2026-08-08T00:00:00+00:00 [running]> on host 8d602b97461d
[2026-08-09T13:40:57.359+0000] {taskinstance.py:2648} INFO - Exporting env vars: AIRFLOW_CTX_DAG_OWNER='***' AIRFLOW_CTX_DAG_ID='training_pipeline' AIRFLOW_CTX_TASK_ID='train_and_register' AIRFLOW_CTX_EXECUTION_DATE='2026-08-08T00:00:00+00:00' AIRFLOW_CTX_TRY_NUMBER='2' AIRFLOW_CTX_DAG_RUN_ID='scheduled__2026-08-08T00:00:00+00:00'
[2026-08-09T13:40:57.362+0000] {taskinstance.py:430} INFO - ::endgroup::
[2026-08-09T13:44:22.915+0000] {external.py:63} INFO - Initializing external client
[2026-08-09T13:44:23.178+0000] {external.py:70} INFO - Base URL: https://eu-west.cloud.hopsworks.ai:443
[2026-08-09T13:44:48.425+0000] {taskinstance.py:441} INFO - ::group::Post task execution logs
[2026-08-09T13:44:48.557+0000] {taskinstance.py:2905} ERROR - Task failed with exception
Traceback (most recent call last):
  File "/home/airflow/.local/lib/python3.11/site-packages/urllib3/connection.py", line 203, in _new_conn
    sock = connection.create_connection(
           ^^^^^^^^^^^^^^^^^^^^^^^^^^^^^
  File "/home/airflow/.local/lib/python3.11/site-packages/urllib3/util/connection.py", line 60, in create_connection
    for res in socket.getaddrinfo(host, port, family, socket.SOCK_STREAM):
               ^^^^^^^^^^^^^^^^^^^^^^^^^^^^^^^^^^^^^^^^^^^^^^^^^^^^^^^^^^
  File "/usr/local/lib/python3.11/socket.py", line 962, in getaddrinfo
    for res in _socket.getaddrinfo(host, port, family, type, proto, flags):
               ^^^^^^^^^^^^^^^^^^^^^^^^^^^^^^^^^^^^^^^^^^^^^^^^^^^^^^^^^^^
socket.gaierror: [Errno -3] Temporary failure in name resolution

The above exception was the direct cause of the following exception:

Traceback (most recent call last):
  File "/home/airflow/.local/lib/python3.11/site-packages/urllib3/connectionpool.py", line 791, in urlopen
    response = self._make_request(
               ^^^^^^^^^^^^^^^^^^^
  File "/home/airflow/.local/lib/python3.11/site-packages/urllib3/connectionpool.py", line 492, in _make_request
    raise new_e
  File "/home/airflow/.local/lib/python3.11/site-packages/urllib3/connectionpool.py", line 468, in _make_request
    self._validate_conn(conn)
  File "/home/airflow/.local/lib/python3.11/site-packages/urllib3/connectionpool.py", line 1097, in _validate_conn
    conn.connect()
  File "/home/airflow/.local/lib/python3.11/site-packages/urllib3/connection.py", line 611, in connect
    self.sock = sock = self._new_conn()
                       ^^^^^^^^^^^^^^^^
  File "/home/airflow/.local/lib/python3.11/site-packages/urllib3/connection.py", line 210, in _new_conn
    raise NameResolutionError(self.host, self, e) from e
urllib3.exceptions.NameResolutionError: <urllib3.connection.HTTPSConnection object at 0x7ccaf4daa090>: Failed to resolve 'eu-west.cloud.hopsworks.ai' ([Errno -3] Temporary failure in name resolution)

The above exception was the direct cause of the following exception:

Traceback (most recent call last):
  File "/home/airflow/.local/lib/python3.11/site-packages/requests/adapters.py", line 486, in send
    resp = conn.urlopen(
           ^^^^^^^^^^^^^
  File "/home/airflow/.local/lib/python3.11/site-packages/urllib3/connectionpool.py", line 845, in urlopen
    retries = retries.increment(
              ^^^^^^^^^^^^^^^^^^
  File "/home/airflow/.local/lib/python3.11/site-packages/urllib3/util/retry.py", line 515, in increment
    raise MaxRetryError(_pool, url, reason) from reason  # type: ignore[arg-type]
    ^^^^^^^^^^^^^^^^^^^^^^^^^^^^^^^^^^^^^^^^^^^^^^^^^^^
urllib3.exceptions.MaxRetryError: HTTPSConnectionPool(host='eu-west.cloud.hopsworks.ai', port=443): Max retries exceeded with url: /hopsworks-api/api/variables/versions (Caused by NameResolutionError("<urllib3.connection.HTTPSConnection object at 0x7ccaf4daa090>: Failed to resolve 'eu-west.cloud.hopsworks.ai' ([Errno -3] Temporary failure in name resolution)"))

During handling of the above exception, another exception occurred:

Traceback (most recent call last):
  File "/home/airflow/.local/lib/python3.11/site-packages/airflow/models/taskinstance.py", line 465, in _execute_task
    result = _execute_callable(context=context, **execute_callable_kwargs)
             ^^^^^^^^^^^^^^^^^^^^^^^^^^^^^^^^^^^^^^^^^^^^^^^^^^^^^^^^^^^^^
  File "/home/airflow/.local/lib/python3.11/site-packages/airflow/models/taskinstance.py", line 432, in _execute_callable
    return execute_callable(context=context, **execute_callable_kwargs)
           ^^^^^^^^^^^^^^^^^^^^^^^^^^^^^^^^^^^^^^^^^^^^^^^^^^^^^^^^^^^^
  File "/home/airflow/.local/lib/python3.11/site-packages/airflow/models/baseoperator.py", line 401, in wrapper
    return func(self, *args, **kwargs)
           ^^^^^^^^^^^^^^^^^^^^^^^^^^^
  File "/home/airflow/.local/lib/python3.11/site-packages/airflow/decorators/base.py", line 265, in execute
    return_value = super().execute(context)
                   ^^^^^^^^^^^^^^^^^^^^^^^^
  File "/home/airflow/.local/lib/python3.11/site-packages/airflow/models/baseoperator.py", line 401, in wrapper
    return func(self, *args, **kwargs)
           ^^^^^^^^^^^^^^^^^^^^^^^^^^^
  File "/home/airflow/.local/lib/python3.11/site-packages/airflow/operators/python.py", line 235, in execute
    return_value = self.execute_callable()
                   ^^^^^^^^^^^^^^^^^^^^^^^
  File "/home/airflow/.local/lib/python3.11/site-packages/airflow/operators/python.py", line 252, in execute_callable
    return self.python_callable(*self.op_args, **self.op_kwargs)
           ^^^^^^^^^^^^^^^^^^^^^^^^^^^^^^^^^^^^^^^^^^^^^^^^^^^^^
  File "/opt/airflow/dags/training_pipeline_dag.py", line 20, in train_and_register
    run_training_pipeline()
  File "/opt/airflow/project/training/registry.py", line 125, in run_training_pipeline
    df = load_training_data()
         ^^^^^^^^^^^^^^^^^^^^
  File "/opt/airflow/project/training/train.py", line 118, in load_training_data
    fs = get_feature_store()
         ^^^^^^^^^^^^^^^^^^^
  File "/opt/airflow/project/utils/hopsworks_client.py", line 36, in get_feature_store
    return get_project().get_feature_store()
           ^^^^^^^^^^^^^
  File "/opt/airflow/project/utils/hopsworks_client.py", line 28, in get_project
    return hopsworks.login(
           ^^^^^^^^^^^^^^^^
  File "/home/airflow/.local/lib/python3.11/site-packages/hopsworks/__init__.py", line 385, in login
    _hw_connection = _hw_connection(
                     ^^^^^^^^^^^^^^^
  File "/home/airflow/.local/lib/python3.11/site-packages/hopsworks/__init__.py", line 179, in _make_connection
    return _load_connection_class()._connection(*args, **kwargs)
           ^^^^^^^^^^^^^^^^^^^^^^^^^^^^^^^^^^^^^^^^^^^^^^^^^^^^^
  File "/home/airflow/.local/lib/python3.11/site-packages/hopsworks_common/connection.py", line 559, in _connection
    return cls(
           ^^^^
  File "/home/airflow/.local/lib/python3.11/site-packages/hopsworks_common/connection.py", line 159, in __init__
    self._connect()
  File "/home/airflow/.local/lib/python3.11/site-packages/hopsworks_common/decorators.py", line 46, in if_not_connected
    return fn(inst, *args, **kwargs)
           ^^^^^^^^^^^^^^^^^^^^^^^^^
  File "/home/airflow/.local/lib/python3.11/site-packages/hopsworks_common/connection.py", line 413, in _connect
    usage._init_usage(self._host, self._variable_api._get_version("hopsworks"))
                                  ^^^^^^^^^^^^^^^^^^^^^^^^^^^^^^^^^^^^^^^^^^^^
  File "/home/airflow/.local/lib/python3.11/site-packages/hopsworks_common/core/variable_api.py", line 77, in _get_version
    resp = _client._send_request("GET", path_params)
           ^^^^^^^^^^^^^^^^^^^^^^^^^^^^^^^^^^^^^^^^^
  File "/home/airflow/.local/lib/python3.11/site-packages/hopsworks_common/decorators.py", line 61, in if_connected
    return fn(inst, *args, **kwargs)
           ^^^^^^^^^^^^^^^^^^^^^^^^^
  File "/home/airflow/.local/lib/python3.11/site-packages/hopsworks_common/client/base.py", line 171, in _send_request
    response = self._session.send(prepped, verify=self._verify, stream=stream)
               ^^^^^^^^^^^^^^^^^^^^^^^^^^^^^^^^^^^^^^^^^^^^^^^^^^^^^^^^^^^^^^^
  File "/home/airflow/.local/lib/python3.11/site-packages/requests/sessions.py", line 703, in send
    r = adapter.send(request, **kwargs)
        ^^^^^^^^^^^^^^^^^^^^^^^^^^^^^^^
  File "/home/airflow/.local/lib/python3.11/site-packages/requests/adapters.py", line 519, in send
    raise ConnectionError(e, request=request)
requests.exceptions.ConnectionError: HTTPSConnectionPool(host='eu-west.cloud.hopsworks.ai', port=443): Max retries exceeded with url: /hopsworks-api/api/variables/versions (Caused by NameResolutionError("<urllib3.connection.HTTPSConnection object at 0x7ccaf4daa090>: Failed to resolve 'eu-west.cloud.hopsworks.ai' ([Errno -3] Temporary failure in name resolution)"))
[2026-08-09T13:44:51.203+0000] {taskinstance.py:1206} INFO - Marking task as FAILED. dag_id=training_pipeline, task_id=train_and_register, run_id=scheduled__2026-08-08T00:00:00+00:00, execution_date=20260808T000000, start_date=20260809T134056, end_date=20260809T134451
[2026-08-09T13:44:51.692+0000] {standard_task_runner.py:110} ERROR - Failed to execute job 139 for task train_and_register (HTTPSConnectionPool(host='eu-west.cloud.hopsworks.ai', port=443): Max retries exceeded with url: /hopsworks-api/api/variables/versions (Caused by NameResolutionError("<urllib3.connection.HTTPSConnection object at 0x7ccaf4daa090>: Failed to resolve 'eu-west.cloud.hopsworks.ai' ([Errno -3] Temporary failure in name resolution)")); 184)
[2026-08-09T13:44:54.471+0000] {local_task_job_runner.py:243} INFO - Task exited with return code 1
[2026-08-09T13:45:08.221+0000] {taskinstance.py:3503} INFO - 0 downstream tasks scheduled from follow-on schedule check
[2026-08-09T13:45:08.238+0000] {local_task_job_runner.py:222} INFO - ::endgroup::
