[2026-08-29T22:02:23.770+0000] {local_task_job_runner.py:120} INFO - ::group::Pre task execution logs
[2026-08-29T22:02:24.097+0000] {taskinstance.py:2076} INFO - Dependencies all met for dep_context=non-requeueable deps ti=<TaskInstance: feature_pipeline.loading scheduled__2026-08-29T21:00:00+00:00 map_index=1 [queued]>
[2026-08-29T22:02:24.127+0000] {taskinstance.py:2076} INFO - Dependencies all met for dep_context=requeueable deps ti=<TaskInstance: feature_pipeline.loading scheduled__2026-08-29T21:00:00+00:00 map_index=1 [queued]>
[2026-08-29T22:02:24.129+0000] {taskinstance.py:2306} INFO - Starting attempt 1 of 1
[2026-08-29T22:02:24.217+0000] {taskinstance.py:2330} INFO - Executing <Mapped(_PythonDecoratedOperator): loading> on 2026-08-29 21:00:00+00:00
[2026-08-29T22:02:24.351+0000] {standard_task_runner.py:64} INFO - Started process 3821 to run task
[2026-08-29T22:02:24.432+0000] {standard_task_runner.py:90} INFO - Running: ['***', 'tasks', 'run', 'feature_pipeline', 'loading', 'scheduled__2026-08-29T21:00:00+00:00', '--job-id', '423', '--raw', '--subdir', 'DAGS_FOLDER/feature_pipeline_dag.py', '--cfg-path', '/tmp/tmpvz5nfbil', '--map-index', '1']
[2026-08-29T22:02:24.440+0000] {standard_task_runner.py:91} INFO - Job 423: Subtask loading
[2026-08-29T22:02:25.027+0000] {task_command.py:426} INFO - Running <TaskInstance: feature_pipeline.loading scheduled__2026-08-29T21:00:00+00:00 map_index=1 [running]> on host 3a3807853b19
[2026-08-29T22:02:29.108+0000] {taskinstance.py:2648} INFO - Exporting env vars: AIRFLOW_CTX_DAG_OWNER='***' AIRFLOW_CTX_DAG_ID='feature_pipeline' AIRFLOW_CTX_TASK_ID='loading' AIRFLOW_CTX_EXECUTION_DATE='2026-08-29T21:00:00+00:00' AIRFLOW_CTX_TRY_NUMBER='1' AIRFLOW_CTX_DAG_RUN_ID='scheduled__2026-08-29T21:00:00+00:00'
[2026-08-29T22:02:29.116+0000] {taskinstance.py:430} INFO - ::endgroup::
[2026-08-29T22:02:32.683+0000] {external.py:63} INFO - Initializing external client
[2026-08-29T22:02:32.688+0000] {external.py:70} INFO - Base URL: https://eu-west.cloud.hopsworks.ai:443
[2026-08-29T22:02:46.974+0000] {python.py:140} INFO - Python Engine initialized.
[2026-08-29T22:02:48.366+0000] {logging_mixin.py:188} INFO - 
Logged in to project, explore it here https://eu-west.cloud.hopsworks.ai:443/p/41136
[2026-08-29T22:02:58.745+0000] {taskinstance.py:441} INFO - ::group::Post task execution logs
[2026-08-29T22:02:58.777+0000] {taskinstance.py:2905} ERROR - Task failed with exception
Traceback (most recent call last):
  File "/home/airflow/.local/lib/python3.11/site-packages/airflow/models/taskinstance.py", line 465, in _execute_task
    result = _execute_callable(context=context, **execute_callable_kwargs)
             ^^^^^^^^^^^^^^^^^^^^^^^^^^^^^^^^^^^^^^^^^^^^^^^^^^^^^^^^^^^^^
  File "/home/airflow/.local/lib/python3.11/site-packages/airflow/models/taskinstance.py", line 432, in _execute_callable
    return execute_callable(context=context, **execute_callable_kwargs)
           ^^^^^^^^^^^^^^^^^^^^^^^^^^^^^^^^^^^^^^^^^^^^^^^^^^^^^^^^^^^^
  File "/home/airflow/.local/lib/python3.11/site-packages/airflow/models/baseoperator.py", line 401, in wrapper
    return func(self, *args, **kwargs)
           ^^^^^^^^^^^^^^^^^^^^^^^^^^^
  File "/home/airflow/.local/lib/python3.11/site-packages/airflow/decorators/base.py", line 265, in execute
    return_value = super().execute(context)
                   ^^^^^^^^^^^^^^^^^^^^^^^^
  File "/home/airflow/.local/lib/python3.11/site-packages/airflow/models/baseoperator.py", line 401, in wrapper
    return func(self, *args, **kwargs)
           ^^^^^^^^^^^^^^^^^^^^^^^^^^^
  File "/home/airflow/.local/lib/python3.11/site-packages/airflow/operators/python.py", line 235, in execute
    return_value = self.execute_callable()
                   ^^^^^^^^^^^^^^^^^^^^^^^
  File "/home/airflow/.local/lib/python3.11/site-packages/airflow/operators/python.py", line 252, in execute_callable
    return self.python_callable(*self.op_args, **self.op_kwargs)
           ^^^^^^^^^^^^^^^^^^^^^^^^^^^^^^^^^^^^^^^^^^^^^^^^^^^^^
  File "/opt/airflow/dags/feature_pipeline_dag.py", line 73, in loading
    load(record)
  File "/opt/airflow/project/etl/load.py", line 62, in load
    feature_group.insert(df)
  File "/home/airflow/.local/lib/python3.11/site-packages/hsfs/feature_group.py", line 4109, in insert
    job, ge_report = self._feature_group_engine._insert(
                     ^^^^^^^^^^^^^^^^^^^^^^^^^^^^^^^^^^^
  File "/home/airflow/.local/lib/python3.11/site-packages/hsfs/core/feature_group_engine.py", line 332, in _insert
    engine._get_instance()._save_dataframe(
  File "/home/airflow/.local/lib/python3.11/site-packages/hsfs/engine/python.py", line 1099, in _save_dataframe
    return self._run_materialization_job(
           ^^^^^^^^^^^^^^^^^^^^^^^^^^^^^^
  File "/home/airflow/.local/lib/python3.11/site-packages/hsfs/engine/python.py", line 2035, in _run_materialization_job
    initial_check_point = kafka_engine._kafka_get_offsets(
                          ^^^^^^^^^^^^^^^^^^^^^^^^^^^^^^^^
  File "/home/airflow/.local/lib/python3.11/site-packages/hopsworks_common/decorators.py", line 176, in g
    return f(*args, **kwds)
           ^^^^^^^^^^^^^^^^
  File "/home/airflow/.local/lib/python3.11/site-packages/hsfs/core/kafka_engine.py", line 202, in _kafka_get_offsets
    topics = consumer.list_topics(
             ^^^^^^^^^^^^^^^^^^^^^
cimpl.KafkaException: KafkaError{code=_TIMED_OUT,val=-185,str="Failed to get metadata: Local: Timed out"}
[2026-08-29T22:02:59.027+0000] {taskinstance.py:1206} INFO - Marking task as FAILED. dag_id=feature_pipeline, task_id=loading, run_id=scheduled__2026-08-29T21:00:00+00:00, map_index=1, execution_date=20260829T210000, start_date=20260829T220224, end_date=20260829T220259
[2026-08-29T22:03:00.671+0000] {standard_task_runner.py:110} ERROR - Failed to execute job 423 for task loading (KafkaError{code=_TIMED_OUT,val=-185,str="Failed to get metadata: Local: Timed out"}; 3821)
[2026-08-29T22:03:00.855+0000] {local_task_job_runner.py:243} INFO - Task exited with return code 1
[2026-08-29T22:03:01.305+0000] {taskinstance.py:3503} INFO - 0 downstream tasks scheduled from follow-on schedule check
[2026-08-29T22:03:01.351+0000] {local_task_job_runner.py:222} INFO - ::endgroup::
