[2026-08-02T20:04:03.479+0000] {local_task_job_runner.py:120} INFO - ::group::Pre task execution logs
[2026-08-02T20:04:03.539+0000] {taskinstance.py:2076} INFO - Dependencies all met for dep_context=non-requeueable deps ti=<TaskInstance: first_orchestrator.loading manual__2026-08-02T20:02:51.788162+00:00 [queued]>
[2026-08-02T20:04:03.554+0000] {taskinstance.py:2076} INFO - Dependencies all met for dep_context=requeueable deps ti=<TaskInstance: first_orchestrator.loading manual__2026-08-02T20:02:51.788162+00:00 [queued]>
[2026-08-02T20:04:03.555+0000] {taskinstance.py:2306} INFO - Starting attempt 1 of 1
[2026-08-02T20:04:03.580+0000] {taskinstance.py:2330} INFO - Executing <Task(_PythonDecoratedOperator): loading> on 2026-08-02 20:02:51.788162+00:00
[2026-08-02T20:04:03.596+0000] {standard_task_runner.py:64} INFO - Started process 387 to run task
[2026-08-02T20:04:03.603+0000] {standard_task_runner.py:90} INFO - Running: ['***', 'tasks', 'run', 'first_orchestrator', 'loading', 'manual__2026-08-02T20:02:51.788162+00:00', '--job-id', '18', '--raw', '--subdir', 'DAGS_FOLDER/orchestration.py', '--cfg-path', '/tmp/tmpdhwebg7f']
[2026-08-02T20:04:03.608+0000] {standard_task_runner.py:91} INFO - Job 18: Subtask loading
[2026-08-02T20:04:03.727+0000] {task_command.py:426} INFO - Running <TaskInstance: first_orchestrator.loading manual__2026-08-02T20:02:51.788162+00:00 [running]> on host 3f9c73410c8c
[2026-08-02T20:04:04.444+0000] {taskinstance.py:2648} INFO - Exporting env vars: AIRFLOW_CTX_DAG_OWNER='***' AIRFLOW_CTX_DAG_ID='first_orchestrator' AIRFLOW_CTX_TASK_ID='loading' AIRFLOW_CTX_EXECUTION_DATE='2026-08-02T20:02:51.788162+00:00' AIRFLOW_CTX_TRY_NUMBER='1' AIRFLOW_CTX_DAG_RUN_ID='manual__2026-08-02T20:02:51.788162+00:00'
[2026-08-02T20:04:04.447+0000] {taskinstance.py:430} INFO - ::endgroup::
[2026-08-02T20:04:04.533+0000] {external.py:63} INFO - Initializing external client
[2026-08-02T20:04:04.534+0000] {external.py:70} INFO - Base URL: https://eu-west.cloud.hopsworks.ai:443
[2026-08-02T20:04:09.190+0000] {python.py:138} INFO - Python Engine initialized.
[2026-08-02T20:04:11.628+0000] {logging_mixin.py:188} INFO - 
Logged in to project, explore it here https://eu-west.cloud.hopsworks.ai:443/p/41136
[2026-08-02T20:04:20.660+0000] {logging_mixin.py:188} WARNING - Uploading Dataframe: 0.00% |          | Rows 0/1 | Elapsed Time: 00:00 | Remaining Time: ?
[2026-08-02T20:04:22.318+0000] {logging_mixin.py:188} WARNING - Uploading Dataframe: 100.00% |##########| Rows 1/1 | Elapsed Time: 00:01 | Remaining Time: 00:00
[2026-08-02T20:04:22.321+0000] {logging_mixin.py:188} WARNING - Uploading Dataframe: 100.00% |##########| Rows 1/1 | Elapsed Time: 00:01 | Remaining Time: 00:00
[2026-08-02T20:04:23.444+0000] {logging_mixin.py:188} INFO - Launching job: aqi_features_1_offline_fg_materialization
[2026-08-02T20:04:29.450+0000] {logging_mixin.py:188} INFO - Job started successfully, you can follow the progress at 
https://eu-west.cloud.hopsworks.ai:443/p/41136/jobs/named/aqi_features_1_offline_fg_materialization/executions
[2026-08-02T20:04:29.451+0000] {logging_mixin.py:188} INFO - Inserted 1 record into 'aqi_features' feature group.
[2026-08-02T20:04:29.452+0000] {python.py:237} INFO - Done. Returned value was: None
[2026-08-02T20:04:29.454+0000] {taskinstance.py:441} INFO - ::group::Post task execution logs
[2026-08-02T20:04:29.474+0000] {taskinstance.py:1206} INFO - Marking task as SUCCESS. dag_id=first_orchestrator, task_id=loading, run_id=manual__2026-08-02T20:02:51.788162+00:00, execution_date=20260802T200251, start_date=20260802T200403, end_date=20260802T200429
[2026-08-02T20:04:29.605+0000] {local_task_job_runner.py:243} INFO - Task exited with return code 0
[2026-08-02T20:04:29.638+0000] {taskinstance.py:3503} INFO - 0 downstream tasks scheduled from follow-on schedule check
[2026-08-02T20:04:29.643+0000] {local_task_job_runner.py:222} INFO - ::endgroup::
