[2026-08-09T14:11:18.826+0000] {local_task_job_runner.py:120} INFO - ::group::Pre task execution logs
[2026-08-09T14:11:18.958+0000] {taskinstance.py:2076} INFO - Dependencies all met for dep_context=non-requeueable deps ti=<TaskInstance: feature_pipeline.loading manual__2026-08-09T14:09:05.122723+00:00 map_index=1 [queued]>
[2026-08-09T14:11:18.988+0000] {taskinstance.py:2076} INFO - Dependencies all met for dep_context=requeueable deps ti=<TaskInstance: feature_pipeline.loading manual__2026-08-09T14:09:05.122723+00:00 map_index=1 [queued]>
[2026-08-09T14:11:18.989+0000] {taskinstance.py:2306} INFO - Starting attempt 1 of 1
[2026-08-09T14:11:19.023+0000] {taskinstance.py:2330} INFO - Executing <Mapped(_PythonDecoratedOperator): loading> on 2026-08-09 14:09:05.122723+00:00
[2026-08-09T14:11:19.069+0000] {standard_task_runner.py:64} INFO - Started process 613 to run task
[2026-08-09T14:11:19.083+0000] {standard_task_runner.py:90} INFO - Running: ['***', 'tasks', 'run', 'feature_pipeline', 'loading', 'manual__2026-08-09T14:09:05.122723+00:00', '--job-id', '169', '--raw', '--subdir', 'DAGS_FOLDER/feature_pipeline_dag.py', '--cfg-path', '/tmp/tmpz7cahdam', '--map-index', '1']
[2026-08-09T14:11:19.092+0000] {standard_task_runner.py:91} INFO - Job 169: Subtask loading
[2026-08-09T14:11:19.770+0000] {task_command.py:426} INFO - Running <TaskInstance: feature_pipeline.loading manual__2026-08-09T14:09:05.122723+00:00 map_index=1 [running]> on host 5e2fdb1b3637
[2026-08-09T14:11:25.088+0000] {taskinstance.py:2648} INFO - Exporting env vars: AIRFLOW_CTX_DAG_OWNER='***' AIRFLOW_CTX_DAG_ID='feature_pipeline' AIRFLOW_CTX_TASK_ID='loading' AIRFLOW_CTX_EXECUTION_DATE='2026-08-09T14:09:05.122723+00:00' AIRFLOW_CTX_TRY_NUMBER='1' AIRFLOW_CTX_DAG_RUN_ID='manual__2026-08-09T14:09:05.122723+00:00'
[2026-08-09T14:11:25.092+0000] {taskinstance.py:430} INFO - ::endgroup::
[2026-08-09T14:11:26.334+0000] {external.py:63} INFO - Initializing external client
[2026-08-09T14:11:26.335+0000] {external.py:70} INFO - Base URL: https://eu-west.cloud.hopsworks.ai:443
[2026-08-09T14:11:32.131+0000] {python.py:138} INFO - Python Engine initialized.
[2026-08-09T14:11:34.054+0000] {logging_mixin.py:188} INFO - 
Logged in to project, explore it here https://eu-west.cloud.hopsworks.ai:443/p/41136
[2026-08-09T14:11:44.860+0000] {logging_mixin.py:188} WARNING - Uploading Dataframe: 0.00% |          | Rows 0/1 | Elapsed Time: 00:00 | Remaining Time: ?
[2026-08-09T14:11:47.053+0000] {logging_mixin.py:188} WARNING - Uploading Dataframe: 100.00% |##########| Rows 1/1 | Elapsed Time: 00:02 | Remaining Time: 00:00
[2026-08-09T14:11:47.056+0000] {logging_mixin.py:188} WARNING - Uploading Dataframe: 100.00% |##########| Rows 1/1 | Elapsed Time: 00:02 | Remaining Time: 00:00
[2026-08-09T14:11:48.573+0000] {logging_mixin.py:188} INFO - Launching job: aqi_features_1_offline_fg_materialization
[2026-08-09T14:12:05.553+0000] {logging_mixin.py:188} INFO - Job started successfully, you can follow the progress at 
https://eu-west.cloud.hopsworks.ai:443/p/41136/jobs/named/aqi_features_1_offline_fg_materialization/executions
[2026-08-09T14:12:05.554+0000] {logging_mixin.py:188} INFO - Inserted 1 record into 'aqi_features' feature group.
[2026-08-09T14:12:05.557+0000] {python.py:237} INFO - Done. Returned value was: None
[2026-08-09T14:12:05.561+0000] {taskinstance.py:441} INFO - ::group::Post task execution logs
[2026-08-09T14:12:05.621+0000] {taskinstance.py:1206} INFO - Marking task as SUCCESS. dag_id=feature_pipeline, task_id=loading, run_id=manual__2026-08-09T14:09:05.122723+00:00, map_index=1, execution_date=20260809T140905, start_date=20260809T141118, end_date=20260809T141205
[2026-08-09T14:12:05.780+0000] {local_task_job_runner.py:243} INFO - Task exited with return code 0
[2026-08-09T14:12:05.845+0000] {taskinstance.py:3503} INFO - 0 downstream tasks scheduled from follow-on schedule check
[2026-08-09T14:12:05.851+0000] {local_task_job_runner.py:222} INFO - ::endgroup::
