[2026-08-30T10:40:54.607+0000] {local_task_job_runner.py:120} INFO - ::group::Pre task execution logs
[2026-08-30T10:40:54.804+0000] {taskinstance.py:2076} INFO - Dependencies all met for dep_context=non-requeueable deps ti=<TaskInstance: feature_pipeline.transformation scheduled__2026-08-29T22:00:00+00:00 map_index=1 [queued]>
[2026-08-30T10:40:54.829+0000] {taskinstance.py:2076} INFO - Dependencies all met for dep_context=requeueable deps ti=<TaskInstance: feature_pipeline.transformation scheduled__2026-08-29T22:00:00+00:00 map_index=1 [queued]>
[2026-08-30T10:40:54.831+0000] {taskinstance.py:2306} INFO - Starting attempt 1 of 1
[2026-08-30T10:40:54.892+0000] {taskinstance.py:2330} INFO - Executing <Mapped(_PythonDecoratedOperator): transformation> on 2026-08-29 22:00:00+00:00
[2026-08-30T10:40:54.914+0000] {standard_task_runner.py:64} INFO - Started process 351 to run task
[2026-08-30T10:40:54.923+0000] {standard_task_runner.py:90} INFO - Running: ['***', 'tasks', 'run', 'feature_pipeline', 'transformation', 'scheduled__2026-08-29T22:00:00+00:00', '--job-id', '431', '--raw', '--subdir', 'DAGS_FOLDER/feature_pipeline_dag.py', '--cfg-path', '/tmp/tmpfyn8qry3', '--map-index', '1']
[2026-08-30T10:40:54.932+0000] {standard_task_runner.py:91} INFO - Job 431: Subtask transformation
[2026-08-30T10:40:55.091+0000] {task_command.py:426} INFO - Running <TaskInstance: feature_pipeline.transformation scheduled__2026-08-29T22:00:00+00:00 map_index=1 [running]> on host eb0d84ea74be
[2026-08-30T10:40:55.979+0000] {taskinstance.py:2648} INFO - Exporting env vars: AIRFLOW_CTX_DAG_OWNER='***' AIRFLOW_CTX_DAG_ID='feature_pipeline' AIRFLOW_CTX_TASK_ID='transformation' AIRFLOW_CTX_EXECUTION_DATE='2026-08-29T22:00:00+00:00' AIRFLOW_CTX_TRY_NUMBER='1' AIRFLOW_CTX_DAG_RUN_ID='scheduled__2026-08-29T22:00:00+00:00'
[2026-08-30T10:40:55.984+0000] {taskinstance.py:430} INFO - ::endgroup::
[2026-08-30T10:40:56.114+0000] {external.py:63} INFO - Initializing external client
[2026-08-30T10:40:56.115+0000] {external.py:70} INFO - Base URL: https://eu-west.cloud.hopsworks.ai:443
[2026-08-30T10:41:01.591+0000] {python.py:140} INFO - Python Engine initialized.
[2026-08-30T10:41:03.905+0000] {logging_mixin.py:188} INFO - 
Logged in to project, explore it here https://eu-west.cloud.hopsworks.ai:443/p/41136
[2026-08-30T10:41:16.428+0000] {logging_mixin.py:188} INFO - Reading data from Hopsworks, using Hopsworks Feature Query Service.   Reading data from Hopsworks, using Hopsworks Feature Query Service..   Reading data from Hopsworks, using Hopsworks Feature Query Service...   Reading data from Hopsworks, using Hopsworks Feature Query Service   Reading data from Hopsworks, using Hopsworks Feature Query Service.   Reading data from Hopsworks, using Hopsworks Feature Query Service..   Reading data from Hopsworks, using Hopsworks Feature Query Service...   Reading data from Hopsworks, using Hopsworks Feature Query Service   Reading data from Hopsworks, using Hopsworks Feature Query Service.   Reading data from Hopsworks, using Hopsworks Feature Query Service..   Reading data from Hopsworks, using Hopsworks Feature Query Service...   Reading data from Hopsworks, using Hopsworks Feature Query Service   Reading data from Hopsworks, using Hopsworks Feature Query Service.   Reading data from Hopsworks, using Hopsworks Feature Query Service..   Reading data from Hopsworks, using Hopsworks Feature Query Service...   Reading data from Hopsworks, using Hopsworks Feature Query Service   Reading data from Hopsworks, using Hopsworks Feature Query Service.   Finished: Reading data from Hopsworks, using Hopsworks Feature Query Service (6.09s) 
[2026-08-30T10:41:16.502+0000] {python.py:237} INFO - Done. Returned value was: {'city': 'islamabad', 'timestamp': '2026-08-30T10:39:45.744975+00:00', 'temperature': 37.14, 'humidity': 44, 'wind_speed': 2.02, 'aqi': 154, 'pm25': 154, 'pm10': 0, 'hour': 10, 'day': 30, 'month': 8, 'is_weekend': True, 'aqi_yesterday': 154, 'aqi_change_rate': 0.0, 'rolling_average_aqi': 123.375}
[2026-08-30T10:41:16.505+0000] {taskinstance.py:441} INFO - ::group::Post task execution logs
[2026-08-30T10:41:16.610+0000] {taskinstance.py:1206} INFO - Marking task as SUCCESS. dag_id=feature_pipeline, task_id=transformation, run_id=scheduled__2026-08-29T22:00:00+00:00, map_index=1, execution_date=20260829T220000, start_date=20260830T104054, end_date=20260830T104116
[2026-08-30T10:41:16.831+0000] {local_task_job_runner.py:243} INFO - Task exited with return code 0
[2026-08-30T10:41:16.857+0000] {local_task_job_runner.py:222} INFO - ::endgroup::
