[2026-08-09T14:11:18.824+0000] {local_task_job_runner.py:120} INFO - ::group::Pre task execution logs
[2026-08-09T14:11:18.959+0000] {taskinstance.py:2076} INFO - Dependencies all met for dep_context=non-requeueable deps ti=<TaskInstance: feature_pipeline.loading manual__2026-08-09T14:09:05.122723+00:00 map_index=3 [queued]>
[2026-08-09T14:11:18.984+0000] {taskinstance.py:2076} INFO - Dependencies all met for dep_context=requeueable deps ti=<TaskInstance: feature_pipeline.loading manual__2026-08-09T14:09:05.122723+00:00 map_index=3 [queued]>
[2026-08-09T14:11:18.988+0000] {taskinstance.py:2306} INFO - Starting attempt 1 of 1
[2026-08-09T14:11:19.027+0000] {taskinstance.py:2330} INFO - Executing <Mapped(_PythonDecoratedOperator): loading> on 2026-08-09 14:09:05.122723+00:00
[2026-08-09T14:11:19.061+0000] {standard_task_runner.py:64} INFO - Started process 611 to run task
[2026-08-09T14:11:19.074+0000] {standard_task_runner.py:90} INFO - Running: ['***', 'tasks', 'run', 'feature_pipeline', 'loading', 'manual__2026-08-09T14:09:05.122723+00:00', '--job-id', '168', '--raw', '--subdir', 'DAGS_FOLDER/feature_pipeline_dag.py', '--cfg-path', '/tmp/tmp7g7yrcyf', '--map-index', '3']
[2026-08-09T14:11:19.084+0000] {standard_task_runner.py:91} INFO - Job 168: Subtask loading
[2026-08-09T14:11:19.631+0000] {task_command.py:426} INFO - Running <TaskInstance: feature_pipeline.loading manual__2026-08-09T14:09:05.122723+00:00 map_index=3 [running]> on host 5e2fdb1b3637
[2026-08-09T14:11:24.896+0000] {taskinstance.py:2648} INFO - Exporting env vars: AIRFLOW_CTX_DAG_OWNER='***' AIRFLOW_CTX_DAG_ID='feature_pipeline' AIRFLOW_CTX_TASK_ID='loading' AIRFLOW_CTX_EXECUTION_DATE='2026-08-09T14:09:05.122723+00:00' AIRFLOW_CTX_TRY_NUMBER='1' AIRFLOW_CTX_DAG_RUN_ID='manual__2026-08-09T14:09:05.122723+00:00'
[2026-08-09T14:11:24.914+0000] {taskinstance.py:430} INFO - ::endgroup::
[2026-08-09T14:11:26.335+0000] {external.py:63} INFO - Initializing external client
[2026-08-09T14:11:26.336+0000] {external.py:70} INFO - Base URL: https://eu-west.cloud.hopsworks.ai:443
[2026-08-09T14:11:32.130+0000] {python.py:138} INFO - Python Engine initialized.
[2026-08-09T14:11:34.055+0000] {logging_mixin.py:188} INFO - 
Logged in to project, explore it here https://eu-west.cloud.hopsworks.ai:443/p/41136
[2026-08-09T14:11:44.860+0000] {logging_mixin.py:188} WARNING - Uploading Dataframe: 0.00% |          | Rows 0/1 | Elapsed Time: 00:00 | Remaining Time: ?
[2026-08-09T14:11:47.048+0000] {logging_mixin.py:188} WARNING - Uploading Dataframe: 100.00% |##########| Rows 1/1 | Elapsed Time: 00:02 | Remaining Time: 00:00
[2026-08-09T14:11:47.051+0000] {logging_mixin.py:188} WARNING - Uploading Dataframe: 100.00% |##########| Rows 1/1 | Elapsed Time: 00:02 | Remaining Time: 00:00
[2026-08-09T14:11:48.716+0000] {logging_mixin.py:188} INFO - Launching job: aqi_features_1_offline_fg_materialization
[2026-08-09T14:11:55.068+0000] {logging_mixin.py:188} INFO - Job started successfully, you can follow the progress at 
https://eu-west.cloud.hopsworks.ai:443/p/41136/jobs/named/aqi_features_1_offline_fg_materialization/executions
[2026-08-09T14:11:55.069+0000] {logging_mixin.py:188} INFO - Inserted 1 record into 'aqi_features' feature group.
[2026-08-09T14:11:55.071+0000] {python.py:237} INFO - Done. Returned value was: None
[2026-08-09T14:11:55.072+0000] {taskinstance.py:441} INFO - ::group::Post task execution logs
[2026-08-09T14:11:55.095+0000] {taskinstance.py:1206} INFO - Marking task as SUCCESS. dag_id=feature_pipeline, task_id=loading, run_id=manual__2026-08-09T14:09:05.122723+00:00, map_index=3, execution_date=20260809T140905, start_date=20260809T141118, end_date=20260809T141155
[2026-08-09T14:11:55.243+0000] {local_task_job_runner.py:243} INFO - Task exited with return code 0
[2026-08-09T14:11:55.286+0000] {taskinstance.py:3503} INFO - 0 downstream tasks scheduled from follow-on schedule check
[2026-08-09T14:11:55.292+0000] {local_task_job_runner.py:222} INFO - ::endgroup::
