[2026-08-30T10:50:34.794+0000] {local_task_job_runner.py:120} INFO - ::group::Pre task execution logs
[2026-08-30T10:50:34.908+0000] {taskinstance.py:2076} INFO - Dependencies all met for dep_context=non-requeueable deps ti=<TaskInstance: feature_pipeline.loading manual__2026-08-30T10:47:33.886936+00:00 map_index=2 [queued]>
[2026-08-30T10:50:34.935+0000] {taskinstance.py:2076} INFO - Dependencies all met for dep_context=requeueable deps ti=<TaskInstance: feature_pipeline.loading manual__2026-08-30T10:47:33.886936+00:00 map_index=2 [queued]>
[2026-08-30T10:50:34.936+0000] {taskinstance.py:2306} INFO - Starting attempt 1 of 1
[2026-08-30T10:50:34.961+0000] {taskinstance.py:2330} INFO - Executing <Mapped(_PythonDecoratedOperator): loading> on 2026-08-30 10:47:33.886936+00:00
[2026-08-30T10:50:34.989+0000] {standard_task_runner.py:64} INFO - Started process 1420 to run task
[2026-08-30T10:50:34.996+0000] {standard_task_runner.py:90} INFO - Running: ['***', 'tasks', 'run', 'feature_pipeline', 'loading', 'manual__2026-08-30T10:47:33.886936+00:00', '--job-id', '453', '--raw', '--subdir', 'DAGS_FOLDER/feature_pipeline_dag.py', '--cfg-path', '/tmp/tmp8hjt5ul3', '--map-index', '2']
[2026-08-30T10:50:35.002+0000] {standard_task_runner.py:91} INFO - Job 453: Subtask loading
[2026-08-30T10:50:36.125+0000] {task_command.py:426} INFO - Running <TaskInstance: feature_pipeline.loading manual__2026-08-30T10:47:33.886936+00:00 map_index=2 [running]> on host eb0d84ea74be
[2026-08-30T10:50:33.990+0000] {taskinstance.py:2648} INFO - Exporting env vars: AIRFLOW_CTX_DAG_OWNER='***' AIRFLOW_CTX_DAG_ID='feature_pipeline' AIRFLOW_CTX_TASK_ID='loading' AIRFLOW_CTX_EXECUTION_DATE='2026-08-30T10:47:33.886936+00:00' AIRFLOW_CTX_TRY_NUMBER='1' AIRFLOW_CTX_DAG_RUN_ID='manual__2026-08-30T10:47:33.886936+00:00'
[2026-08-30T10:50:33.995+0000] {taskinstance.py:430} INFO - ::endgroup::
[2026-08-30T10:50:34.157+0000] {external.py:63} INFO - Initializing external client
[2026-08-30T10:50:34.158+0000] {external.py:70} INFO - Base URL: https://eu-west.cloud.hopsworks.ai:443
[2026-08-30T10:50:38.284+0000] {python.py:140} INFO - Python Engine initialized.
[2026-08-30T10:50:40.282+0000] {logging_mixin.py:188} INFO - 
Logged in to project, explore it here https://eu-west.cloud.hopsworks.ai:443/p/41136
[2026-08-30T10:50:49.508+0000] {logging_mixin.py:188} WARNING - Uploading Dataframe: 0.00% |          | Rows 0/1 | Elapsed Time: 00:00 | Remaining Time: ?
[2026-08-30T10:50:52.765+0000] {logging_mixin.py:188} WARNING - Uploading Dataframe: 100.00% |##########| Rows 1/1 | Elapsed Time: 00:03 | Remaining Time: 00:00
[2026-08-30T10:50:52.770+0000] {logging_mixin.py:188} WARNING - Uploading Dataframe: 100.00% |##########| Rows 1/1 | Elapsed Time: 00:03 | Remaining Time: 00:00
[2026-08-30T10:50:53.710+0000] {logging_mixin.py:188} INFO - Launching job: aqi_features_1_offline_fg_materialization
[2026-08-30T10:51:00.308+0000] {logging_mixin.py:188} INFO - Job started successfully, you can follow the progress at 
https://eu-west.cloud.hopsworks.ai:443/p/41136/jobs/named/aqi_features_1_offline_fg_materialization/executions
[2026-08-30T10:51:00.310+0000] {logging_mixin.py:188} INFO - Inserted 1 record into 'aqi_features' feature group.
[2026-08-30T10:51:00.312+0000] {python.py:237} INFO - Done. Returned value was: None
[2026-08-30T10:51:00.314+0000] {taskinstance.py:441} INFO - ::group::Post task execution logs
[2026-08-30T10:51:00.345+0000] {taskinstance.py:1206} INFO - Marking task as SUCCESS. dag_id=feature_pipeline, task_id=loading, run_id=manual__2026-08-30T10:47:33.886936+00:00, map_index=2, execution_date=20260830T104733, start_date=20260830T105034, end_date=20260830T105100
[2026-08-30T10:51:00.514+0000] {local_task_job_runner.py:243} INFO - Task exited with return code 0
[2026-08-30T10:51:00.571+0000] {taskinstance.py:3503} INFO - 0 downstream tasks scheduled from follow-on schedule check
[2026-08-30T10:51:00.577+0000] {local_task_job_runner.py:222} INFO - ::endgroup::
