[2026-08-30T10:43:45.790+0000] {local_task_job_runner.py:120} INFO - ::group::Pre task execution logs
[2026-08-30T10:43:45.880+0000] {taskinstance.py:2076} INFO - Dependencies all met for dep_context=non-requeueable deps ti=<TaskInstance: feature_pipeline.loading scheduled__2026-08-29T22:00:00+00:00 map_index=2 [queued]>
[2026-08-30T10:43:45.907+0000] {taskinstance.py:2076} INFO - Dependencies all met for dep_context=requeueable deps ti=<TaskInstance: feature_pipeline.loading scheduled__2026-08-29T22:00:00+00:00 map_index=2 [queued]>
[2026-08-30T10:43:45.909+0000] {taskinstance.py:2306} INFO - Starting attempt 1 of 1
[2026-08-30T10:43:45.948+0000] {taskinstance.py:2330} INFO - Executing <Mapped(_PythonDecoratedOperator): loading> on 2026-08-29 22:00:00+00:00
[2026-08-30T10:43:45.996+0000] {standard_task_runner.py:64} INFO - Started process 725 to run task
[2026-08-30T10:43:46.006+0000] {standard_task_runner.py:90} INFO - Running: ['***', 'tasks', 'run', 'feature_pipeline', 'loading', 'scheduled__2026-08-29T22:00:00+00:00', '--job-id', '439', '--raw', '--subdir', 'DAGS_FOLDER/feature_pipeline_dag.py', '--cfg-path', '/tmp/tmpo93bsn9l', '--map-index', '2']
[2026-08-30T10:43:46.012+0000] {standard_task_runner.py:91} INFO - Job 439: Subtask loading
[2026-08-30T10:43:46.156+0000] {task_command.py:426} INFO - Running <TaskInstance: feature_pipeline.loading scheduled__2026-08-29T22:00:00+00:00 map_index=2 [running]> on host eb0d84ea74be
[2026-08-30T10:43:46.790+0000] {taskinstance.py:2648} INFO - Exporting env vars: AIRFLOW_CTX_DAG_OWNER='***' AIRFLOW_CTX_DAG_ID='feature_pipeline' AIRFLOW_CTX_TASK_ID='loading' AIRFLOW_CTX_EXECUTION_DATE='2026-08-29T22:00:00+00:00' AIRFLOW_CTX_TRY_NUMBER='1' AIRFLOW_CTX_DAG_RUN_ID='scheduled__2026-08-29T22:00:00+00:00'
[2026-08-30T10:43:46.792+0000] {taskinstance.py:430} INFO - ::endgroup::
[2026-08-30T10:43:46.897+0000] {external.py:63} INFO - Initializing external client
[2026-08-30T10:43:46.898+0000] {external.py:70} INFO - Base URL: https://eu-west.cloud.hopsworks.ai:443
[2026-08-30T10:43:50.931+0000] {python.py:140} INFO - Python Engine initialized.
[2026-08-30T10:43:52.483+0000] {logging_mixin.py:188} INFO - 
Logged in to project, explore it here https://eu-west.cloud.hopsworks.ai:443/p/41136
[2026-08-30T10:44:00.959+0000] {logging_mixin.py:188} WARNING - Uploading Dataframe: 0.00% |          | Rows 0/1 | Elapsed Time: 00:00 | Remaining Time: ?
[2026-08-30T10:44:02.805+0000] {logging_mixin.py:188} WARNING - Uploading Dataframe: 100.00% |##########| Rows 1/1 | Elapsed Time: 00:01 | Remaining Time: 00:00
[2026-08-30T10:44:02.808+0000] {logging_mixin.py:188} WARNING - Uploading Dataframe: 100.00% |##########| Rows 1/1 | Elapsed Time: 00:01 | Remaining Time: 00:00
[2026-08-30T10:44:03.943+0000] {logging_mixin.py:188} WARNING - /home/***/.local/lib/python3.11/site-packages/hopsworks_common/job.py:249 UserWarning: Materialization job is already running, aborting new execution.Please wait for the current execution to finish before triggering a new one.You can check the status of the current execution using `fg.materialization_job.get_state()`.or `fg.materialization_job.get_final_state()` or check it out in the Hopsworks UI.at https://eu-west.cloud.hopsworks.ai:443/p/41136/jobs/named/aqi_features_1_offline_fg_materialization.
Use fg.materialization_job.run(args=-op offline_fg_materialization -path hdfs:///Projects/aqi_predictor_2026_7x9k/Resources/jobs/aqi_features_1_offline_fg_materialization/config_1785673201041) to trigger the materialization job again.
[2026-08-30T10:44:03.945+0000] {logging_mixin.py:188} INFO - Inserted 1 record into 'aqi_features' feature group.
[2026-08-30T10:44:03.947+0000] {python.py:237} INFO - Done. Returned value was: None
[2026-08-30T10:44:03.948+0000] {taskinstance.py:441} INFO - ::group::Post task execution logs
[2026-08-30T10:44:03.972+0000] {taskinstance.py:1206} INFO - Marking task as SUCCESS. dag_id=feature_pipeline, task_id=loading, run_id=scheduled__2026-08-29T22:00:00+00:00, map_index=2, execution_date=20260829T220000, start_date=20260830T104345, end_date=20260830T104403
[2026-08-30T10:44:04.140+0000] {local_task_job_runner.py:243} INFO - Task exited with return code 0
[2026-08-30T10:44:04.176+0000] {taskinstance.py:3503} INFO - 0 downstream tasks scheduled from follow-on schedule check
[2026-08-30T10:44:04.181+0000] {local_task_job_runner.py:222} INFO - ::endgroup::
