[2026-08-09T14:17:10.647+0000] {local_task_job_runner.py:120} INFO - ::group::Pre task execution logs
[2026-08-09T14:17:10.829+0000] {taskinstance.py:2076} INFO - Dependencies all met for dep_context=non-requeueable deps ti=<TaskInstance: feature_pipeline.transformation manual__2026-08-09T14:15:32.743756+00:00 map_index=2 [queued]>
[2026-08-09T14:17:10.873+0000] {taskinstance.py:2076} INFO - Dependencies all met for dep_context=requeueable deps ti=<TaskInstance: feature_pipeline.transformation manual__2026-08-09T14:15:32.743756+00:00 map_index=2 [queued]>
[2026-08-09T14:17:10.875+0000] {taskinstance.py:2306} INFO - Starting attempt 1 of 1
[2026-08-09T14:17:10.949+0000] {taskinstance.py:2330} INFO - Executing <Mapped(_PythonDecoratedOperator): transformation> on 2026-08-09 14:15:32.743756+00:00
[2026-08-09T14:17:10.967+0000] {standard_task_runner.py:64} INFO - Started process 949 to run task
[2026-08-09T14:17:10.976+0000] {standard_task_runner.py:90} INFO - Running: ['***', 'tasks', 'run', 'feature_pipeline', 'transformation', 'manual__2026-08-09T14:15:32.743756+00:00', '--job-id', '175', '--raw', '--subdir', 'DAGS_FOLDER/feature_pipeline_dag.py', '--cfg-path', '/tmp/tmpke04ouvm', '--map-index', '2']
[2026-08-09T14:17:10.983+0000] {standard_task_runner.py:91} INFO - Job 175: Subtask transformation
[2026-08-09T14:17:11.137+0000] {task_command.py:426} INFO - Running <TaskInstance: feature_pipeline.transformation manual__2026-08-09T14:15:32.743756+00:00 map_index=2 [running]> on host 5e2fdb1b3637
[2026-08-09T14:17:12.359+0000] {taskinstance.py:2648} INFO - Exporting env vars: AIRFLOW_CTX_DAG_OWNER='***' AIRFLOW_CTX_DAG_ID='feature_pipeline' AIRFLOW_CTX_TASK_ID='transformation' AIRFLOW_CTX_EXECUTION_DATE='2026-08-09T14:15:32.743756+00:00' AIRFLOW_CTX_TRY_NUMBER='1' AIRFLOW_CTX_DAG_RUN_ID='manual__2026-08-09T14:15:32.743756+00:00'
[2026-08-09T14:17:12.361+0000] {taskinstance.py:430} INFO - ::endgroup::
[2026-08-09T14:17:12.979+0000] {external.py:63} INFO - Initializing external client
[2026-08-09T14:17:12.980+0000] {external.py:70} INFO - Base URL: https://eu-west.cloud.hopsworks.ai:443
[2026-08-09T14:17:23.485+0000] {python.py:138} INFO - Python Engine initialized.
[2026-08-09T14:17:25.503+0000] {logging_mixin.py:188} INFO - 
Logged in to project, explore it here https://eu-west.cloud.hopsworks.ai:443/p/41136
[2026-08-09T14:17:39.708+0000] {logging_mixin.py:188} INFO - Reading data from Hopsworks, using Hopsworks Feature Query Service.   Reading data from Hopsworks, using Hopsworks Feature Query Service..   Reading data from Hopsworks, using Hopsworks Feature Query Service...   Reading data from Hopsworks, using Hopsworks Feature Query Service   Reading data from Hopsworks, using Hopsworks Feature Query Service.   Reading data from Hopsworks, using Hopsworks Feature Query Service..   Reading data from Hopsworks, using Hopsworks Feature Query Service...   Reading data from Hopsworks, using Hopsworks Feature Query Service   Reading data from Hopsworks, using Hopsworks Feature Query Service.   Reading data from Hopsworks, using Hopsworks Feature Query Service..   Reading data from Hopsworks, using Hopsworks Feature Query Service...   Reading data from Hopsworks, using Hopsworks Feature Query Service   Reading data from Hopsworks, using Hopsworks Feature Query Service.   Reading data from Hopsworks, using Hopsworks Feature Query Service..   Reading data from Hopsworks, using Hopsworks Feature Query Service...   Reading data from Hopsworks, using Hopsworks Feature Query Service   Reading data from Hopsworks, using Hopsworks Feature Query Service.   Finished: Reading data from Hopsworks, using Hopsworks Feature Query Service (8.21s) 
[2026-08-09T14:17:41.072+0000] {python.py:237} INFO - Done. Returned value was: {'city': 'karachi', 'timestamp': '2026-08-09T14:17:01.532552+00:00', 'temperature': 28.22, 'humidity': 73, 'wind_speed': 7.08, 'aqi': 161, 'pm25': 161, 'pm10': 0, 'hour': 14, 'day': 9, 'month': 8, 'is_weekend': True, 'aqi_yesterday': 91, 'aqi_change_rate': 0.0, 'rolling_average_aqi': 101.08333333333333}
[2026-08-09T14:17:41.118+0000] {taskinstance.py:441} INFO - ::group::Post task execution logs
[2026-08-09T14:17:41.266+0000] {taskinstance.py:1206} INFO - Marking task as SUCCESS. dag_id=feature_pipeline, task_id=transformation, run_id=manual__2026-08-09T14:15:32.743756+00:00, map_index=2, execution_date=20260809T141532, start_date=20260809T141710, end_date=20260809T141741
[2026-08-09T14:17:41.470+0000] {local_task_job_runner.py:243} INFO - Task exited with return code 0
[2026-08-09T14:17:41.537+0000] {taskinstance.py:3503} INFO - 0 downstream tasks scheduled from follow-on schedule check
[2026-08-09T14:17:41.555+0000] {local_task_job_runner.py:222} INFO - ::endgroup::
