[2026-08-09T14:02:05.199+0000] {local_task_job_runner.py:120} INFO - ::group::Pre task execution logs
[2026-08-09T14:02:05.552+0000] {taskinstance.py:2076} INFO - Dependencies all met for dep_context=non-requeueable deps ti=<TaskInstance: feature_pipeline.loading scheduled__2026-08-09T13:00:00+00:00 map_index=3 [queued]>
[2026-08-09T14:02:05.595+0000] {taskinstance.py:2076} INFO - Dependencies all met for dep_context=requeueable deps ti=<TaskInstance: feature_pipeline.loading scheduled__2026-08-09T13:00:00+00:00 map_index=3 [queued]>
[2026-08-09T14:02:05.597+0000] {taskinstance.py:2306} INFO - Starting attempt 1 of 1
[2026-08-09T14:02:05.732+0000] {taskinstance.py:2330} INFO - Executing <Mapped(_PythonDecoratedOperator): loading> on 2026-08-09 13:00:00+00:00
[2026-08-09T14:02:05.793+0000] {standard_task_runner.py:64} INFO - Started process 429 to run task
[2026-08-09T14:02:05.817+0000] {standard_task_runner.py:90} INFO - Running: ['***', 'tasks', 'run', 'feature_pipeline', 'loading', 'scheduled__2026-08-09T13:00:00+00:00', '--job-id', '157', '--raw', '--subdir', 'DAGS_FOLDER/feature_pipeline_dag.py', '--cfg-path', '/tmp/tmp_p738uw7', '--map-index', '3']
[2026-08-09T14:02:05.854+0000] {standard_task_runner.py:91} INFO - Job 157: Subtask loading
[2026-08-09T14:02:06.329+0000] {task_command.py:426} INFO - Running <TaskInstance: feature_pipeline.loading scheduled__2026-08-09T13:00:00+00:00 map_index=3 [running]> on host 1ecc8c403171
[2026-08-09T14:02:08.986+0000] {taskinstance.py:2648} INFO - Exporting env vars: AIRFLOW_CTX_DAG_OWNER='***' AIRFLOW_CTX_DAG_ID='feature_pipeline' AIRFLOW_CTX_TASK_ID='loading' AIRFLOW_CTX_EXECUTION_DATE='2026-08-09T13:00:00+00:00' AIRFLOW_CTX_TRY_NUMBER='1' AIRFLOW_CTX_DAG_RUN_ID='scheduled__2026-08-09T13:00:00+00:00'
[2026-08-09T14:02:08.996+0000] {taskinstance.py:430} INFO - ::endgroup::
[2026-08-09T14:02:09.141+0000] {external.py:63} INFO - Initializing external client
[2026-08-09T14:02:09.142+0000] {external.py:70} INFO - Base URL: https://eu-west.cloud.hopsworks.ai:443
[2026-08-09T14:02:14.055+0000] {python.py:138} INFO - Python Engine initialized.
[2026-08-09T14:02:16.104+0000] {logging_mixin.py:188} INFO - 
Logged in to project, explore it here https://eu-west.cloud.hopsworks.ai:443/p/41136
[2026-08-09T14:02:37.221+0000] {logging_mixin.py:188} WARNING - Uploading Dataframe: 0.00% |          | Rows 0/1 | Elapsed Time: 00:00 | Remaining Time: ?
[2026-08-09T14:02:38.865+0000] {logging_mixin.py:188} WARNING - Uploading Dataframe: 100.00% |##########| Rows 1/1 | Elapsed Time: 00:01 | Remaining Time: 00:00
[2026-08-09T14:02:38.869+0000] {logging_mixin.py:188} WARNING - Uploading Dataframe: 100.00% |##########| Rows 1/1 | Elapsed Time: 00:01 | Remaining Time: 00:00
[2026-08-09T14:02:39.845+0000] {logging_mixin.py:188} INFO - Launching job: aqi_features_1_offline_fg_materialization
[2026-08-09T14:03:03.356+0000] {logging_mixin.py:188} INFO - Job started successfully, you can follow the progress at 
https://eu-west.cloud.hopsworks.ai:443/p/41136/jobs/named/aqi_features_1_offline_fg_materialization/executions
[2026-08-09T14:03:03.357+0000] {logging_mixin.py:188} INFO - Inserted 1 record into 'aqi_features' feature group.
[2026-08-09T14:03:03.359+0000] {python.py:237} INFO - Done. Returned value was: None
[2026-08-09T14:03:03.364+0000] {taskinstance.py:441} INFO - ::group::Post task execution logs
[2026-08-09T14:03:03.400+0000] {taskinstance.py:1206} INFO - Marking task as SUCCESS. dag_id=feature_pipeline, task_id=loading, run_id=scheduled__2026-08-09T13:00:00+00:00, map_index=3, execution_date=20260809T130000, start_date=20260809T140205, end_date=20260809T140303
[2026-08-09T14:03:03.549+0000] {local_task_job_runner.py:243} INFO - Task exited with return code 0
[2026-08-09T14:03:03.591+0000] {local_task_job_runner.py:222} INFO - ::endgroup::
