[2026-08-26T19:20:00.630+0000] {local_task_job_runner.py:120} INFO - ::group::Pre task execution logs
[2026-08-26T19:20:00.920+0000] {taskinstance.py:2076} INFO - Dependencies all met for dep_context=non-requeueable deps ti=<TaskInstance: feature_pipeline.transformation manual__2026-08-26T19:19:05.393869+00:00 map_index=2 [queued]>
[2026-08-26T19:20:00.936+0000] {taskinstance.py:2076} INFO - Dependencies all met for dep_context=requeueable deps ti=<TaskInstance: feature_pipeline.transformation manual__2026-08-26T19:19:05.393869+00:00 map_index=2 [queued]>
[2026-08-26T19:20:00.937+0000] {taskinstance.py:2306} INFO - Starting attempt 1 of 1
[2026-08-26T19:20:01.623+0000] {taskinstance.py:2330} INFO - Executing <Mapped(_PythonDecoratedOperator): transformation> on 2026-08-26 19:19:05.393869+00:00
[2026-08-26T19:20:02.503+0000] {standard_task_runner.py:64} INFO - Started process 1630 to run task
[2026-08-26T19:20:02.513+0000] {standard_task_runner.py:90} INFO - Running: ['***', 'tasks', 'run', 'feature_pipeline', 'transformation', 'manual__2026-08-26T19:19:05.393869+00:00', '--job-id', '307', '--raw', '--subdir', 'DAGS_FOLDER/feature_pipeline_dag.py', '--cfg-path', '/tmp/tmpxdkudljl', '--map-index', '2']
[2026-08-26T19:20:02.522+0000] {standard_task_runner.py:91} INFO - Job 307: Subtask transformation
[2026-08-26T19:20:10.333+0000] {task_command.py:426} INFO - Running <TaskInstance: feature_pipeline.transformation manual__2026-08-26T19:19:05.393869+00:00 map_index=2 [running]> on host 7b0f76ea354d
[2026-08-26T19:20:31.131+0000] {taskinstance.py:2648} INFO - Exporting env vars: AIRFLOW_CTX_DAG_OWNER='***' AIRFLOW_CTX_DAG_ID='feature_pipeline' AIRFLOW_CTX_TASK_ID='transformation' AIRFLOW_CTX_EXECUTION_DATE='2026-08-26T19:19:05.393869+00:00' AIRFLOW_CTX_TRY_NUMBER='1' AIRFLOW_CTX_DAG_RUN_ID='manual__2026-08-26T19:19:05.393869+00:00'
[2026-08-26T19:20:31.151+0000] {taskinstance.py:430} INFO - ::endgroup::
[2026-08-26T19:20:33.462+0000] {external.py:63} INFO - Initializing external client
[2026-08-26T19:20:33.464+0000] {external.py:70} INFO - Base URL: https://eu-west.cloud.hopsworks.ai:443
[2026-08-26T19:21:56.183+0000] {python.py:138} INFO - Python Engine initialized.
[2026-08-26T19:21:58.173+0000] {logging_mixin.py:188} INFO - 
Logged in to project, explore it here https://eu-west.cloud.hopsworks.ai:443/p/41136
[2026-08-26T19:22:03.372+0000] {local_task_job_runner.py:313} WARNING - State of this instance has been externally set to None. Terminating instance.
[2026-08-26T19:22:03.374+0000] {local_task_job_runner.py:222} INFO - ::endgroup::
[2026-08-26T19:22:03.610+0000] {process_utils.py:132} INFO - Sending 15 to group 1630. PIDs of all processes in the group: [1630]
[2026-08-26T19:22:03.612+0000] {process_utils.py:87} INFO - Sending the signal 15 to group 1630
[2026-08-26T19:22:03.877+0000] {taskinstance.py:2611} ERROR - Received SIGTERM. Terminating subprocesses.
[2026-08-26T19:22:04.378+0000] {logging_mixin.py:188} INFO - Reading data from Hopsworks, using Hopsworks Feature Query Service.   Reading data from Hopsworks, using Hopsworks Feature Query Service..   Error: Reading data from Hopsworks, using Hopsworks Feature Query Service           
[2026-08-26T19:22:04.379+0000] {taskinstance.py:441} INFO - ::group::Post task execution logs
[2026-08-26T19:22:05.198+0000] {taskinstance.py:2905} ERROR - Task failed with exception
Traceback (most recent call last):
  File "/home/airflow/.local/lib/python3.11/site-packages/airflow/models/taskinstance.py", line 465, in _execute_task
    result = _execute_callable(context=context, **execute_callable_kwargs)
             ^^^^^^^^^^^^^^^^^^^^^^^^^^^^^^^^^^^^^^^^^^^^^^^^^^^^^^^^^^^^^
  File "/home/airflow/.local/lib/python3.11/site-packages/airflow/models/taskinstance.py", line 432, in _execute_callable
    return execute_callable(context=context, **execute_callable_kwargs)
           ^^^^^^^^^^^^^^^^^^^^^^^^^^^^^^^^^^^^^^^^^^^^^^^^^^^^^^^^^^^^
  File "/home/airflow/.local/lib/python3.11/site-packages/airflow/models/baseoperator.py", line 401, in wrapper
    return func(self, *args, **kwargs)
           ^^^^^^^^^^^^^^^^^^^^^^^^^^^
  File "/home/airflow/.local/lib/python3.11/site-packages/airflow/decorators/base.py", line 265, in execute
    return_value = super().execute(context)
                   ^^^^^^^^^^^^^^^^^^^^^^^^
  File "/home/airflow/.local/lib/python3.11/site-packages/airflow/models/baseoperator.py", line 401, in wrapper
    return func(self, *args, **kwargs)
           ^^^^^^^^^^^^^^^^^^^^^^^^^^^
  File "/home/airflow/.local/lib/python3.11/site-packages/airflow/operators/python.py", line 235, in execute
    return_value = self.execute_callable()
                   ^^^^^^^^^^^^^^^^^^^^^^^
  File "/home/airflow/.local/lib/python3.11/site-packages/airflow/operators/python.py", line 252, in execute_callable
    return self.python_callable(*self.op_args, **self.op_kwargs)
           ^^^^^^^^^^^^^^^^^^^^^^^^^^^^^^^^^^^^^^^^^^^^^^^^^^^^^
  File "/opt/airflow/dags/feature_pipeline_dag.py", line 63, in transformation
    query.read()
  File "/home/airflow/.local/lib/python3.11/site-packages/hsfs/constructor/query.py", line 360, in read
    return engine._get_instance()._sql(
           ^^^^^^^^^^^^^^^^^^^^^^^^^^^^
  File "/home/airflow/.local/lib/python3.11/site-packages/hsfs/engine/python.py", line 150, in _sql
    return self._sql_offline(
           ^^^^^^^^^^^^^^^^^^
  File "/home/airflow/.local/lib/python3.11/site-packages/hsfs/engine/python.py", line 300, in _sql_offline
    result_df = util._run_with_loading_animation(
                ^^^^^^^^^^^^^^^^^^^^^^^^^^^^^^^^^
  File "/home/airflow/.local/lib/python3.11/site-packages/hopsworks_common/util.py", line 430, in _run_with_loading_animation
    result = func(*args, **kwargs)
             ^^^^^^^^^^^^^^^^^^^^^
  File "/home/airflow/.local/lib/python3.11/site-packages/hsfs/core/arrow_flight_client.py", line 433, in afs_error_handler_wrapper
    return func(instance, *args, **kw)
           ^^^^^^^^^^^^^^^^^^^^^^^^^^^
  File "/home/airflow/.local/lib/python3.11/site-packages/hsfs/core/arrow_flight_client.py", line 505, in _read_query
    return self._get_dataset(
           ^^^^^^^^^^^^^^^^^^
  File "/home/airflow/.local/lib/python3.11/site-packages/retrying.py", line 55, in wrapped_f
    return Retrying(*dargs, **dkw).call(f, *args, **kw)
           ^^^^^^^^^^^^^^^^^^^^^^^^^^^^^^^^^^^^^^^^^^^^
  File "/home/airflow/.local/lib/python3.11/site-packages/retrying.py", line 273, in call
    attempt = Attempt(fn(*args, **kwargs), attempt_number, False)
                      ^^^^^^^^^^^^^^^^^^^
  File "/home/airflow/.local/lib/python3.11/site-packages/hsfs/core/arrow_flight_client.py", line 485, in _get_dataset
    _logger.debug("Retrieved flight info: %s. Fetching dataset.", str(info))
                                                                  ^^^^^^^^^
  File "pyarrow/_flight.pyx", line 1048, in pyarrow._flight.FlightInfo.__repr__
  File "/home/airflow/.local/lib/python3.11/site-packages/airflow/models/taskinstance.py", line 2613, in signal_handler
    raise AirflowTaskTerminated("Task received SIGTERM signal")
airflow.exceptions.AirflowTaskTerminated: Task received SIGTERM signal
[2026-08-26T19:22:07.190+0000] {taskinstance.py:1206} INFO - Marking task as FAILED. dag_id=feature_pipeline, task_id=transformation, run_id=manual__2026-08-26T19:19:05.393869+00:00, map_index=2, execution_date=20260826T191905, start_date=20260826T192000, end_date=20260826T192207
[2026-08-26T19:22:07.454+0000] {process_utils.py:80} INFO - Process psutil.Process(pid=1630, status='terminated', exitcode=2, started='19:20:01') (1630) terminated with exit code 2
